builder-1  | [INFO] Scanning for projects...
builder-1  | [WARNING] 
builder-1  | [WARNING] Some problems were encountered while building the effective model for net.thecommandcraft:vanishpp:jar:1.2.0
builder-1  | [WARNING] 'dependencies.dependency.(groupId:artifactId:type:classifier)' must be unique: com.discordsrv:discordsrv:jar -> duplicate declaration of version 1.29.0 @ line 182, column 21
builder-1  | [WARNING] 
builder-1  | [WARNING] It is highly recommended to fix these problems because they threaten the stability of your build.
builder-1  | [WARNING] 
builder-1  | [WARNING] For this reason, future Maven versions might no longer support building such malformed projects.
builder-1  | [WARNING] 
builder-1  | [INFO] 
builder-1  | [INFO] --------------------< net.thecommandcraft:vanishpp >--------------------
builder-1  | [INFO] Building vanishpp 1.2.0
builder-1  | [INFO]   from pom.xml
builder-1  | [INFO] --------------------------------[ jar ]---------------------------------
builder-1  | Downloading from central: https://repo.maven.apache.org/maven2/org/apache/maven/plugins/maven-clean-plugin/3.2.0/maven-clean-plugin-3.2.0.pom
builder-1  | Progress (1): 780 B
Progress (1): 1.7 kB
Progress (1): 4.2 kB
Progress (1): 5.3 kB
                    
Downloaded from central: https://repo.maven.apache.org/maven2/org/apache/maven/plugins/maven-clean-plugin/3.2.0/maven-clean-plugin-3.2.0.pom (5.3 kB at 3.4 kB/s)
builder-1  | Downloading from central: https://repo.maven.apache.org/maven2/org/apache/maven/plugins/maven-plugins/35/maven-plugins-35.pom
builder-1  | Progress (1): 752 B
Progress (1): 1.7 kB
Progress (1): 3.7 kB
Progress (1): 6.4 kB
Progress (1): 8.2 kB
Progress (1): 9.9 kB
                    
Downloaded from central: https://repo.maven.apache.org/maven2/org/apache/maven/plugins/maven-plugins/35/maven-plugins-35.pom (9.9 kB at 64 kB/s)
builder-1  | Downloading from central: https://repo.maven.apache.org/maven2/org/apache/maven/maven-parent/35/maven-parent-35.pom
builder-1  | Progress (1): 726 B
Progress (1): 1.6 kB
Progress (1): 4.2 kB
Progress (1): 8.4 kB
Progress (1): 11 kB 
Progress (1): 16 kB
Progress (1): 21 kB
Progress (1): 23 kB
Progress (1): 26 kB
Progress (1): 28 kB
Progress (1): 30 kB
Progress (1): 33 kB
Progress (1): 37 kB
Progress (1): 39 kB
Progress (1): 42 kB
Progress (1): 45 kB
                   
Downloaded from central: https://repo.maven.apache.org/maven2/org/apache/maven/maven-parent/35/maven-parent-35.pom (45 kB at 234 kB/s)
builder-1  | Downloading from central: https://repo.maven.apache.org/maven2/org/apache/apache/25/apache-25.pom
builder-1  | Progress (1): 743 B
Progress (1): 1.6 kB
Progress (1): 3.4 kB
Progress (1): 5.5 kB
Progress (1): 9.0 kB
Progress (1): 14 kB 
Progress (1): 17 kB
Progress (1): 19 kB
Progress (1): 21 kB
                   
Downloaded from central: https://repo.maven.apache.org/maven2/org/apache/apache/25/apache-25.pom (21 kB at 125 kB/s)
builder-1  | Downloading from central: https://repo.maven.apache.org/maven2/org/apache/maven/plugins/maven-clean-plugin/3.2.0/maven-clean-plugin-3.2.0.jar
builder-1  | Progress (1): 0.9/36 kB
Progress (1): 2.3/36 kB
Progress (1): 3.6/36 kB
Progress (1): 5.0/36 kB
Progress (1): 6.4/36 kB
Progress (1): 7.7/36 kB
Progress (1): 9.1/36 kB
Progress (1): 10/36 kB 
Progress (1): 12/36 kB
Progress (1): 13/36 kB
Progress (1): 15/36 kB
Progress (1): 16/36 kB
Progress (1): 17/36 kB
Progress (1): 19/36 kB
Progress (1): 20/36 kB
Progress (1): 21/36 kB
Progress (1): 23/36 kB
Progress (1): 24/36 kB
Progress (1): 26/36 kB
Progress (1): 27/36 kB
Progress (1): 28/36 kB
Progress (1): 30/36 kB
Progress (1): 31/36 kB
Progress (1): 35/36 kB
Progress (1): 36 kB   
                   
Downloaded from central: https://repo.maven.apache.org/maven2/org/apache/maven/plugins/maven-clean-plugin/3.2.0/maven-clean-plugin-3.2.0.jar (36 kB at 120 kB/s)
builder-1  | Downloading from central: https://repo.maven.apache.org/maven2/org/apache/maven/plugins/maven-resources-plugin/3.3.1/maven-resources-plugin-3.3.1.pom
builder-1  | Progress (1): 767 B
Progress (1): 2.2 kB
Progress (1): 4.9 kB
Progress (1): 7.5 kB
Progress (1): 8.2 kB
                    
Downloaded from central: https://repo.maven.apache.org/maven2/org/apache/maven/plugins/maven-resources-plugin/3.3.1/maven-resources-plugin-3.3.1.pom (8.2 kB at 51 kB/s)
builder-1  | Downloading from central: https://repo.maven.apache.org/maven2/org/apache/maven/plugins/maven-plugins/39/maven-plugins-39.pom
builder-1  | Progress (1): 773 B
Progress (1): 2.3 kB
Progress (1): 4.9 kB
Progress (1): 7.4 kB
Progress (1): 8.1 kB
                    
Downloaded from central: https://repo.maven.apache.org/maven2/org/apache/maven/plugins/maven-plugins/39/maven-plugins-39.pom (8.1 kB at 55 kB/s)
builder-1  | Downloading from central: https://repo.maven.apache.org/maven2/org/apache/maven/maven-parent/39/maven-parent-39.pom
builder-1  | Progress (1): 724 B
Progress (1): 1.9 kB
Progress (1): 5.5 kB
Progress (1): 9.8 kB
Progress (1): 14 kB 
Progress (1): 19 kB
Progress (1): 23 kB
Progress (1): 25 kB
Progress (1): 27 kB
Progress (1): 29 kB
Progress (1): 32 kB
Progress (1): 35 kB
Progress (1): 38 kB
Progress (1): 41 kB
Progress (1): 45 kB
Progress (1): 48 kB
                   
Downloaded from central: https://repo.maven.apache.org/maven2/org/apache/maven/maven-parent/39/maven-parent-39.pom (48 kB at 293 kB/s)
builder-1  | Downloading from central: https://repo.maven.apache.org/maven2/org/apache/apache/29/apache-29.pom
builder-1  | Progress (1): 741 B
Progress (1): 2.1 kB
Progress (1): 3.9 kB
Progress (1): 6.9 kB
Progress (1): 12 kB 
Progress (1): 16 kB
Progress (1): 19 kB
Progress (1): 19 kB
Progress (1): 21 kB
                   
Downloaded from central: https://repo.maven.apache.org/maven2/org/apache/apache/29/apache-29.pom (21 kB at 135 kB/s)
builder-1  | Downloading from central: https://repo.maven.apache.org/maven2/org/apache/maven/plugins/maven-resources-plugin/3.3.1/maven-resources-plugin-3.3.1.jar
builder-1  | Progress (1): 3.8/31 kB
Progress (1): 8.0/31 kB
Progress (1): 12/31 kB 
Progress (1): 16/31 kB
Progress (1): 21/31 kB
Progress (1): 25/31 kB
Progress (1): 29/31 kB
Progress (1): 31 kB   
                   
Downloaded from central: https://repo.maven.apache.org/maven2/org/apache/maven/plugins/maven-resources-plugin/3.3.1/maven-resources-plugin-3.3.1.jar (31 kB at 162 kB/s)
builder-1  | Downloading from central: https://repo.maven.apache.org/maven2/org/apache/maven/plugins/maven-compiler-plugin/3.13.0/maven-compiler-plugin-3.13.0.pom
builder-1  | Progress (1): 762 B
Progress (1): 2.2 kB
Progress (1): 5.0 kB
Progress (1): 8.5 kB
Progress (1): 10 kB 
                   
Downloaded from central: https://repo.maven.apache.org/maven2/org/apache/maven/plugins/maven-compiler-plugin/3.13.0/maven-compiler-plugin-3.13.0.pom (10 kB at 67 kB/s)
builder-1  | Downloading from central: https://repo.maven.apache.org/maven2/org/apache/maven/plugins/maven-plugins/41/maven-plugins-41.pom
builder-1  | Progress (1): 773 B
Progress (1): 2.4 kB
Progress (1): 4.9 kB
Progress (1): 7.4 kB
                    
Downloaded from central: https://repo.maven.apache.org/maven2/org/apache/maven/plugins/maven-plugins/41/maven-plugins-41.pom (7.4 kB at 47 kB/s)
builder-1  | Downloading from central: https://repo.maven.apache.org/maven2/org/apache/maven/maven-parent/41/maven-parent-41.pom
builder-1  | Progress (1): 724 B
Progress (1): 1.9 kB
Progress (1): 5.5 kB
Progress (1): 9.9 kB
Progress (1): 14 kB 
Progress (1): 19 kB
Progress (1): 23 kB
Progress (1): 25 kB
Progress (1): 27 kB
Progress (1): 29 kB
Progress (1): 32 kB
Progress (1): 36 kB
Progress (1): 38 kB
Progress (1): 41 kB
Progress (1): 44 kB
Progress (1): 50 kB
Progress (1): 50 kB
                   
Downloaded from central: https://repo.maven.apache.org/maven2/org/apache/maven/maven-parent/41/maven-parent-41.pom (50 kB at 308 kB/s)
builder-1  | Downloading from central: https://repo.maven.apache.org/maven2/org/apache/apache/31/apache-31.pom
builder-1  | Progress (1): 739 B
Progress (1): 2.1 kB
Progress (1): 3.9 kB
Progress (1): 6.2 kB
Progress (1): 11 kB 
Progress (1): 16 kB
Progress (1): 20 kB
Progress (1): 21 kB
Progress (1): 23 kB
Progress (1): 24 kB
                   
Downloaded from central: https://repo.maven.apache.org/maven2/org/apache/apache/31/apache-31.pom (24 kB at 151 kB/s)
builder-1  | Downloading from central: https://repo.maven.apache.org/maven2/org/apache/maven/plugins/maven-compiler-plugin/3.13.0/maven-compiler-plugin-3.13.0.jar
builder-1  | Progress (1): 3.8/83 kB
Progress (1): 8.0/83 kB
Progress (1): 12/83 kB 
Progress (1): 16/83 kB
Progress (1): 21/83 kB
Progress (1): 24/83 kB
Progress (1): 28/83 kB
Progress (1): 33/83 kB
Progress (1): 37/83 kB
Progress (1): 41/83 kB
Progress (1): 45/83 kB
Progress (1): 62/83 kB
Progress (1): 78/83 kB
Progress (1): 83 kB   
                   
Downloaded from central: https://repo.maven.apache.org/maven2/org/apache/maven/plugins/maven-compiler-plugin/3.13.0/maven-compiler-plugin-3.13.0.jar (83 kB at 270 kB/s)
builder-1  | Downloading from central: https://repo.maven.apache.org/maven2/org/apache/maven/plugins/maven-surefire-plugin/3.2.5/maven-surefire-plugin-3.2.5.pom
builder-1  | Progress (1): 834 B
Progress (1): 2.7 kB
Progress (1): 5.3 kB
                    
Downloaded from central: https://repo.maven.apache.org/maven2/org/apache/maven/plugins/maven-surefire-plugin/3.2.5/maven-surefire-plugin-3.2.5.pom (5.3 kB at 30 kB/s)
builder-1  | Downloading from central: https://repo.maven.apache.org/maven2/org/apache/maven/surefire/surefire/3.2.5/surefire-3.2.5.pom
builder-1  | Progress (1): 787 B
Progress (1): 2.4 kB
Progress (1): 4.1 kB
Progress (1): 7.9 kB
Progress (1): 12 kB 
Progress (1): 14 kB
Progress (1): 17 kB
Progress (1): 20 kB
Progress (1): 22 kB
                   
Downloaded from central: https://repo.maven.apache.org/maven2/org/apache/maven/surefire/surefire/3.2.5/surefire-3.2.5.pom (22 kB at 139 kB/s)
builder-1  | Downloading from central: https://repo.maven.apache.org/maven2/org/junit/junit-bom/5.9.3/junit-bom-5.9.3.pom
builder-1  | Progress (1): 907 B
Progress (1): 4.1 kB
Progress (1): 5.6 kB
                    
Downloaded from central: https://repo.maven.apache.org/maven2/org/junit/junit-bom/5.9.3/junit-bom-5.9.3.pom (5.6 kB at 38 kB/s)
builder-1  | Downloading from central: https://repo.maven.apache.org/maven2/org/apache/maven/plugins/maven-surefire-plugin/3.2.5/maven-surefire-plugin-3.2.5.jar
builder-1  | Progress (1): 7.7/45 kB
Progress (1): 16/45 kB 
Progress (1): 32/45 kB
Progress (1): 45 kB   
                   
Downloaded from central: https://repo.maven.apache.org/maven2/org/apache/maven/plugins/maven-surefire-plugin/3.2.5/maven-surefire-plugin-3.2.5.jar (45 kB at 258 kB/s)
builder-1  | Downloading from central: https://repo.maven.apache.org/maven2/org/apache/maven/plugins/maven-jar-plugin/3.4.1/maven-jar-plugin-3.4.1.pom
builder-1  | Progress (1): 778 B
Progress (1): 2.2 kB
Progress (1): 4.8 kB
Progress (1): 7.4 kB
Progress (1): 7.8 kB
                    
Downloaded from central: https://repo.maven.apache.org/maven2/org/apache/maven/plugins/maven-jar-plugin/3.4.1/maven-jar-plugin-3.4.1.pom (7.8 kB at 51 kB/s)
builder-1  | Downloading from central: https://repo.maven.apache.org/maven2/org/apache/maven/plugins/maven-plugins/42/maven-plugins-42.pom
builder-1  | Progress (1): 773 B
Progress (1): 2.4 kB
Progress (1): 4.9 kB
Progress (1): 7.7 kB
                    
Downloaded from central: https://repo.maven.apache.org/maven2/org/apache/maven/plugins/maven-plugins/42/maven-plugins-42.pom (7.7 kB at 52 kB/s)
builder-1  | Downloading from central: https://repo.maven.apache.org/maven2/org/apache/maven/maven-parent/42/maven-parent-42.pom
builder-1  | Progress (1): 724 B
Progress (1): 1.9 kB
Progress (1): 5.5 kB
Progress (1): 9.9 kB
Progress (1): 14 kB 
Progress (1): 19 kB
Progress (1): 23 kB
Progress (1): 26 kB
Progress (1): 28 kB
Progress (1): 31 kB
Progress (1): 34 kB
Progress (1): 37 kB
Progress (1): 40 kB
Progress (1): 43 kB
Progress (1): 47 kB
Progress (1): 47 kB
Progress (1): 50 kB
                   
Downloaded from central: https://repo.maven.apache.org/maven2/org/apache/maven/maven-parent/42/maven-parent-42.pom (50 kB at 311 kB/s)
builder-1  | Downloading from central: https://repo.maven.apache.org/maven2/org/apache/apache/32/apache-32.pom
builder-1  | Progress (1): 733 B
Progress (1): 2.0 kB
Progress (1): 4.0 kB
Progress (1): 5.9 kB
Progress (1): 10 kB 
Progress (1): 16 kB
Progress (1): 19 kB
Progress (1): 22 kB
Progress (1): 24 kB
                   
Downloaded from central: https://repo.maven.apache.org/maven2/org/apache/apache/32/apache-32.pom (24 kB at 161 kB/s)
builder-1  | Downloading from central: https://repo.maven.apache.org/maven2/org/junit/junit-bom/5.10.2/junit-bom-5.10.2.pom
builder-1  | Progress (1): 908 B
Progress (1): 4.1 kB
Progress (1): 5.6 kB
                    
Downloaded from central: https://repo.maven.apache.org/maven2/org/junit/junit-bom/5.10.2/junit-bom-5.10.2.pom (5.6 kB at 38 kB/s)
builder-1  | Downloading from central: https://repo.maven.apache.org/maven2/org/apache/maven/plugins/maven-jar-plugin/3.4.1/maven-jar-plugin-3.4.1.jar
builder-1  | Progress (1): 7.7/34 kB
Progress (1): 12/34 kB 
Progress (1): 29/34 kB
Progress (1): 34 kB   
                   
Downloaded from central: https://repo.maven.apache.org/maven2/org/apache/maven/plugins/maven-jar-plugin/3.4.1/maven-jar-plugin-3.4.1.jar (34 kB at 202 kB/s)
builder-1  | Downloading from central: https://repo.maven.apache.org/maven2/org/apache/maven/plugins/maven-shade-plugin/3.5.3/maven-shade-plugin-3.5.3.pom
builder-1  | Progress (1): 768 B
Progress (1): 2.3 kB
Progress (1): 4.8 kB
Progress (1): 8.7 kB
Progress (1): 11 kB 
Progress (1): 13 kB
                   
Downloaded from central: https://repo.maven.apache.org/maven2/org/apache/maven/plugins/maven-shade-plugin/3.5.3/maven-shade-plugin-3.5.3.pom (13 kB at 81 kB/s)
builder-1  | Downloading from central: https://repo.maven.apache.org/maven2/org/apache/maven/plugins/maven-shade-plugin/3.5.3/maven-shade-plugin-3.5.3.jar
builder-1  | Progress (1): 4.1/148 kB
Progress (1): 20/148 kB 
Progress (1): 37/148 kB
Progress (1): 53/148 kB
Progress (1): 70/148 kB
Progress (1): 86/148 kB
Progress (1): 102/148 kB
Progress (1): 119/148 kB
Progress (1): 135/148 kB
Progress (1): 148 kB    
                    
Downloaded from central: https://repo.maven.apache.org/maven2/org/apache/maven/plugins/maven-shade-plugin/3.5.3/maven-shade-plugin-3.5.3.jar (148 kB at 509 kB/s)
builder-1  | Downloading from papermc-repo: https://repo.papermc.io/repository/maven-public/io/papermc/paper/paper-api/1.21-R0.1-SNAPSHOT/maven-metadata.xml
builder-1  | Downloading from dmulloy2-repo: https://repo.dmulloy2.net/repository/public/io/papermc/paper/paper-api/1.21-R0.1-SNAPSHOT/maven-metadata.xml
builder-1  | Downloading from sonatype: https://oss.sonatype.org/content/groups/public/io/papermc/paper/paper-api/1.21-R0.1-SNAPSHOT/maven-metadata.xml
builder-1  | Downloading from placeholderapi: https://repo.extendedclip.com/content/repositories/placeholderapi/io/papermc/paper/paper-api/1.21-R0.1-SNAPSHOT/maven-metadata.xml
builder-1  | Downloading from mikeprimm-repo: https://repo.mikeprimm.com/io/papermc/paper/paper-api/1.21-R0.1-SNAPSHOT/maven-metadata.xml
builder-1  | Progress (1): 2.4 kB
                    
Downloaded from papermc-repo: https://repo.papermc.io/repository/maven-public/io/papermc/paper/paper-api/1.21-R0.1-SNAPSHOT/maven-metadata.xml (2.4 kB at 2.6 kB/s)
builder-1  | Downloading from essentials-releases: https://repo.essentialsx.net/releases/io/papermc/paper/paper-api/1.21-R0.1-SNAPSHOT/maven-metadata.xml
builder-1  | Downloading from maxhenkel-repo: https://maven.maxhenkel.de/repository/public/io/papermc/paper/paper-api/1.21-R0.1-SNAPSHOT/maven-metadata.xml
builder-1  | Downloading from jitpack.io: https://jitpack.io/io/papermc/paper/paper-api/1.21-R0.1-SNAPSHOT/maven-metadata.xml
builder-1  | Downloading from scarsz: https://nexus.scarsz.me/content/groups/public/io/papermc/paper/paper-api/1.21-R0.1-SNAPSHOT/maven-metadata.xml
builder-1  | Downloading from papermc-repo: https://repo.papermc.io/repository/maven-public/io/papermc/paper/paper-api/1.21-R0.1-SNAPSHOT/paper-api-1.21-R0.1-20240810.100446-132.pom
builder-1  | Progress (1): 1.4/4.9 kB
Progress (1): 2.7/4.9 kB
Progress (1): 4.1/4.9 kB
Progress (1): 4.9 kB    
                    
Downloaded from papermc-repo: https://repo.papermc.io/repository/maven-public/io/papermc/paper/paper-api/1.21-R0.1-SNAPSHOT/paper-api-1.21-R0.1-20240810.100446-132.pom (4.9 kB at 16 kB/s)
builder-1  | Downloading from papermc-repo: https://repo.papermc.io/repository/maven-public/net/kyori/adventure-bom/4.17.0/adventure-bom-4.17.0.pom
builder-1  | Progress (1): 1.4/4.8 kB
Progress (1): 2.7/4.8 kB
Progress (1): 4.1/4.8 kB
Progress (1): 4.8 kB    
                    
Downloaded from papermc-repo: https://repo.papermc.io/repository/maven-public/net/kyori/adventure-bom/4.17.0/adventure-bom-4.17.0.pom (4.8 kB at 16 kB/s)
builder-1  | Downloading from papermc-repo: https://repo.papermc.io/repository/maven-public/com/mojang/brigadier/1.2.9/brigadier-1.2.9.pom
builder-1  | Progress (1): 292/392 B
Progress (1): 392 B    
                   
Downloaded from papermc-repo: https://repo.papermc.io/repository/maven-public/com/mojang/brigadier/1.2.9/brigadier-1.2.9.pom (392 B at 1.4 kB/s)
builder-1  | Downloading from papermc-repo: https://repo.papermc.io/repository/maven-public/com/google/guava/guava/32.1.2-jre/guava-32.1.2-jre.pom
builder-1  | Progress (1): 1.4/13 kB
Progress (1): 2.7/13 kB
Progress (1): 4.1/13 kB
Progress (1): 5.5/13 kB
Progress (1): 6.8/13 kB
Progress (1): 8.2/13 kB
Progress (1): 9.6/13 kB
Progress (1): 11/13 kB 
Progress (1): 12/13 kB
Progress (1): 13 kB   
                   
Downloaded from papermc-repo: https://repo.papermc.io/repository/maven-public/com/google/guava/guava/32.1.2-jre/guava-32.1.2-jre.pom (13 kB at 36 kB/s)
builder-1  | Downloading from papermc-repo: https://repo.papermc.io/repository/maven-public/com/google/guava/guava-parent/32.1.2-jre/guava-parent-32.1.2-jre.pom
builder-1  | Progress (1): 1.4/20 kB
Progress (1): 2.7/20 kB
Progress (1): 4.1/20 kB
Progress (1): 5.5/20 kB
Progress (1): 6.8/20 kB
Progress (1): 8.2/20 kB
Progress (1): 9.6/20 kB
Progress (1): 11/20 kB 
Progress (1): 12/20 kB
Progress (1): 14/20 kB
Progress (1): 15/20 kB
Progress (1): 16/20 kB
Progress (1): 18/20 kB
Progress (1): 19/20 kB
Progress (1): 20 kB   
                   
Downloaded from papermc-repo: https://repo.papermc.io/repository/maven-public/com/google/guava/guava-parent/32.1.2-jre/guava-parent-32.1.2-jre.pom (20 kB at 55 kB/s)
builder-1  | Downloading from papermc-repo: https://repo.papermc.io/repository/maven-public/com/google/guava/failureaccess/1.0.1/failureaccess-1.0.1.pom
builder-1  | Progress (1): 2.4 kB
                    
Downloaded from papermc-repo: https://repo.papermc.io/repository/maven-public/com/google/guava/failureaccess/1.0.1/failureaccess-1.0.1.pom (2.4 kB at 8.4 kB/s)
builder-1  | Downloading from papermc-repo: https://repo.papermc.io/repository/maven-public/com/google/guava/guava-parent/26.0-android/guava-parent-26.0-android.pom
builder-1  | Progress (1): 4.1/10 kB
Progress (1): 8.3/10 kB
Progress (1): 10 kB    
                   
Downloaded from papermc-repo: https://repo.papermc.io/repository/maven-public/com/google/guava/guava-parent/26.0-android/guava-parent-26.0-android.pom (10 kB at 33 kB/s)
builder-1  | Downloading from papermc-repo: https://repo.papermc.io/repository/maven-public/org/sonatype/oss/oss-parent/9/oss-parent-9.pom
builder-1  | Progress (1): 4.2/6.3 kB
Progress (1): 6.3 kB    
                    
Downloaded from papermc-repo: https://repo.papermc.io/repository/maven-public/org/sonatype/oss/oss-parent/9/oss-parent-9.pom (6.3 kB at 21 kB/s)
builder-1  | Downloading from papermc-repo: https://repo.papermc.io/repository/maven-public/com/google/guava/listenablefuture/9999.0-empty-to-avoid-conflict-with-guava/listenablefuture-9999.0-empty-to-avoid-conflict-with-guava.pom
builder-1  | Progress (1): 2.3 kB
                    
Downloaded from papermc-repo: https://repo.papermc.io/repository/maven-public/com/google/guava/listenablefuture/9999.0-empty-to-avoid-conflict-with-guava/listenablefuture-9999.0-empty-to-avoid-conflict-with-guava.pom (2.3 kB at 8.1 kB/s)
builder-1  | Downloading from papermc-repo: https://repo.papermc.io/repository/maven-public/com/google/code/findbugs/jsr305/3.0.2/jsr305-3.0.2.pom
builder-1  | Progress (1): 4.2/4.3 kB
Progress (1): 4.3 kB    
                    
Downloaded from papermc-repo: https://repo.papermc.io/repository/maven-public/com/google/code/findbugs/jsr305/3.0.2/jsr305-3.0.2.pom (4.3 kB at 15 kB/s)
builder-1  | Downloading from papermc-repo: https://repo.papermc.io/repository/maven-public/org/sonatype/oss/oss-parent/7/oss-parent-7.pom
builder-1  | Progress (1): 4.2/4.6 kB
Progress (1): 4.6 kB    
                    
Downloaded from papermc-repo: https://repo.papermc.io/repository/maven-public/org/sonatype/oss/oss-parent/7/oss-parent-7.pom (4.6 kB at 16 kB/s)
builder-1  | Downloading from papermc-repo: https://repo.papermc.io/repository/maven-public/org/checkerframework/checker-qual/3.33.0/checker-qual-3.33.0.pom
builder-1  | Progress (1): 2.1 kB
                    
Downloaded from papermc-repo: https://repo.papermc.io/repository/maven-public/org/checkerframework/checker-qual/3.33.0/checker-qual-3.33.0.pom (2.1 kB at 7.4 kB/s)
builder-1  | Downloading from papermc-repo: https://repo.papermc.io/repository/maven-public/com/google/errorprone/error_prone_annotations/2.18.0/error_prone_annotations-2.18.0.pom
builder-1  | Progress (1): 2.2 kB
                    
Downloaded from papermc-repo: https://repo.papermc.io/repository/maven-public/com/google/errorprone/error_prone_annotations/2.18.0/error_prone_annotations-2.18.0.pom (2.2 kB at 7.6 kB/s)
builder-1  | Downloading from papermc-repo: https://repo.papermc.io/repository/maven-public/com/google/errorprone/error_prone_parent/2.18.0/error_prone_parent-2.18.0.pom
builder-1  | Progress (1): 4.2/11 kB
Progress (1): 8.2/11 kB
Progress (1): 11 kB    
                   
Downloaded from papermc-repo: https://repo.papermc.io/repository/maven-public/com/google/errorprone/error_prone_parent/2.18.0/error_prone_parent-2.18.0.pom (11 kB at 35 kB/s)
builder-1  | Downloading from papermc-repo: https://repo.papermc.io/repository/maven-public/com/google/j2objc/j2objc-annotations/2.8/j2objc-annotations-2.8.pom
builder-1  | Progress (1): 2.9 kB
                    
Downloaded from papermc-repo: https://repo.papermc.io/repository/maven-public/com/google/j2objc/j2objc-annotations/2.8/j2objc-annotations-2.8.pom (2.9 kB at 10 kB/s)
builder-1  | Downloading from papermc-repo: https://repo.papermc.io/repository/maven-public/com/google/code/gson/gson/2.10.1/gson-2.10.1.pom
builder-1  | Progress (1): 4.2/9.4 kB
Progress (1): 8.2/9.4 kB
Progress (1): 9.4 kB    
                    
Downloaded from papermc-repo: https://repo.papermc.io/repository/maven-public/com/google/code/gson/gson/2.10.1/gson-2.10.1.pom (9.4 kB at 30 kB/s)
builder-1  | Downloading from papermc-repo: https://repo.papermc.io/repository/maven-public/com/google/code/gson/gson-parent/2.10.1/gson-parent-2.10.1.pom
builder-1  | Progress (1): 4.1/13 kB
Progress (1): 8.3/13 kB
Progress (1): 13 kB    
                   
Downloaded from papermc-repo: https://repo.papermc.io/repository/maven-public/com/google/code/gson/gson-parent/2.10.1/gson-parent-2.10.1.pom (13 kB at 37 kB/s)
builder-1  | Downloading from papermc-repo: https://repo.papermc.io/repository/maven-public/net/md-5/bungeecord-chat/1.20-R0.2-deprecated+build.18/bungeecord-chat-1.20-R0.2-deprecated+build.18.pom
builder-1  | Progress (1): 1.2 kB
                    
Downloaded from papermc-repo: https://repo.papermc.io/repository/maven-public/net/md-5/bungeecord-chat/1.20-R0.2-deprecated+build.18/bungeecord-chat-1.20-R0.2-deprecated+build.18.pom (1.2 kB at 4.1 kB/s)
builder-1  | Downloading from papermc-repo: https://repo.papermc.io/repository/maven-public/com/google/code/gson/gson/2.8.8/gson-2.8.8.pom
builder-1  | Progress (1): 4.2/6.0 kB
Progress (1): 6.0 kB    
                    
Downloaded from papermc-repo: https://repo.papermc.io/repository/maven-public/com/google/code/gson/gson/2.8.8/gson-2.8.8.pom (6.0 kB at 20 kB/s)
builder-1  | Downloading from papermc-repo: https://repo.papermc.io/repository/maven-public/com/google/code/gson/gson-parent/2.8.8/gson-parent-2.8.8.pom
builder-1  | Progress (1): 4.2/4.6 kB
Progress (1): 4.6 kB    
                    
Downloaded from papermc-repo: https://repo.papermc.io/repository/maven-public/com/google/code/gson/gson-parent/2.8.8/gson-parent-2.8.8.pom (4.6 kB at 16 kB/s)
builder-1  | Downloading from papermc-repo: https://repo.papermc.io/repository/maven-public/org/yaml/snakeyaml/2.2/snakeyaml-2.2.pom
builder-1  | Progress (1): 4.1/21 kB
Progress (1): 12/21 kB 
Progress (1): 21 kB   
                   
Downloaded from papermc-repo: https://repo.papermc.io/repository/maven-public/org/yaml/snakeyaml/2.2/snakeyaml-2.2.pom (21 kB at 58 kB/s)
builder-1  | Downloading from papermc-repo: https://repo.papermc.io/repository/maven-public/org/joml/joml/1.10.5/joml-1.10.5.pom
builder-1  | Progress (1): 4.1/29 kB
Progress (1): 20/29 kB 
Progress (1): 29 kB   
                   
Downloaded from papermc-repo: https://repo.papermc.io/repository/maven-public/org/joml/joml/1.10.5/joml-1.10.5.pom (29 kB at 75 kB/s)
builder-1  | Downloading from papermc-repo: https://repo.papermc.io/repository/maven-public/com/googlecode/json-simple/json-simple/1.1.1/json-simple-1.1.1.pom
builder-1  | Progress (1): 3.5 kB
                    
Downloaded from papermc-repo: https://repo.papermc.io/repository/maven-public/com/googlecode/json-simple/json-simple/1.1.1/json-simple-1.1.1.pom (3.5 kB at 12 kB/s)
builder-1  | Downloading from papermc-repo: https://repo.papermc.io/repository/maven-public/it/unimi/dsi/fastutil/8.5.6/fastutil-8.5.6.pom
builder-1  | Progress (1): 1.5 kB
                    
Downloaded from papermc-repo: https://repo.papermc.io/repository/maven-public/it/unimi/dsi/fastutil/8.5.6/fastutil-8.5.6.pom (1.5 kB at 5.5 kB/s)
builder-1  | Downloading from papermc-repo: https://repo.papermc.io/repository/maven-public/org/apache/logging/log4j/log4j-api/2.17.1/log4j-api-2.17.1.pom
builder-1  | Progress (1): 4.1/14 kB
Progress (1): 12/14 kB 
Progress (1): 14 kB   
                   
Downloaded from papermc-repo: https://repo.papermc.io/repository/maven-public/org/apache/logging/log4j/log4j-api/2.17.1/log4j-api-2.17.1.pom (14 kB at 42 kB/s)
builder-1  | Downloading from papermc-repo: https://repo.papermc.io/repository/maven-public/org/apache/logging/log4j/log4j/2.17.1/log4j-2.17.1.pom
builder-1  | Progress (1): 4.1/71 kB
Progress (1): 12/71 kB 
Progress (1): 20/71 kB
Progress (1): 36/71 kB
Progress (1): 53/71 kB
Progress (1): 69/71 kB
Progress (1): 71 kB   
                   
Downloaded from papermc-repo: https://repo.papermc.io/repository/maven-public/org/apache/logging/log4j/log4j/2.17.1/log4j-2.17.1.pom (71 kB at 151 kB/s)
builder-1  | Downloading from papermc-repo: https://repo.papermc.io/repository/maven-public/org/apache/logging/logging-parent/3/logging-parent-3.pom
builder-1  | Progress (1): 3.1 kB
                    
Downloaded from papermc-repo: https://repo.papermc.io/repository/maven-public/org/apache/logging/logging-parent/3/logging-parent-3.pom (3.1 kB at 11 kB/s)
builder-1  | Downloading from papermc-repo: https://repo.papermc.io/repository/maven-public/org/apache/apache/23/apache-23.pom
builder-1  | Progress (1): 4.1/18 kB
Progress (1): 12/18 kB 
Progress (1): 18 kB   
                   
Downloaded from papermc-repo: https://repo.papermc.io/repository/maven-public/org/apache/apache/23/apache-23.pom (18 kB at 57 kB/s)
builder-1  | Downloading from papermc-repo: https://repo.papermc.io/repository/maven-public/org/slf4j/slf4j-api/2.0.9/slf4j-api-2.0.9.pom
builder-1  | Progress (1): 2.8 kB
                    
Downloaded from papermc-repo: https://repo.papermc.io/repository/maven-public/org/slf4j/slf4j-api/2.0.9/slf4j-api-2.0.9.pom (2.8 kB at 9.4 kB/s)
builder-1  | Downloading from papermc-repo: https://repo.papermc.io/repository/maven-public/org/slf4j/slf4j-parent/2.0.9/slf4j-parent-2.0.9.pom
builder-1  | Progress (1): 4.1/16 kB
Progress (1): 12/16 kB 
Progress (1): 16 kB   
                   
Downloaded from papermc-repo: https://repo.papermc.io/repository/maven-public/org/slf4j/slf4j-parent/2.0.9/slf4j-parent-2.0.9.pom (16 kB at 49 kB/s)
builder-1  | Downloading from papermc-repo: https://repo.papermc.io/repository/maven-public/org/slf4j/slf4j-bom/2.0.9/slf4j-bom-2.0.9.pom
builder-1  | Progress (1): 4.1/4.9 kB
Progress (1): 4.9 kB    
                    
Downloaded from papermc-repo: https://repo.papermc.io/repository/maven-public/org/slf4j/slf4j-bom/2.0.9/slf4j-bom-2.0.9.pom (4.9 kB at 17 kB/s)
builder-1  | Downloading from papermc-repo: https://repo.papermc.io/repository/maven-public/org/apache/maven/maven-resolver-provider/3.9.6/maven-resolver-provider-3.9.6.pom
builder-1  | Progress (1): 4.5 kB
                    
Downloaded from papermc-repo: https://repo.papermc.io/repository/maven-public/org/apache/maven/maven-resolver-provider/3.9.6/maven-resolver-provider-3.9.6.pom (4.5 kB at 16 kB/s)
builder-1  | Downloading from papermc-repo: https://repo.papermc.io/repository/maven-public/org/apache/maven/maven/3.9.6/maven-3.9.6.pom
builder-1  | Progress (1): 4.1/29 kB
Progress (1): 20/29 kB 
Progress (1): 29 kB   
                   
Downloaded from papermc-repo: https://repo.papermc.io/repository/maven-public/org/apache/maven/maven/3.9.6/maven-3.9.6.pom (29 kB at 89 kB/s)
builder-1  | Downloading from papermc-repo: https://repo.papermc.io/repository/maven-public/org/apache/maven/maven-model/3.9.6/maven-model-3.9.6.pom
builder-1  | Progress (1): 2.7 kB
                    
Downloaded from papermc-repo: https://repo.papermc.io/repository/maven-public/org/apache/maven/maven-model/3.9.6/maven-model-3.9.6.pom (2.7 kB at 9.7 kB/s)
builder-1  | Downloading from papermc-repo: https://repo.papermc.io/repository/maven-public/org/codehaus/plexus/plexus-utils/3.5.1/plexus-utils-3.5.1.pom
builder-1  | Progress (1): 8.8 kB
                    
Downloaded from papermc-repo: https://repo.papermc.io/repository/maven-public/org/codehaus/plexus/plexus-utils/3.5.1/plexus-utils-3.5.1.pom (8.8 kB at 30 kB/s)
builder-1  | Downloading from papermc-repo: https://repo.papermc.io/repository/maven-public/org/codehaus/plexus/plexus/10/plexus-10.pom
builder-1  | Progress (1): 4.1/25 kB
Progress (1): 20/25 kB 
Progress (1): 25 kB   
                   
Downloaded from papermc-repo: https://repo.papermc.io/repository/maven-public/org/codehaus/plexus/plexus/10/plexus-10.pom (25 kB at 83 kB/s)
builder-1  | Downloading from papermc-repo: https://repo.papermc.io/repository/maven-public/org/apache/maven/maven-model-builder/3.9.6/maven-model-builder-3.9.6.pom
builder-1  | Progress (1): 3.5 kB
                    
Downloaded from papermc-repo: https://repo.papermc.io/repository/maven-public/org/apache/maven/maven-model-builder/3.9.6/maven-model-builder-3.9.6.pom (3.5 kB at 12 kB/s)
builder-1  | Downloading from papermc-repo: https://repo.papermc.io/repository/maven-public/org/codehaus/plexus/plexus-interpolation/1.26/plexus-interpolation-1.26.pom
builder-1  | Progress (1): 2.7 kB
                    
Downloaded from papermc-repo: https://repo.papermc.io/repository/maven-public/org/codehaus/plexus/plexus-interpolation/1.26/plexus-interpolation-1.26.pom (2.7 kB at 9.4 kB/s)
builder-1  | Downloading from papermc-repo: https://repo.papermc.io/repository/maven-public/org/codehaus/plexus/plexus/5.1/plexus-5.1.pom
builder-1  | Progress (1): 4.1/23 kB
Progress (1): 12/23 kB 
Progress (1): 20/23 kB
Progress (1): 23 kB   
                   
Downloaded from papermc-repo: https://repo.papermc.io/repository/maven-public/org/codehaus/plexus/plexus/5.1/plexus-5.1.pom (23 kB at 51 kB/s)
builder-1  | Downloading from papermc-repo: https://repo.papermc.io/repository/maven-public/javax/inject/javax.inject/1/javax.inject-1.pom
builder-1  | Progress (1): 612 B
                   
Downloaded from papermc-repo: https://repo.papermc.io/repository/maven-public/javax/inject/javax.inject/1/javax.inject-1.pom (612 B at 2.2 kB/s)
builder-1  | Downloading from papermc-repo: https://repo.papermc.io/repository/maven-public/org/apache/maven/maven-artifact/3.9.6/maven-artifact-3.9.6.pom
builder-1  | Progress (1): 2.3 kB
                    
Downloaded from papermc-repo: https://repo.papermc.io/repository/maven-public/org/apache/maven/maven-artifact/3.9.6/maven-artifact-3.9.6.pom (2.3 kB at 7.7 kB/s)
builder-1  | Downloading from papermc-repo: https://repo.papermc.io/repository/maven-public/org/apache/commons/commons-lang3/3.12.0/commons-lang3-3.12.0.pom
builder-1  | Progress (1): 4.1/31 kB
Progress (1): 12/31 kB 
Progress (1): 16/31 kB
Progress (1): 31 kB   
                   
Downloaded from papermc-repo: https://repo.papermc.io/repository/maven-public/org/apache/commons/commons-lang3/3.12.0/commons-lang3-3.12.0.pom (31 kB at 23 kB/s)
builder-1  | Downloading from papermc-repo: https://repo.papermc.io/repository/maven-public/org/apache/commons/commons-parent/52/commons-parent-52.pom
builder-1  | Progress (1): 16/79 kB
Progress (1): 33/79 kB
Progress (1): 37/79 kB
Progress (1): 52/79 kB
Progress (1): 69/79 kB
Progress (1): 79 kB   
                   
Downloaded from papermc-repo: https://repo.papermc.io/repository/maven-public/org/apache/commons/commons-parent/52/commons-parent-52.pom (79 kB at 38 kB/s)
builder-1  | Downloading from papermc-repo: https://repo.papermc.io/repository/maven-public/org/junit/junit-bom/5.7.1/junit-bom-5.7.1.pom
builder-1  | Progress (1): 5.1 kB
                    
Downloaded from papermc-repo: https://repo.papermc.io/repository/maven-public/org/junit/junit-bom/5.7.1/junit-bom-5.7.1.pom (5.1 kB at 18 kB/s)
builder-1  | Downloading from papermc-repo: https://repo.papermc.io/repository/maven-public/org/apache/maven/maven-builder-support/3.9.6/maven-builder-support-3.9.6.pom
builder-1  | Progress (1): 1.4 kB
                    
Downloaded from papermc-repo: https://repo.papermc.io/repository/maven-public/org/apache/maven/maven-builder-support/3.9.6/maven-builder-support-3.9.6.pom (1.4 kB at 4.8 kB/s)
builder-1  | Downloading from papermc-repo: https://repo.papermc.io/repository/maven-public/org/eclipse/sisu/org.eclipse.sisu.inject/0.9.0.M2/org.eclipse.sisu.inject-0.9.0.M2.pom
builder-1  | Progress (1): 4.1/17 kB
Progress (1): 12/17 kB 
Progress (1): 17 kB   
                   
Downloaded from papermc-repo: https://repo.papermc.io/repository/maven-public/org/eclipse/sisu/org.eclipse.sisu.inject/0.9.0.M2/org.eclipse.sisu.inject-0.9.0.M2.pom (17 kB at 58 kB/s)
builder-1  | Downloading from papermc-repo: https://repo.papermc.io/repository/maven-public/org/eclipse/sisu/sisu-inject/0.9.0.M2/sisu-inject-0.9.0.M2.pom
builder-1  | Progress (1): 8.2/15 kB
Progress (1): 15 kB    
                   
Downloaded from papermc-repo: https://repo.papermc.io/repository/maven-public/org/eclipse/sisu/sisu-inject/0.9.0.M2/sisu-inject-0.9.0.M2.pom (15 kB at 46 kB/s)
builder-1  | Downloading from papermc-repo: https://repo.papermc.io/repository/maven-public/org/apache/maven/maven-repository-metadata/3.9.6/maven-repository-metadata-3.9.6.pom
builder-1  | Progress (1): 2.1 kB
                    
Downloaded from papermc-repo: https://repo.papermc.io/repository/maven-public/org/apache/maven/maven-repository-metadata/3.9.6/maven-repository-metadata-3.9.6.pom (2.1 kB at 6.7 kB/s)
builder-1  | Downloading from papermc-repo: https://repo.papermc.io/repository/maven-public/org/apache/maven/resolver/maven-resolver-api/1.9.18/maven-resolver-api-1.9.18.pom
builder-1  | Progress (1): 2.7 kB
                    
Downloaded from papermc-repo: https://repo.papermc.io/repository/maven-public/org/apache/maven/resolver/maven-resolver-api/1.9.18/maven-resolver-api-1.9.18.pom (2.7 kB at 8.7 kB/s)
builder-1  | Downloading from papermc-repo: https://repo.papermc.io/repository/maven-public/org/apache/maven/resolver/maven-resolver/1.9.18/maven-resolver-1.9.18.pom
builder-1  | Progress (1): 4.1/22 kB
Progress (1): 12/22 kB 
Progress (1): 22 kB   
                   
Downloaded from papermc-repo: https://repo.papermc.io/repository/maven-public/org/apache/maven/resolver/maven-resolver/1.9.18/maven-resolver-1.9.18.pom (22 kB at 63 kB/s)
builder-1  | Downloading from papermc-repo: https://repo.papermc.io/repository/maven-public/org/apache/maven/resolver/maven-resolver-spi/1.9.18/maven-resolver-spi-1.9.18.pom
builder-1  | Progress (1): 2.7 kB
                    
Downloaded from papermc-repo: https://repo.papermc.io/repository/maven-public/org/apache/maven/resolver/maven-resolver-spi/1.9.18/maven-resolver-spi-1.9.18.pom (2.7 kB at 8.7 kB/s)
builder-1  | Downloading from papermc-repo: https://repo.papermc.io/repository/maven-public/org/apache/maven/resolver/maven-resolver-util/1.9.18/maven-resolver-util-1.9.18.pom
builder-1  | Progress (1): 2.9 kB
                    
Downloaded from papermc-repo: https://repo.papermc.io/repository/maven-public/org/apache/maven/resolver/maven-resolver-util/1.9.18/maven-resolver-util-1.9.18.pom (2.9 kB at 9.9 kB/s)
builder-1  | Downloading from papermc-repo: https://repo.papermc.io/repository/maven-public/org/apache/maven/resolver/maven-resolver-impl/1.9.18/maven-resolver-impl-1.9.18.pom
builder-1  | Progress (1): 4.3 kB
                    
Downloaded from papermc-repo: https://repo.papermc.io/repository/maven-public/org/apache/maven/resolver/maven-resolver-impl/1.9.18/maven-resolver-impl-1.9.18.pom (4.3 kB at 15 kB/s)
builder-1  | Downloading from papermc-repo: https://repo.papermc.io/repository/maven-public/org/apache/maven/resolver/maven-resolver-named-locks/1.9.18/maven-resolver-named-locks-1.9.18.pom
builder-1  | Progress (1): 3.2 kB
                    
Downloaded from papermc-repo: https://repo.papermc.io/repository/maven-public/org/apache/maven/resolver/maven-resolver-named-locks/1.9.18/maven-resolver-named-locks-1.9.18.pom (3.2 kB at 11 kB/s)
builder-1  | Downloading from papermc-repo: https://repo.papermc.io/repository/maven-public/org/slf4j/slf4j-api/1.7.36/slf4j-api-1.7.36.pom
builder-1  | Progress (1): 2.7 kB
                    
Downloaded from papermc-repo: https://repo.papermc.io/repository/maven-public/org/slf4j/slf4j-api/1.7.36/slf4j-api-1.7.36.pom (2.7 kB at 9.4 kB/s)
builder-1  | Downloading from papermc-repo: https://repo.papermc.io/repository/maven-public/org/slf4j/slf4j-parent/1.7.36/slf4j-parent-1.7.36.pom
builder-1  | Progress (1): 4.1/14 kB
Progress (1): 12/14 kB 
Progress (1): 14 kB   
                   
Downloaded from papermc-repo: https://repo.papermc.io/repository/maven-public/org/slf4j/slf4j-parent/1.7.36/slf4j-parent-1.7.36.pom (14 kB at 48 kB/s)
builder-1  | Downloading from papermc-repo: https://repo.papermc.io/repository/maven-public/net/kyori/adventure-api/4.17.0/adventure-api-4.17.0.pom
builder-1  | Progress (1): 3.4 kB
                    
Downloaded from papermc-repo: https://repo.papermc.io/repository/maven-public/net/kyori/adventure-api/4.17.0/adventure-api-4.17.0.pom (3.4 kB at 12 kB/s)
builder-1  | Downloading from papermc-repo: https://repo.papermc.io/repository/maven-public/net/kyori/adventure-key/4.17.0/adventure-key-4.17.0.pom
builder-1  | Progress (1): 3.2 kB
                    
Downloaded from papermc-repo: https://repo.papermc.io/repository/maven-public/net/kyori/adventure-key/4.17.0/adventure-key-4.17.0.pom (3.2 kB at 11 kB/s)
builder-1  | Downloading from papermc-repo: https://repo.papermc.io/repository/maven-public/net/kyori/examination-api/1.3.0/examination-api-1.3.0.pom
builder-1  | Progress (1): 2.1 kB
                    
Downloaded from papermc-repo: https://repo.papermc.io/repository/maven-public/net/kyori/examination-api/1.3.0/examination-api-1.3.0.pom (2.1 kB at 7.3 kB/s)
builder-1  | Downloading from papermc-repo: https://repo.papermc.io/repository/maven-public/org/jetbrains/annotations/22.0.0/annotations-22.0.0.pom
builder-1  | Progress (1): 1.3 kB
                    
Downloaded from papermc-repo: https://repo.papermc.io/repository/maven-public/org/jetbrains/annotations/22.0.0/annotations-22.0.0.pom (1.3 kB at 4.7 kB/s)
builder-1  | Downloading from papermc-repo: https://repo.papermc.io/repository/maven-public/net/kyori/examination-string/1.3.0/examination-string-1.3.0.pom
builder-1  | Progress (1): 2.1 kB
                    
Downloaded from papermc-repo: https://repo.papermc.io/repository/maven-public/net/kyori/examination-string/1.3.0/examination-string-1.3.0.pom (2.1 kB at 7.2 kB/s)
builder-1  | Downloading from papermc-repo: https://repo.papermc.io/repository/maven-public/org/jetbrains/annotations/24.1.0/annotations-24.1.0.pom
builder-1  | Progress (1): 1.3 kB
                    
Downloaded from papermc-repo: https://repo.papermc.io/repository/maven-public/org/jetbrains/annotations/24.1.0/annotations-24.1.0.pom (1.3 kB at 4.7 kB/s)
builder-1  | Downloading from papermc-repo: https://repo.papermc.io/repository/maven-public/net/kyori/adventure-text-minimessage/4.17.0/adventure-text-minimessage-4.17.0.pom
builder-1  | Progress (1): 2.9 kB
                    
Downloaded from papermc-repo: https://repo.papermc.io/repository/maven-public/net/kyori/adventure-text-minimessage/4.17.0/adventure-text-minimessage-4.17.0.pom (2.9 kB at 9.7 kB/s)
builder-1  | Downloading from papermc-repo: https://repo.papermc.io/repository/maven-public/net/kyori/adventure-text-serializer-gson/4.17.0/adventure-text-serializer-gson-4.17.0.pom
builder-1  | Progress (1): 3.2 kB
                    
Downloaded from papermc-repo: https://repo.papermc.io/repository/maven-public/net/kyori/adventure-text-serializer-gson/4.17.0/adventure-text-serializer-gson-4.17.0.pom (3.2 kB at 11 kB/s)
builder-1  | Downloading from papermc-repo: https://repo.papermc.io/repository/maven-public/net/kyori/adventure-text-serializer-json/4.17.0/adventure-text-serializer-json-4.17.0.pom
builder-1  | Progress (1): 3.0 kB
                    
Downloaded from papermc-repo: https://repo.papermc.io/repository/maven-public/net/kyori/adventure-text-serializer-json/4.17.0/adventure-text-serializer-json-4.17.0.pom (3.0 kB at 10 kB/s)
builder-1  | Downloading from papermc-repo: https://repo.papermc.io/repository/maven-public/net/kyori/option/1.0.0/option-1.0.0.pom
builder-1  | Progress (1): 2.0 kB
                    
Downloaded from papermc-repo: https://repo.papermc.io/repository/maven-public/net/kyori/option/1.0.0/option-1.0.0.pom (2.0 kB at 7.1 kB/s)
builder-1  | Downloading from papermc-repo: https://repo.papermc.io/repository/maven-public/com/google/code/gson/gson/2.8.0/gson-2.8.0.pom
builder-1  | Progress (1): 1.4 kB
                    
Downloaded from papermc-repo: https://repo.papermc.io/repository/maven-public/com/google/code/gson/gson/2.8.0/gson-2.8.0.pom (1.4 kB at 5.2 kB/s)
builder-1  | Downloading from papermc-repo: https://repo.papermc.io/repository/maven-public/com/google/code/gson/gson-parent/2.8.0/gson-parent-2.8.0.pom
builder-1  | Progress (1): 3.5 kB
                    
Downloaded from papermc-repo: https://repo.papermc.io/repository/maven-public/com/google/code/gson/gson-parent/2.8.0/gson-parent-2.8.0.pom (3.5 kB at 12 kB/s)
builder-1  | Downloading from papermc-repo: https://repo.papermc.io/repository/maven-public/com/google/auto/service/auto-service-annotations/1.1.1/auto-service-annotations-1.1.1.pom
builder-1  | Progress (1): 2.3 kB
                    
Downloaded from papermc-repo: https://repo.papermc.io/repository/maven-public/com/google/auto/service/auto-service-annotations/1.1.1/auto-service-annotations-1.1.1.pom (2.3 kB at 7.7 kB/s)
builder-1  | Downloading from papermc-repo: https://repo.papermc.io/repository/maven-public/com/google/auto/service/auto-service-aggregator/1.1.1/auto-service-aggregator-1.1.1.pom
builder-1  | Progress (1): 4.3 kB
                    
Downloaded from papermc-repo: https://repo.papermc.io/repository/maven-public/com/google/auto/service/auto-service-aggregator/1.1.1/auto-service-aggregator-1.1.1.pom (4.3 kB at 15 kB/s)
builder-1  | Downloading from papermc-repo: https://repo.papermc.io/repository/maven-public/net/kyori/adventure-text-serializer-legacy/4.17.0/adventure-text-serializer-legacy-4.17.0.pom
builder-1  | Progress (1): 2.9 kB
                    
Downloaded from papermc-repo: https://repo.papermc.io/repository/maven-public/net/kyori/adventure-text-serializer-legacy/4.17.0/adventure-text-serializer-legacy-4.17.0.pom (2.9 kB at 10 kB/s)
builder-1  | Downloading from papermc-repo: https://repo.papermc.io/repository/maven-public/net/kyori/adventure-text-serializer-plain/4.17.0/adventure-text-serializer-plain-4.17.0.pom
builder-1  | Progress (1): 2.9 kB
                    
Downloaded from papermc-repo: https://repo.papermc.io/repository/maven-public/net/kyori/adventure-text-serializer-plain/4.17.0/adventure-text-serializer-plain-4.17.0.pom (2.9 kB at 10 kB/s)
builder-1  | Downloading from papermc-repo: https://repo.papermc.io/repository/maven-public/net/kyori/adventure-text-logger-slf4j/4.17.0/adventure-text-logger-slf4j-4.17.0.pom
builder-1  | Progress (1): 3.0 kB
                    
Downloaded from papermc-repo: https://repo.papermc.io/repository/maven-public/net/kyori/adventure-text-logger-slf4j/4.17.0/adventure-text-logger-slf4j-4.17.0.pom (3.0 kB at 11 kB/s)
builder-1  | Downloading from papermc-repo: https://repo.papermc.io/repository/maven-public/org/ow2/asm/asm/9.7/asm-9.7.pom
builder-1  | Progress (1): 2.4 kB
                    
Downloaded from papermc-repo: https://repo.papermc.io/repository/maven-public/org/ow2/asm/asm/9.7/asm-9.7.pom (2.4 kB at 8.5 kB/s)
builder-1  | Downloading from papermc-repo: https://repo.papermc.io/repository/maven-public/org/ow2/ow2/1.5.1/ow2-1.5.1.pom
builder-1  | Progress (1): 11 kB
                   
Downloaded from papermc-repo: https://repo.papermc.io/repository/maven-public/org/ow2/ow2/1.5.1/ow2-1.5.1.pom (11 kB at 37 kB/s)
builder-1  | Downloading from papermc-repo: https://repo.papermc.io/repository/maven-public/org/ow2/asm/asm-commons/9.7/asm-commons-9.7.pom
builder-1  | Progress (1): 2.8 kB
                    
Downloaded from papermc-repo: https://repo.papermc.io/repository/maven-public/org/ow2/asm/asm-commons/9.7/asm-commons-9.7.pom (2.8 kB at 10.0 kB/s)
builder-1  | Downloading from papermc-repo: https://repo.papermc.io/repository/maven-public/org/ow2/asm/asm-tree/9.7/asm-tree-9.7.pom
builder-1  | Progress (1): 2.6 kB
                    
Downloaded from papermc-repo: https://repo.papermc.io/repository/maven-public/org/ow2/asm/asm-tree/9.7/asm-tree-9.7.pom (2.6 kB at 9.3 kB/s)
builder-1  | Downloading from papermc-repo: https://repo.papermc.io/repository/maven-public/com/comphenix/protocol/ProtocolLib/5.3.0/ProtocolLib-5.3.0.pom
builder-1  | Downloading from sonatype: https://oss.sonatype.org/content/groups/public/com/comphenix/protocol/ProtocolLib/5.3.0/ProtocolLib-5.3.0.pom
builder-1  | Downloading from dmulloy2-repo: https://repo.dmulloy2.net/repository/public/com/comphenix/protocol/ProtocolLib/5.3.0/ProtocolLib-5.3.0.pom
builder-1  | Progress (1): 581 B
Progress (1): 976 B
                   
Downloaded from dmulloy2-repo: https://repo.dmulloy2.net/repository/public/com/comphenix/protocol/ProtocolLib/5.3.0/ProtocolLib-5.3.0.pom (976 B at 2.6 kB/s)
builder-1  | Downloading from papermc-repo: https://repo.papermc.io/repository/maven-public/net/bytebuddy/byte-buddy/1.15.1/byte-buddy-1.15.1.pom
builder-1  | Progress (1): 4.1/16 kB
Progress (1): 12/16 kB 
Progress (1): 16 kB   
                   
Downloaded from papermc-repo: https://repo.papermc.io/repository/maven-public/net/bytebuddy/byte-buddy/1.15.1/byte-buddy-1.15.1.pom (16 kB at 54 kB/s)
builder-1  | Downloading from papermc-repo: https://repo.papermc.io/repository/maven-public/net/bytebuddy/byte-buddy-parent/1.15.1/byte-buddy-parent-1.15.1.pom
builder-1  | Progress (1): 4.1/63 kB
Progress (1): 12/63 kB 
Progress (1): 20/63 kB
Progress (1): 36/63 kB
Progress (1): 52/63 kB
Progress (1): 63 kB   
                   
Downloaded from papermc-repo: https://repo.papermc.io/repository/maven-public/net/bytebuddy/byte-buddy-parent/1.15.1/byte-buddy-parent-1.15.1.pom (63 kB at 178 kB/s)
builder-1  | Downloading from papermc-repo: https://repo.papermc.io/repository/maven-public/me/clip/placeholderapi/2.11.5/placeholderapi-2.11.5.pom
builder-1  | Downloading from sonatype: https://oss.sonatype.org/content/groups/public/me/clip/placeholderapi/2.11.5/placeholderapi-2.11.5.pom
builder-1  | Downloading from dmulloy2-repo: https://repo.dmulloy2.net/repository/public/me/clip/placeholderapi/2.11.5/placeholderapi-2.11.5.pom
builder-1  | Downloading from placeholderapi: https://repo.extendedclip.com/content/repositories/placeholderapi/me/clip/placeholderapi/2.11.5/placeholderapi-2.11.5.pom
builder-1  | Progress (1): 1.2 kB
Progress (1): 1.4 kB
                    
Downloaded from placeholderapi: https://repo.extendedclip.com/content/repositories/placeholderapi/me/clip/placeholderapi/2.11.5/placeholderapi-2.11.5.pom (1.4 kB at 1.3 kB/s)
builder-1  | Downloading from papermc-repo: https://repo.papermc.io/repository/maven-public/org/jetbrains/annotations/23.0.0/annotations-23.0.0.pom
builder-1  | Progress (1): 1.4 kB
                    
Downloaded from papermc-repo: https://repo.papermc.io/repository/maven-public/org/jetbrains/annotations/23.0.0/annotations-23.0.0.pom (1.4 kB at 4.6 kB/s)
builder-1  | Downloading from papermc-repo: https://repo.papermc.io/repository/maven-public/org/bstats/bstats-bukkit/3.0.1/bstats-bukkit-3.0.1.pom
builder-1  | Progress (1): 1.7 kB
                    
Downloaded from papermc-repo: https://repo.papermc.io/repository/maven-public/org/bstats/bstats-bukkit/3.0.1/bstats-bukkit-3.0.1.pom (1.7 kB at 6.2 kB/s)
builder-1  | Downloading from papermc-repo: https://repo.papermc.io/repository/maven-public/org/bstats/bstats-base/3.0.1/bstats-base-3.0.1.pom
builder-1  | Progress (1): 1.5 kB
                    
Downloaded from papermc-repo: https://repo.papermc.io/repository/maven-public/org/bstats/bstats-base/3.0.1/bstats-base-3.0.1.pom (1.5 kB at 4.5 kB/s)
builder-1  | Downloading from papermc-repo: https://repo.papermc.io/repository/maven-public/net/kyori/adventure-platform-bukkit/4.3.1/adventure-platform-bukkit-4.3.1.pom
builder-1  | Progress (1): 4.0 kB
                    
Downloaded from papermc-repo: https://repo.papermc.io/repository/maven-public/net/kyori/adventure-platform-bukkit/4.3.1/adventure-platform-bukkit-4.3.1.pom (4.0 kB at 14 kB/s)
builder-1  | Downloading from papermc-repo: https://repo.papermc.io/repository/maven-public/net/kyori/adventure-platform-api/4.3.1/adventure-platform-api-4.3.1.pom
builder-1  | Progress (1): 2.3 kB
                    
Downloaded from papermc-repo: https://repo.papermc.io/repository/maven-public/net/kyori/adventure-platform-api/4.3.1/adventure-platform-api-4.3.1.pom (2.3 kB at 8.3 kB/s)
builder-1  | Downloading from papermc-repo: https://repo.papermc.io/repository/maven-public/net/kyori/adventure-api/4.13.1/adventure-api-4.13.1.pom
builder-1  | Progress (1): 3.4 kB
                    
Downloaded from papermc-repo: https://repo.papermc.io/repository/maven-public/net/kyori/adventure-api/4.13.1/adventure-api-4.13.1.pom (3.4 kB at 12 kB/s)
builder-1  | Downloading from papermc-repo: https://repo.papermc.io/repository/maven-public/net/kyori/adventure-bom/4.13.1/adventure-bom-4.13.1.pom
builder-1  | Progress (1): 4.6 kB
                    
Downloaded from papermc-repo: https://repo.papermc.io/repository/maven-public/net/kyori/adventure-bom/4.13.1/adventure-bom-4.13.1.pom (4.6 kB at 17 kB/s)
builder-1  | Downloading from papermc-repo: https://repo.papermc.io/repository/maven-public/net/kyori/adventure-key/4.13.1/adventure-key-4.13.1.pom
builder-1  | Progress (1): 3.2 kB
                    
Downloaded from papermc-repo: https://repo.papermc.io/repository/maven-public/net/kyori/adventure-key/4.13.1/adventure-key-4.13.1.pom (3.2 kB at 11 kB/s)
builder-1  | Downloading from papermc-repo: https://repo.papermc.io/repository/maven-public/org/jetbrains/annotations/24.0.1/annotations-24.0.1.pom
builder-1  | Progress (1): 1.3 kB
                    
Downloaded from papermc-repo: https://repo.papermc.io/repository/maven-public/org/jetbrains/annotations/24.0.1/annotations-24.0.1.pom (1.3 kB at 4.8 kB/s)
builder-1  | Downloading from papermc-repo: https://repo.papermc.io/repository/maven-public/net/kyori/adventure-text-serializer-bungeecord/4.3.1/adventure-text-serializer-bungeecord-4.3.1.pom
builder-1  | Progress (1): 2.9 kB
                    
Downloaded from papermc-repo: https://repo.papermc.io/repository/maven-public/net/kyori/adventure-text-serializer-bungeecord/4.3.1/adventure-text-serializer-bungeecord-4.3.1.pom (2.9 kB at 10 kB/s)
builder-1  | Downloading from papermc-repo: https://repo.papermc.io/repository/maven-public/net/kyori/adventure-text-serializer-legacy/4.13.1/adventure-text-serializer-legacy-4.13.1.pom
builder-1  | Progress (1): 2.9 kB
                    
Downloaded from papermc-repo: https://repo.papermc.io/repository/maven-public/net/kyori/adventure-text-serializer-legacy/4.13.1/adventure-text-serializer-legacy-4.13.1.pom (2.9 kB at 10 kB/s)
builder-1  | Downloading from papermc-repo: https://repo.papermc.io/repository/maven-public/net/kyori/adventure-text-serializer-gson/4.13.1/adventure-text-serializer-gson-4.13.1.pom
builder-1  | Progress (1): 3.0 kB
                    
Downloaded from papermc-repo: https://repo.papermc.io/repository/maven-public/net/kyori/adventure-text-serializer-gson/4.13.1/adventure-text-serializer-gson-4.13.1.pom (3.0 kB at 11 kB/s)
builder-1  | Downloading from papermc-repo: https://repo.papermc.io/repository/maven-public/net/kyori/adventure-nbt/4.13.1/adventure-nbt-4.13.1.pom
builder-1  | Progress (1): 3.2 kB
                    
Downloaded from papermc-repo: https://repo.papermc.io/repository/maven-public/net/kyori/adventure-nbt/4.13.1/adventure-nbt-4.13.1.pom (3.2 kB at 11 kB/s)
builder-1  | Downloading from papermc-repo: https://repo.papermc.io/repository/maven-public/net/kyori/adventure-text-serializer-gson-legacy-impl/4.13.1/adventure-text-serializer-gson-legacy-impl-4.13.1.pom
builder-1  | Progress (1): 3.2 kB
                    
Downloaded from papermc-repo: https://repo.papermc.io/repository/maven-public/net/kyori/adventure-text-serializer-gson-legacy-impl/4.13.1/adventure-text-serializer-gson-legacy-impl-4.13.1.pom (3.2 kB at 11 kB/s)
builder-1  | Downloading from papermc-repo: https://repo.papermc.io/repository/maven-public/net/kyori/adventure-platform-facet/4.3.1/adventure-platform-facet-4.3.1.pom
builder-1  | Progress (1): 2.5 kB
                    
Downloaded from papermc-repo: https://repo.papermc.io/repository/maven-public/net/kyori/adventure-platform-facet/4.3.1/adventure-platform-facet-4.3.1.pom (2.5 kB at 8.8 kB/s)
builder-1  | Downloading from papermc-repo: https://repo.papermc.io/repository/maven-public/net/kyori/adventure-platform-viaversion/4.3.1/adventure-platform-viaversion-4.3.1.pom
builder-1  | Progress (1): 2.9 kB
                    
Downloaded from papermc-repo: https://repo.papermc.io/repository/maven-public/net/kyori/adventure-platform-viaversion/4.3.1/adventure-platform-viaversion-4.3.1.pom (2.9 kB at 10 kB/s)
builder-1  | Downloading from papermc-repo: https://repo.papermc.io/repository/maven-public/us/dynmap/dynmap-api/3.0-SNAPSHOT/maven-metadata.xml
builder-1  | Downloading from sonatype: https://oss.sonatype.org/content/groups/public/us/dynmap/dynmap-api/3.0-SNAPSHOT/maven-metadata.xml
builder-1  | Downloading from dmulloy2-repo: https://repo.dmulloy2.net/repository/public/us/dynmap/dynmap-api/3.0-SNAPSHOT/maven-metadata.xml
builder-1  | Downloading from placeholderapi: https://repo.extendedclip.com/content/repositories/placeholderapi/us/dynmap/dynmap-api/3.0-SNAPSHOT/maven-metadata.xml
builder-1  | Downloading from mikeprimm-repo: https://repo.mikeprimm.com/us/dynmap/dynmap-api/3.0-SNAPSHOT/maven-metadata.xml
builder-1  | Downloading from essentials-releases: https://repo.essentialsx.net/releases/us/dynmap/dynmap-api/3.0-SNAPSHOT/maven-metadata.xml
builder-1  | Downloading from maxhenkel-repo: https://maven.maxhenkel.de/repository/public/us/dynmap/dynmap-api/3.0-SNAPSHOT/maven-metadata.xml
builder-1  | Downloading from jitpack.io: https://jitpack.io/us/dynmap/dynmap-api/3.0-SNAPSHOT/maven-metadata.xml
builder-1  | Downloading from scarsz: https://nexus.scarsz.me/content/groups/public/us/dynmap/dynmap-api/3.0-SNAPSHOT/maven-metadata.xml
builder-1  | Downloading from papermc-repo: https://repo.papermc.io/repository/maven-public/us/dynmap/dynmap-api/3.0-SNAPSHOT/dynmap-api-3.0-SNAPSHOT.pom
builder-1  | Downloading from sonatype: https://oss.sonatype.org/content/groups/public/us/dynmap/dynmap-api/3.0-SNAPSHOT/dynmap-api-3.0-SNAPSHOT.pom
builder-1  | Downloading from dmulloy2-repo: https://repo.dmulloy2.net/repository/public/us/dynmap/dynmap-api/3.0-SNAPSHOT/dynmap-api-3.0-SNAPSHOT.pom
builder-1  | Downloading from placeholderapi: https://repo.extendedclip.com/content/repositories/placeholderapi/us/dynmap/dynmap-api/3.0-SNAPSHOT/dynmap-api-3.0-SNAPSHOT.pom
builder-1  | Downloading from mikeprimm-repo: https://repo.mikeprimm.com/us/dynmap/dynmap-api/3.0-SNAPSHOT/dynmap-api-3.0-SNAPSHOT.pom
builder-1  | Progress (1): 800 B
[WARNING] Could not validate integrity of download from https://repo.mikeprimm.com/us/dynmap/dynmap-api/3.0-SNAPSHOT/dynmap-api-3.0-SNAPSHOT.pom
builder-1  | org.eclipse.aether.transfer.ChecksumFailureException: Checksum validation failed, no checksums available
builder-1  |     at org.eclipse.aether.internal.impl.AbstractChecksumPolicy.onNoMoreChecksums (AbstractChecksumPolicy.java:63)
builder-1  |     at org.eclipse.aether.connector.basic.ChecksumValidator.validate (ChecksumValidator.java:112)
builder-1  |     at org.eclipse.aether.connector.basic.BasicRepositoryConnector$GetTaskRunner.runTask (BasicRepositoryConnector.java:462)
builder-1  |     at org.eclipse.aether.connector.basic.BasicRepositoryConnector$TaskRunner.run (BasicRepositoryConnector.java:392)
builder-1  |     at org.eclipse.aether.util.concurrency.RunnableErrorForwarder.lambda$wrap$0 (RunnableErrorForwarder.java:66)
builder-1  |     at org.eclipse.aether.connector.basic.BasicRepositoryConnector.get (BasicRepositoryConnector.java:252)
builder-1  |     at org.eclipse.aether.internal.impl.DefaultArtifactResolver.performDownloads (DefaultArtifactResolver.java:537)
builder-1  |     at org.eclipse.aether.internal.impl.DefaultArtifactResolver.resolve (DefaultArtifactResolver.java:449)
builder-1  |     at org.eclipse.aether.internal.impl.DefaultArtifactResolver.resolveArtifacts (DefaultArtifactResolver.java:261)
builder-1  |     at org.eclipse.aether.internal.impl.DefaultArtifactResolver.resolveArtifact (DefaultArtifactResolver.java:243)
builder-1  |     at org.apache.maven.repository.internal.DefaultArtifactDescriptorReader.loadPom (DefaultArtifactDescriptorReader.java:243)
builder-1  |     at org.apache.maven.repository.internal.DefaultArtifactDescriptorReader.readArtifactDescriptor (DefaultArtifactDescriptorReader.java:183)
builder-1  |     at org.eclipse.aether.internal.impl.collect.df.DfDependencyCollector.resolveCachedArtifactDescriptor (DfDependencyCollector.java:382)
builder-1  |     at org.eclipse.aether.internal.impl.collect.df.DfDependencyCollector.getArtifactDescriptorResult (DfDependencyCollector.java:368)
builder-1  |     at org.eclipse.aether.internal.impl.collect.df.DfDependencyCollector.processDependency (DfDependencyCollector.java:218)
builder-1  |     at org.eclipse.aether.internal.impl.collect.df.DfDependencyCollector.processDependency (DfDependencyCollector.java:156)
builder-1  |     at org.eclipse.aether.internal.impl.collect.df.DfDependencyCollector.process (DfDependencyCollector.java:138)
builder-1  |     at org.eclipse.aether.internal.impl.collect.df.DfDependencyCollector.doCollectDependencies (DfDependencyCollector.java:108)
builder-1  |     at org.eclipse.aether.internal.impl.collect.DependencyCollectorDelegate.collectDependencies (DependencyCollectorDelegate.java:222)
builder-1  |     at org.eclipse.aether.internal.impl.collect.DefaultDependencyCollector.collectDependencies (DefaultDependencyCollector.java:87)
builder-1  |     at org.eclipse.aether.internal.impl.DefaultRepositorySystem.collectDependencies (DefaultRepositorySystem.java:306)
builder-1  |     at org.apache.maven.project.DefaultProjectDependenciesResolver.resolve (DefaultProjectDependenciesResolver.java:151)
builder-1  |     at org.apache.maven.lifecycle.internal.LifecycleDependencyResolver.getDependencies (LifecycleDependencyResolver.java:227)
builder-1  |     at org.apache.maven.lifecycle.internal.LifecycleDependencyResolver.resolveProjectDependencies (LifecycleDependencyResolver.java:136)
builder-1  |     at org.apache.maven.lifecycle.internal.MojoExecutor.ensureDependenciesAreResolved (MojoExecutor.java:355)
builder-1  |     at org.apache.maven.lifecycle.internal.MojoExecutor.doExecute (MojoExecutor.java:314)
builder-1  |     at org.apache.maven.lifecycle.internal.MojoExecutor.execute (MojoExecutor.java:212)
builder-1  |     at org.apache.maven.lifecycle.internal.MojoExecutor.execute (MojoExecutor.java:174)
builder-1  |     at org.apache.maven.lifecycle.internal.MojoExecutor.access$000 (MojoExecutor.java:75)
builder-1  |     at org.apache.maven.lifecycle.internal.MojoExecutor$1.run (MojoExecutor.java:162)
builder-1  |     at org.apache.maven.plugin.DefaultMojosExecutionStrategy.execute (DefaultMojosExecutionStrategy.java:39)
builder-1  |     at org.apache.maven.lifecycle.internal.MojoExecutor.execute (MojoExecutor.java:159)
builder-1  |     at org.apache.maven.lifecycle.internal.LifecycleModuleBuilder.buildProject (LifecycleModuleBuilder.java:105)
builder-1  |     at org.apache.maven.lifecycle.internal.LifecycleModuleBuilder.buildProject (LifecycleModuleBuilder.java:73)
builder-1  |     at org.apache.maven.lifecycle.internal.builder.singlethreaded.SingleThreadedBuilder.build (SingleThreadedBuilder.java:53)
builder-1  |     at org.apache.maven.lifecycle.internal.LifecycleStarter.execute (LifecycleStarter.java:118)
builder-1  |     at org.apache.maven.DefaultMaven.doExecute (DefaultMaven.java:261)
builder-1  |     at org.apache.maven.DefaultMaven.doExecute (DefaultMaven.java:173)
builder-1  |     at org.apache.maven.DefaultMaven.execute (DefaultMaven.java:101)
builder-1  |     at org.apache.maven.cli.MavenCli.execute (MavenCli.java:919)
builder-1  |     at org.apache.maven.cli.MavenCli.doMain (MavenCli.java:285)
builder-1  |     at org.apache.maven.cli.MavenCli.main (MavenCli.java:207)
builder-1  |     at jdk.internal.reflect.DirectMethodHandleAccessor.invoke (DirectMethodHandleAccessor.java:103)
builder-1  |     at java.lang.reflect.Method.invoke (Method.java:580)
builder-1  |     at org.codehaus.plexus.classworlds.launcher.Launcher.launchEnhanced (Launcher.java:255)
builder-1  |     at org.codehaus.plexus.classworlds.launcher.Launcher.launch (Launcher.java:201)
builder-1  |     at org.codehaus.plexus.classworlds.launcher.Launcher.mainWithExitCode (Launcher.java:361)
builder-1  |     at org.codehaus.plexus.classworlds.launcher.Launcher.main (Launcher.java:314)
builder-1  |                    
[WARNING] Checksum validation failed, no checksums available from mikeprimm-repo for https://repo.mikeprimm.com/us/dynmap/dynmap-api/3.0-SNAPSHOT/dynmap-api-3.0-SNAPSHOT.pom
builder-1  | Downloaded from mikeprimm-repo: https://repo.mikeprimm.com/us/dynmap/dynmap-api/3.0-SNAPSHOT/dynmap-api-3.0-SNAPSHOT.pom (800 B at 965 B/s)
builder-1  | Downloading from sonatype: https://oss.sonatype.org/content/groups/public/org/bukkit/bukkit/1.7.10-R0.1-SNAPSHOT/maven-metadata.xml
builder-1  | Downloading from papermc-repo: https://repo.papermc.io/repository/maven-public/org/bukkit/bukkit/1.7.10-R0.1-SNAPSHOT/maven-metadata.xml
builder-1  | Downloading from dmulloy2-repo: https://repo.dmulloy2.net/repository/public/org/bukkit/bukkit/1.7.10-R0.1-SNAPSHOT/maven-metadata.xml
builder-1  | Downloading from placeholderapi: https://repo.extendedclip.com/content/repositories/placeholderapi/org/bukkit/bukkit/1.7.10-R0.1-SNAPSHOT/maven-metadata.xml
builder-1  | Downloading from mikeprimm-repo: https://repo.mikeprimm.com/org/bukkit/bukkit/1.7.10-R0.1-SNAPSHOT/maven-metadata.xml
builder-1  | Downloading from essentials-releases: https://repo.essentialsx.net/releases/org/bukkit/bukkit/1.7.10-R0.1-SNAPSHOT/maven-metadata.xml
builder-1  | Downloading from maxhenkel-repo: https://maven.maxhenkel.de/repository/public/org/bukkit/bukkit/1.7.10-R0.1-SNAPSHOT/maven-metadata.xml
builder-1  | Downloading from jitpack.io: https://jitpack.io/org/bukkit/bukkit/1.7.10-R0.1-SNAPSHOT/maven-metadata.xml
builder-1  | Downloading from scarsz: https://nexus.scarsz.me/content/groups/public/org/bukkit/bukkit/1.7.10-R0.1-SNAPSHOT/maven-metadata.xml
builder-1  | Downloading from papermc-repo: https://repo.papermc.io/repository/maven-public/org/bukkit/bukkit/1.7.10-R0.1-SNAPSHOT/bukkit-1.7.10-R0.1-SNAPSHOT.pom
builder-1  | Downloading from sonatype: https://oss.sonatype.org/content/groups/public/org/bukkit/bukkit/1.7.10-R0.1-SNAPSHOT/bukkit-1.7.10-R0.1-SNAPSHOT.pom
builder-1  | Downloading from dmulloy2-repo: https://repo.dmulloy2.net/repository/public/org/bukkit/bukkit/1.7.10-R0.1-SNAPSHOT/bukkit-1.7.10-R0.1-SNAPSHOT.pom
builder-1  | Downloading from placeholderapi: https://repo.extendedclip.com/content/repositories/placeholderapi/org/bukkit/bukkit/1.7.10-R0.1-SNAPSHOT/bukkit-1.7.10-R0.1-SNAPSHOT.pom
builder-1  | Downloading from mikeprimm-repo: https://repo.mikeprimm.com/org/bukkit/bukkit/1.7.10-R0.1-SNAPSHOT/bukkit-1.7.10-R0.1-SNAPSHOT.pom
builder-1  | Progress (1): 3.8 kB
[WARNING] Could not validate integrity of download from https://repo.mikeprimm.com/org/bukkit/bukkit/1.7.10-R0.1-SNAPSHOT/bukkit-1.7.10-R0.1-SNAPSHOT.pom
builder-1  | org.eclipse.aether.transfer.ChecksumFailureException: Checksum validation failed, no checksums available
builder-1  |     at org.eclipse.aether.internal.impl.AbstractChecksumPolicy.onNoMoreChecksums (AbstractChecksumPolicy.java:63)
builder-1  |     at org.eclipse.aether.connector.basic.ChecksumValidator.validate (ChecksumValidator.java:112)
builder-1  |     at org.eclipse.aether.connector.basic.BasicRepositoryConnector$GetTaskRunner.runTask (BasicRepositoryConnector.java:462)
builder-1  |     at org.eclipse.aether.connector.basic.BasicRepositoryConnector$TaskRunner.run (BasicRepositoryConnector.java:392)
builder-1  |     at org.eclipse.aether.util.concurrency.RunnableErrorForwarder.lambda$wrap$0 (RunnableErrorForwarder.java:66)
builder-1  |     at org.eclipse.aether.connector.basic.BasicRepositoryConnector.get (BasicRepositoryConnector.java:252)
builder-1  |     at org.eclipse.aether.internal.impl.DefaultArtifactResolver.performDownloads (DefaultArtifactResolver.java:537)
builder-1  |     at org.eclipse.aether.internal.impl.DefaultArtifactResolver.resolve (DefaultArtifactResolver.java:449)
builder-1  |     at org.eclipse.aether.internal.impl.DefaultArtifactResolver.resolveArtifacts (DefaultArtifactResolver.java:261)
builder-1  |     at org.eclipse.aether.internal.impl.DefaultArtifactResolver.resolveArtifact (DefaultArtifactResolver.java:243)
builder-1  |     at org.apache.maven.repository.internal.DefaultArtifactDescriptorReader.loadPom (DefaultArtifactDescriptorReader.java:243)
builder-1  |     at org.apache.maven.repository.internal.DefaultArtifactDescriptorReader.readArtifactDescriptor (DefaultArtifactDescriptorReader.java:183)
builder-1  |     at org.eclipse.aether.internal.impl.collect.df.DfDependencyCollector.resolveCachedArtifactDescriptor (DfDependencyCollector.java:382)
builder-1  |     at org.eclipse.aether.internal.impl.collect.df.DfDependencyCollector.getArtifactDescriptorResult (DfDependencyCollector.java:368)
builder-1  |     at org.eclipse.aether.internal.impl.collect.df.DfDependencyCollector.processDependency (DfDependencyCollector.java:218)
builder-1  |     at org.eclipse.aether.internal.impl.collect.df.DfDependencyCollector.processDependency (DfDependencyCollector.java:156)
builder-1  |     at org.eclipse.aether.internal.impl.collect.df.DfDependencyCollector.process (DfDependencyCollector.java:138)
builder-1  |     at org.eclipse.aether.internal.impl.collect.df.DfDependencyCollector.doRecurse (DfDependencyCollector.java:343)
builder-1  |     at org.eclipse.aether.internal.impl.collect.df.DfDependencyCollector.processDependency (DfDependencyCollector.java:277)
builder-1  |     at org.eclipse.aether.internal.impl.collect.df.DfDependencyCollector.processDependency (DfDependencyCollector.java:156)
builder-1  |     at org.eclipse.aether.internal.impl.collect.df.DfDependencyCollector.process (DfDependencyCollector.java:138)
builder-1  |     at org.eclipse.aether.internal.impl.collect.df.DfDependencyCollector.doCollectDependencies (DfDependencyCollector.java:108)
builder-1  |     at org.eclipse.aether.internal.impl.collect.DependencyCollectorDelegate.collectDependencies (DependencyCollectorDelegate.java:222)
builder-1  |     at org.eclipse.aether.internal.impl.collect.DefaultDependencyCollector.collectDependencies (DefaultDependencyCollector.java:87)
builder-1  |     at org.eclipse.aether.internal.impl.DefaultRepositorySystem.collectDependencies (DefaultRepositorySystem.java:306)
builder-1  |     at org.apache.maven.project.DefaultProjectDependenciesResolver.resolve (DefaultProjectDependenciesResolver.java:151)
builder-1  |     at org.apache.maven.lifecycle.internal.LifecycleDependencyResolver.getDependencies (LifecycleDependencyResolver.java:227)
builder-1  |     at org.apache.maven.lifecycle.internal.LifecycleDependencyResolver.resolveProjectDependencies (LifecycleDependencyResolver.java:136)
builder-1  |     at org.apache.maven.lifecycle.internal.MojoExecutor.ensureDependenciesAreResolved (MojoExecutor.java:355)
builder-1  |     at org.apache.maven.lifecycle.internal.MojoExecutor.doExecute (MojoExecutor.java:314)
builder-1  |     at org.apache.maven.lifecycle.internal.MojoExecutor.execute (MojoExecutor.java:212)
builder-1  |     at org.apache.maven.lifecycle.internal.MojoExecutor.execute (MojoExecutor.java:174)
builder-1  |     at org.apache.maven.lifecycle.internal.MojoExecutor.access$000 (MojoExecutor.java:75)
builder-1  |     at org.apache.maven.lifecycle.internal.MojoExecutor$1.run (MojoExecutor.java:162)
builder-1  |     at org.apache.maven.plugin.DefaultMojosExecutionStrategy.execute (DefaultMojosExecutionStrategy.java:39)
builder-1  |     at org.apache.maven.lifecycle.internal.MojoExecutor.execute (MojoExecutor.java:159)
builder-1  |     at org.apache.maven.lifecycle.internal.LifecycleModuleBuilder.buildProject (LifecycleModuleBuilder.java:105)
builder-1  |     at org.apache.maven.lifecycle.internal.LifecycleModuleBuilder.buildProject (LifecycleModuleBuilder.java:73)
builder-1  |     at org.apache.maven.lifecycle.internal.builder.singlethreaded.SingleThreadedBuilder.build (SingleThreadedBuilder.java:53)
builder-1  |     at org.apache.maven.lifecycle.internal.LifecycleStarter.execute (LifecycleStarter.java:118)
builder-1  |     at org.apache.maven.DefaultMaven.doExecute (DefaultMaven.java:261)
builder-1  |     at org.apache.maven.DefaultMaven.doExecute (DefaultMaven.java:173)
builder-1  |     at org.apache.maven.DefaultMaven.execute (DefaultMaven.java:101)
builder-1  |     at org.apache.maven.cli.MavenCli.execute (MavenCli.java:919)
builder-1  |     at org.apache.maven.cli.MavenCli.doMain (MavenCli.java:285)
builder-1  |     at org.apache.maven.cli.MavenCli.main (MavenCli.java:207)
builder-1  |     at jdk.internal.reflect.DirectMethodHandleAccessor.invoke (DirectMethodHandleAccessor.java:103)
builder-1  |     at java.lang.reflect.Method.invoke (Method.java:580)
builder-1  |     at org.codehaus.plexus.classworlds.launcher.Launcher.launchEnhanced (Launcher.java:255)
builder-1  |     at org.codehaus.plexus.classworlds.launcher.Launcher.launch (Launcher.java:201)
builder-1  |     at org.codehaus.plexus.classworlds.launcher.Launcher.mainWithExitCode (Launcher.java:361)
builder-1  |     at org.codehaus.plexus.classworlds.launcher.Launcher.main (Launcher.java:314)
builder-1  |                     
[WARNING] Checksum validation failed, no checksums available from mikeprimm-repo for https://repo.mikeprimm.com/org/bukkit/bukkit/1.7.10-R0.1-SNAPSHOT/bukkit-1.7.10-R0.1-SNAPSHOT.pom
builder-1  | Downloaded from mikeprimm-repo: https://repo.mikeprimm.com/org/bukkit/bukkit/1.7.10-R0.1-SNAPSHOT/bukkit-1.7.10-R0.1-SNAPSHOT.pom (3.8 kB at 6.2 kB/s)
builder-1  | Downloading from papermc-repo: https://repo.papermc.io/repository/maven-public/us/dynmap/DynmapCoreAPI/3.0-SNAPSHOT/maven-metadata.xml
builder-1  | Downloading from sonatype: https://oss.sonatype.org/content/groups/public/us/dynmap/DynmapCoreAPI/3.0-SNAPSHOT/maven-metadata.xml
builder-1  | Downloading from dmulloy2-repo: https://repo.dmulloy2.net/repository/public/us/dynmap/DynmapCoreAPI/3.0-SNAPSHOT/maven-metadata.xml
builder-1  | Downloading from placeholderapi: https://repo.extendedclip.com/content/repositories/placeholderapi/us/dynmap/DynmapCoreAPI/3.0-SNAPSHOT/maven-metadata.xml
builder-1  | Downloading from mikeprimm-repo: https://repo.mikeprimm.com/us/dynmap/DynmapCoreAPI/3.0-SNAPSHOT/maven-metadata.xml
builder-1  | Downloading from essentials-releases: https://repo.essentialsx.net/releases/us/dynmap/DynmapCoreAPI/3.0-SNAPSHOT/maven-metadata.xml
builder-1  | Downloading from maxhenkel-repo: https://maven.maxhenkel.de/repository/public/us/dynmap/DynmapCoreAPI/3.0-SNAPSHOT/maven-metadata.xml
builder-1  | Downloading from jitpack.io: https://jitpack.io/us/dynmap/DynmapCoreAPI/3.0-SNAPSHOT/maven-metadata.xml
builder-1  | Downloading from scarsz: https://nexus.scarsz.me/content/groups/public/us/dynmap/DynmapCoreAPI/3.0-SNAPSHOT/maven-metadata.xml
builder-1  | Downloading from papermc-repo: https://repo.papermc.io/repository/maven-public/us/dynmap/DynmapCoreAPI/3.0-SNAPSHOT/DynmapCoreAPI-3.0-SNAPSHOT.pom
builder-1  | Downloading from sonatype: https://oss.sonatype.org/content/groups/public/us/dynmap/DynmapCoreAPI/3.0-SNAPSHOT/DynmapCoreAPI-3.0-SNAPSHOT.pom
builder-1  | Downloading from dmulloy2-repo: https://repo.dmulloy2.net/repository/public/us/dynmap/DynmapCoreAPI/3.0-SNAPSHOT/DynmapCoreAPI-3.0-SNAPSHOT.pom
builder-1  | Downloading from placeholderapi: https://repo.extendedclip.com/content/repositories/placeholderapi/us/dynmap/DynmapCoreAPI/3.0-SNAPSHOT/DynmapCoreAPI-3.0-SNAPSHOT.pom
builder-1  | Downloading from mikeprimm-repo: https://repo.mikeprimm.com/us/dynmap/DynmapCoreAPI/3.0-SNAPSHOT/DynmapCoreAPI-3.0-SNAPSHOT.pom
builder-1  | Progress (1): 402 B
[WARNING] Could not validate integrity of download from https://repo.mikeprimm.com/us/dynmap/DynmapCoreAPI/3.0-SNAPSHOT/DynmapCoreAPI-3.0-SNAPSHOT.pom
builder-1  | org.eclipse.aether.transfer.ChecksumFailureException: Checksum validation failed, no checksums available
builder-1  |     at org.eclipse.aether.internal.impl.AbstractChecksumPolicy.onNoMoreChecksums (AbstractChecksumPolicy.java:63)
builder-1  |     at org.eclipse.aether.connector.basic.ChecksumValidator.validate (ChecksumValidator.java:112)
builder-1  |     at org.eclipse.aether.connector.basic.BasicRepositoryConnector$GetTaskRunner.runTask (BasicRepositoryConnector.java:462)
builder-1  |     at org.eclipse.aether.connector.basic.BasicRepositoryConnector$TaskRunner.run (BasicRepositoryConnector.java:392)
builder-1  |     at org.eclipse.aether.util.concurrency.RunnableErrorForwarder.lambda$wrap$0 (RunnableErrorForwarder.java:66)
builder-1  |     at org.eclipse.aether.connector.basic.BasicRepositoryConnector.get (BasicRepositoryConnector.java:252)
builder-1  |     at org.eclipse.aether.internal.impl.DefaultArtifactResolver.performDownloads (DefaultArtifactResolver.java:537)
builder-1  |     at org.eclipse.aether.internal.impl.DefaultArtifactResolver.resolve (DefaultArtifactResolver.java:449)
builder-1  |     at org.eclipse.aether.internal.impl.DefaultArtifactResolver.resolveArtifacts (DefaultArtifactResolver.java:261)
builder-1  |     at org.eclipse.aether.internal.impl.DefaultArtifactResolver.resolveArtifact (DefaultArtifactResolver.java:243)
builder-1  |     at org.apache.maven.repository.internal.DefaultArtifactDescriptorReader.loadPom (DefaultArtifactDescriptorReader.java:243)
builder-1  |     at org.apache.maven.repository.internal.DefaultArtifactDescriptorReader.readArtifactDescriptor (DefaultArtifactDescriptorReader.java:183)
builder-1  |     at org.eclipse.aether.internal.impl.collect.df.DfDependencyCollector.resolveCachedArtifactDescriptor (DfDependencyCollector.java:382)
builder-1  |     at org.eclipse.aether.internal.impl.collect.df.DfDependencyCollector.getArtifactDescriptorResult (DfDependencyCollector.java:368)
builder-1  |     at org.eclipse.aether.internal.impl.collect.df.DfDependencyCollector.processDependency (DfDependencyCollector.java:218)
builder-1  |     at org.eclipse.aether.internal.impl.collect.df.DfDependencyCollector.processDependency (DfDependencyCollector.java:156)
builder-1  |     at org.eclipse.aether.internal.impl.collect.df.DfDependencyCollector.process (DfDependencyCollector.java:138)
builder-1  |     at org.eclipse.aether.internal.impl.collect.df.DfDependencyCollector.doRecurse (DfDependencyCollector.java:343)
builder-1  |     at org.eclipse.aether.internal.impl.collect.df.DfDependencyCollector.processDependency (DfDependencyCollector.java:277)
builder-1  |     at org.eclipse.aether.internal.impl.collect.df.DfDependencyCollector.processDependency (DfDependencyCollector.java:156)
builder-1  |     at org.eclipse.aether.internal.impl.collect.df.DfDependencyCollector.process (DfDependencyCollector.java:138)
builder-1  |     at org.eclipse.aether.internal.impl.collect.df.DfDependencyCollector.doCollectDependencies (DfDependencyCollector.java:108)
builder-1  |     at org.eclipse.aether.internal.impl.collect.DependencyCollectorDelegate.collectDependencies (DependencyCollectorDelegate.java:222)
builder-1  |     at org.eclipse.aether.internal.impl.collect.DefaultDependencyCollector.collectDependencies (DefaultDependencyCollector.java:87)
builder-1  |     at org.eclipse.aether.internal.impl.DefaultRepositorySystem.collectDependencies (DefaultRepositorySystem.java:306)
builder-1  |     at org.apache.maven.project.DefaultProjectDependenciesResolver.resolve (DefaultProjectDependenciesResolver.java:151)
builder-1  |     at org.apache.maven.lifecycle.internal.LifecycleDependencyResolver.getDependencies (LifecycleDependencyResolver.java:227)
builder-1  |     at org.apache.maven.lifecycle.internal.LifecycleDependencyResolver.resolveProjectDependencies (LifecycleDependencyResolver.java:136)
builder-1  |     at org.apache.maven.lifecycle.internal.MojoExecutor.ensureDependenciesAreResolved (MojoExecutor.java:355)
builder-1  |     at org.apache.maven.lifecycle.internal.MojoExecutor.doExecute (MojoExecutor.java:314)
builder-1  |     at org.apache.maven.lifecycle.internal.MojoExecutor.execute (MojoExecutor.java:212)
builder-1  |     at org.apache.maven.lifecycle.internal.MojoExecutor.execute (MojoExecutor.java:174)
builder-1  |     at org.apache.maven.lifecycle.internal.MojoExecutor.access$000 (MojoExecutor.java:75)
builder-1  |     at org.apache.maven.lifecycle.internal.MojoExecutor$1.run (MojoExecutor.java:162)
builder-1  |     at org.apache.maven.plugin.DefaultMojosExecutionStrategy.execute (DefaultMojosExecutionStrategy.java:39)
builder-1  |     at org.apache.maven.lifecycle.internal.MojoExecutor.execute (MojoExecutor.java:159)
builder-1  |     at org.apache.maven.lifecycle.internal.LifecycleModuleBuilder.buildProject (LifecycleModuleBuilder.java:105)
builder-1  |     at org.apache.maven.lifecycle.internal.LifecycleModuleBuilder.buildProject (LifecycleModuleBuilder.java:73)
builder-1  |     at org.apache.maven.lifecycle.internal.builder.singlethreaded.SingleThreadedBuilder.build (SingleThreadedBuilder.java:53)
builder-1  |     at org.apache.maven.lifecycle.internal.LifecycleStarter.execute (LifecycleStarter.java:118)
builder-1  |     at org.apache.maven.DefaultMaven.doExecute (DefaultMaven.java:261)
builder-1  |     at org.apache.maven.DefaultMaven.doExecute (DefaultMaven.java:173)
builder-1  |     at org.apache.maven.DefaultMaven.execute (DefaultMaven.java:101)
builder-1  |     at org.apache.maven.cli.MavenCli.execute (MavenCli.java:919)
builder-1  |     at org.apache.maven.cli.MavenCli.doMain (MavenCli.java:285)
builder-1  |     at org.apache.maven.cli.MavenCli.main (MavenCli.java:207)
builder-1  |     at jdk.internal.reflect.DirectMethodHandleAccessor.invoke (DirectMethodHandleAccessor.java:103)
builder-1  |     at java.lang.reflect.Method.invoke (Method.java:580)
builder-1  |     at org.codehaus.plexus.classworlds.launcher.Launcher.launchEnhanced (Launcher.java:255)
builder-1  |     at org.codehaus.plexus.classworlds.launcher.Launcher.launch (Launcher.java:201)
builder-1  |     at org.codehaus.plexus.classworlds.launcher.Launcher.mainWithExitCode (Launcher.java:361)
builder-1  |     at org.codehaus.plexus.classworlds.launcher.Launcher.main (Launcher.java:314)
builder-1  |                    
[WARNING] Checksum validation failed, no checksums available from mikeprimm-repo for https://repo.mikeprimm.com/us/dynmap/DynmapCoreAPI/3.0-SNAPSHOT/DynmapCoreAPI-3.0-SNAPSHOT.pom
builder-1  | Downloaded from mikeprimm-repo: https://repo.mikeprimm.com/us/dynmap/DynmapCoreAPI/3.0-SNAPSHOT/DynmapCoreAPI-3.0-SNAPSHOT.pom (402 B at 638 B/s)
builder-1  | Downloading from papermc-repo: https://repo.papermc.io/repository/maven-public/net/essentialsx/EssentialsX/2.20.1/EssentialsX-2.20.1.pom
builder-1  | Downloading from sonatype: https://oss.sonatype.org/content/groups/public/net/essentialsx/EssentialsX/2.20.1/EssentialsX-2.20.1.pom
builder-1  | Downloading from dmulloy2-repo: https://repo.dmulloy2.net/repository/public/net/essentialsx/EssentialsX/2.20.1/EssentialsX-2.20.1.pom
builder-1  | Downloading from placeholderapi: https://repo.extendedclip.com/content/repositories/placeholderapi/net/essentialsx/EssentialsX/2.20.1/EssentialsX-2.20.1.pom
builder-1  | Downloading from mikeprimm-repo: https://repo.mikeprimm.com/net/essentialsx/EssentialsX/2.20.1/EssentialsX-2.20.1.pom
builder-1  | Downloading from essentials-releases: https://repo.essentialsx.net/releases/net/essentialsx/EssentialsX/2.20.1/EssentialsX-2.20.1.pom
builder-1  | Progress (1): 948 B
Progress (1): 1.6 kB
Progress (1): 4.4 kB
                    
Downloaded from essentials-releases: https://repo.essentialsx.net/releases/net/essentialsx/EssentialsX/2.20.1/EssentialsX-2.20.1.pom (4.4 kB at 9.1 kB/s)
builder-1  | Downloading from papermc-repo: https://repo.papermc.io/repository/maven-public/io/papermc/paperlib/1.0.6/paperlib-1.0.6.pom
builder-1  | Progress (1): 1.3 kB
                    
Downloaded from papermc-repo: https://repo.papermc.io/repository/maven-public/io/papermc/paperlib/1.0.6/paperlib-1.0.6.pom (1.3 kB at 4.6 kB/s)
builder-1  | Downloading from papermc-repo: https://repo.papermc.io/repository/maven-public/org/bstats/bstats-bukkit/2.2.1/bstats-bukkit-2.2.1.pom
builder-1  | Progress (1): 1.7 kB
                    
Downloaded from papermc-repo: https://repo.papermc.io/repository/maven-public/org/bstats/bstats-bukkit/2.2.1/bstats-bukkit-2.2.1.pom (1.7 kB at 5.6 kB/s)
builder-1  | Downloading from papermc-repo: https://repo.papermc.io/repository/maven-public/org/bstats/bstats-base/2.2.1/bstats-base-2.2.1.pom
builder-1  | Progress (1): 1.5 kB
                    
Downloaded from papermc-repo: https://repo.papermc.io/repository/maven-public/org/bstats/bstats-base/2.2.1/bstats-base-2.2.1.pom (1.5 kB at 5.0 kB/s)
builder-1  | Downloading from papermc-repo: https://repo.papermc.io/repository/maven-public/net/essentialsx/BaseProviders/2.20.1/BaseProviders-2.20.1.pom
builder-1  | Downloading from sonatype: https://oss.sonatype.org/content/groups/public/net/essentialsx/BaseProviders/2.20.1/BaseProviders-2.20.1.pom
builder-1  | Downloading from dmulloy2-repo: https://repo.dmulloy2.net/repository/public/net/essentialsx/BaseProviders/2.20.1/BaseProviders-2.20.1.pom
builder-1  | Downloading from placeholderapi: https://repo.extendedclip.com/content/repositories/placeholderapi/net/essentialsx/BaseProviders/2.20.1/BaseProviders-2.20.1.pom
builder-1  | Downloading from mikeprimm-repo: https://repo.mikeprimm.com/net/essentialsx/BaseProviders/2.20.1/BaseProviders-2.20.1.pom
builder-1  | Downloading from essentials-releases: https://repo.essentialsx.net/releases/net/essentialsx/BaseProviders/2.20.1/BaseProviders-2.20.1.pom
builder-1  | Progress (1): 953 B
Progress (1): 1.6 kB
Progress (1): 2.3 kB
                    
Downloaded from essentials-releases: https://repo.essentialsx.net/releases/net/essentialsx/BaseProviders/2.20.1/BaseProviders-2.20.1.pom (2.3 kB at 4.4 kB/s)
builder-1  | Downloading from papermc-repo: https://repo.papermc.io/repository/maven-public/net/essentialsx/PaperProvider/2.20.1/PaperProvider-2.20.1.pom
builder-1  | Downloading from sonatype: https://oss.sonatype.org/content/groups/public/net/essentialsx/PaperProvider/2.20.1/PaperProvider-2.20.1.pom
builder-1  | Downloading from dmulloy2-repo: https://repo.dmulloy2.net/repository/public/net/essentialsx/PaperProvider/2.20.1/PaperProvider-2.20.1.pom
builder-1  | Downloading from placeholderapi: https://repo.extendedclip.com/content/repositories/placeholderapi/net/essentialsx/PaperProvider/2.20.1/PaperProvider-2.20.1.pom
builder-1  | Downloading from mikeprimm-repo: https://repo.mikeprimm.com/net/essentialsx/PaperProvider/2.20.1/PaperProvider-2.20.1.pom
builder-1  | Downloading from essentials-releases: https://repo.essentialsx.net/releases/net/essentialsx/PaperProvider/2.20.1/PaperProvider-2.20.1.pom
builder-1  | Progress (1): 959 B
Progress (1): 1.6 kB
Progress (1): 2.5 kB
                    
Downloaded from essentials-releases: https://repo.essentialsx.net/releases/net/essentialsx/PaperProvider/2.20.1/PaperProvider-2.20.1.pom (2.5 kB at 5.1 kB/s)
builder-1  | Downloading from papermc-repo: https://repo.papermc.io/repository/maven-public/net/essentialsx/NMSReflectionProvider/2.20.1/NMSReflectionProvider-2.20.1.pom
builder-1  | Downloading from sonatype: https://oss.sonatype.org/content/groups/public/net/essentialsx/NMSReflectionProvider/2.20.1/NMSReflectionProvider-2.20.1.pom
builder-1  | Downloading from dmulloy2-repo: https://repo.dmulloy2.net/repository/public/net/essentialsx/NMSReflectionProvider/2.20.1/NMSReflectionProvider-2.20.1.pom
builder-1  | Downloading from placeholderapi: https://repo.extendedclip.com/content/repositories/placeholderapi/net/essentialsx/NMSReflectionProvider/2.20.1/NMSReflectionProvider-2.20.1.pom
builder-1  | Downloading from mikeprimm-repo: https://repo.mikeprimm.com/net/essentialsx/NMSReflectionProvider/2.20.1/NMSReflectionProvider-2.20.1.pom
builder-1  | Downloading from essentials-releases: https://repo.essentialsx.net/releases/net/essentialsx/NMSReflectionProvider/2.20.1/NMSReflectionProvider-2.20.1.pom
builder-1  | Progress (1): 958 B
Progress (1): 2.5 kB
                    
Downloaded from essentials-releases: https://repo.essentialsx.net/releases/net/essentialsx/NMSReflectionProvider/2.20.1/NMSReflectionProvider-2.20.1.pom (2.5 kB at 5.2 kB/s)
builder-1  | Downloading from papermc-repo: https://repo.papermc.io/repository/maven-public/net/essentialsx/1_8Provider/2.20.1/1_8Provider-2.20.1.pom
builder-1  | Downloading from sonatype: https://oss.sonatype.org/content/groups/public/net/essentialsx/1_8Provider/2.20.1/1_8Provider-2.20.1.pom
builder-1  | Downloading from dmulloy2-repo: https://repo.dmulloy2.net/repository/public/net/essentialsx/1_8Provider/2.20.1/1_8Provider-2.20.1.pom
builder-1  | Downloading from placeholderapi: https://repo.extendedclip.com/content/repositories/placeholderapi/net/essentialsx/1_8Provider/2.20.1/1_8Provider-2.20.1.pom
builder-1  | Downloading from mikeprimm-repo: https://repo.mikeprimm.com/net/essentialsx/1_8Provider/2.20.1/1_8Provider-2.20.1.pom
builder-1  | Downloading from essentials-releases: https://repo.essentialsx.net/releases/net/essentialsx/1_8Provider/2.20.1/1_8Provider-2.20.1.pom
builder-1  | Progress (1): 955 B
Progress (1): 1.6 kB
Progress (1): 2.7 kB
                    
Downloaded from essentials-releases: https://repo.essentialsx.net/releases/net/essentialsx/1_8Provider/2.20.1/1_8Provider-2.20.1.pom (2.7 kB at 5.5 kB/s)
builder-1  | Downloading from papermc-repo: https://repo.papermc.io/repository/maven-public/net/essentialsx/1_12Provider/2.20.1/1_12Provider-2.20.1.pom
builder-1  | Downloading from sonatype: https://oss.sonatype.org/content/groups/public/net/essentialsx/1_12Provider/2.20.1/1_12Provider-2.20.1.pom
builder-1  | Downloading from dmulloy2-repo: https://repo.dmulloy2.net/repository/public/net/essentialsx/1_12Provider/2.20.1/1_12Provider-2.20.1.pom
builder-1  | Downloading from placeholderapi: https://repo.extendedclip.com/content/repositories/placeholderapi/net/essentialsx/1_12Provider/2.20.1/1_12Provider-2.20.1.pom
builder-1  | Downloading from mikeprimm-repo: https://repo.mikeprimm.com/net/essentialsx/1_12Provider/2.20.1/1_12Provider-2.20.1.pom
builder-1  | Downloading from essentials-releases: https://repo.essentialsx.net/releases/net/essentialsx/1_12Provider/2.20.1/1_12Provider-2.20.1.pom
builder-1  | Progress (1): 957 B
Progress (1): 1.6 kB
Progress (1): 2.3 kB
                    
Downloaded from essentials-releases: https://repo.essentialsx.net/releases/net/essentialsx/1_12Provider/2.20.1/1_12Provider-2.20.1.pom (2.3 kB at 4.8 kB/s)
builder-1  | Downloading from papermc-repo: https://repo.papermc.io/repository/maven-public/org/spongepowered/configurate-yaml/4.1.2/configurate-yaml-4.1.2.pom
builder-1  | Progress (1): 2.4 kB
                    
Downloaded from papermc-repo: https://repo.papermc.io/repository/maven-public/org/spongepowered/configurate-yaml/4.1.2/configurate-yaml-4.1.2.pom (2.4 kB at 8.4 kB/s)
builder-1  | Downloading from papermc-repo: https://repo.papermc.io/repository/maven-public/org/spongepowered/configurate-core/4.1.2/configurate-core-4.1.2.pom
builder-1  | Progress (1): 2.5 kB
                    
Downloaded from papermc-repo: https://repo.papermc.io/repository/maven-public/org/spongepowered/configurate-core/4.1.2/configurate-core-4.1.2.pom (2.5 kB at 9.1 kB/s)
builder-1  | Downloading from papermc-repo: https://repo.papermc.io/repository/maven-public/io/leangen/geantyref/geantyref/1.3.11/geantyref-1.3.11.pom
builder-1  | Progress (1): 7.8 kB
                    
Downloaded from papermc-repo: https://repo.papermc.io/repository/maven-public/io/leangen/geantyref/geantyref/1.3.11/geantyref-1.3.11.pom (7.8 kB at 27 kB/s)
builder-1  | Downloading from papermc-repo: https://repo.papermc.io/repository/maven-public/com/google/errorprone/error_prone_annotations/2.6.0/error_prone_annotations-2.6.0.pom
builder-1  | Progress (1): 2.1 kB
                    
Downloaded from papermc-repo: https://repo.papermc.io/repository/maven-public/com/google/errorprone/error_prone_annotations/2.6.0/error_prone_annotations-2.6.0.pom (2.1 kB at 7.6 kB/s)
builder-1  | Downloading from papermc-repo: https://repo.papermc.io/repository/maven-public/com/google/errorprone/error_prone_parent/2.6.0/error_prone_parent-2.6.0.pom
builder-1  | Progress (1): 7.0 kB
                    
Downloaded from papermc-repo: https://repo.papermc.io/repository/maven-public/com/google/errorprone/error_prone_parent/2.6.0/error_prone_parent-2.6.0.pom (7.0 kB at 25 kB/s)
builder-1  | Downloading from papermc-repo: https://repo.papermc.io/repository/maven-public/org/checkerframework/checker-qual/3.12.0/checker-qual-3.12.0.pom
builder-1  | Progress (1): 2.1 kB
                    
Downloaded from papermc-repo: https://repo.papermc.io/repository/maven-public/org/checkerframework/checker-qual/3.12.0/checker-qual-3.12.0.pom (2.1 kB at 7.6 kB/s)
builder-1  | Downloading from papermc-repo: https://repo.papermc.io/repository/maven-public/org/yaml/snakeyaml/1.28/snakeyaml-1.28.pom
builder-1  | Progress (1): 8.2/37 kB
Progress (1): 16/37 kB 
Progress (1): 33/37 kB
Progress (1): 37 kB   
                   
Downloaded from papermc-repo: https://repo.papermc.io/repository/maven-public/org/yaml/snakeyaml/1.28/snakeyaml-1.28.pom (37 kB at 118 kB/s)
builder-1  | Downloading from papermc-repo: https://repo.papermc.io/repository/maven-public/org/checkerframework/checker-qual/3.14.0/checker-qual-3.14.0.pom
builder-1  | Progress (1): 2.1 kB
                    
Downloaded from papermc-repo: https://repo.papermc.io/repository/maven-public/org/checkerframework/checker-qual/3.14.0/checker-qual-3.14.0.pom (2.1 kB at 7.5 kB/s)
builder-1  | Downloading from papermc-repo: https://repo.papermc.io/repository/maven-public/de/maxhenkel/voicechat/voicechat-api/2.5.0/voicechat-api-2.5.0.pom
builder-1  | Downloading from sonatype: https://oss.sonatype.org/content/groups/public/de/maxhenkel/voicechat/voicechat-api/2.5.0/voicechat-api-2.5.0.pom
builder-1  | Downloading from dmulloy2-repo: https://repo.dmulloy2.net/repository/public/de/maxhenkel/voicechat/voicechat-api/2.5.0/voicechat-api-2.5.0.pom
builder-1  | Downloading from placeholderapi: https://repo.extendedclip.com/content/repositories/placeholderapi/de/maxhenkel/voicechat/voicechat-api/2.5.0/voicechat-api-2.5.0.pom
builder-1  | Downloading from mikeprimm-repo: https://repo.mikeprimm.com/de/maxhenkel/voicechat/voicechat-api/2.5.0/voicechat-api-2.5.0.pom
builder-1  | Downloading from essentials-releases: https://repo.essentialsx.net/releases/de/maxhenkel/voicechat/voicechat-api/2.5.0/voicechat-api-2.5.0.pom
builder-1  | Downloading from maxhenkel-repo: https://maven.maxhenkel.de/repository/public/de/maxhenkel/voicechat/voicechat-api/2.5.0/voicechat-api-2.5.0.pom
builder-1  | Progress (1): 417 B
                   
Downloaded from maxhenkel-repo: https://maven.maxhenkel.de/repository/public/de/maxhenkel/voicechat/voicechat-api/2.5.0/voicechat-api-2.5.0.pom (417 B at 819 B/s)
builder-1  | Downloading from papermc-repo: https://repo.papermc.io/repository/maven-public/com/github/NEZNAMY/TAB-API/5.0.4/TAB-API-5.0.4.pom
builder-1  | Downloading from sonatype: https://oss.sonatype.org/content/groups/public/com/github/NEZNAMY/TAB-API/5.0.4/TAB-API-5.0.4.pom
builder-1  | Downloading from dmulloy2-repo: https://repo.dmulloy2.net/repository/public/com/github/NEZNAMY/TAB-API/5.0.4/TAB-API-5.0.4.pom
builder-1  | Downloading from placeholderapi: https://repo.extendedclip.com/content/repositories/placeholderapi/com/github/NEZNAMY/TAB-API/5.0.4/TAB-API-5.0.4.pom
builder-1  | Downloading from mikeprimm-repo: https://repo.mikeprimm.com/com/github/NEZNAMY/TAB-API/5.0.4/TAB-API-5.0.4.pom
builder-1  | Downloading from essentials-releases: https://repo.essentialsx.net/releases/com/github/NEZNAMY/TAB-API/5.0.4/TAB-API-5.0.4.pom
builder-1  | Downloading from maxhenkel-repo: https://maven.maxhenkel.de/repository/public/com/github/NEZNAMY/TAB-API/5.0.4/TAB-API-5.0.4.pom
builder-1  | Downloading from jitpack.io: https://jitpack.io/com/github/NEZNAMY/TAB-API/5.0.4/TAB-API-5.0.4.pom
builder-1  | Progress (1): 969 B
                   
Downloaded from jitpack.io: https://jitpack.io/com/github/NEZNAMY/TAB-API/5.0.4/TAB-API-5.0.4.pom (969 B at 1.7 kB/s)
builder-1  | Downloading from papermc-repo: https://repo.papermc.io/repository/maven-public/com/discordsrv/discordsrv/1.29.0/discordsrv-1.29.0.pom
builder-1  | Downloading from sonatype: https://oss.sonatype.org/content/groups/public/com/discordsrv/discordsrv/1.29.0/discordsrv-1.29.0.pom
builder-1  | Downloading from dmulloy2-repo: https://repo.dmulloy2.net/repository/public/com/discordsrv/discordsrv/1.29.0/discordsrv-1.29.0.pom
builder-1  | Downloading from placeholderapi: https://repo.extendedclip.com/content/repositories/placeholderapi/com/discordsrv/discordsrv/1.29.0/discordsrv-1.29.0.pom
builder-1  | Downloading from mikeprimm-repo: https://repo.mikeprimm.com/com/discordsrv/discordsrv/1.29.0/discordsrv-1.29.0.pom
builder-1  | Downloading from essentials-releases: https://repo.essentialsx.net/releases/com/discordsrv/discordsrv/1.29.0/discordsrv-1.29.0.pom
builder-1  | Downloading from maxhenkel-repo: https://maven.maxhenkel.de/repository/public/com/discordsrv/discordsrv/1.29.0/discordsrv-1.29.0.pom
builder-1  | Downloading from jitpack.io: https://jitpack.io/com/discordsrv/discordsrv/1.29.0/discordsrv-1.29.0.pom
builder-1  | Downloading from scarsz: https://nexus.scarsz.me/content/groups/public/com/discordsrv/discordsrv/1.29.0/discordsrv-1.29.0.pom
builder-1  | Progress (1): 399 B
                   
Downloaded from scarsz: https://nexus.scarsz.me/content/groups/public/com/discordsrv/discordsrv/1.29.0/discordsrv-1.29.0.pom (399 B at 2.2 kB/s)
builder-1  | Downloading from papermc-repo: https://repo.papermc.io/repository/maven-public/com/zaxxer/HikariCP/5.1.0/HikariCP-5.1.0.pom
builder-1  | Progress (1): 4.1/26 kB
Progress (1): 20/26 kB 
Progress (1): 26 kB   
                   
Downloaded from papermc-repo: https://repo.papermc.io/repository/maven-public/com/zaxxer/HikariCP/5.1.0/HikariCP-5.1.0.pom (26 kB at 82 kB/s)
builder-1  | Downloading from papermc-repo: https://repo.papermc.io/repository/maven-public/redis/clients/jedis/5.1.0/jedis-5.1.0.pom
builder-1  | Progress (1): 9.0 kB
                    
Downloaded from papermc-repo: https://repo.papermc.io/repository/maven-public/redis/clients/jedis/5.1.0/jedis-5.1.0.pom (9.0 kB at 31 kB/s)
builder-1  | Downloading from papermc-repo: https://repo.papermc.io/repository/maven-public/org/apache/commons/commons-pool2/2.12.0/commons-pool2-2.12.0.pom
builder-1  | Progress (1): 4.1/16 kB
Progress (1): 12/16 kB 
Progress (1): 16 kB   
                   
Downloaded from papermc-repo: https://repo.papermc.io/repository/maven-public/org/apache/commons/commons-pool2/2.12.0/commons-pool2-2.12.0.pom (16 kB at 51 kB/s)
builder-1  | Downloading from papermc-repo: https://repo.papermc.io/repository/maven-public/org/apache/commons/commons-parent/62/commons-parent-62.pom
builder-1  | Progress (1): 4.1/81 kB
Progress (1): 12/81 kB 
Progress (1): 20/81 kB
Progress (1): 36/81 kB
Progress (1): 52/81 kB
Progress (1): 69/81 kB
Progress (1): 81 kB   
                   
Downloaded from papermc-repo: https://repo.papermc.io/repository/maven-public/org/apache/commons/commons-parent/62/commons-parent-62.pom (81 kB at 227 kB/s)
builder-1  | Downloading from papermc-repo: https://repo.papermc.io/repository/maven-public/org/apache/apache/30/apache-30.pom
builder-1  | Progress (1): 16/23 kB
Progress (1): 23 kB   
                   
Downloaded from papermc-repo: https://repo.papermc.io/repository/maven-public/org/apache/apache/30/apache-30.pom (23 kB at 77 kB/s)
builder-1  | Downloading from papermc-repo: https://repo.papermc.io/repository/maven-public/org/junit/junit-bom/5.10.0/junit-bom-5.10.0.pom
builder-1  | Progress (1): 5.6 kB
                    
Downloaded from papermc-repo: https://repo.papermc.io/repository/maven-public/org/junit/junit-bom/5.10.0/junit-bom-5.10.0.pom (5.6 kB at 20 kB/s)
builder-1  | Downloading from papermc-repo: https://repo.papermc.io/repository/maven-public/org/json/json/20231013/json-20231013.pom
builder-1  | Progress (1): 4.1/6.6 kB
Progress (1): 6.6 kB    
                    
Downloaded from papermc-repo: https://repo.papermc.io/repository/maven-public/org/json/json/20231013/json-20231013.pom (6.6 kB at 23 kB/s)
builder-1  | Downloading from papermc-repo: https://repo.papermc.io/repository/maven-public/com/github/seeseemelk/MockBukkit-v1.21/3.104.0/MockBukkit-v1.21-3.104.0.pom
builder-1  | Progress (1): 3.4 kB
                    
Downloaded from papermc-repo: https://repo.papermc.io/repository/maven-public/com/github/seeseemelk/MockBukkit-v1.21/3.104.0/MockBukkit-v1.21-3.104.0.pom (3.4 kB at 12 kB/s)
builder-1  | Downloading from papermc-repo: https://repo.papermc.io/repository/maven-public/org/junit/jupiter/junit-jupiter/5.11.0/junit-jupiter-5.11.0.pom
builder-1  | Progress (1): 3.2 kB
                    
Downloaded from papermc-repo: https://repo.papermc.io/repository/maven-public/org/junit/jupiter/junit-jupiter/5.11.0/junit-jupiter-5.11.0.pom (3.2 kB at 11 kB/s)
builder-1  | Downloading from papermc-repo: https://repo.papermc.io/repository/maven-public/org/junit/junit-bom/5.11.0/junit-bom-5.11.0.pom
builder-1  | Progress (1): 5.6 kB
                    
Downloaded from papermc-repo: https://repo.papermc.io/repository/maven-public/org/junit/junit-bom/5.11.0/junit-bom-5.11.0.pom (5.6 kB at 20 kB/s)
builder-1  | Downloading from papermc-repo: https://repo.papermc.io/repository/maven-public/org/junit/jupiter/junit-jupiter-api/5.11.0/junit-jupiter-api-5.11.0.pom
builder-1  | Progress (1): 3.2 kB
                    
Downloaded from papermc-repo: https://repo.papermc.io/repository/maven-public/org/junit/jupiter/junit-jupiter-api/5.11.0/junit-jupiter-api-5.11.0.pom (3.2 kB at 11 kB/s)
builder-1  | Downloading from papermc-repo: https://repo.papermc.io/repository/maven-public/org/opentest4j/opentest4j/1.3.0/opentest4j-1.3.0.pom
builder-1  | Progress (1): 2.0 kB
                    
Downloaded from papermc-repo: https://repo.papermc.io/repository/maven-public/org/opentest4j/opentest4j/1.3.0/opentest4j-1.3.0.pom (2.0 kB at 7.2 kB/s)
builder-1  | Downloading from papermc-repo: https://repo.papermc.io/repository/maven-public/org/junit/platform/junit-platform-commons/1.11.0/junit-platform-commons-1.11.0.pom
builder-1  | Progress (1): 2.8 kB
                    
Downloaded from papermc-repo: https://repo.papermc.io/repository/maven-public/org/junit/platform/junit-platform-commons/1.11.0/junit-platform-commons-1.11.0.pom (2.8 kB at 10 kB/s)
builder-1  | Downloading from papermc-repo: https://repo.papermc.io/repository/maven-public/org/apiguardian/apiguardian-api/1.1.2/apiguardian-api-1.1.2.pom
builder-1  | Progress (1): 1.5 kB
                    
Downloaded from papermc-repo: https://repo.papermc.io/repository/maven-public/org/apiguardian/apiguardian-api/1.1.2/apiguardian-api-1.1.2.pom (1.5 kB at 5.5 kB/s)
builder-1  | Downloading from papermc-repo: https://repo.papermc.io/repository/maven-public/org/junit/jupiter/junit-jupiter-params/5.11.0/junit-jupiter-params-5.11.0.pom
builder-1  | Progress (1): 3.0 kB
                    
Downloaded from papermc-repo: https://repo.papermc.io/repository/maven-public/org/junit/jupiter/junit-jupiter-params/5.11.0/junit-jupiter-params-5.11.0.pom (3.0 kB at 3.2 kB/s)
builder-1  | Downloading from papermc-repo: https://repo.papermc.io/repository/maven-public/org/junit/jupiter/junit-jupiter-engine/5.11.0/junit-jupiter-engine-5.11.0.pom
builder-1  | Progress (1): 3.2 kB
                    
Downloaded from papermc-repo: https://repo.papermc.io/repository/maven-public/org/junit/jupiter/junit-jupiter-engine/5.11.0/junit-jupiter-engine-5.11.0.pom (3.2 kB at 1.6 kB/s)
builder-1  | Downloading from papermc-repo: https://repo.papermc.io/repository/maven-public/org/junit/platform/junit-platform-engine/1.11.0/junit-platform-engine-1.11.0.pom
builder-1  | Progress (1): 3.2 kB
                    
Downloaded from papermc-repo: https://repo.papermc.io/repository/maven-public/org/junit/platform/junit-platform-engine/1.11.0/junit-platform-engine-1.11.0.pom (3.2 kB at 11 kB/s)
builder-1  | Downloading from papermc-repo: https://repo.papermc.io/repository/maven-public/net/kyori/adventure-platform-bungeecord/4.3.4/adventure-platform-bungeecord-4.3.4.pom
builder-1  | Progress (1): 3.3 kB
                    
Downloaded from papermc-repo: https://repo.papermc.io/repository/maven-public/net/kyori/adventure-platform-bungeecord/4.3.4/adventure-platform-bungeecord-4.3.4.pom (3.3 kB at 12 kB/s)
builder-1  | Downloading from papermc-repo: https://repo.papermc.io/repository/maven-public/net/kyori/adventure-platform-api/4.3.4/adventure-platform-api-4.3.4.pom
builder-1  | Progress (1): 2.3 kB
                    
Downloaded from papermc-repo: https://repo.papermc.io/repository/maven-public/net/kyori/adventure-platform-api/4.3.4/adventure-platform-api-4.3.4.pom (2.3 kB at 8.4 kB/s)
builder-1  | Downloading from papermc-repo: https://repo.papermc.io/repository/maven-public/net/kyori/adventure-text-serializer-bungeecord/4.3.4/adventure-text-serializer-bungeecord-4.3.4.pom
builder-1  | Progress (1): 2.9 kB
                    
Downloaded from papermc-repo: https://repo.papermc.io/repository/maven-public/net/kyori/adventure-text-serializer-bungeecord/4.3.4/adventure-text-serializer-bungeecord-4.3.4.pom (2.9 kB at 10 kB/s)
builder-1  | Downloading from papermc-repo: https://repo.papermc.io/repository/maven-public/net/kyori/adventure-platform-facet/4.3.4/adventure-platform-facet-4.3.4.pom
builder-1  | Progress (1): 2.5 kB
                    
Downloaded from papermc-repo: https://repo.papermc.io/repository/maven-public/net/kyori/adventure-platform-facet/4.3.4/adventure-platform-facet-4.3.4.pom (2.5 kB at 9.1 kB/s)
builder-1  | Downloading from papermc-repo: https://repo.papermc.io/repository/maven-public/net/bytebuddy/byte-buddy/1.14.18/byte-buddy-1.14.18.pom
builder-1  | Progress (1): 4.1/16 kB
Progress (1): 12/16 kB 
Progress (1): 16 kB   
                   
Downloaded from papermc-repo: https://repo.papermc.io/repository/maven-public/net/bytebuddy/byte-buddy/1.14.18/byte-buddy-1.14.18.pom (16 kB at 51 kB/s)
builder-1  | Downloading from papermc-repo: https://repo.papermc.io/repository/maven-public/net/bytebuddy/byte-buddy-parent/1.14.18/byte-buddy-parent-1.14.18.pom
builder-1  | Progress (1): 4.1/62 kB
Progress (1): 12/62 kB 
Progress (1): 20/62 kB
Progress (1): 36/62 kB
Progress (1): 52/62 kB
Progress (1): 62 kB   
                   
Downloaded from papermc-repo: https://repo.papermc.io/repository/maven-public/net/bytebuddy/byte-buddy-parent/1.14.18/byte-buddy-parent-1.14.18.pom (62 kB at 176 kB/s)
builder-1  | Downloading from papermc-repo: https://repo.papermc.io/repository/maven-public/org/apache/maven/maven-resolver-provider/3.8.5/maven-resolver-provider-3.8.5.pom
builder-1  | Progress (1): 4.2 kB
                    
Downloaded from papermc-repo: https://repo.papermc.io/repository/maven-public/org/apache/maven/maven-resolver-provider/3.8.5/maven-resolver-provider-3.8.5.pom (4.2 kB at 15 kB/s)
builder-1  | Downloading from papermc-repo: https://repo.papermc.io/repository/maven-public/org/apache/maven/maven/3.8.5/maven-3.8.5.pom
builder-1  | Progress (1): 8.2/27 kB
Progress (1): 16/27 kB 
Progress (1): 27 kB   
                   
Downloaded from papermc-repo: https://repo.papermc.io/repository/maven-public/org/apache/maven/maven/3.8.5/maven-3.8.5.pom (27 kB at 88 kB/s)
builder-1  | Downloading from papermc-repo: https://repo.papermc.io/repository/maven-public/org/apache/maven/maven-model/3.8.5/maven-model-3.8.5.pom
builder-1  | Progress (1): 2.8 kB
                    
Downloaded from papermc-repo: https://repo.papermc.io/repository/maven-public/org/apache/maven/maven-model/3.8.5/maven-model-3.8.5.pom (2.8 kB at 10 kB/s)
builder-1  | Downloading from papermc-repo: https://repo.papermc.io/repository/maven-public/org/codehaus/plexus/plexus-utils/3.3.0/plexus-utils-3.3.0.pom
builder-1  | Progress (1): 5.2 kB
                    
Downloaded from papermc-repo: https://repo.papermc.io/repository/maven-public/org/codehaus/plexus/plexus-utils/3.3.0/plexus-utils-3.3.0.pom (5.2 kB at 18 kB/s)
builder-1  | Downloading from papermc-repo: https://repo.papermc.io/repository/maven-public/org/apache/maven/maven-model-builder/3.8.5/maven-model-builder-3.8.5.pom
builder-1  | Progress (1): 3.4 kB
                    
Downloaded from papermc-repo: https://repo.papermc.io/repository/maven-public/org/apache/maven/maven-model-builder/3.8.5/maven-model-builder-3.8.5.pom (3.4 kB at 11 kB/s)
builder-1  | Downloading from papermc-repo: https://repo.papermc.io/repository/maven-public/org/apache/maven/maven-artifact/3.8.5/maven-artifact-3.8.5.pom
builder-1  | Progress (1): 2.4 kB
                    
Downloaded from papermc-repo: https://repo.papermc.io/repository/maven-public/org/apache/maven/maven-artifact/3.8.5/maven-artifact-3.8.5.pom (2.4 kB at 8.0 kB/s)
builder-1  | Downloading from papermc-repo: https://repo.papermc.io/repository/maven-public/org/apache/commons/commons-lang3/3.8.1/commons-lang3-3.8.1.pom
builder-1  | Progress (1): 4.1/28 kB
Progress (1): 12/28 kB 
Progress (1): 20/28 kB
Progress (1): 28 kB   
                   
Downloaded from papermc-repo: https://repo.papermc.io/repository/maven-public/org/apache/commons/commons-lang3/3.8.1/commons-lang3-3.8.1.pom (28 kB at 79 kB/s)
builder-1  | Downloading from papermc-repo: https://repo.papermc.io/repository/maven-public/org/apache/commons/commons-parent/47/commons-parent-47.pom
builder-1  | Progress (1): 4.1/78 kB
Progress (1): 12/78 kB 
Progress (1): 20/78 kB
Progress (1): 36/78 kB
Progress (1): 52/78 kB
Progress (1): 69/78 kB
Progress (1): 78 kB   
                   
Downloaded from papermc-repo: https://repo.papermc.io/repository/maven-public/org/apache/commons/commons-parent/47/commons-parent-47.pom (78 kB at 197 kB/s)
builder-1  | Downloading from papermc-repo: https://repo.papermc.io/repository/maven-public/org/apache/apache/19/apache-19.pom
builder-1  | Progress (1): 8.2/16 kB
Progress (1): 16 kB    
                   
Downloaded from papermc-repo: https://repo.papermc.io/repository/maven-public/org/apache/apache/19/apache-19.pom (16 kB at 49 kB/s)
builder-1  | Downloading from papermc-repo: https://repo.papermc.io/repository/maven-public/org/apache/maven/maven-builder-support/3.8.5/maven-builder-support-3.8.5.pom
builder-1  | Progress (1): 1.4 kB
                    
Downloaded from papermc-repo: https://repo.papermc.io/repository/maven-public/org/apache/maven/maven-builder-support/3.8.5/maven-builder-support-3.8.5.pom (1.4 kB at 4.7 kB/s)
builder-1  | Downloading from papermc-repo: https://repo.papermc.io/repository/maven-public/org/eclipse/sisu/org.eclipse.sisu.inject/0.3.5/org.eclipse.sisu.inject-0.3.5.pom
builder-1  | Progress (1): 2.6 kB
                    
Downloaded from papermc-repo: https://repo.papermc.io/repository/maven-public/org/eclipse/sisu/org.eclipse.sisu.inject/0.3.5/org.eclipse.sisu.inject-0.3.5.pom (2.6 kB at 8.8 kB/s)
builder-1  | Downloading from papermc-repo: https://repo.papermc.io/repository/maven-public/org/eclipse/sisu/sisu-inject/0.3.5/sisu-inject-0.3.5.pom
builder-1  | Progress (1): 4.1/14 kB
Progress (1): 12/14 kB 
Progress (1): 14 kB   
                   
Downloaded from papermc-repo: https://repo.papermc.io/repository/maven-public/org/eclipse/sisu/sisu-inject/0.3.5/sisu-inject-0.3.5.pom (14 kB at 43 kB/s)
builder-1  | Downloading from papermc-repo: https://repo.papermc.io/repository/maven-public/org/apache/maven/maven-repository-metadata/3.8.5/maven-repository-metadata-3.8.5.pom
builder-1  | Progress (1): 2.1 kB
                    
Downloaded from papermc-repo: https://repo.papermc.io/repository/maven-public/org/apache/maven/maven-repository-metadata/3.8.5/maven-repository-metadata-3.8.5.pom (2.1 kB at 6.9 kB/s)
builder-1  | Downloading from papermc-repo: https://repo.papermc.io/repository/maven-public/org/apache/maven/resolver/maven-resolver-api/1.6.3/maven-resolver-api-1.6.3.pom
builder-1  | Progress (1): 2.6 kB
                    
Downloaded from papermc-repo: https://repo.papermc.io/repository/maven-public/org/apache/maven/resolver/maven-resolver-api/1.6.3/maven-resolver-api-1.6.3.pom (2.6 kB at 8.6 kB/s)
builder-1  | Downloading from papermc-repo: https://repo.papermc.io/repository/maven-public/org/apache/maven/resolver/maven-resolver/1.6.3/maven-resolver-1.6.3.pom
builder-1  | Progress (1): 4.1/19 kB
Progress (1): 12/19 kB 
Progress (1): 19 kB   
                   
Downloaded from papermc-repo: https://repo.papermc.io/repository/maven-public/org/apache/maven/resolver/maven-resolver/1.6.3/maven-resolver-1.6.3.pom (19 kB at 57 kB/s)
builder-1  | Downloading from papermc-repo: https://repo.papermc.io/repository/maven-public/org/apache/maven/maven-parent/34/maven-parent-34.pom
builder-1  | Progress (1): 4.1/44 kB
Progress (1): 20/44 kB 
Progress (1): 36/44 kB
Progress (1): 44 kB   
                   
Downloaded from papermc-repo: https://repo.papermc.io/repository/maven-public/org/apache/maven/maven-parent/34/maven-parent-34.pom (44 kB at 127 kB/s)
builder-1  | Downloading from papermc-repo: https://repo.papermc.io/repository/maven-public/org/apache/maven/resolver/maven-resolver-spi/1.6.3/maven-resolver-spi-1.6.3.pom
builder-1  | Progress (1): 2.7 kB
                    
Downloaded from papermc-repo: https://repo.papermc.io/repository/maven-public/org/apache/maven/resolver/maven-resolver-spi/1.6.3/maven-resolver-spi-1.6.3.pom (2.7 kB at 9.4 kB/s)
builder-1  | Downloading from papermc-repo: https://repo.papermc.io/repository/maven-public/org/apache/maven/resolver/maven-resolver-util/1.6.3/maven-resolver-util-1.6.3.pom
builder-1  | Progress (1): 2.8 kB
                    
Downloaded from papermc-repo: https://repo.papermc.io/repository/maven-public/org/apache/maven/resolver/maven-resolver-util/1.6.3/maven-resolver-util-1.6.3.pom (2.8 kB at 10 kB/s)
builder-1  | Downloading from papermc-repo: https://repo.papermc.io/repository/maven-public/org/apache/maven/resolver/maven-resolver-impl/1.6.3/maven-resolver-impl-1.6.3.pom
builder-1  | Progress (1): 4.2 kB
                    
Downloaded from papermc-repo: https://repo.papermc.io/repository/maven-public/org/apache/maven/resolver/maven-resolver-impl/1.6.3/maven-resolver-impl-1.6.3.pom (4.2 kB at 15 kB/s)
builder-1  | Downloading from papermc-repo: https://repo.papermc.io/repository/maven-public/org/slf4j/slf4j-api/1.7.30/slf4j-api-1.7.30.pom
builder-1  | Progress (1): 3.8 kB
                    
Downloaded from papermc-repo: https://repo.papermc.io/repository/maven-public/org/slf4j/slf4j-api/1.7.30/slf4j-api-1.7.30.pom (3.8 kB at 14 kB/s)
builder-1  | Downloading from papermc-repo: https://repo.papermc.io/repository/maven-public/org/slf4j/slf4j-parent/1.7.30/slf4j-parent-1.7.30.pom
builder-1  | Progress (1): 4.1/14 kB
Progress (1): 12/14 kB 
Progress (1): 14 kB   
                   
Downloaded from papermc-repo: https://repo.papermc.io/repository/maven-public/org/slf4j/slf4j-parent/1.7.30/slf4j-parent-1.7.30.pom (14 kB at 45 kB/s)
builder-1  | Downloading from papermc-repo: https://repo.papermc.io/repository/maven-public/org/apache/maven/resolver/maven-resolver-connector-basic/1.7.3/maven-resolver-connector-basic-1.7.3.pom
builder-1  | Progress (1): 4.2 kB
                    
Downloaded from papermc-repo: https://repo.papermc.io/repository/maven-public/org/apache/maven/resolver/maven-resolver-connector-basic/1.7.3/maven-resolver-connector-basic-1.7.3.pom (4.2 kB at 15 kB/s)
builder-1  | Downloading from papermc-repo: https://repo.papermc.io/repository/maven-public/org/apache/maven/resolver/maven-resolver/1.7.3/maven-resolver-1.7.3.pom
builder-1  | Progress (1): 4.1/21 kB
Progress (1): 12/21 kB 
Progress (1): 21 kB   
                   
Downloaded from papermc-repo: https://repo.papermc.io/repository/maven-public/org/apache/maven/resolver/maven-resolver/1.7.3/maven-resolver-1.7.3.pom (21 kB at 67 kB/s)
builder-1  | Downloading from papermc-repo: https://repo.papermc.io/repository/maven-public/org/apache/maven/resolver/maven-resolver-api/1.7.3/maven-resolver-api-1.7.3.pom
builder-1  | Progress (1): 2.6 kB
                    
Downloaded from papermc-repo: https://repo.papermc.io/repository/maven-public/org/apache/maven/resolver/maven-resolver-api/1.7.3/maven-resolver-api-1.7.3.pom (2.6 kB at 9.1 kB/s)
builder-1  | Downloading from papermc-repo: https://repo.papermc.io/repository/maven-public/org/apache/maven/resolver/maven-resolver-spi/1.7.3/maven-resolver-spi-1.7.3.pom
builder-1  | Progress (1): 2.7 kB
                    
Downloaded from papermc-repo: https://repo.papermc.io/repository/maven-public/org/apache/maven/resolver/maven-resolver-spi/1.7.3/maven-resolver-spi-1.7.3.pom (2.7 kB at 9.6 kB/s)
builder-1  | Downloading from papermc-repo: https://repo.papermc.io/repository/maven-public/org/apache/maven/resolver/maven-resolver-util/1.7.3/maven-resolver-util-1.7.3.pom
builder-1  | Progress (1): 2.8 kB
                    
Downloaded from papermc-repo: https://repo.papermc.io/repository/maven-public/org/apache/maven/resolver/maven-resolver-util/1.7.3/maven-resolver-util-1.7.3.pom (2.8 kB at 10 kB/s)
builder-1  | Downloading from papermc-repo: https://repo.papermc.io/repository/maven-public/org/slf4j/slf4j-api/1.7.32/slf4j-api-1.7.32.pom
builder-1  | Progress (1): 3.8 kB
                    
Downloaded from papermc-repo: https://repo.papermc.io/repository/maven-public/org/slf4j/slf4j-api/1.7.32/slf4j-api-1.7.32.pom (3.8 kB at 14 kB/s)
builder-1  | Downloading from papermc-repo: https://repo.papermc.io/repository/maven-public/org/slf4j/slf4j-parent/1.7.32/slf4j-parent-1.7.32.pom
builder-1  | Progress (1): 4.1/14 kB
Progress (1): 12/14 kB 
Progress (1): 14 kB   
                   
Downloaded from papermc-repo: https://repo.papermc.io/repository/maven-public/org/slf4j/slf4j-parent/1.7.32/slf4j-parent-1.7.32.pom (14 kB at 44 kB/s)
builder-1  | Downloading from papermc-repo: https://repo.papermc.io/repository/maven-public/org/apache/maven/resolver/maven-resolver-transport-http/1.7.3/maven-resolver-transport-http-1.7.3.pom
builder-1  | Progress (1): 5.8 kB
                    
Downloaded from papermc-repo: https://repo.papermc.io/repository/maven-public/org/apache/maven/resolver/maven-resolver-transport-http/1.7.3/maven-resolver-transport-http-1.7.3.pom (5.8 kB at 21 kB/s)
builder-1  | Downloading from papermc-repo: https://repo.papermc.io/repository/maven-public/org/apache/httpcomponents/httpclient/4.5.13/httpclient-4.5.13.pom
builder-1  | Progress (1): 4.1/6.6 kB
Progress (1): 6.6 kB    
                    
Downloaded from papermc-repo: https://repo.papermc.io/repository/maven-public/org/apache/httpcomponents/httpclient/4.5.13/httpclient-4.5.13.pom (6.6 kB at 23 kB/s)
builder-1  | Downloading from papermc-repo: https://repo.papermc.io/repository/maven-public/org/apache/httpcomponents/httpcomponents-client/4.5.13/httpcomponents-client-4.5.13.pom
builder-1  | Progress (1): 4.1/16 kB
Progress (1): 12/16 kB 
Progress (1): 16 kB   
                   
Downloaded from papermc-repo: https://repo.papermc.io/repository/maven-public/org/apache/httpcomponents/httpcomponents-client/4.5.13/httpcomponents-client-4.5.13.pom (16 kB at 53 kB/s)
builder-1  | Downloading from papermc-repo: https://repo.papermc.io/repository/maven-public/org/apache/httpcomponents/httpcomponents-parent/11/httpcomponents-parent-11.pom
builder-1  | Progress (1): 4.1/35 kB
Progress (1): 12/35 kB 
Progress (1): 20/35 kB
Progress (1): 35 kB   
                   
Downloaded from papermc-repo: https://repo.papermc.io/repository/maven-public/org/apache/httpcomponents/httpcomponents-parent/11/httpcomponents-parent-11.pom (35 kB at 107 kB/s)
builder-1  | Downloading from papermc-repo: https://repo.papermc.io/repository/maven-public/org/apache/apache/21/apache-21.pom
builder-1  | Progress (1): 8.2/17 kB
Progress (1): 17 kB    
                   
Downloaded from papermc-repo: https://repo.papermc.io/repository/maven-public/org/apache/apache/21/apache-21.pom (17 kB at 55 kB/s)
builder-1  | Downloading from papermc-repo: https://repo.papermc.io/repository/maven-public/org/apache/httpcomponents/httpcore/4.4.13/httpcore-4.4.13.pom
builder-1  | Progress (1): 5.0 kB
                    
Downloaded from papermc-repo: https://repo.papermc.io/repository/maven-public/org/apache/httpcomponents/httpcore/4.4.13/httpcore-4.4.13.pom (5.0 kB at 18 kB/s)
builder-1  | Downloading from papermc-repo: https://repo.papermc.io/repository/maven-public/org/apache/httpcomponents/httpcomponents-core/4.4.13/httpcomponents-core-4.4.13.pom
builder-1  | Progress (1): 4.1/13 kB
Progress (1): 13 kB    
                   
Downloaded from papermc-repo: https://repo.papermc.io/repository/maven-public/org/apache/httpcomponents/httpcomponents-core/4.4.13/httpcomponents-core-4.4.13.pom (13 kB at 43 kB/s)
builder-1  | Downloading from papermc-repo: https://repo.papermc.io/repository/maven-public/commons-codec/commons-codec/1.11/commons-codec-1.11.pom
builder-1  | Progress (1): 4.1/14 kB
Progress (1): 12/14 kB 
Progress (1): 14 kB   
                   
Downloaded from papermc-repo: https://repo.papermc.io/repository/maven-public/commons-codec/commons-codec/1.11/commons-codec-1.11.pom (14 kB at 45 kB/s)
builder-1  | Downloading from papermc-repo: https://repo.papermc.io/repository/maven-public/org/apache/commons/commons-parent/42/commons-parent-42.pom
builder-1  | Progress (1): 4.1/68 kB
Progress (1): 20/68 kB 
Progress (1): 36/68 kB
Progress (1): 52/68 kB
Progress (1): 68 kB   
                   
Downloaded from papermc-repo: https://repo.papermc.io/repository/maven-public/org/apache/commons/commons-parent/42/commons-parent-42.pom (68 kB at 191 kB/s)
builder-1  | Downloading from papermc-repo: https://repo.papermc.io/repository/maven-public/org/apache/apache/18/apache-18.pom
builder-1  | Progress (1): 16 kB
                   
Downloaded from papermc-repo: https://repo.papermc.io/repository/maven-public/org/apache/apache/18/apache-18.pom (16 kB at 53 kB/s)
builder-1  | Downloading from papermc-repo: https://repo.papermc.io/repository/maven-public/org/apache/httpcomponents/httpcore/4.4.14/httpcore-4.4.14.pom
builder-1  | Progress (1): 5.0 kB
                    
Downloaded from papermc-repo: https://repo.papermc.io/repository/maven-public/org/apache/httpcomponents/httpcore/4.4.14/httpcore-4.4.14.pom (5.0 kB at 18 kB/s)
builder-1  | Downloading from papermc-repo: https://repo.papermc.io/repository/maven-public/org/apache/httpcomponents/httpcomponents-core/4.4.14/httpcomponents-core-4.4.14.pom
builder-1  | Progress (1): 4.1/13 kB
Progress (1): 12/13 kB 
Progress (1): 13 kB   
                   
Downloaded from papermc-repo: https://repo.papermc.io/repository/maven-public/org/apache/httpcomponents/httpcomponents-core/4.4.14/httpcomponents-core-4.4.14.pom (13 kB at 46 kB/s)
builder-1  | Downloading from papermc-repo: https://repo.papermc.io/repository/maven-public/org/slf4j/jcl-over-slf4j/1.7.32/jcl-over-slf4j-1.7.32.pom
builder-1  | Progress (1): 1.2 kB
                    
Downloaded from papermc-repo: https://repo.papermc.io/repository/maven-public/org/slf4j/jcl-over-slf4j/1.7.32/jcl-over-slf4j-1.7.32.pom (1.2 kB at 4.2 kB/s)
builder-1  | Downloading from papermc-repo: https://repo.papermc.io/repository/maven-public/org/junit/jupiter/junit-jupiter/5.10.2/junit-jupiter-5.10.2.pom
builder-1  | Progress (1): 3.2 kB
                    
Downloaded from papermc-repo: https://repo.papermc.io/repository/maven-public/org/junit/jupiter/junit-jupiter/5.10.2/junit-jupiter-5.10.2.pom (3.2 kB at 11 kB/s)
builder-1  | Downloading from papermc-repo: https://repo.papermc.io/repository/maven-public/org/junit/jupiter/junit-jupiter-api/5.10.2/junit-jupiter-api-5.10.2.pom
builder-1  | Progress (1): 3.2 kB
                    
Downloaded from papermc-repo: https://repo.papermc.io/repository/maven-public/org/junit/jupiter/junit-jupiter-api/5.10.2/junit-jupiter-api-5.10.2.pom (3.2 kB at 11 kB/s)
builder-1  | Downloading from papermc-repo: https://repo.papermc.io/repository/maven-public/org/junit/platform/junit-platform-commons/1.10.2/junit-platform-commons-1.10.2.pom
builder-1  | Progress (1): 2.8 kB
                    
Downloaded from papermc-repo: https://repo.papermc.io/repository/maven-public/org/junit/platform/junit-platform-commons/1.10.2/junit-platform-commons-1.10.2.pom (2.8 kB at 9.9 kB/s)
builder-1  | Downloading from papermc-repo: https://repo.papermc.io/repository/maven-public/org/junit/jupiter/junit-jupiter-params/5.10.2/junit-jupiter-params-5.10.2.pom
builder-1  | Progress (1): 3.0 kB
                    
Downloaded from papermc-repo: https://repo.papermc.io/repository/maven-public/org/junit/jupiter/junit-jupiter-params/5.10.2/junit-jupiter-params-5.10.2.pom (3.0 kB at 6.6 kB/s)
builder-1  | Downloading from papermc-repo: https://repo.papermc.io/repository/maven-public/org/junit/jupiter/junit-jupiter-engine/5.10.2/junit-jupiter-engine-5.10.2.pom
builder-1  | Progress (1): 3.2 kB
                    
Downloaded from papermc-repo: https://repo.papermc.io/repository/maven-public/org/junit/jupiter/junit-jupiter-engine/5.10.2/junit-jupiter-engine-5.10.2.pom (3.2 kB at 6.9 kB/s)
builder-1  | Downloading from papermc-repo: https://repo.papermc.io/repository/maven-public/org/junit/platform/junit-platform-engine/1.10.2/junit-platform-engine-1.10.2.pom
builder-1  | Progress (1): 3.2 kB
                    
Downloaded from papermc-repo: https://repo.papermc.io/repository/maven-public/org/junit/platform/junit-platform-engine/1.10.2/junit-platform-engine-1.10.2.pom (3.2 kB at 11 kB/s)
builder-1  | Downloading from papermc-repo: https://repo.papermc.io/repository/maven-public/io/papermc/paper/paper-api/1.21-R0.1-SNAPSHOT/paper-api-1.21-R0.1-20240810.100446-132.jar
builder-1  | Downloading from papermc-repo: https://repo.papermc.io/repository/maven-public/com/mojang/brigadier/1.2.9/brigadier-1.2.9.jar
builder-1  | Downloading from papermc-repo: https://repo.papermc.io/repository/maven-public/com/google/guava/guava/32.1.2-jre/guava-32.1.2-jre.jar
builder-1  | Downloading from papermc-repo: https://repo.papermc.io/repository/maven-public/com/google/guava/failureaccess/1.0.1/failureaccess-1.0.1.jar
builder-1  | Downloading from papermc-repo: https://repo.papermc.io/repository/maven-public/com/google/guava/listenablefuture/9999.0-empty-to-avoid-conflict-with-guava/listenablefuture-9999.0-empty-to-avoid-conflict-with-guava.jar
builder-1  | Progress (1): 7.1/80 kB
Progress (1): 15/80 kB 
Progress (1): 25/80 kB
Progress (1): 41/80 kB
Progress (1): 57/80 kB
Progress (1): 74/80 kB
Progress (1): 80 kB   
                   
Downloaded from papermc-repo: https://repo.papermc.io/repository/maven-public/com/mojang/brigadier/1.2.9/brigadier-1.2.9.jar (80 kB at 142 kB/s)
builder-1  | Downloading from papermc-repo: https://repo.papermc.io/repository/maven-public/com/google/code/findbugs/jsr305/3.0.2/jsr305-3.0.2.jar
builder-1  | Progress (1): 0/3.0 MB
Progress (2): 0/3.0 MB | 0.1/2.2 kB
Progress (2): 0/3.0 MB | 0.1/2.2 kB
Progress (2): 0/3.0 MB | 1.4/2.2 kB
Progress (2): 0/3.0 MB | 1.4/2.2 kB
Progress (2): 0/3.0 MB | 2.2 kB    
Progress (2): 0/3.0 MB | 2.2 kB
Progress (2): 0/3.0 MB | 2.2 kB
Progress (2): 0/3.0 MB | 2.2 kB
                               
Downloaded from papermc-repo: https://repo.papermc.io/repository/maven-public/com/google/guava/listenablefuture/9999.0-empty-to-avoid-conflict-with-guava/listenablefuture-9999.0-empty-to-avoid-conflict-with-guava.jar (2.2 kB at 2.4 kB/s)
builder-1  | Downloading from papermc-repo: https://repo.papermc.io/repository/maven-public/com/google/errorprone/error_prone_annotations/2.18.0/error_prone_annotations-2.18.0.jar
builder-1  | Progress (2): 0/3.0 MB | 0.2/4.6 kB
Progress (2): 0/3.0 MB | 1.6/4.6 kB
Progress (2): 0/3.0 MB | 1.6/4.6 kB
Progress (2): 0/3.0 MB | 1.6/4.6 kB
Progress (2): 0/3.0 MB | 1.6/4.6 kB
Progress (2): 0/3.0 MB | 1.6/4.6 kB
Progress (2): 0/3.0 MB | 3.0/4.6 kB
Progress (2): 0/3.0 MB | 4.4/4.6 kB
Progress (2): 0/3.0 MB | 4.6 kB    
                               
Downloaded from papermc-repo: https://repo.papermc.io/repository/maven-public/com/google/guava/failureaccess/1.0.1/failureaccess-1.0.1.jar (4.6 kB at 5.1 kB/s)
builder-1  | Downloading from papermc-repo: https://repo.papermc.io/repository/maven-public/com/google/j2objc/j2objc-annotations/2.8/j2objc-annotations-2.8.jar
builder-1  | Progress (1): 0/3.0 MB
Progress (1): 0/3.0 MB
Progress (1): 0/3.0 MB
Progress (1): 0/3.0 MB
Progress (1): 0/3.0 MB
Progress (1): 0/3.0 MB
Progress (1): 0/3.0 MB
Progress (1): 0/3.0 MB
Progress (1): 0/3.0 MB
Progress (1): 0/3.0 MB
Progress (1): 0/3.0 MB
Progress (1): 0/3.0 MB
Progress (1): 0/3.0 MB
Progress (1): 0/3.0 MB
Progress (1): 0/3.0 MB
Progress (2): 0/3.0 MB | 5.5/20 kB
Progress (2): 0/3.0 MB | 5.5/20 kB
Progress (2): 0/3.0 MB | 5.5/20 kB
Progress (2): 0/3.0 MB | 20 kB    
                              
Downloaded from papermc-repo: https://repo.papermc.io/repository/maven-public/com/google/code/findbugs/jsr305/3.0.2/jsr305-3.0.2.jar (20 kB at 19 kB/s)
builder-1  | Downloading from papermc-repo: https://repo.papermc.io/repository/maven-public/com/google/code/gson/gson/2.10.1/gson-2.10.1.jar
builder-1  | Progress (1): 0/3.0 MB
Progress (1): 0/3.0 MB
Progress (1): 0/3.0 MB
Progress (1): 0/3.0 MB
Progress (1): 0/3.0 MB
Progress (1): 0/3.0 MB
Progress (1): 0/3.0 MB
Progress (1): 0/3.0 MB
Progress (1): 0/3.0 MB
Progress (1): 0/3.0 MB
Progress (1): 0.1/3.0 MB
Progress (1): 0.1/3.0 MB
Progress (1): 0.1/3.0 MB
Progress (1): 0.1/3.0 MB
Progress (1): 0.1/3.0 MB
Progress (2): 0.1/3.0 MB | 0/2.3 MB
Progress (2): 0.1/3.0 MB | 0/2.3 MB
Progress (2): 0.1/3.0 MB | 0/2.3 MB
Progress (2): 0.1/3.0 MB | 0/2.3 MB
Progress (3): 0.1/3.0 MB | 0/2.3 MB | 0.2/9.3 kB
Progress (3): 0.1/3.0 MB | 0/2.3 MB | 0.2/9.3 kB
Progress (3): 0.1/3.0 MB | 0/2.3 MB | 0.2/9.3 kB
Progress (3): 0.1/3.0 MB | 0/2.3 MB | 0.2/9.3 kB
Progress (3): 0.1/3.0 MB | 0/2.3 MB | 1.6/9.3 kB
Progress (3): 0.1/3.0 MB | 0/2.3 MB | 3.0/9.3 kB
Progress (3): 0.1/3.0 MB | 0/2.3 MB | 3.0/9.3 kB
Progress (3): 0.1/3.0 MB | 0/2.3 MB | 3.0/9.3 kB
Progress (3): 0.1/3.0 MB | 0/2.3 MB | 3.0/9.3 kB
Progress (3): 0.1/3.0 MB | 0/2.3 MB | 4.3/9.3 kB
Progress (3): 0.1/3.0 MB | 0/2.3 MB | 5.7/9.3 kB
Progress (3): 0.1/3.0 MB | 0/2.3 MB | 5.7/9.3 kB
Progress (3): 0.1/3.0 MB | 0/2.3 MB | 5.7/9.3 kB
Progress (3): 0.1/3.0 MB | 0/2.3 MB | 5.7/9.3 kB
Progress (3): 0.1/3.0 MB | 0/2.3 MB | 7.1/9.3 kB
Progress (3): 0.1/3.0 MB | 0/2.3 MB | 8.4/9.3 kB
Progress (3): 0.1/3.0 MB | 0/2.3 MB | 9.3 kB    
                                            
Downloaded from papermc-repo: https://repo.papermc.io/repository/maven-public/com/google/j2objc/j2objc-annotations/2.8/j2objc-annotations-2.8.jar (9.3 kB at 7.7 kB/s)
builder-1  | Downloading from papermc-repo: https://repo.papermc.io/repository/maven-public/net/md-5/bungeecord-chat/1.20-R0.2-deprecated+build.18/bungeecord-chat-1.20-R0.2-deprecated+build.18.jar
builder-1  | Progress (2): 0.1/3.0 MB | 0/2.3 MB
Progress (2): 0.1/3.0 MB | 0/2.3 MB
Progress (2): 0.1/3.0 MB | 0/2.3 MB
Progress (2): 0.1/3.0 MB | 0/2.3 MB
Progress (2): 0.1/3.0 MB | 0/2.3 MB
Progress (2): 0.1/3.0 MB | 0/2.3 MB
Progress (2): 0.1/3.0 MB | 0/2.3 MB
Progress (2): 0.1/3.0 MB | 0/2.3 MB
Progress (2): 0.1/3.0 MB | 0/2.3 MB
Progress (2): 0.1/3.0 MB | 0/2.3 MB
Progress (2): 0.1/3.0 MB | 0/2.3 MB
Progress (2): 0.1/3.0 MB | 0/2.3 MB
Progress (2): 0.1/3.0 MB | 0/2.3 MB
Progress (2): 0.1/3.0 MB | 0/2.3 MB
Progress (2): 0.1/3.0 MB | 0/2.3 MB
Progress (2): 0.1/3.0 MB | 0/2.3 MB
Progress (2): 0.1/3.0 MB | 0/2.3 MB
Progress (2): 0.1/3.0 MB | 0/2.3 MB
Progress (2): 0.1/3.0 MB | 0/2.3 MB
Progress (2): 0.1/3.0 MB | 0/2.3 MB
Progress (2): 0.1/3.0 MB | 0/2.3 MB
Progress (2): 0.1/3.0 MB | 0/2.3 MB
Progress (2): 0.1/3.0 MB | 0/2.3 MB
Progress (2): 0.1/3.0 MB | 0/2.3 MB
Progress (2): 0.1/3.0 MB | 0/2.3 MB
Progress (2): 0.1/3.0 MB | 0/2.3 MB
Progress (2): 0.1/3.0 MB | 0/2.3 MB
Progress (2): 0.1/3.0 MB | 0/2.3 MB
Progress (2): 0.1/3.0 MB | 0/2.3 MB
Progress (2): 0.2/3.0 MB | 0/2.3 MB
Progress (2): 0.2/3.0 MB | 0/2.3 MB
Progress (2): 0.2/3.0 MB | 0/2.3 MB
Progress (2): 0.2/3.0 MB | 0/2.3 MB
Progress (2): 0.2/3.0 MB | 0/2.3 MB
Progress (2): 0.2/3.0 MB | 0/2.3 MB
Progress (2): 0.2/3.0 MB | 0/2.3 MB
Progress (3): 0.2/3.0 MB | 0/2.3 MB | 7.1/283 kB
Progress (3): 0.2/3.0 MB | 0/2.3 MB | 15/283 kB 
Progress (3): 0.2/3.0 MB | 0/2.3 MB | 15/283 kB
Progress (3): 0.2/3.0 MB | 0/2.3 MB | 15/283 kB
Progress (3): 0.2/3.0 MB | 0/2.3 MB | 15/283 kB
Progress (3): 0.2/3.0 MB | 0/2.3 MB | 15/283 kB
Progress (3): 0.2/3.0 MB | 0/2.3 MB | 15/283 kB
Progress (3): 0.2/3.0 MB | 0/2.3 MB | 25/283 kB
Progress (3): 0.2/3.0 MB | 0/2.3 MB | 25/283 kB
Progress (3): 0.2/3.0 MB | 0/2.3 MB | 25/283 kB
Progress (3): 0.2/3.0 MB | 0/2.3 MB | 25/283 kB
Progress (3): 0.2/3.0 MB | 0/2.3 MB | 25/283 kB
Progress (3): 0.2/3.0 MB | 0/2.3 MB | 25/283 kB
Progress (3): 0.2/3.0 MB | 0/2.3 MB | 25/283 kB
Progress (3): 0.2/3.0 MB | 0/2.3 MB | 41/283 kB
Progress (3): 0.2/3.0 MB | 0/2.3 MB | 41/283 kB
Progress (3): 0.2/3.0 MB | 0/2.3 MB | 41/283 kB
Progress (3): 0.2/3.0 MB | 0/2.3 MB | 41/283 kB
Progress (3): 0.2/3.0 MB | 0/2.3 MB | 41/283 kB
Progress (3): 0.2/3.0 MB | 0/2.3 MB | 41/283 kB
Progress (3): 0.2/3.0 MB | 0/2.3 MB | 41/283 kB
Progress (3): 0.2/3.0 MB | 0/2.3 MB | 41/283 kB
Progress (3): 0.2/3.0 MB | 0/2.3 MB | 57/283 kB
Progress (3): 0.2/3.0 MB | 0/2.3 MB | 57/283 kB
Progress (3): 0.2/3.0 MB | 0/2.3 MB | 57/283 kB
Progress (3): 0.2/3.0 MB | 0.1/2.3 MB | 57/283 kB
Progress (3): 0.2/3.0 MB | 0.1/2.3 MB | 57/283 kB
Progress (3): 0.2/3.0 MB | 0.1/2.3 MB | 57/283 kB
Progress (3): 0.2/3.0 MB | 0.1/2.3 MB | 57/283 kB
Progress (3): 0.2/3.0 MB | 0.1/2.3 MB | 57/283 kB
Progress (3): 0.2/3.0 MB | 0.1/2.3 MB | 74/283 kB
Progress (3): 0.2/3.0 MB | 0.1/2.3 MB | 74/283 kB
Progress (3): 0.2/3.0 MB | 0.1/2.3 MB | 74/283 kB
Progress (3): 0.2/3.0 MB | 0.1/2.3 MB | 74/283 kB
Progress (3): 0.2/3.0 MB | 0.1/2.3 MB | 74/283 kB
Progress (3): 0.2/3.0 MB | 0.1/2.3 MB | 74/283 kB
Progress (3): 0.2/3.0 MB | 0.1/2.3 MB | 90/283 kB
Progress (4): 0.2/3.0 MB | 0.1/2.3 MB | 90/283 kB | 0.2/16 kB
Progress (4): 0.2/3.0 MB | 0.1/2.3 MB | 90/283 kB | 1.6/16 kB
Progress (4): 0.2/3.0 MB | 0.1/2.3 MB | 90/283 kB | 2.9/16 kB
Progress (4): 0.2/3.0 MB | 0.1/2.3 MB | 90/283 kB | 4.3/16 kB
Progress (4): 0.2/3.0 MB | 0.1/2.3 MB | 90/283 kB | 5.7/16 kB
Progress (4): 0.2/3.0 MB | 0.1/2.3 MB | 90/283 kB | 7.0/16 kB
Progress (4): 0.2/3.0 MB | 0.1/2.3 MB | 90/283 kB | 7.0/16 kB
Progress (4): 0.2/3.0 MB | 0.1/2.3 MB | 106/283 kB | 7.0/16 kB
Progress (4): 0.2/3.0 MB | 0.1/2.3 MB | 106/283 kB | 8.4/16 kB
Progress (4): 0.2/3.0 MB | 0.1/2.3 MB | 106/283 kB | 9.8/16 kB
Progress (4): 0.2/3.0 MB | 0.1/2.3 MB | 106/283 kB | 9.8/16 kB
Progress (4): 0.3/3.0 MB | 0.1/2.3 MB | 106/283 kB | 9.8/16 kB
Progress (4): 0.3/3.0 MB | 0.1/2.3 MB | 106/283 kB | 11/16 kB 
Progress (4): 0.3/3.0 MB | 0.1/2.3 MB | 106/283 kB | 13/16 kB
Progress (4): 0.3/3.0 MB | 0.1/2.3 MB | 123/283 kB | 13/16 kB
Progress (4): 0.3/3.0 MB | 0.1/2.3 MB | 123/283 kB | 13/16 kB
Progress (4): 0.3/3.0 MB | 0.1/2.3 MB | 123/283 kB | 14/16 kB
Progress (4): 0.3/3.0 MB | 0.1/2.3 MB | 123/283 kB | 15/16 kB
Progress (4): 0.3/3.0 MB | 0.1/2.3 MB | 123/283 kB | 16 kB   
Progress (4): 0.3/3.0 MB | 0.1/2.3 MB | 123/283 kB | 16 kB
                                                          
Downloaded from papermc-repo: https://repo.papermc.io/repository/maven-public/com/google/errorprone/error_prone_annotations/2.18.0/error_prone_annotations-2.18.0.jar (16 kB at 11 kB/s)
builder-1  | Downloading from papermc-repo: https://repo.papermc.io/repository/maven-public/org/yaml/snakeyaml/2.2/snakeyaml-2.2.jar
builder-1  | Progress (3): 0.3/3.0 MB | 0.1/2.3 MB | 123/283 kB
Progress (3): 0.3/3.0 MB | 0.1/2.3 MB | 123/283 kB
Progress (3): 0.3/3.0 MB | 0.1/2.3 MB | 123/283 kB
Progress (3): 0.3/3.0 MB | 0.1/2.3 MB | 123/283 kB
Progress (3): 0.3/3.0 MB | 0.1/2.3 MB | 139/283 kB
Progress (3): 0.3/3.0 MB | 0.1/2.3 MB | 139/283 kB
Progress (3): 0.3/3.0 MB | 0.1/2.3 MB | 139/283 kB
Progress (3): 0.3/3.0 MB | 0.1/2.3 MB | 139/283 kB
Progress (3): 0.3/3.0 MB | 0.1/2.3 MB | 139/283 kB
Progress (3): 0.3/3.0 MB | 0.1/2.3 MB | 156/283 kB
Progress (3): 0.4/3.0 MB | 0.1/2.3 MB | 156/283 kB
Progress (3): 0.4/3.0 MB | 0.1/2.3 MB | 156/283 kB
Progress (3): 0.4/3.0 MB | 0.1/2.3 MB | 156/283 kB
Progress (3): 0.4/3.0 MB | 0.1/2.3 MB | 156/283 kB
Progress (3): 0.4/3.0 MB | 0.1/2.3 MB | 172/283 kB
Progress (3): 0.4/3.0 MB | 0.1/2.3 MB | 172/283 kB
Progress (3): 0.4/3.0 MB | 0.1/2.3 MB | 172/283 kB
Progress (3): 0.4/3.0 MB | 0.1/2.3 MB | 188/283 kB
Progress (3): 0.4/3.0 MB | 0.1/2.3 MB | 188/283 kB
Progress (3): 0.4/3.0 MB | 0.1/2.3 MB | 188/283 kB
Progress (3): 0.4/3.0 MB | 0.1/2.3 MB | 188/283 kB
Progress (3): 0.4/3.0 MB | 0.1/2.3 MB | 188/283 kB
Progress (3): 0.4/3.0 MB | 0.1/2.3 MB | 188/283 kB
Progress (3): 0.4/3.0 MB | 0.1/2.3 MB | 205/283 kB
Progress (3): 0.4/3.0 MB | 0.1/2.3 MB | 205/283 kB
Progress (3): 0.5/3.0 MB | 0.1/2.3 MB | 205/283 kB
Progress (3): 0.5/3.0 MB | 0.1/2.3 MB | 205/283 kB
Progress (3): 0.5/3.0 MB | 0.1/2.3 MB | 205/283 kB
Progress (3): 0.5/3.0 MB | 0.1/2.3 MB | 221/283 kB
Progress (3): 0.5/3.0 MB | 0.1/2.3 MB | 221/283 kB
Progress (3): 0.5/3.0 MB | 0.1/2.3 MB | 221/283 kB
Progress (3): 0.5/3.0 MB | 0.1/2.3 MB | 221/283 kB
Progress (3): 0.5/3.0 MB | 0.1/2.3 MB | 221/283 kB
Progress (3): 0.5/3.0 MB | 0.1/2.3 MB | 238/283 kB
Progress (3): 0.5/3.0 MB | 0.1/2.3 MB | 238/283 kB
Progress (3): 0.5/3.0 MB | 0.1/2.3 MB | 238/283 kB
Progress (3): 0.5/3.0 MB | 0.1/2.3 MB | 238/283 kB
Progress (3): 0.5/3.0 MB | 0.1/2.3 MB | 238/283 kB
Progress (3): 0.5/3.0 MB | 0.1/2.3 MB | 254/283 kB
Progress (3): 0.5/3.0 MB | 0.1/2.3 MB | 254/283 kB
Progress (3): 0.5/3.0 MB | 0.1/2.3 MB | 254/283 kB
Progress (3): 0.5/3.0 MB | 0.1/2.3 MB | 254/283 kB
Progress (3): 0.5/3.0 MB | 0.1/2.3 MB | 270/283 kB
Progress (3): 0.5/3.0 MB | 0.1/2.3 MB | 270/283 kB
Progress (3): 0.5/3.0 MB | 0.1/2.3 MB | 270/283 kB
Progress (3): 0.6/3.0 MB | 0.1/2.3 MB | 270/283 kB
Progress (3): 0.6/3.0 MB | 0.1/2.3 MB | 283 kB    
Progress (3): 0.6/3.0 MB | 0.1/2.3 MB | 283 kB
                                              
Downloaded from papermc-repo: https://repo.papermc.io/repository/maven-public/com/google/code/gson/gson/2.10.1/gson-2.10.1.jar (283 kB at 179 kB/s)
builder-1  | Downloading from papermc-repo: https://repo.papermc.io/repository/maven-public/org/joml/joml/1.10.5/joml-1.10.5.jar
builder-1  | Progress (2): 0.6/3.0 MB | 0.1/2.3 MB
Progress (2): 0.6/3.0 MB | 0.1/2.3 MB
Progress (2): 0.6/3.0 MB | 0.2/2.3 MB
Progress (2): 0.6/3.0 MB | 0.2/2.3 MB
Progress (2): 0.6/3.0 MB | 0.2/2.3 MB
Progress (2): 0.6/3.0 MB | 0.2/2.3 MB
Progress (2): 0.6/3.0 MB | 0.2/2.3 MB
Progress (2): 0.6/3.0 MB | 0.2/2.3 MB
Progress (2): 0.6/3.0 MB | 0.2/2.3 MB
Progress (2): 0.6/3.0 MB | 0.2/2.3 MB
Progress (2): 0.6/3.0 MB | 0.2/2.3 MB
Progress (2): 0.7/3.0 MB | 0.2/2.3 MB
Progress (2): 0.7/3.0 MB | 0.2/2.3 MB
Progress (2): 0.7/3.0 MB | 0.2/2.3 MB
Progress (2): 0.7/3.0 MB | 0.2/2.3 MB
Progress (2): 0.7/3.0 MB | 0.2/2.3 MB
Progress (2): 0.7/3.0 MB | 0.2/2.3 MB
Progress (2): 0.7/3.0 MB | 0.2/2.3 MB
Progress (2): 0.7/3.0 MB | 0.2/2.3 MB
Progress (2): 0.7/3.0 MB | 0.2/2.3 MB
Progress (2): 0.7/3.0 MB | 0.2/2.3 MB
Progress (2): 0.7/3.0 MB | 0.2/2.3 MB
Progress (2): 0.8/3.0 MB | 0.2/2.3 MB
Progress (2): 0.8/3.0 MB | 0.2/2.3 MB
Progress (2): 0.8/3.0 MB | 0.2/2.3 MB
Progress (2): 0.8/3.0 MB | 0.2/2.3 MB
Progress (2): 0.8/3.0 MB | 0.2/2.3 MB
Progress (2): 0.8/3.0 MB | 0.2/2.3 MB
Progress (2): 0.8/3.0 MB | 0.2/2.3 MB
Progress (2): 0.8/3.0 MB | 0.2/2.3 MB
Progress (2): 0.8/3.0 MB | 0.2/2.3 MB
Progress (2): 0.8/3.0 MB | 0.2/2.3 MB
Progress (2): 0.8/3.0 MB | 0.2/2.3 MB
Progress (2): 0.9/3.0 MB | 0.2/2.3 MB
Progress (2): 0.9/3.0 MB | 0.2/2.3 MB
Progress (2): 0.9/3.0 MB | 0.2/2.3 MB
Progress (2): 0.9/3.0 MB | 0.2/2.3 MB
Progress (2): 0.9/3.0 MB | 0.2/2.3 MB
Progress (2): 0.9/3.0 MB | 0.2/2.3 MB
Progress (2): 0.9/3.0 MB | 0.2/2.3 MB
Progress (2): 0.9/3.0 MB | 0.2/2.3 MB
Progress (2): 0.9/3.0 MB | 0.2/2.3 MB
Progress (2): 1.0/3.0 MB | 0.2/2.3 MB
Progress (2): 1.0/3.0 MB | 0.2/2.3 MB
Progress (2): 1.0/3.0 MB | 0.2/2.3 MB
Progress (2): 1.0/3.0 MB | 0.2/2.3 MB
Progress (2): 1.0/3.0 MB | 0.2/2.3 MB
Progress (2): 1.0/3.0 MB | 0.3/2.3 MB
Progress (2): 1.0/3.0 MB | 0.3/2.3 MB
Progress (2): 1.0/3.0 MB | 0.3/2.3 MB
Progress (2): 1.1/3.0 MB | 0.3/2.3 MB
Progress (2): 1.1/3.0 MB | 0.3/2.3 MB
Progress (2): 1.1/3.0 MB | 0.3/2.3 MB
Progress (2): 1.1/3.0 MB | 0.3/2.3 MB
Progress (2): 1.1/3.0 MB | 0.3/2.3 MB
Progress (2): 1.1/3.0 MB | 0.3/2.3 MB
Progress (2): 1.1/3.0 MB | 0.3/2.3 MB
Progress (3): 1.1/3.0 MB | 0.3/2.3 MB | 0.3/159 kB
Progress (3): 1.2/3.0 MB | 0.3/2.3 MB | 0.3/159 kB
Progress (3): 1.2/3.0 MB | 0.3/2.3 MB | 0.3/159 kB
Progress (3): 1.2/3.0 MB | 0.3/2.3 MB | 0.3/159 kB
Progress (3): 1.2/3.0 MB | 0.3/2.3 MB | 1.7/159 kB
Progress (3): 1.2/3.0 MB | 0.3/2.3 MB | 3.0/159 kB
Progress (3): 1.2/3.0 MB | 0.3/2.3 MB | 3.0/159 kB
Progress (3): 1.2/3.0 MB | 0.3/2.3 MB | 3.0/159 kB
Progress (3): 1.2/3.0 MB | 0.3/2.3 MB | 3.0/159 kB
Progress (3): 1.2/3.0 MB | 0.3/2.3 MB | 3.0/159 kB
Progress (3): 1.2/3.0 MB | 0.3/2.3 MB | 3.0/159 kB
Progress (3): 1.2/3.0 MB | 0.3/2.3 MB | 4.4/159 kB
Progress (3): 1.2/3.0 MB | 0.3/2.3 MB | 5.8/159 kB
Progress (3): 1.3/3.0 MB | 0.3/2.3 MB | 5.8/159 kB
Progress (3): 1.3/3.0 MB | 0.3/2.3 MB | 5.8/159 kB
Progress (3): 1.3/3.0 MB | 0.3/2.3 MB | 5.8/159 kB
Progress (3): 1.3/3.0 MB | 0.3/2.3 MB | 5.8/159 kB
Progress (3): 1.3/3.0 MB | 0.3/2.3 MB | 5.8/159 kB
Progress (3): 1.3/3.0 MB | 0.3/2.3 MB | 5.8/159 kB
Progress (3): 1.3/3.0 MB | 0.3/2.3 MB | 7.1/159 kB
Progress (3): 1.3/3.0 MB | 0.3/2.3 MB | 8.5/159 kB
Progress (3): 1.3/3.0 MB | 0.3/2.3 MB | 8.5/159 kB
Progress (3): 1.3/3.0 MB | 0.3/2.3 MB | 8.5/159 kB
Progress (3): 1.4/3.0 MB | 0.3/2.3 MB | 8.5/159 kB
Progress (3): 1.4/3.0 MB | 0.3/2.3 MB | 8.5/159 kB
Progress (3): 1.4/3.0 MB | 0.3/2.3 MB | 8.5/159 kB
Progress (3): 1.4/3.0 MB | 0.3/2.3 MB | 8.5/159 kB
Progress (3): 1.4/3.0 MB | 0.4/2.3 MB | 8.5/159 kB
Progress (3): 1.4/3.0 MB | 0.4/2.3 MB | 9.9/159 kB
Progress (3): 1.4/3.0 MB | 0.4/2.3 MB | 11/159 kB 
Progress (3): 1.4/3.0 MB | 0.4/2.3 MB | 11/159 kB
Progress (3): 1.4/3.0 MB | 0.4/2.3 MB | 11/159 kB
Progress (3): 1.4/3.0 MB | 0.4/2.3 MB | 11/159 kB
Progress (3): 1.4/3.0 MB | 0.4/2.3 MB | 11/159 kB
Progress (3): 1.5/3.0 MB | 0.4/2.3 MB | 11/159 kB
Progress (3): 1.5/3.0 MB | 0.4/2.3 MB | 13/159 kB
Progress (3): 1.5/3.0 MB | 0.4/2.3 MB | 13/159 kB
Progress (3): 1.5/3.0 MB | 0.4/2.3 MB | 14/159 kB
Progress (3): 1.5/3.0 MB | 0.4/2.3 MB | 14/159 kB
Progress (3): 1.5/3.0 MB | 0.4/2.3 MB | 14/159 kB
Progress (3): 1.5/3.0 MB | 0.4/2.3 MB | 14/159 kB
Progress (3): 1.5/3.0 MB | 0.4/2.3 MB | 14/159 kB
Progress (3): 1.5/3.0 MB | 0.4/2.3 MB | 14/159 kB
Progress (3): 1.6/3.0 MB | 0.4/2.3 MB | 14/159 kB
Progress (3): 1.6/3.0 MB | 0.4/2.3 MB | 15/159 kB
Progress (3): 1.6/3.0 MB | 0.4/2.3 MB | 15/159 kB
Progress (3): 1.6/3.0 MB | 0.4/2.3 MB | 17/159 kB
Progress (3): 1.6/3.0 MB | 0.4/2.3 MB | 17/159 kB
Progress (3): 1.6/3.0 MB | 0.4/2.3 MB | 17/159 kB
Progress (3): 1.6/3.0 MB | 0.4/2.3 MB | 17/159 kB
Progress (3): 1.6/3.0 MB | 0.4/2.3 MB | 17/159 kB
Progress (3): 1.6/3.0 MB | 0.4/2.3 MB | 17/159 kB
Progress (3): 1.6/3.0 MB | 0.4/2.3 MB | 17/159 kB
Progress (3): 1.7/3.0 MB | 0.4/2.3 MB | 17/159 kB
Progress (3): 1.7/3.0 MB | 0.4/2.3 MB | 18/159 kB
Progress (3): 1.7/3.0 MB | 0.4/2.3 MB | 19/159 kB
Progress (3): 1.7/3.0 MB | 0.4/2.3 MB | 19/159 kB
Progress (3): 1.7/3.0 MB | 0.4/2.3 MB | 19/159 kB
Progress (3): 1.7/3.0 MB | 0.4/2.3 MB | 19/159 kB
Progress (3): 1.7/3.0 MB | 0.4/2.3 MB | 19/159 kB
Progress (3): 1.7/3.0 MB | 0.4/2.3 MB | 19/159 kB
Progress (3): 1.7/3.0 MB | 0.4/2.3 MB | 19/159 kB
Progress (3): 1.7/3.0 MB | 0.4/2.3 MB | 19/159 kB
Progress (3): 1.8/3.0 MB | 0.4/2.3 MB | 19/159 kB
Progress (3): 1.8/3.0 MB | 0.5/2.3 MB | 19/159 kB
Progress (3): 1.8/3.0 MB | 0.5/2.3 MB | 21/159 kB
Progress (3): 1.8/3.0 MB | 0.5/2.3 MB | 22/159 kB
Progress (3): 1.8/3.0 MB | 0.5/2.3 MB | 22/159 kB
Progress (3): 1.8/3.0 MB | 0.5/2.3 MB | 22/159 kB
Progress (3): 1.8/3.0 MB | 0.5/2.3 MB | 22/159 kB
Progress (3): 1.8/3.0 MB | 0.5/2.3 MB | 22/159 kB
Progress (3): 1.8/3.0 MB | 0.5/2.3 MB | 22/159 kB
Progress (3): 1.8/3.0 MB | 0.5/2.3 MB | 24/159 kB
Progress (3): 1.8/3.0 MB | 0.5/2.3 MB | 25/159 kB
Progress (3): 1.8/3.0 MB | 0.5/2.3 MB | 25/159 kB
Progress (3): 1.9/3.0 MB | 0.5/2.3 MB | 25/159 kB
Progress (3): 1.9/3.0 MB | 0.5/2.3 MB | 25/159 kB
Progress (3): 1.9/3.0 MB | 0.5/2.3 MB | 25/159 kB
Progress (3): 1.9/3.0 MB | 0.5/2.3 MB | 25/159 kB
Progress (3): 1.9/3.0 MB | 0.5/2.3 MB | 25/159 kB
Progress (3): 1.9/3.0 MB | 0.5/2.3 MB | 25/159 kB
Progress (3): 1.9/3.0 MB | 0.5/2.3 MB | 25/159 kB
Progress (3): 1.9/3.0 MB | 0.5/2.3 MB | 25/159 kB
Progress (3): 1.9/3.0 MB | 0.5/2.3 MB | 26/159 kB
Progress (3): 1.9/3.0 MB | 0.5/2.3 MB | 28/159 kB
Progress (3): 2.0/3.0 MB | 0.5/2.3 MB | 28/159 kB
Progress (3): 2.0/3.0 MB | 0.5/2.3 MB | 28/159 kB
Progress (3): 2.0/3.0 MB | 0.5/2.3 MB | 28/159 kB
Progress (3): 2.0/3.0 MB | 0.5/2.3 MB | 28/159 kB
Progress (3): 2.0/3.0 MB | 0.5/2.3 MB | 28/159 kB
Progress (3): 2.0/3.0 MB | 0.5/2.3 MB | 28/159 kB
Progress (3): 2.0/3.0 MB | 0.5/2.3 MB | 28/159 kB
Progress (3): 2.0/3.0 MB | 0.5/2.3 MB | 28/159 kB
Progress (3): 2.0/3.0 MB | 0.5/2.3 MB | 29/159 kB
Progress (3): 2.1/3.0 MB | 0.5/2.3 MB | 29/159 kB
Progress (3): 2.1/3.0 MB | 0.5/2.3 MB | 30/159 kB
Progress (3): 2.1/3.0 MB | 0.5/2.3 MB | 30/159 kB
Progress (3): 2.1/3.0 MB | 0.5/2.3 MB | 30/159 kB
Progress (3): 2.1/3.0 MB | 0.5/2.3 MB | 30/159 kB
Progress (3): 2.1/3.0 MB | 0.5/2.3 MB | 30/159 kB
Progress (3): 2.1/3.0 MB | 0.5/2.3 MB | 30/159 kB
Progress (3): 2.1/3.0 MB | 0.5/2.3 MB | 30/159 kB
Progress (3): 2.2/3.0 MB | 0.5/2.3 MB | 30/159 kB
Progress (3): 2.2/3.0 MB | 0.5/2.3 MB | 30/159 kB
Progress (3): 2.2/3.0 MB | 0.6/2.3 MB | 30/159 kB
Progress (3): 2.2/3.0 MB | 0.6/2.3 MB | 32/159 kB
Progress (3): 2.2/3.0 MB | 0.6/2.3 MB | 32/159 kB
Progress (3): 2.2/3.0 MB | 0.6/2.3 MB | 32/159 kB
Progress (3): 2.2/3.0 MB | 0.6/2.3 MB | 32/159 kB
Progress (3): 2.2/3.0 MB | 0.6/2.3 MB | 32/159 kB
Progress (3): 2.2/3.0 MB | 0.6/2.3 MB | 32/159 kB
Progress (3): 2.3/3.0 MB | 0.6/2.3 MB | 32/159 kB
Progress (3): 2.3/3.0 MB | 0.6/2.3 MB | 33/159 kB
Progress (3): 2.3/3.0 MB | 0.6/2.3 MB | 35/159 kB
Progress (3): 2.3/3.0 MB | 0.6/2.3 MB | 35/159 kB
Progress (3): 2.3/3.0 MB | 0.6/2.3 MB | 35/159 kB
Progress (3): 2.3/3.0 MB | 0.6/2.3 MB | 35/159 kB
Progress (3): 2.3/3.0 MB | 0.6/2.3 MB | 35/159 kB
Progress (3): 2.3/3.0 MB | 0.6/2.3 MB | 35/159 kB
Progress (3): 2.3/3.0 MB | 0.6/2.3 MB | 35/159 kB
Progress (3): 2.3/3.0 MB | 0.6/2.3 MB | 35/159 kB
Progress (3): 2.3/3.0 MB | 0.6/2.3 MB | 35/159 kB
Progress (3): 2.3/3.0 MB | 0.6/2.3 MB | 36/159 kB
Progress (3): 2.3/3.0 MB | 0.6/2.3 MB | 37/159 kB
Progress (3): 2.4/3.0 MB | 0.6/2.3 MB | 37/159 kB
Progress (3): 2.4/3.0 MB | 0.6/2.3 MB | 37/159 kB
Progress (3): 2.4/3.0 MB | 0.6/2.3 MB | 37/159 kB
Progress (3): 2.4/3.0 MB | 0.6/2.3 MB | 37/159 kB
Progress (3): 2.4/3.0 MB | 0.6/2.3 MB | 37/159 kB
Progress (3): 2.4/3.0 MB | 0.6/2.3 MB | 37/159 kB
Progress (3): 2.4/3.0 MB | 0.6/2.3 MB | 37/159 kB
Progress (3): 2.4/3.0 MB | 0.6/2.3 MB | 37/159 kB
Progress (3): 2.5/3.0 MB | 0.6/2.3 MB | 37/159 kB
Progress (3): 2.5/3.0 MB | 0.7/2.3 MB | 37/159 kB
Progress (3): 2.5/3.0 MB | 0.7/2.3 MB | 37/159 kB
Progress (3): 2.5/3.0 MB | 0.7/2.3 MB | 37/159 kB
Progress (3): 2.5/3.0 MB | 0.7/2.3 MB | 37/159 kB
Progress (3): 2.5/3.0 MB | 0.7/2.3 MB | 37/159 kB
Progress (3): 2.5/3.0 MB | 0.7/2.3 MB | 37/159 kB
Progress (3): 2.6/3.0 MB | 0.7/2.3 MB | 37/159 kB
Progress (3): 2.6/3.0 MB | 0.7/2.3 MB | 37/159 kB
Progress (3): 2.6/3.0 MB | 0.7/2.3 MB | 37/159 kB
Progress (3): 2.6/3.0 MB | 0.7/2.3 MB | 37/159 kB
Progress (3): 2.6/3.0 MB | 0.7/2.3 MB | 37/159 kB
Progress (3): 2.6/3.0 MB | 0.7/2.3 MB | 37/159 kB
Progress (3): 2.6/3.0 MB | 0.7/2.3 MB | 41/159 kB
Progress (3): 2.6/3.0 MB | 0.7/2.3 MB | 41/159 kB
Progress (3): 2.6/3.0 MB | 0.7/2.3 MB | 41/159 kB
Progress (3): 2.7/3.0 MB | 0.7/2.3 MB | 41/159 kB
Progress (3): 2.7/3.0 MB | 0.7/2.3 MB | 41/159 kB
Progress (3): 2.7/3.0 MB | 0.7/2.3 MB | 41/159 kB
Progress (3): 2.7/3.0 MB | 0.7/2.3 MB | 41/159 kB
Progress (3): 2.7/3.0 MB | 0.7/2.3 MB | 41/159 kB
Progress (3): 2.7/3.0 MB | 0.7/2.3 MB | 41/159 kB
Progress (3): 2.7/3.0 MB | 0.7/2.3 MB | 41/159 kB
Progress (3): 2.7/3.0 MB | 0.7/2.3 MB | 41/159 kB
Progress (3): 2.8/3.0 MB | 0.7/2.3 MB | 41/159 kB
Progress (3): 2.8/3.0 MB | 0.7/2.3 MB | 41/159 kB
Progress (3): 2.8/3.0 MB | 0.7/2.3 MB | 41/159 kB
Progress (3): 2.8/3.0 MB | 0.7/2.3 MB | 41/159 kB
Progress (3): 2.8/3.0 MB | 0.7/2.3 MB | 46/159 kB
Progress (3): 2.8/3.0 MB | 0.7/2.3 MB | 46/159 kB
Progress (3): 2.8/3.0 MB | 0.7/2.3 MB | 46/159 kB
Progress (3): 2.8/3.0 MB | 0.7/2.3 MB | 46/159 kB
Progress (3): 2.8/3.0 MB | 0.7/2.3 MB | 46/159 kB
Progress (3): 2.8/3.0 MB | 0.7/2.3 MB | 46/159 kB
Progress (3): 2.9/3.0 MB | 0.7/2.3 MB | 46/159 kB
Progress (3): 2.9/3.0 MB | 0.8/2.3 MB | 46/159 kB
Progress (3): 2.9/3.0 MB | 0.8/2.3 MB | 46/159 kB
Progress (3): 2.9/3.0 MB | 0.8/2.3 MB | 46/159 kB
Progress (3): 2.9/3.0 MB | 0.8/2.3 MB | 46/159 kB
Progress (3): 2.9/3.0 MB | 0.8/2.3 MB | 46/159 kB
Progress (3): 2.9/3.0 MB | 0.8/2.3 MB | 46/159 kB
Progress (3): 2.9/3.0 MB | 0.8/2.3 MB | 46/159 kB
Progress (3): 3.0/3.0 MB | 0.8/2.3 MB | 46/159 kB
Progress (3): 3.0/3.0 MB | 0.8/2.3 MB | 46/159 kB
Progress (3): 3.0/3.0 MB | 0.8/2.3 MB | 46/159 kB
Progress (3): 3.0/3.0 MB | 0.8/2.3 MB | 46/159 kB
Progress (3): 3.0/3.0 MB | 0.8/2.3 MB | 46/159 kB
Progress (3): 3.0/3.0 MB | 0.8/2.3 MB | 46/159 kB
Progress (3): 3.0/3.0 MB | 0.8/2.3 MB | 46/159 kB
Progress (3): 3.0 MB | 0.8/2.3 MB | 46/159 kB    
Progress (3): 3.0 MB | 0.8/2.3 MB | 46/159 kB
Progress (3): 3.0 MB | 0.8/2.3 MB | 50/159 kB
                                             
Downloaded from papermc-repo: https://repo.papermc.io/repository/maven-public/com/google/guava/guava/32.1.2-jre/guava-32.1.2-jre.jar (3.0 MB at 1.6 MB/s)
builder-1  | Downloading from papermc-repo: https://repo.papermc.io/repository/maven-public/com/googlecode/json-simple/json-simple/1.1.1/json-simple-1.1.1.jar
builder-1  | Progress (2): 0.8/2.3 MB | 50/159 kB
Progress (2): 0.8/2.3 MB | 50/159 kB
Progress (2): 0.8/2.3 MB | 50/159 kB
Progress (2): 0.8/2.3 MB | 54/159 kB
Progress (2): 0.9/2.3 MB | 54/159 kB
Progress (2): 0.9/2.3 MB | 54/159 kB
Progress (2): 0.9/2.3 MB | 54/159 kB
Progress (2): 0.9/2.3 MB | 54/159 kB
Progress (2): 0.9/2.3 MB | 54/159 kB
Progress (2): 0.9/2.3 MB | 58/159 kB
Progress (2): 0.9/2.3 MB | 58/159 kB
Progress (2): 1.0/2.3 MB | 58/159 kB
Progress (2): 1.0/2.3 MB | 58/159 kB
Progress (2): 1.0/2.3 MB | 63/159 kB
Progress (2): 1.0/2.3 MB | 63/159 kB
Progress (2): 1.0/2.3 MB | 63/159 kB
Progress (2): 1.0/2.3 MB | 63/159 kB
Progress (2): 1.0/2.3 MB | 67/159 kB
Progress (2): 1.0/2.3 MB | 67/159 kB
Progress (3): 1.0/2.3 MB | 67/159 kB | 0.3/334 kB
Progress (3): 1.1/2.3 MB | 67/159 kB | 0.3/334 kB
Progress (3): 1.1/2.3 MB | 67/159 kB | 1.7/334 kB
Progress (3): 1.1/2.3 MB | 67/159 kB | 3.0/334 kB
Progress (3): 1.1/2.3 MB | 67/159 kB | 3.0/334 kB
Progress (3): 1.1/2.3 MB | 67/159 kB | 3.0/334 kB
Progress (3): 1.1/2.3 MB | 71/159 kB | 3.0/334 kB
Progress (3): 1.1/2.3 MB | 71/159 kB | 3.0/334 kB
Progress (3): 1.1/2.3 MB | 71/159 kB | 4.4/334 kB
Progress (3): 1.1/2.3 MB | 71/159 kB | 5.8/334 kB
Progress (3): 1.1/2.3 MB | 71/159 kB | 5.8/334 kB
Progress (3): 1.1/2.3 MB | 71/159 kB | 5.8/334 kB
Progress (3): 1.1/2.3 MB | 75/159 kB | 5.8/334 kB
Progress (3): 1.2/2.3 MB | 75/159 kB | 5.8/334 kB
Progress (3): 1.2/2.3 MB | 75/159 kB | 7.1/334 kB
Progress (3): 1.2/2.3 MB | 75/159 kB | 8.2/334 kB
Progress (3): 1.2/2.3 MB | 75/159 kB | 9.6/334 kB
Progress (3): 1.2/2.3 MB | 75/159 kB | 9.6/334 kB
Progress (3): 1.2/2.3 MB | 75/159 kB | 9.6/334 kB
Progress (3): 1.2/2.3 MB | 80/159 kB | 9.6/334 kB
Progress (3): 1.2/2.3 MB | 80/159 kB | 9.6/334 kB
Progress (3): 1.2/2.3 MB | 80/159 kB | 11/334 kB 
Progress (3): 1.2/2.3 MB | 80/159 kB | 12/334 kB
Progress (3): 1.2/2.3 MB | 80/159 kB | 12/334 kB
Progress (3): 1.2/2.3 MB | 80/159 kB | 12/334 kB
Progress (3): 1.2/2.3 MB | 84/159 kB | 12/334 kB
Progress (3): 1.3/2.3 MB | 84/159 kB | 12/334 kB
Progress (3): 1.3/2.3 MB | 84/159 kB | 12/334 kB
Progress (3): 1.3/2.3 MB | 88/159 kB | 12/334 kB
Progress (3): 1.3/2.3 MB | 88/159 kB | 14/334 kB
Progress (3): 1.3/2.3 MB | 88/159 kB | 15/334 kB
Progress (3): 1.3/2.3 MB | 88/159 kB | 15/334 kB
Progress (3): 1.3/2.3 MB | 88/159 kB | 15/334 kB
Progress (3): 1.3/2.3 MB | 88/159 kB | 15/334 kB
Progress (3): 1.3/2.3 MB | 92/159 kB | 15/334 kB
Progress (3): 1.3/2.3 MB | 92/159 kB | 15/334 kB
Progress (3): 1.3/2.3 MB | 92/159 kB | 16/334 kB
Progress (3): 1.3/2.3 MB | 92/159 kB | 18/334 kB
Progress (3): 1.4/2.3 MB | 92/159 kB | 18/334 kB
Progress (3): 1.4/2.3 MB | 92/159 kB | 18/334 kB
Progress (3): 1.4/2.3 MB | 96/159 kB | 18/334 kB
Progress (3): 1.4/2.3 MB | 96/159 kB | 18/334 kB
Progress (3): 1.4/2.3 MB | 101/159 kB | 18/334 kB
Progress (3): 1.4/2.3 MB | 101/159 kB | 18/334 kB
Progress (3): 1.4/2.3 MB | 101/159 kB | 19/334 kB
Progress (3): 1.4/2.3 MB | 101/159 kB | 21/334 kB
Progress (3): 1.4/2.3 MB | 101/159 kB | 21/334 kB
Progress (3): 1.4/2.3 MB | 101/159 kB | 21/334 kB
Progress (3): 1.5/2.3 MB | 101/159 kB | 21/334 kB
Progress (3): 1.5/2.3 MB | 105/159 kB | 21/334 kB
Progress (3): 1.5/2.3 MB | 105/159 kB | 21/334 kB
Progress (3): 1.5/2.3 MB | 105/159 kB | 22/334 kB
Progress (3): 1.5/2.3 MB | 105/159 kB | 23/334 kB
Progress (3): 1.5/2.3 MB | 105/159 kB | 23/334 kB
Progress (3): 1.5/2.3 MB | 109/159 kB | 23/334 kB
Progress (3): 1.5/2.3 MB | 109/159 kB | 23/334 kB
Progress (3): 1.5/2.3 MB | 109/159 kB | 23/334 kB
Progress (3): 1.5/2.3 MB | 109/159 kB | 25/334 kB
Progress (3): 1.5/2.3 MB | 109/159 kB | 25/334 kB
Progress (3): 1.5/2.3 MB | 109/159 kB | 26/334 kB
Progress (3): 1.5/2.3 MB | 113/159 kB | 26/334 kB
Progress (3): 1.6/2.3 MB | 113/159 kB | 26/334 kB
Progress (3): 1.6/2.3 MB | 118/159 kB | 26/334 kB
Progress (3): 1.6/2.3 MB | 118/159 kB | 26/334 kB
Progress (3): 1.6/2.3 MB | 118/159 kB | 26/334 kB
Progress (3): 1.6/2.3 MB | 118/159 kB | 26/334 kB
Progress (3): 1.6/2.3 MB | 118/159 kB | 27/334 kB
Progress (3): 1.6/2.3 MB | 118/159 kB | 29/334 kB
Progress (3): 1.6/2.3 MB | 118/159 kB | 29/334 kB
Progress (3): 1.6/2.3 MB | 118/159 kB | 29/334 kB
Progress (3): 1.6/2.3 MB | 122/159 kB | 29/334 kB
Progress (3): 1.7/2.3 MB | 122/159 kB | 29/334 kB
Progress (3): 1.7/2.3 MB | 122/159 kB | 29/334 kB
Progress (3): 1.7/2.3 MB | 126/159 kB | 29/334 kB
Progress (3): 1.7/2.3 MB | 126/159 kB | 29/334 kB
Progress (3): 1.7/2.3 MB | 126/159 kB | 30/334 kB
Progress (3): 1.7/2.3 MB | 126/159 kB | 31/334 kB
Progress (3): 1.7/2.3 MB | 126/159 kB | 31/334 kB
Progress (3): 1.7/2.3 MB | 130/159 kB | 31/334 kB
Progress (3): 1.7/2.3 MB | 130/159 kB | 31/334 kB
Progress (3): 1.7/2.3 MB | 130/159 kB | 31/334 kB
Progress (3): 1.7/2.3 MB | 130/159 kB | 31/334 kB
Progress (3): 1.8/2.3 MB | 130/159 kB | 31/334 kB
Progress (3): 1.8/2.3 MB | 130/159 kB | 31/334 kB
Progress (3): 1.8/2.3 MB | 134/159 kB | 31/334 kB
Progress (3): 1.8/2.3 MB | 134/159 kB | 31/334 kB
Progress (3): 1.8/2.3 MB | 134/159 kB | 33/334 kB
Progress (3): 1.8/2.3 MB | 134/159 kB | 33/334 kB
Progress (3): 1.8/2.3 MB | 138/159 kB | 33/334 kB
Progress (3): 1.8/2.3 MB | 138/159 kB | 33/334 kB
Progress (3): 1.8/2.3 MB | 138/159 kB | 33/334 kB
Progress (3): 1.9/2.3 MB | 138/159 kB | 33/334 kB
Progress (3): 1.9/2.3 MB | 138/159 kB | 33/334 kB
Progress (3): 1.9/2.3 MB | 138/159 kB | 37/334 kB
Progress (3): 1.9/2.3 MB | 138/159 kB | 37/334 kB
Progress (3): 1.9/2.3 MB | 143/159 kB | 37/334 kB
Progress (3): 1.9/2.3 MB | 143/159 kB | 37/334 kB
Progress (3): 1.9/2.3 MB | 143/159 kB | 37/334 kB
Progress (3): 1.9/2.3 MB | 143/159 kB | 37/334 kB
Progress (3): 2.0/2.3 MB | 143/159 kB | 37/334 kB
Progress (3): 2.0/2.3 MB | 143/159 kB | 37/334 kB
Progress (3): 2.0/2.3 MB | 147/159 kB | 37/334 kB
Progress (3): 2.0/2.3 MB | 147/159 kB | 37/334 kB
Progress (3): 2.0/2.3 MB | 151/159 kB | 37/334 kB
Progress (3): 2.0/2.3 MB | 151/159 kB | 37/334 kB
Progress (3): 2.0/2.3 MB | 151/159 kB | 37/334 kB
Progress (3): 2.0/2.3 MB | 151/159 kB | 37/334 kB
Progress (3): 2.1/2.3 MB | 151/159 kB | 37/334 kB
Progress (3): 2.1/2.3 MB | 151/159 kB | 37/334 kB
Progress (3): 2.1/2.3 MB | 155/159 kB | 37/334 kB
Progress (3): 2.1/2.3 MB | 155/159 kB | 37/334 kB
Progress (3): 2.1/2.3 MB | 155/159 kB | 37/334 kB
Progress (3): 2.1/2.3 MB | 159 kB | 37/334 kB    
                                             
Downloaded from papermc-repo: https://repo.papermc.io/repository/maven-public/net/md-5/bungeecord-chat/1.20-R0.2-deprecated+build.18/bungeecord-chat-1.20-R0.2-deprecated+build.18.jar (159 kB at 76 kB/s)
builder-1  | Downloading from papermc-repo: https://repo.papermc.io/repository/maven-public/it/unimi/dsi/fastutil/8.5.6/fastutil-8.5.6.jar
builder-1  | Progress (2): 2.1/2.3 MB | 37/334 kB
Progress (2): 2.1/2.3 MB | 41/334 kB
Progress (2): 2.1/2.3 MB | 41/334 kB
Progress (2): 2.2/2.3 MB | 41/334 kB
Progress (2): 2.2/2.3 MB | 41/334 kB
Progress (2): 2.2/2.3 MB | 41/334 kB
Progress (3): 2.2/2.3 MB | 41/334 kB | 7.1/712 kB
Progress (3): 2.2/2.3 MB | 41/334 kB | 8.2/712 kB
Progress (3): 2.2/2.3 MB | 41/334 kB | 8.2/712 kB
Progress (3): 2.2/2.3 MB | 41/334 kB | 8.2/712 kB
Progress (3): 2.2/2.3 MB | 46/334 kB | 8.2/712 kB
Progress (3): 2.2/2.3 MB | 46/334 kB | 8.2/712 kB
Progress (3): 2.3/2.3 MB | 46/334 kB | 8.2/712 kB
Progress (3): 2.3/2.3 MB | 46/334 kB | 25/712 kB 
Progress (3): 2.3/2.3 MB | 46/334 kB | 25/712 kB
Progress (3): 2.3 MB | 46/334 kB | 25/712 kB    
                                            
Downloaded from papermc-repo: https://repo.papermc.io/repository/maven-public/io/papermc/paper/paper-api/1.21-R0.1-SNAPSHOT/paper-api-1.21-R0.1-20240810.100446-132.jar (2.3 MB at 1.1 MB/s)
builder-1  | Downloading from papermc-repo: https://repo.papermc.io/repository/maven-public/org/apache/logging/log4j/log4j-api/2.17.1/log4j-api-2.17.1.jar
builder-1  | Progress (2): 46/334 kB | 41/712 kB
Progress (2): 46/334 kB | 57/712 kB
Progress (2): 50/334 kB | 57/712 kB
Progress (2): 50/334 kB | 74/712 kB
Progress (2): 50/334 kB | 90/712 kB
Progress (2): 54/334 kB | 90/712 kB
Progress (2): 54/334 kB | 106/712 kB
Progress (2): 54/334 kB | 123/712 kB
Progress (2): 54/334 kB | 139/712 kB
Progress (2): 58/334 kB | 139/712 kB
Progress (2): 58/334 kB | 156/712 kB
Progress (2): 62/334 kB | 156/712 kB
Progress (2): 62/334 kB | 172/712 kB
Progress (2): 62/334 kB | 188/712 kB
Progress (2): 62/334 kB | 205/712 kB
Progress (2): 67/334 kB | 205/712 kB
Progress (2): 67/334 kB | 221/712 kB
Progress (2): 67/334 kB | 238/712 kB
Progress (2): 71/334 kB | 238/712 kB
Progress (2): 71/334 kB | 254/712 kB
Progress (2): 71/334 kB | 258/712 kB
Progress (2): 75/334 kB | 258/712 kB
Progress (2): 75/334 kB | 275/712 kB
Progress (3): 75/334 kB | 275/712 kB | 7.1/24 kB
Progress (3): 75/334 kB | 275/712 kB | 15/24 kB 
Progress (3): 75/334 kB | 275/712 kB | 22/24 kB
Progress (3): 75/334 kB | 275/712 kB | 24 kB   
                                            
Downloaded from papermc-repo: https://repo.papermc.io/repository/maven-public/com/googlecode/json-simple/json-simple/1.1.1/json-simple-1.1.1.jar (24 kB at 11 kB/s)
builder-1  | Downloading from papermc-repo: https://repo.papermc.io/repository/maven-public/org/slf4j/slf4j-api/2.0.9/slf4j-api-2.0.9.jar
builder-1  | Progress (2): 75/334 kB | 291/712 kB
Progress (2): 79/334 kB | 291/712 kB
Progress (2): 84/334 kB | 291/712 kB
Progress (2): 88/334 kB | 291/712 kB
Progress (2): 92/334 kB | 291/712 kB
Progress (2): 92/334 kB | 308/712 kB
Progress (2): 92/334 kB | 324/712 kB
Progress (2): 92/334 kB | 340/712 kB
Progress (2): 96/334 kB | 340/712 kB
Progress (2): 96/334 kB | 357/712 kB
Progress (2): 100/334 kB | 357/712 kB
Progress (2): 100/334 kB | 373/712 kB
Progress (2): 100/334 kB | 389/712 kB
Progress (2): 105/334 kB | 389/712 kB
Progress (2): 109/334 kB | 389/712 kB
Progress (2): 109/334 kB | 406/712 kB
Progress (2): 109/334 kB | 422/712 kB
Progress (2): 113/334 kB | 422/712 kB
Progress (2): 117/334 kB | 422/712 kB
Progress (2): 117/334 kB | 439/712 kB
Progress (2): 122/334 kB | 439/712 kB
Progress (2): 122/334 kB | 455/712 kB
Progress (2): 126/334 kB | 455/712 kB
Progress (2): 126/334 kB | 471/712 kB
Progress (2): 130/334 kB | 471/712 kB
Progress (2): 130/334 kB | 488/712 kB
Progress (2): 134/334 kB | 488/712 kB
Progress (2): 134/334 kB | 504/712 kB
Progress (2): 139/334 kB | 504/712 kB
Progress (2): 139/334 kB | 504/712 kB
Progress (2): 139/334 kB | 521/712 kB
Progress (2): 143/334 kB | 521/712 kB
Progress (2): 143/334 kB | 537/712 kB
Progress (2): 148/334 kB | 537/712 kB
Progress (2): 152/334 kB | 537/712 kB
Progress (2): 152/334 kB | 553/712 kB
Progress (2): 156/334 kB | 553/712 kB
Progress (2): 156/334 kB | 570/712 kB
Progress (2): 160/334 kB | 570/712 kB
Progress (2): 160/334 kB | 586/712 kB
Progress (2): 165/334 kB | 586/712 kB
Progress (2): 165/334 kB | 602/712 kB
Progress (2): 169/334 kB | 602/712 kB
Progress (2): 169/334 kB | 619/712 kB
Progress (2): 173/334 kB | 619/712 kB
Progress (2): 173/334 kB | 635/712 kB
Progress (2): 177/334 kB | 635/712 kB
Progress (2): 177/334 kB | 652/712 kB
Progress (2): 177/334 kB | 668/712 kB
Progress (2): 182/334 kB | 668/712 kB
Progress (2): 186/334 kB | 668/712 kB
Progress (2): 186/334 kB | 684/712 kB
Progress (2): 186/334 kB | 701/712 kB
Progress (2): 186/334 kB | 712 kB    
                                 
Downloaded from papermc-repo: https://repo.papermc.io/repository/maven-public/org/joml/joml/1.10.5/joml-1.10.5.jar (712 kB at 308 kB/s)
builder-1  | Downloading from papermc-repo: https://repo.papermc.io/repository/maven-public/org/apache/maven/maven-resolver-provider/3.9.6/maven-resolver-provider-3.9.6.jar
builder-1  | Progress (1): 190/334 kB
Progress (1): 194/334 kB
Progress (1): 198/334 kB
Progress (1): 215/334 kB
Progress (2): 215/334 kB | 7.1/302 kB
Progress (2): 215/334 kB | 15/302 kB 
Progress (2): 215/334 kB | 25/302 kB
Progress (2): 215/334 kB | 41/302 kB
Progress (2): 215/334 kB | 57/302 kB
Progress (2): 215/334 kB | 74/302 kB
Progress (2): 215/334 kB | 90/302 kB
Progress (2): 215/334 kB | 106/302 kB
Progress (2): 231/334 kB | 106/302 kB
Progress (2): 231/334 kB | 123/302 kB
Progress (2): 231/334 kB | 139/302 kB
Progress (2): 231/334 kB | 156/302 kB
Progress (2): 231/334 kB | 172/302 kB
Progress (2): 231/334 kB | 188/302 kB
Progress (2): 231/334 kB | 205/302 kB
Progress (2): 231/334 kB | 221/302 kB
Progress (2): 231/334 kB | 238/302 kB
Progress (2): 231/334 kB | 254/302 kB
Progress (2): 231/334 kB | 270/302 kB
Progress (2): 231/334 kB | 287/302 kB
Progress (2): 231/334 kB | 302 kB    
Progress (2): 248/334 kB | 302 kB
                                 
Downloaded from papermc-repo: https://repo.papermc.io/repository/maven-public/org/apache/logging/log4j/log4j-api/2.17.1/log4j-api-2.17.1.jar (302 kB at 127 kB/s)
builder-1  | Downloading from papermc-repo: https://repo.papermc.io/repository/maven-public/org/apache/maven/maven-model/3.9.6/maven-model-3.9.6.jar
builder-1  | Progress (1): 264/334 kB
Progress (1): 270/334 kB
Progress (1): 287/334 kB
Progress (1): 303/334 kB
Progress (1): 319/334 kB
Progress (1): 334 kB    
                    
Downloaded from papermc-repo: https://repo.papermc.io/repository/maven-public/org/yaml/snakeyaml/2.2/snakeyaml-2.2.jar (334 kB at 137 kB/s)
builder-1  | Downloading from papermc-repo: https://repo.papermc.io/repository/maven-public/org/apache/maven/maven-model-builder/3.9.6/maven-model-builder-3.9.6.jar
builder-1  | Progress (1): 0/24 MB
Progress (1): 0/24 MB
Progress (1): 0/24 MB
Progress (1): 0/24 MB
Progress (1): 0/24 MB
Progress (1): 0/24 MB
Progress (1): 0/24 MB
Progress (1): 0/24 MB
Progress (1): 0/24 MB
Progress (1): 0/24 MB
Progress (1): 0/24 MB
Progress (1): 0.1/24 MB
Progress (1): 0.1/24 MB
Progress (1): 0.1/24 MB
Progress (1): 0.1/24 MB
Progress (1): 0.1/24 MB
Progress (1): 0.1/24 MB
Progress (2): 0.1/24 MB | 7.1/65 kB
Progress (2): 0.2/24 MB | 7.1/65 kB
Progress (2): 0.2/24 MB | 15/65 kB 
Progress (2): 0.2/24 MB | 25/65 kB
Progress (2): 0.2/24 MB | 41/65 kB
Progress (2): 0.2/24 MB | 57/65 kB
Progress (2): 0.2/24 MB | 65 kB   
                               
Downloaded from papermc-repo: https://repo.papermc.io/repository/maven-public/org/slf4j/slf4j-api/2.0.9/slf4j-api-2.0.9.jar (65 kB at 24 kB/s)
builder-1  | Downloading from papermc-repo: https://repo.papermc.io/repository/maven-public/org/codehaus/plexus/plexus-interpolation/1.26/plexus-interpolation-1.26.jar
builder-1  | Progress (1): 0.2/24 MB
Progress (1): 0.2/24 MB
Progress (2): 0.2/24 MB | 7.0/198 kB
Progress (2): 0.2/24 MB | 15/198 kB 
Progress (2): 0.2/24 MB | 25/198 kB
Progress (2): 0.2/24 MB | 41/198 kB
Progress (2): 0.2/24 MB | 57/198 kB
Progress (2): 0.2/24 MB | 57/198 kB
Progress (2): 0.2/24 MB | 74/198 kB
Progress (2): 0.2/24 MB | 90/198 kB
Progress (2): 0.2/24 MB | 90/198 kB
Progress (2): 0.2/24 MB | 106/198 kB
Progress (2): 0.2/24 MB | 106/198 kB
Progress (2): 0.2/24 MB | 106/198 kB
Progress (2): 0.2/24 MB | 123/198 kB
Progress (2): 0.2/24 MB | 139/198 kB
Progress (2): 0.2/24 MB | 156/198 kB
Progress (2): 0.3/24 MB | 156/198 kB
Progress (2): 0.3/24 MB | 156/198 kB
Progress (2): 0.3/24 MB | 172/198 kB
Progress (2): 0.3/24 MB | 172/198 kB
Progress (2): 0.3/24 MB | 188/198 kB
Progress (2): 0.3/24 MB | 198 kB    
                                
Downloaded from papermc-repo: https://repo.papermc.io/repository/maven-public/org/apache/maven/maven-model-builder/3.9.6/maven-model-builder-3.9.6.jar (198 kB at 71 kB/s)
builder-1  | Downloading from papermc-repo: https://repo.papermc.io/repository/maven-public/org/apache/maven/maven-artifact/3.9.6/maven-artifact-3.9.6.jar
builder-1  | Progress (1): 0.3/24 MB
Progress (1): 0.3/24 MB
Progress (1): 0.3/24 MB
Progress (2): 0.3/24 MB | 7.0/74 kB
Progress (2): 0.3/24 MB | 15/74 kB 
Progress (2): 0.3/24 MB | 22/74 kB
Progress (2): 0.3/24 MB | 38/74 kB
Progress (2): 0.4/24 MB | 38/74 kB
Progress (2): 0.4/24 MB | 38/74 kB
Progress (2): 0.4/24 MB | 55/74 kB
Progress (2): 0.4/24 MB | 55/74 kB
Progress (2): 0.4/24 MB | 71/74 kB
Progress (2): 0.4/24 MB | 74 kB   
                               
Downloaded from papermc-repo: https://repo.papermc.io/repository/maven-public/org/apache/maven/maven-resolver-provider/3.9.6/maven-resolver-provider-3.9.6.jar (74 kB at 26 kB/s)
builder-1  | Downloading from papermc-repo: https://repo.papermc.io/repository/maven-public/org/apache/commons/commons-lang3/3.12.0/commons-lang3-3.12.0.jar
builder-1  | Progress (1): 0.4/24 MB
Progress (1): 0.4/24 MB
Progress (1): 0.4/24 MB
Progress (1): 0.4/24 MB
Progress (1): 0.5/24 MB
Progress (2): 0.5/24 MB | 7.1/218 kB
Progress (2): 0.5/24 MB | 15/218 kB 
Progress (2): 0.5/24 MB | 32/218 kB
Progress (2): 0.5/24 MB | 48/218 kB
Progress (2): 0.5/24 MB | 57/218 kB
Progress (2): 0.5/24 MB | 74/218 kB
Progress (2): 0.5/24 MB | 90/218 kB
Progress (2): 0.5/24 MB | 106/218 kB
Progress (2): 0.5/24 MB | 106/218 kB
Progress (2): 0.5/24 MB | 106/218 kB
Progress (2): 0.5/24 MB | 123/218 kB
Progress (2): 0.5/24 MB | 139/218 kB
Progress (2): 0.5/24 MB | 156/218 kB
Progress (2): 0.5/24 MB | 156/218 kB
Progress (2): 0.5/24 MB | 172/218 kB
Progress (2): 0.5/24 MB | 172/218 kB
Progress (2): 0.5/24 MB | 188/218 kB
Progress (2): 0.5/24 MB | 205/218 kB
Progress (2): 0.5/24 MB | 205/218 kB
Progress (2): 0.5/24 MB | 218 kB    
                                
Downloaded from papermc-repo: https://repo.papermc.io/repository/maven-public/org/apache/maven/maven-model/3.9.6/maven-model-3.9.6.jar (218 kB at 75 kB/s)
builder-1  | Downloading from papermc-repo: https://repo.papermc.io/repository/maven-public/org/apache/maven/maven-builder-support/3.9.6/maven-builder-support-3.9.6.jar
builder-1  | Progress (1): 0.6/24 MB
Progress (1): 0.6/24 MB
Progress (1): 0.6/24 MB
Progress (1): 0.6/24 MB
Progress (1): 0.6/24 MB
Progress (1): 0.6/24 MB
Progress (1): 0.7/24 MB
Progress (1): 0.7/24 MB
Progress (1): 0.7/24 MB
Progress (1): 0.7/24 MB
Progress (1): 0.7/24 MB
Progress (1): 0.7/24 MB
Progress (1): 0.8/24 MB
Progress (1): 0.8/24 MB
Progress (1): 0.8/24 MB
Progress (2): 0.8/24 MB | 7.0/85 kB
Progress (2): 0.8/24 MB | 15/85 kB 
Progress (2): 0.8/24 MB | 32/85 kB
Progress (2): 0.8/24 MB | 32/85 kB
Progress (2): 0.8/24 MB | 48/85 kB
Progress (2): 0.8/24 MB | 55/85 kB
Progress (2): 0.8/24 MB | 71/85 kB
Progress (2): 0.8/24 MB | 85 kB   
Progress (2): 0.8/24 MB | 85 kB
                               
Downloaded from papermc-repo: https://repo.papermc.io/repository/maven-public/org/codehaus/plexus/plexus-interpolation/1.26/plexus-interpolation-1.26.jar (85 kB at 29 kB/s)
builder-1  | Downloading from papermc-repo: https://repo.papermc.io/repository/maven-public/org/eclipse/sisu/org.eclipse.sisu.inject/0.9.0.M2/org.eclipse.sisu.inject-0.9.0.M2.jar
builder-1  | Progress (1): 0.8/24 MB
Progress (1): 0.9/24 MB
Progress (1): 0.9/24 MB
Progress (1): 0.9/24 MB
Progress (1): 0.9/24 MB
Progress (1): 0.9/24 MB
Progress (1): 0.9/24 MB
Progress (1): 0.9/24 MB
Progress (1): 1.0/24 MB
Progress (1): 1.0/24 MB
Progress (1): 1.0/24 MB
Progress (1): 1.0/24 MB
Progress (1): 1.0/24 MB
Progress (1): 1.0/24 MB
Progress (1): 1.1/24 MB
Progress (1): 1.1/24 MB
Progress (1): 1.1/24 MB
Progress (1): 1.1/24 MB
Progress (1): 1.1/24 MB
Progress (1): 1.1/24 MB
Progress (1): 1.2/24 MB
Progress (1): 1.2/24 MB
Progress (1): 1.2/24 MB
Progress (1): 1.2/24 MB
Progress (1): 1.2/24 MB
Progress (1): 1.2/24 MB
Progress (1): 1.3/24 MB
Progress (1): 1.3/24 MB
Progress (1): 1.3/24 MB
Progress (1): 1.3/24 MB
Progress (1): 1.3/24 MB
Progress (1): 1.3/24 MB
Progress (1): 1.4/24 MB
Progress (1): 1.4/24 MB
Progress (1): 1.4/24 MB
Progress (1): 1.4/24 MB
Progress (1): 1.4/24 MB
Progress (1): 1.4/24 MB
Progress (1): 1.5/24 MB
Progress (1): 1.5/24 MB
Progress (1): 1.5/24 MB
Progress (1): 1.5/24 MB
Progress (1): 1.5/24 MB
Progress (1): 1.5/24 MB
Progress (1): 1.6/24 MB
Progress (1): 1.6/24 MB
Progress (1): 1.6/24 MB
Progress (1): 1.6/24 MB
Progress (1): 1.6/24 MB
Progress (1): 1.6/24 MB
Progress (1): 1.7/24 MB
Progress (1): 1.7/24 MB
Progress (1): 1.7/24 MB
Progress (1): 1.7/24 MB
Progress (1): 1.7/24 MB
Progress (1): 1.7/24 MB
Progress (1): 1.7/24 MB
Progress (1): 1.8/24 MB
Progress (1): 1.8/24 MB
Progress (1): 1.8/24 MB
Progress (1): 1.8/24 MB
Progress (1): 1.8/24 MB
Progress (1): 1.8/24 MB
Progress (1): 1.9/24 MB
Progress (1): 1.9/24 MB
Progress (1): 1.9/24 MB
Progress (1): 1.9/24 MB
Progress (1): 1.9/24 MB
Progress (1): 1.9/24 MB
Progress (1): 2.0/24 MB
Progress (1): 2.0/24 MB
Progress (1): 2.0/24 MB
Progress (1): 2.0/24 MB
Progress (1): 2.0/24 MB
Progress (1): 2.0/24 MB
Progress (1): 2.1/24 MB
Progress (1): 2.1/24 MB
Progress (1): 2.1/24 MB
Progress (1): 2.1/24 MB
Progress (1): 2.1/24 MB
Progress (1): 2.1/24 MB
Progress (1): 2.2/24 MB
Progress (1): 2.2/24 MB
Progress (1): 2.2/24 MB
Progress (1): 2.2/24 MB
Progress (1): 2.2/24 MB
Progress (1): 2.2/24 MB
Progress (1): 2.2/24 MB
Progress (1): 2.3/24 MB
Progress (1): 2.3/24 MB
Progress (1): 2.3/24 MB
Progress (1): 2.3/24 MB
Progress (1): 2.3/24 MB
Progress (1): 2.3/24 MB
Progress (1): 2.4/24 MB
Progress (1): 2.4/24 MB
Progress (1): 2.4/24 MB
Progress (1): 2.4/24 MB
Progress (1): 2.4/24 MB
Progress (1): 2.4/24 MB
Progress (1): 2.5/24 MB
Progress (1): 2.5/24 MB
Progress (1): 2.5/24 MB
Progress (1): 2.5/24 MB
Progress (1): 2.5/24 MB
Progress (1): 2.5/24 MB
Progress (1): 2.6/24 MB
Progress (1): 2.6/24 MB
Progress (1): 2.6/24 MB
Progress (1): 2.6/24 MB
Progress (1): 2.6/24 MB
Progress (1): 2.6/24 MB
Progress (1): 2.6/24 MB
Progress (1): 2.7/24 MB
Progress (1): 2.7/24 MB
Progress (1): 2.7/24 MB
Progress (1): 2.7/24 MB
Progress (1): 2.7/24 MB
Progress (1): 2.7/24 MB
Progress (1): 2.7/24 MB
Progress (1): 2.8/24 MB
Progress (1): 2.8/24 MB
Progress (1): 2.8/24 MB
Progress (1): 2.8/24 MB
Progress (1): 2.8/24 MB
Progress (1): 2.8/24 MB
Progress (1): 2.9/24 MB
Progress (1): 2.9/24 MB
Progress (1): 2.9/24 MB
Progress (1): 2.9/24 MB
Progress (1): 2.9/24 MB
Progress (1): 2.9/24 MB
Progress (1): 2.9/24 MB
Progress (1): 3.0/24 MB
Progress (1): 3.0/24 MB
Progress (1): 3.0/24 MB
Progress (1): 3.0/24 MB
Progress (1): 3.0/24 MB
Progress (1): 3.0/24 MB
Progress (1): 3.1/24 MB
Progress (1): 3.1/24 MB
Progress (1): 3.1/24 MB
Progress (1): 3.1/24 MB
Progress (1): 3.1/24 MB
Progress (1): 3.1/24 MB
Progress (1): 3.2/24 MB
Progress (1): 3.2/24 MB
Progress (1): 3.2/24 MB
Progress (1): 3.2/24 MB
Progress (1): 3.2/24 MB
Progress (1): 3.2/24 MB
Progress (1): 3.2/24 MB
Progress (1): 3.3/24 MB
Progress (1): 3.3/24 MB
Progress (1): 3.3/24 MB
Progress (1): 3.3/24 MB
Progress (1): 3.3/24 MB
Progress (1): 3.3/24 MB
Progress (1): 3.4/24 MB
Progress (1): 3.4/24 MB
Progress (1): 3.4/24 MB
Progress (1): 3.4/24 MB
Progress (1): 3.4/24 MB
Progress (1): 3.4/24 MB
Progress (1): 3.5/24 MB
Progress (1): 3.5/24 MB
Progress (1): 3.5/24 MB
Progress (1): 3.5/24 MB
Progress (1): 3.5/24 MB
Progress (1): 3.5/24 MB
Progress (1): 3.6/24 MB
Progress (1): 3.6/24 MB
Progress (1): 3.6/24 MB
Progress (1): 3.6/24 MB
Progress (1): 3.6/24 MB
Progress (1): 3.6/24 MB
Progress (1): 3.6/24 MB
Progress (1): 3.7/24 MB
Progress (1): 3.7/24 MB
Progress (1): 3.7/24 MB
Progress (1): 3.7/24 MB
Progress (1): 3.7/24 MB
Progress (1): 3.7/24 MB
Progress (1): 3.8/24 MB
Progress (1): 3.8/24 MB
Progress (1): 3.8/24 MB
Progress (1): 3.8/24 MB
Progress (1): 3.8/24 MB
Progress (2): 3.8/24 MB | 7.1/59 kB
Progress (2): 3.8/24 MB | 8.2/59 kB
Progress (2): 3.8/24 MB | 8.2/59 kB
Progress (2): 3.9/24 MB | 8.2/59 kB
Progress (2): 3.9/24 MB | 8.2/59 kB
Progress (2): 3.9/24 MB | 8.2/59 kB
Progress (2): 3.9/24 MB | 8.2/59 kB
Progress (2): 3.9/24 MB | 8.2/59 kB
Progress (2): 3.9/24 MB | 25/59 kB 
Progress (2): 3.9/24 MB | 25/59 kB
Progress (2): 3.9/24 MB | 41/59 kB
Progress (2): 4.0/24 MB | 41/59 kB
Progress (2): 4.0/24 MB | 41/59 kB
Progress (2): 4.0/24 MB | 41/59 kB
Progress (2): 4.0/24 MB | 41/59 kB
Progress (2): 4.0/24 MB | 41/59 kB
Progress (2): 4.0/24 MB | 57/59 kB
Progress (2): 4.0/24 MB | 59 kB   
Progress (2): 4.0/24 MB | 59 kB
Progress (2): 4.1/24 MB | 59 kB
Progress (2): 4.1/24 MB | 59 kB
                               
Downloaded from papermc-repo: https://repo.papermc.io/repository/maven-public/org/apache/maven/maven-artifact/3.9.6/maven-artifact-3.9.6.jar (59 kB at 18 kB/s)
builder-1  | Progress (1): 4.1/24 MB
                       
Downloading from papermc-repo: https://repo.papermc.io/repository/maven-public/org/apache/maven/maven-repository-metadata/3.9.6/maven-repository-metadata-3.9.6.jar
builder-1  | Progress (1): 4.1/24 MB
Progress (1): 4.1/24 MB
Progress (1): 4.1/24 MB
Progress (1): 4.1/24 MB
Progress (1): 4.2/24 MB
Progress (1): 4.2/24 MB
Progress (1): 4.2/24 MB
Progress (2): 4.2/24 MB | 7.1/587 kB
Progress (2): 4.2/24 MB | 15/587 kB 
Progress (2): 4.2/24 MB | 25/587 kB
Progress (2): 4.2/24 MB | 25/587 kB
Progress (2): 4.2/24 MB | 25/587 kB
Progress (2): 4.2/24 MB | 41/587 kB
Progress (2): 4.2/24 MB | 41/587 kB
Progress (2): 4.2/24 MB | 57/587 kB
Progress (2): 4.3/24 MB | 57/587 kB
Progress (2): 4.3/24 MB | 74/587 kB
Progress (2): 4.3/24 MB | 74/587 kB
Progress (2): 4.3/24 MB | 74/587 kB
Progress (2): 4.3/24 MB | 90/587 kB
Progress (2): 4.3/24 MB | 90/587 kB
Progress (2): 4.3/24 MB | 90/587 kB
Progress (2): 4.3/24 MB | 106/587 kB
Progress (2): 4.3/24 MB | 106/587 kB
Progress (2): 4.4/24 MB | 106/587 kB
Progress (2): 4.4/24 MB | 123/587 kB
Progress (2): 4.4/24 MB | 139/587 kB
Progress (2): 4.4/24 MB | 139/587 kB
Progress (2): 4.4/24 MB | 156/587 kB
Progress (2): 4.4/24 MB | 156/587 kB
Progress (2): 4.4/24 MB | 156/587 kB
Progress (2): 4.4/24 MB | 172/587 kB
Progress (2): 4.4/24 MB | 188/587 kB
Progress (2): 4.4/24 MB | 188/587 kB
Progress (2): 4.4/24 MB | 188/587 kB
Progress (2): 4.4/24 MB | 205/587 kB
Progress (2): 4.5/24 MB | 205/587 kB
Progress (2): 4.5/24 MB | 221/587 kB
Progress (2): 4.5/24 MB | 221/587 kB
Progress (2): 4.5/24 MB | 238/587 kB
Progress (2): 4.5/24 MB | 238/587 kB
Progress (2): 4.5/24 MB | 238/587 kB
Progress (2): 4.5/24 MB | 254/587 kB
Progress (2): 4.5/24 MB | 254/587 kB
Progress (2): 4.5/24 MB | 270/587 kB
Progress (2): 4.5/24 MB | 270/587 kB
Progress (2): 4.6/24 MB | 270/587 kB
Progress (2): 4.6/24 MB | 287/587 kB
Progress (3): 4.6/24 MB | 287/587 kB | 5.4/14 kB
Progress (3): 4.6/24 MB | 287/587 kB | 5.4/14 kB
Progress (3): 4.6/24 MB | 287/587 kB | 14 kB    
                                            
Downloaded from papermc-repo: https://repo.papermc.io/repository/maven-public/org/apache/maven/maven-builder-support/3.9.6/maven-builder-support-3.9.6.jar (14 kB at 4.2 kB/s)
builder-1  | Downloading from papermc-repo: https://repo.papermc.io/repository/maven-public/org/apache/maven/resolver/maven-resolver-api/1.9.18/maven-resolver-api-1.9.18.jar
builder-1  | Progress (2): 4.6/24 MB | 287/587 kB
Progress (2): 4.6/24 MB | 303/587 kB
Progress (2): 4.6/24 MB | 319/587 kB
Progress (2): 4.6/24 MB | 336/587 kB
Progress (2): 4.6/24 MB | 336/587 kB
Progress (2): 4.6/24 MB | 352/587 kB
Progress (2): 4.6/24 MB | 352/587 kB
Progress (2): 4.6/24 MB | 352/587 kB
Progress (2): 4.6/24 MB | 369/587 kB
Progress (2): 4.6/24 MB | 385/587 kB
Progress (2): 4.6/24 MB | 401/587 kB
Progress (2): 4.6/24 MB | 401/587 kB
Progress (2): 4.7/24 MB | 401/587 kB
Progress (2): 4.7/24 MB | 418/587 kB
Progress (2): 4.7/24 MB | 434/587 kB
Progress (2): 4.7/24 MB | 434/587 kB
Progress (2): 4.7/24 MB | 434/587 kB
Progress (2): 4.7/24 MB | 451/587 kB
Progress (2): 4.7/24 MB | 467/587 kB
Progress (2): 4.7/24 MB | 483/587 kB
Progress (2): 4.7/24 MB | 483/587 kB
Progress (2): 4.7/24 MB | 483/587 kB
Progress (2): 4.7/24 MB | 483/587 kB
Progress (2): 4.7/24 MB | 500/587 kB
Progress (2): 4.8/24 MB | 500/587 kB
Progress (2): 4.8/24 MB | 500/587 kB
Progress (2): 4.8/24 MB | 516/587 kB
Progress (2): 4.8/24 MB | 516/587 kB
Progress (2): 4.8/24 MB | 532/587 kB
Progress (2): 4.8/24 MB | 532/587 kB
Progress (2): 4.8/24 MB | 532/587 kB
Progress (2): 4.8/24 MB | 549/587 kB
Progress (2): 4.8/24 MB | 549/587 kB
Progress (2): 4.9/24 MB | 549/587 kB
Progress (2): 4.9/24 MB | 565/587 kB
Progress (2): 4.9/24 MB | 565/587 kB
Progress (2): 4.9/24 MB | 582/587 kB
Progress (2): 4.9/24 MB | 587 kB    
Progress (2): 4.9/24 MB | 587 kB
Progress (2): 4.9/24 MB | 587 kB
Progress (2): 4.9/24 MB | 587 kB
                                
Downloaded from papermc-repo: https://repo.papermc.io/repository/maven-public/org/apache/commons/commons-lang3/3.12.0/commons-lang3-3.12.0.jar (587 kB at 169 kB/s)
builder-1  | Progress (1): 4.9/24 MB
                       
Downloading from papermc-repo: https://repo.papermc.io/repository/maven-public/org/apache/maven/resolver/maven-resolver-spi/1.9.18/maven-resolver-spi-1.9.18.jar
builder-1  | Progress (1): 5.0/24 MB
Progress (1): 5.0/24 MB
Progress (1): 5.0/24 MB
Progress (1): 5.0/24 MB
Progress (1): 5.0/24 MB
Progress (1): 5.0/24 MB
Progress (1): 5.0/24 MB
Progress (1): 5.1/24 MB
Progress (1): 5.1/24 MB
Progress (1): 5.1/24 MB
Progress (1): 5.1/24 MB
Progress (1): 5.1/24 MB
Progress (1): 5.1/24 MB
Progress (1): 5.2/24 MB
Progress (1): 5.2/24 MB
Progress (1): 5.2/24 MB
Progress (1): 5.2/24 MB
Progress (2): 5.2/24 MB | 7.0/425 kB
Progress (2): 5.2/24 MB | 15/425 kB 
Progress (2): 5.2/24 MB | 15/425 kB
Progress (2): 5.2/24 MB | 15/425 kB
Progress (2): 5.2/24 MB | 32/425 kB
Progress (2): 5.3/24 MB | 32/425 kB
Progress (2): 5.3/24 MB | 32/425 kB
Progress (2): 5.3/24 MB | 48/425 kB
Progress (2): 5.3/24 MB | 48/425 kB
Progress (2): 5.3/24 MB | 57/425 kB
Progress (2): 5.3/24 MB | 57/425 kB
Progress (2): 5.3/24 MB | 57/425 kB
Progress (2): 5.3/24 MB | 57/425 kB
Progress (2): 5.3/24 MB | 57/425 kB
Progress (2): 5.3/24 MB | 74/425 kB
Progress (2): 5.4/24 MB | 74/425 kB
Progress (2): 5.4/24 MB | 74/425 kB
Progress (2): 5.4/24 MB | 90/425 kB
Progress (2): 5.4/24 MB | 106/425 kB
Progress (2): 5.4/24 MB | 106/425 kB
Progress (2): 5.4/24 MB | 106/425 kB
Progress (2): 5.4/24 MB | 123/425 kB
Progress (2): 5.4/24 MB | 123/425 kB
Progress (2): 5.4/24 MB | 123/425 kB
Progress (2): 5.4/24 MB | 139/425 kB
Progress (2): 5.4/24 MB | 156/425 kB
Progress (2): 5.5/24 MB | 156/425 kB
Progress (2): 5.5/24 MB | 156/425 kB
Progress (2): 5.5/24 MB | 172/425 kB
Progress (2): 5.5/24 MB | 172/425 kB
Progress (2): 5.5/24 MB | 188/425 kB
Progress (2): 5.5/24 MB | 188/425 kB
Progress (2): 5.5/24 MB | 205/425 kB
Progress (2): 5.5/24 MB | 221/425 kB
Progress (2): 5.5/24 MB | 221/425 kB
Progress (2): 5.5/24 MB | 238/425 kB
Progress (2): 5.5/24 MB | 238/425 kB
Progress (2): 5.5/24 MB | 254/425 kB
Progress (2): 5.6/24 MB | 254/425 kB
Progress (2): 5.6/24 MB | 254/425 kB
Progress (2): 5.6/24 MB | 270/425 kB
Progress (2): 5.6/24 MB | 273/425 kB
Progress (2): 5.6/24 MB | 290/425 kB
Progress (2): 5.6/24 MB | 290/425 kB
Progress (2): 5.6/24 MB | 306/425 kB
Progress (2): 5.6/24 MB | 306/425 kB
Progress (2): 5.6/24 MB | 323/425 kB
Progress (2): 5.6/24 MB | 339/425 kB
Progress (2): 5.6/24 MB | 355/425 kB
Progress (2): 5.6/24 MB | 372/425 kB
Progress (2): 5.6/24 MB | 388/425 kB
Progress (2): 5.6/24 MB | 388/425 kB
Progress (2): 5.6/24 MB | 388/425 kB
Progress (2): 5.6/24 MB | 404/425 kB
Progress (2): 5.6/24 MB | 421/425 kB
Progress (2): 5.6/24 MB | 421/425 kB
Progress (2): 5.6/24 MB | 425 kB    
                                
Downloaded from papermc-repo: https://repo.papermc.io/repository/maven-public/org/eclipse/sisu/org.eclipse.sisu.inject/0.9.0.M2/org.eclipse.sisu.inject-0.9.0.M2.jar (425 kB at 119 kB/s)
builder-1  | Downloading from papermc-repo: https://repo.papermc.io/repository/maven-public/org/apache/maven/resolver/maven-resolver-util/1.9.18/maven-resolver-util-1.9.18.jar
builder-1  | Progress (1): 5.7/24 MB
Progress (1): 5.7/24 MB
Progress (1): 5.7/24 MB
Progress (1): 5.7/24 MB
Progress (1): 5.7/24 MB
Progress (1): 5.7/24 MB
Progress (1): 5.8/24 MB
Progress (1): 5.8/24 MB
Progress (1): 5.8/24 MB
Progress (1): 5.8/24 MB
Progress (1): 5.8/24 MB
Progress (1): 5.8/24 MB
Progress (1): 5.9/24 MB
Progress (1): 5.9/24 MB
Progress (1): 5.9/24 MB
Progress (1): 5.9/24 MB
Progress (1): 5.9/24 MB
Progress (1): 5.9/24 MB
Progress (1): 6.0/24 MB
Progress (1): 6.0/24 MB
Progress (1): 6.0/24 MB
Progress (1): 6.0/24 MB
Progress (1): 6.0/24 MB
Progress (1): 6.0/24 MB
Progress (1): 6.1/24 MB
Progress (1): 6.1/24 MB
Progress (1): 6.1/24 MB
Progress (1): 6.1/24 MB
Progress (1): 6.1/24 MB
Progress (1): 6.1/24 MB
Progress (1): 6.2/24 MB
Progress (1): 6.2/24 MB
Progress (1): 6.2/24 MB
Progress (1): 6.2/24 MB
Progress (1): 6.2/24 MB
Progress (1): 6.2/24 MB
Progress (1): 6.3/24 MB
Progress (1): 6.3/24 MB
Progress (1): 6.3/24 MB
Progress (1): 6.3/24 MB
Progress (1): 6.3/24 MB
Progress (1): 6.3/24 MB
Progress (1): 6.4/24 MB
Progress (1): 6.4/24 MB
Progress (1): 6.4/24 MB
Progress (1): 6.4/24 MB
Progress (1): 6.4/24 MB
Progress (1): 6.4/24 MB
Progress (1): 6.5/24 MB
Progress (1): 6.5/24 MB
Progress (1): 6.5/24 MB
Progress (1): 6.5/24 MB
Progress (1): 6.5/24 MB
Progress (1): 6.5/24 MB
Progress (1): 6.5/24 MB
Progress (1): 6.6/24 MB
Progress (1): 6.6/24 MB
Progress (1): 6.6/24 MB
Progress (1): 6.6/24 MB
Progress (1): 6.6/24 MB
Progress (1): 6.6/24 MB
Progress (1): 6.7/24 MB
Progress (1): 6.7/24 MB
Progress (1): 6.7/24 MB
Progress (1): 6.7/24 MB
Progress (1): 6.7/24 MB
Progress (1): 6.7/24 MB
Progress (1): 6.8/24 MB
Progress (1): 6.8/24 MB
Progress (1): 6.8/24 MB
Progress (1): 6.8/24 MB
Progress (1): 6.8/24 MB
Progress (1): 6.8/24 MB
Progress (1): 6.9/24 MB
Progress (1): 6.9/24 MB
Progress (1): 6.9/24 MB
Progress (1): 6.9/24 MB
Progress (1): 6.9/24 MB
Progress (1): 6.9/24 MB
Progress (1): 6.9/24 MB
Progress (1): 7.0/24 MB
Progress (1): 7.0/24 MB
Progress (1): 7.0/24 MB
Progress (1): 7.0/24 MB
Progress (1): 7.0/24 MB
Progress (1): 7.0/24 MB
Progress (1): 7.1/24 MB
Progress (1): 7.1/24 MB
Progress (1): 7.1/24 MB
Progress (1): 7.1/24 MB
Progress (1): 7.1/24 MB
Progress (1): 7.1/24 MB
Progress (1): 7.2/24 MB
Progress (1): 7.2/24 MB
Progress (1): 7.2/24 MB
Progress (1): 7.2/24 MB
Progress (1): 7.2/24 MB
Progress (1): 7.2/24 MB
Progress (1): 7.2/24 MB
Progress (1): 7.3/24 MB
Progress (1): 7.3/24 MB
Progress (1): 7.3/24 MB
Progress (1): 7.3/24 MB
Progress (1): 7.3/24 MB
Progress (1): 7.3/24 MB
Progress (1): 7.4/24 MB
Progress (1): 7.4/24 MB
Progress (1): 7.4/24 MB
Progress (1): 7.4/24 MB
Progress (1): 7.4/24 MB
Progress (1): 7.4/24 MB
Progress (1): 7.5/24 MB
Progress (1): 7.5/24 MB
Progress (1): 7.5/24 MB
Progress (1): 7.5/24 MB
Progress (1): 7.5/24 MB
Progress (1): 7.5/24 MB
Progress (1): 7.6/24 MB
Progress (1): 7.6/24 MB
Progress (1): 7.6/24 MB
Progress (1): 7.6/24 MB
Progress (1): 7.6/24 MB
Progress (1): 7.6/24 MB
Progress (1): 7.7/24 MB
Progress (1): 7.7/24 MB
Progress (1): 7.7/24 MB
Progress (1): 7.7/24 MB
Progress (1): 7.7/24 MB
Progress (1): 7.7/24 MB
Progress (1): 7.7/24 MB
Progress (1): 7.8/24 MB
Progress (1): 7.8/24 MB
Progress (1): 7.8/24 MB
Progress (1): 7.8/24 MB
Progress (1): 7.8/24 MB
Progress (1): 7.8/24 MB
Progress (1): 7.9/24 MB
Progress (1): 7.9/24 MB
Progress (1): 7.9/24 MB
Progress (1): 7.9/24 MB
Progress (1): 7.9/24 MB
Progress (1): 7.9/24 MB
Progress (1): 8.0/24 MB
Progress (1): 8.0/24 MB
Progress (1): 8.0/24 MB
Progress (1): 8.0/24 MB
Progress (1): 8.0/24 MB
Progress (1): 8.0/24 MB
Progress (1): 8.1/24 MB
Progress (1): 8.1/24 MB
Progress (1): 8.1/24 MB
Progress (1): 8.1/24 MB
Progress (1): 8.1/24 MB
Progress (1): 8.1/24 MB
Progress (1): 8.2/24 MB
Progress (1): 8.2/24 MB
Progress (1): 8.2/24 MB
Progress (1): 8.2/24 MB
Progress (1): 8.2/24 MB
Progress (1): 8.2/24 MB
Progress (1): 8.3/24 MB
Progress (1): 8.3/24 MB
Progress (1): 8.3/24 MB
Progress (1): 8.3/24 MB
Progress (1): 8.3/24 MB
Progress (1): 8.3/24 MB
Progress (1): 8.4/24 MB
Progress (1): 8.4/24 MB
Progress (1): 8.4/24 MB
Progress (1): 8.4/24 MB
Progress (1): 8.4/24 MB
Progress (1): 8.4/24 MB
Progress (1): 8.5/24 MB
Progress (1): 8.5/24 MB
Progress (1): 8.5/24 MB
Progress (1): 8.5/24 MB
Progress (1): 8.5/24 MB
Progress (1): 8.5/24 MB
Progress (1): 8.5/24 MB
Progress (1): 8.6/24 MB
Progress (1): 8.6/24 MB
Progress (1): 8.6/24 MB
Progress (1): 8.6/24 MB
Progress (1): 8.6/24 MB
Progress (1): 8.6/24 MB
Progress (1): 8.7/24 MB
Progress (1): 8.7/24 MB
Progress (1): 8.7/24 MB
Progress (1): 8.7/24 MB
Progress (1): 8.7/24 MB
Progress (1): 8.7/24 MB
Progress (1): 8.7/24 MB
Progress (1): 8.8/24 MB
Progress (1): 8.8/24 MB
Progress (1): 8.8/24 MB
Progress (1): 8.8/24 MB
Progress (1): 8.8/24 MB
Progress (1): 8.8/24 MB
Progress (1): 8.9/24 MB
Progress (1): 8.9/24 MB
Progress (1): 8.9/24 MB
Progress (1): 8.9/24 MB
Progress (1): 8.9/24 MB
Progress (1): 8.9/24 MB
Progress (1): 9.0/24 MB
Progress (1): 9.0/24 MB
Progress (1): 9.0/24 MB
Progress (1): 9.0/24 MB
Progress (2): 9.0/24 MB | 7.0/28 kB
Progress (2): 9.0/24 MB | 15/28 kB 
Progress (2): 9.0/24 MB | 15/28 kB
Progress (2): 9.0/24 MB | 15/28 kB
Progress (2): 9.0/24 MB | 25/28 kB
Progress (2): 9.0/24 MB | 28 kB   
Progress (2): 9.1/24 MB | 28 kB
Progress (2): 9.1/24 MB | 28 kB
Progress (2): 9.1/24 MB | 28 kB
Progress (2): 9.1/24 MB | 28 kB
Progress (2): 9.1/24 MB | 28 kB
Progress (2): 9.1/24 MB | 28 kB
Progress (2): 9.1/24 MB | 28 kB
                               
Downloaded from papermc-repo: https://repo.papermc.io/repository/maven-public/org/apache/maven/maven-repository-metadata/3.9.6/maven-repository-metadata-3.9.6.jar (28 kB at 7.4 kB/s)
builder-1  | Downloading from papermc-repo: https://repo.papermc.io/repository/maven-public/org/apache/maven/resolver/maven-resolver-impl/1.9.18/maven-resolver-impl-1.9.18.jar
builder-1  | Progress (1): 9.2/24 MB
Progress (1): 9.2/24 MB
Progress (1): 9.2/24 MB
Progress (1): 9.2/24 MB
Progress (1): 9.2/24 MB
Progress (1): 9.2/24 MB
Progress (1): 9.3/24 MB
Progress (1): 9.3/24 MB
Progress (1): 9.3/24 MB
Progress (1): 9.3/24 MB
Progress (1): 9.3/24 MB
Progress (1): 9.3/24 MB
Progress (1): 9.3/24 MB
Progress (1): 9.4/24 MB
Progress (1): 9.4/24 MB
Progress (1): 9.4/24 MB
Progress (1): 9.4/24 MB
Progress (1): 9.4/24 MB
Progress (1): 9.4/24 MB
Progress (1): 9.5/24 MB
Progress (1): 9.5/24 MB
Progress (1): 9.5/24 MB
Progress (1): 9.5/24 MB
Progress (1): 9.5/24 MB
Progress (1): 9.5/24 MB
Progress (1): 9.6/24 MB
Progress (1): 9.6/24 MB
Progress (1): 9.6/24 MB
Progress (2): 9.6/24 MB | 7.0/157 kB
Progress (2): 9.6/24 MB | 15/157 kB 
Progress (2): 9.6/24 MB | 15/157 kB
Progress (2): 9.6/24 MB | 25/157 kB
Progress (2): 9.6/24 MB | 25/157 kB
Progress (2): 9.6/24 MB | 25/157 kB
Progress (2): 9.6/24 MB | 25/157 kB
Progress (2): 9.6/24 MB | 41/157 kB
Progress (2): 9.7/24 MB | 41/157 kB
Progress (2): 9.7/24 MB | 41/157 kB
Progress (2): 9.7/24 MB | 41/157 kB
Progress (2): 9.7/24 MB | 57/157 kB
Progress (2): 9.7/24 MB | 57/157 kB
Progress (2): 9.7/24 MB | 74/157 kB
Progress (2): 9.7/24 MB | 90/157 kB
Progress (2): 9.7/24 MB | 90/157 kB
Progress (2): 9.7/24 MB | 106/157 kB
Progress (2): 9.7/24 MB | 123/157 kB
Progress (2): 9.7/24 MB | 123/157 kB
Progress (2): 9.8/24 MB | 123/157 kB
Progress (2): 9.8/24 MB | 139/157 kB
Progress (2): 9.8/24 MB | 139/157 kB
Progress (2): 9.8/24 MB | 156/157 kB
Progress (2): 9.8/24 MB | 157 kB    
Progress (2): 9.8/24 MB | 157 kB
                                
Downloaded from papermc-repo: https://repo.papermc.io/repository/maven-public/org/apache/maven/resolver/maven-resolver-api/1.9.18/maven-resolver-api-1.9.18.jar (157 kB at 40 kB/s)
builder-1  | Downloading from papermc-repo: https://repo.papermc.io/repository/maven-public/org/apache/maven/resolver/maven-resolver-named-locks/1.9.18/maven-resolver-named-locks-1.9.18.jar
builder-1  | Progress (1): 9.8/24 MB
Progress (1): 9.8/24 MB
Progress (1): 9.8/24 MB
Progress (1): 9.9/24 MB
Progress (1): 9.9/24 MB
Progress (1): 9.9/24 MB
Progress (1): 9.9/24 MB
Progress (1): 9.9/24 MB
Progress (1): 9.9/24 MB
Progress (1): 9.9/24 MB
Progress (1): 10.0/24 MB
Progress (1): 10.0/24 MB
Progress (1): 10.0/24 MB
Progress (1): 10/24 MB  
Progress (1): 10/24 MB
Progress (2): 10/24 MB | 7.0/52 kB
Progress (2): 10/24 MB | 15/52 kB 
Progress (2): 10/24 MB | 15/52 kB
Progress (2): 10/24 MB | 22/52 kB
Progress (2): 10/24 MB | 22/52 kB
Progress (2): 10/24 MB | 38/52 kB
Progress (2): 10/24 MB | 38/52 kB
Progress (2): 10/24 MB | 52 kB   
                              
Downloaded from papermc-repo: https://repo.papermc.io/repository/maven-public/org/apache/maven/resolver/maven-resolver-spi/1.9.18/maven-resolver-spi-1.9.18.jar (52 kB at 13 kB/s)
builder-1  | Downloading from papermc-repo: https://repo.papermc.io/repository/maven-public/org/codehaus/plexus/plexus-utils/3.5.1/plexus-utils-3.5.1.jar
builder-1  | Progress (1): 10/24 MB
Progress (1): 10/24 MB
Progress (1): 10/24 MB
Progress (1): 10/24 MB
Progress (1): 10/24 MB
Progress (1): 10/24 MB
Progress (1): 10/24 MB
Progress (1): 10/24 MB
Progress (1): 10/24 MB
Progress (1): 10/24 MB
Progress (1): 10/24 MB
Progress (1): 10/24 MB
Progress (1): 10/24 MB
Progress (1): 10/24 MB
Progress (1): 10/24 MB
Progress (1): 10/24 MB
Progress (1): 10/24 MB
Progress (1): 10/24 MB
Progress (1): 10/24 MB
Progress (1): 10/24 MB
Progress (1): 10/24 MB
Progress (1): 10/24 MB
Progress (1): 10/24 MB
Progress (1): 10/24 MB
Progress (1): 10/24 MB
Progress (1): 10/24 MB
Progress (1): 11/24 MB
Progress (1): 11/24 MB
Progress (1): 11/24 MB
Progress (1): 11/24 MB
Progress (1): 11/24 MB
Progress (1): 11/24 MB
Progress (1): 11/24 MB
Progress (1): 11/24 MB
Progress (1): 11/24 MB
Progress (1): 11/24 MB
Progress (1): 11/24 MB
Progress (2): 11/24 MB | 7.0/196 kB
Progress (2): 11/24 MB | 15/196 kB 
Progress (2): 11/24 MB | 15/196 kB
Progress (2): 11/24 MB | 25/196 kB
Progress (2): 11/24 MB | 25/196 kB
Progress (2): 11/24 MB | 25/196 kB
Progress (2): 11/24 MB | 41/196 kB
Progress (2): 11/24 MB | 41/196 kB
Progress (2): 11/24 MB | 41/196 kB
Progress (2): 11/24 MB | 57/196 kB
Progress (2): 11/24 MB | 57/196 kB
Progress (2): 11/24 MB | 74/196 kB
Progress (2): 11/24 MB | 74/196 kB
Progress (2): 11/24 MB | 74/196 kB
Progress (2): 11/24 MB | 74/196 kB
Progress (2): 11/24 MB | 74/196 kB
Progress (2): 11/24 MB | 74/196 kB
Progress (2): 11/24 MB | 90/196 kB
Progress (2): 11/24 MB | 90/196 kB
Progress (2): 11/24 MB | 106/196 kB
Progress (2): 11/24 MB | 106/196 kB
Progress (2): 11/24 MB | 123/196 kB
Progress (2): 11/24 MB | 123/196 kB
Progress (2): 11/24 MB | 139/196 kB
Progress (2): 11/24 MB | 139/196 kB
Progress (2): 11/24 MB | 156/196 kB
Progress (2): 11/24 MB | 156/196 kB
Progress (2): 11/24 MB | 156/196 kB
Progress (2): 11/24 MB | 156/196 kB
Progress (2): 11/24 MB | 156/196 kB
Progress (2): 11/24 MB | 172/196 kB
Progress (2): 11/24 MB | 172/196 kB
Progress (2): 11/24 MB | 188/196 kB
Progress (2): 11/24 MB | 196 kB    
                               
Downloaded from papermc-repo: https://repo.papermc.io/repository/maven-public/org/apache/maven/resolver/maven-resolver-util/1.9.18/maven-resolver-util-1.9.18.jar (196 kB at 48 kB/s)
builder-1  | Downloading from papermc-repo: https://repo.papermc.io/repository/maven-public/javax/inject/javax.inject/1/javax.inject-1.jar
builder-1  | Progress (1): 11/24 MB
Progress (1): 11/24 MB
Progress (1): 11/24 MB
Progress (1): 11/24 MB
Progress (1): 11/24 MB
Progress (1): 11/24 MB
Progress (1): 11/24 MB
Progress (1): 11/24 MB
Progress (1): 11/24 MB
Progress (1): 11/24 MB
Progress (1): 11/24 MB
Progress (1): 11/24 MB
Progress (2): 11/24 MB | 7.0/318 kB
Progress (2): 11/24 MB | 15/318 kB 
Progress (2): 11/24 MB | 25/318 kB
Progress (2): 11/24 MB | 25/318 kB
Progress (2): 11/24 MB | 25/318 kB
Progress (2): 11/24 MB | 25/318 kB
Progress (2): 11/24 MB | 41/318 kB
Progress (2): 11/24 MB | 41/318 kB
Progress (2): 11/24 MB | 57/318 kB
Progress (2): 11/24 MB | 57/318 kB
Progress (2): 11/24 MB | 74/318 kB
Progress (2): 11/24 MB | 74/318 kB
Progress (2): 11/24 MB | 90/318 kB
Progress (2): 11/24 MB | 90/318 kB
Progress (2): 11/24 MB | 106/318 kB
Progress (2): 11/24 MB | 123/318 kB
Progress (2): 11/24 MB | 123/318 kB
Progress (2): 11/24 MB | 123/318 kB
Progress (2): 11/24 MB | 139/318 kB
Progress (2): 11/24 MB | 139/318 kB
Progress (2): 11/24 MB | 156/318 kB
Progress (2): 11/24 MB | 172/318 kB
Progress (2): 11/24 MB | 172/318 kB
Progress (2): 11/24 MB | 188/318 kB
Progress (2): 11/24 MB | 188/318 kB
Progress (2): 11/24 MB | 205/318 kB
Progress (2): 11/24 MB | 205/318 kB
Progress (2): 11/24 MB | 205/318 kB
Progress (2): 11/24 MB | 221/318 kB
Progress (2): 11/24 MB | 221/318 kB
Progress (2): 11/24 MB | 221/318 kB
Progress (2): 11/24 MB | 221/318 kB
Progress (2): 11/24 MB | 221/318 kB
Progress (2): 11/24 MB | 238/318 kB
Progress (2): 11/24 MB | 254/318 kB
Progress (2): 11/24 MB | 254/318 kB
Progress (2): 11/24 MB | 254/318 kB
Progress (2): 12/24 MB | 254/318 kB
Progress (2): 12/24 MB | 254/318 kB
Progress (2): 12/24 MB | 254/318 kB
Progress (2): 12/24 MB | 270/318 kB
Progress (2): 12/24 MB | 270/318 kB
Progress (2): 12/24 MB | 270/318 kB
Progress (2): 12/24 MB | 270/318 kB
Progress (2): 12/24 MB | 270/318 kB
Progress (2): 12/24 MB | 270/318 kB
Progress (2): 12/24 MB | 287/318 kB
Progress (2): 12/24 MB | 287/318 kB
Progress (2): 12/24 MB | 287/318 kB
Progress (2): 12/24 MB | 287/318 kB
Progress (2): 12/24 MB | 287/318 kB
Progress (2): 12/24 MB | 287/318 kB
Progress (2): 12/24 MB | 287/318 kB
Progress (2): 12/24 MB | 287/318 kB
Progress (2): 12/24 MB | 287/318 kB
Progress (2): 12/24 MB | 287/318 kB
Progress (2): 12/24 MB | 287/318 kB
Progress (2): 12/24 MB | 303/318 kB
Progress (2): 12/24 MB | 303/318 kB
Progress (2): 12/24 MB | 303/318 kB
Progress (2): 12/24 MB | 303/318 kB
Progress (2): 12/24 MB | 318 kB    
                               
Downloaded from papermc-repo: https://repo.papermc.io/repository/maven-public/org/apache/maven/resolver/maven-resolver-impl/1.9.18/maven-resolver-impl-1.9.18.jar (318 kB at 75 kB/s)
builder-1  | Downloading from papermc-repo: https://repo.papermc.io/repository/maven-public/net/kyori/adventure-api/4.17.0/adventure-api-4.17.0.jar
builder-1  | Progress (1): 12/24 MB
Progress (1): 12/24 MB
Progress (1): 12/24 MB
Progress (1): 12/24 MB
Progress (1): 12/24 MB
Progress (1): 12/24 MB
Progress (1): 12/24 MB
Progress (1): 12/24 MB
Progress (1): 12/24 MB
Progress (1): 12/24 MB
Progress (1): 12/24 MB
Progress (1): 12/24 MB
Progress (1): 12/24 MB
Progress (1): 12/24 MB
Progress (1): 12/24 MB
Progress (1): 12/24 MB
Progress (1): 12/24 MB
Progress (1): 12/24 MB
Progress (1): 12/24 MB
Progress (1): 12/24 MB
Progress (1): 12/24 MB
Progress (1): 12/24 MB
Progress (1): 12/24 MB
Progress (1): 12/24 MB
Progress (1): 12/24 MB
Progress (1): 12/24 MB
Progress (1): 12/24 MB
Progress (1): 12/24 MB
Progress (1): 12/24 MB
Progress (1): 12/24 MB
Progress (1): 12/24 MB
Progress (1): 12/24 MB
Progress (1): 12/24 MB
Progress (1): 12/24 MB
Progress (1): 12/24 MB
Progress (1): 12/24 MB
Progress (1): 12/24 MB
Progress (1): 12/24 MB
Progress (1): 12/24 MB
Progress (1): 12/24 MB
Progress (1): 12/24 MB
Progress (1): 12/24 MB
Progress (1): 13/24 MB
Progress (1): 13/24 MB
Progress (1): 13/24 MB
Progress (1): 13/24 MB
Progress (1): 13/24 MB
Progress (1): 13/24 MB
Progress (1): 13/24 MB
Progress (1): 13/24 MB
Progress (1): 13/24 MB
Progress (1): 13/24 MB
Progress (1): 13/24 MB
Progress (1): 13/24 MB
Progress (1): 13/24 MB
Progress (1): 13/24 MB
Progress (1): 13/24 MB
Progress (1): 13/24 MB
Progress (1): 13/24 MB
Progress (1): 13/24 MB
Progress (1): 13/24 MB
Progress (1): 13/24 MB
Progress (1): 13/24 MB
Progress (1): 13/24 MB
Progress (1): 13/24 MB
Progress (1): 13/24 MB
Progress (1): 13/24 MB
Progress (1): 13/24 MB
Progress (1): 13/24 MB
Progress (1): 13/24 MB
Progress (1): 13/24 MB
Progress (1): 13/24 MB
Progress (1): 13/24 MB
Progress (1): 13/24 MB
Progress (1): 13/24 MB
Progress (1): 13/24 MB
Progress (1): 13/24 MB
Progress (1): 13/24 MB
Progress (1): 13/24 MB
Progress (1): 13/24 MB
Progress (1): 13/24 MB
Progress (1): 13/24 MB
Progress (1): 13/24 MB
Progress (1): 13/24 MB
Progress (1): 13/24 MB
Progress (1): 13/24 MB
Progress (1): 13/24 MB
Progress (1): 13/24 MB
Progress (1): 13/24 MB
Progress (1): 13/24 MB
Progress (1): 13/24 MB
Progress (1): 13/24 MB
Progress (1): 13/24 MB
Progress (1): 13/24 MB
Progress (1): 13/24 MB
Progress (1): 13/24 MB
Progress (1): 13/24 MB
Progress (1): 13/24 MB
Progress (1): 13/24 MB
Progress (1): 13/24 MB
Progress (1): 13/24 MB
Progress (1): 13/24 MB
Progress (1): 13/24 MB
Progress (1): 13/24 MB
Progress (1): 13/24 MB
Progress (1): 14/24 MB
Progress (1): 14/24 MB
Progress (1): 14/24 MB
Progress (1): 14/24 MB
Progress (1): 14/24 MB
Progress (1): 14/24 MB
Progress (1): 14/24 MB
Progress (1): 14/24 MB
Progress (1): 14/24 MB
Progress (2): 14/24 MB | 2.5 kB
Progress (2): 14/24 MB | 2.5 kB
                               
Downloaded from papermc-repo: https://repo.papermc.io/repository/maven-public/javax/inject/javax.inject/1/javax.inject-1.jar (2.5 kB at 568 B/s)
builder-1  | Downloading from papermc-repo: https://repo.papermc.io/repository/maven-public/net/kyori/adventure-key/4.17.0/adventure-key-4.17.0.jar
builder-1  | Progress (1): 14/24 MB
Progress (1): 14/24 MB
Progress (1): 14/24 MB
Progress (1): 14/24 MB
Progress (1): 14/24 MB
Progress (1): 14/24 MB
Progress (1): 14/24 MB
Progress (1): 14/24 MB
Progress (1): 14/24 MB
Progress (1): 14/24 MB
Progress (1): 14/24 MB
Progress (1): 14/24 MB
Progress (1): 14/24 MB
Progress (1): 14/24 MB
Progress (1): 14/24 MB
Progress (1): 14/24 MB
Progress (1): 14/24 MB
Progress (1): 14/24 MB
Progress (1): 14/24 MB
Progress (1): 14/24 MB
Progress (1): 14/24 MB
Progress (1): 14/24 MB
Progress (1): 14/24 MB
Progress (1): 14/24 MB
Progress (1): 14/24 MB
Progress (1): 14/24 MB
Progress (1): 14/24 MB
Progress (1): 14/24 MB
Progress (1): 14/24 MB
Progress (1): 14/24 MB
Progress (1): 14/24 MB
Progress (1): 14/24 MB
Progress (1): 14/24 MB
Progress (1): 14/24 MB
Progress (1): 14/24 MB
Progress (1): 14/24 MB
Progress (1): 14/24 MB
Progress (1): 14/24 MB
Progress (1): 14/24 MB
Progress (1): 14/24 MB
Progress (1): 14/24 MB
Progress (1): 14/24 MB
Progress (1): 14/24 MB
Progress (1): 14/24 MB
Progress (1): 14/24 MB
Progress (1): 14/24 MB
Progress (1): 14/24 MB
Progress (1): 14/24 MB
Progress (1): 14/24 MB
Progress (1): 14/24 MB
Progress (1): 14/24 MB
Progress (1): 14/24 MB
Progress (1): 14/24 MB
Progress (1): 14/24 MB
Progress (1): 14/24 MB
Progress (1): 15/24 MB
Progress (1): 15/24 MB
Progress (1): 15/24 MB
Progress (1): 15/24 MB
Progress (1): 15/24 MB
Progress (1): 15/24 MB
Progress (1): 15/24 MB
Progress (1): 15/24 MB
Progress (1): 15/24 MB
Progress (1): 15/24 MB
Progress (1): 15/24 MB
Progress (2): 15/24 MB | 7.0/38 kB
Progress (2): 15/24 MB | 15/38 kB 
Progress (2): 15/24 MB | 15/38 kB
Progress (2): 15/24 MB | 25/38 kB
Progress (2): 15/24 MB | 25/38 kB
Progress (2): 15/24 MB | 38 kB   
Progress (2): 15/24 MB | 38 kB
                              
Downloaded from papermc-repo: https://repo.papermc.io/repository/maven-public/org/apache/maven/resolver/maven-resolver-named-locks/1.9.18/maven-resolver-named-locks-1.9.18.jar (38 kB at 8.4 kB/s)
builder-1  | Downloading from papermc-repo: https://repo.papermc.io/repository/maven-public/net/kyori/examination-api/1.3.0/examination-api-1.3.0.jar
builder-1  | Progress (1): 15/24 MB
Progress (1): 15/24 MB
Progress (1): 15/24 MB
Progress (1): 15/24 MB
Progress (1): 15/24 MB
Progress (1): 15/24 MB
Progress (1): 15/24 MB
Progress (1): 15/24 MB
Progress (1): 15/24 MB
Progress (1): 15/24 MB
Progress (1): 15/24 MB
Progress (1): 15/24 MB
Progress (1): 15/24 MB
Progress (1): 15/24 MB
Progress (1): 15/24 MB
Progress (1): 15/24 MB
Progress (1): 15/24 MB
Progress (2): 15/24 MB | 7.1/269 kB
Progress (2): 15/24 MB | 15/269 kB 
Progress (2): 15/24 MB | 25/269 kB
Progress (2): 15/24 MB | 25/269 kB
Progress (2): 15/24 MB | 25/269 kB
Progress (2): 15/24 MB | 41/269 kB
Progress (2): 15/24 MB | 41/269 kB
Progress (2): 15/24 MB | 41/269 kB
Progress (2): 15/24 MB | 57/269 kB
Progress (2): 15/24 MB | 57/269 kB
Progress (2): 15/24 MB | 74/269 kB
Progress (2): 15/24 MB | 90/269 kB
Progress (2): 15/24 MB | 90/269 kB
Progress (2): 15/24 MB | 106/269 kB
Progress (2): 15/24 MB | 106/269 kB
Progress (2): 15/24 MB | 123/269 kB
Progress (2): 15/24 MB | 123/269 kB
Progress (2): 15/24 MB | 123/269 kB
Progress (2): 15/24 MB | 123/269 kB
Progress (2): 15/24 MB | 139/269 kB
Progress (2): 15/24 MB | 156/269 kB
Progress (2): 15/24 MB | 156/269 kB
Progress (2): 15/24 MB | 156/269 kB
Progress (2): 15/24 MB | 172/269 kB
Progress (2): 15/24 MB | 188/269 kB
Progress (2): 15/24 MB | 205/269 kB
Progress (2): 15/24 MB | 221/269 kB
Progress (2): 15/24 MB | 221/269 kB
Progress (2): 15/24 MB | 221/269 kB
Progress (2): 15/24 MB | 238/269 kB
Progress (2): 15/24 MB | 254/269 kB
Progress (2): 15/24 MB | 269 kB    
Progress (2): 15/24 MB | 269 kB
Progress (2): 15/24 MB | 269 kB
                               
Downloaded from papermc-repo: https://repo.papermc.io/repository/maven-public/org/codehaus/plexus/plexus-utils/3.5.1/plexus-utils-3.5.1.jar (269 kB at 59 kB/s)
builder-1  | Downloading from papermc-repo: https://repo.papermc.io/repository/maven-public/net/kyori/examination-string/1.3.0/examination-string-1.3.0.jar
builder-1  | Progress (1): 15/24 MB
Progress (1): 15/24 MB
Progress (1): 15/24 MB
Progress (1): 15/24 MB
Progress (1): 15/24 MB
Progress (1): 15/24 MB
Progress (1): 15/24 MB
Progress (1): 15/24 MB
Progress (1): 15/24 MB
Progress (1): 15/24 MB
Progress (1): 15/24 MB
Progress (1): 15/24 MB
Progress (1): 15/24 MB
Progress (1): 15/24 MB
Progress (1): 15/24 MB
Progress (1): 16/24 MB
Progress (1): 16/24 MB
Progress (1): 16/24 MB
Progress (1): 16/24 MB
Progress (1): 16/24 MB
Progress (1): 16/24 MB
Progress (1): 16/24 MB
Progress (1): 16/24 MB
Progress (1): 16/24 MB
Progress (1): 16/24 MB
Progress (1): 16/24 MB
Progress (1): 16/24 MB
Progress (1): 16/24 MB
Progress (1): 16/24 MB
Progress (1): 16/24 MB
Progress (1): 16/24 MB
Progress (1): 16/24 MB
Progress (1): 16/24 MB
Progress (1): 16/24 MB
Progress (1): 16/24 MB
Progress (1): 16/24 MB
Progress (1): 16/24 MB
Progress (1): 16/24 MB
Progress (1): 16/24 MB
Progress (1): 16/24 MB
Progress (1): 16/24 MB
Progress (1): 16/24 MB
Progress (1): 16/24 MB
Progress (1): 16/24 MB
Progress (1): 16/24 MB
Progress (1): 16/24 MB
Progress (1): 16/24 MB
Progress (1): 16/24 MB
Progress (1): 16/24 MB
Progress (1): 16/24 MB
Progress (1): 16/24 MB
Progress (1): 16/24 MB
Progress (1): 16/24 MB
Progress (1): 16/24 MB
Progress (1): 16/24 MB
Progress (1): 16/24 MB
Progress (1): 16/24 MB
Progress (1): 16/24 MB
Progress (1): 16/24 MB
Progress (1): 16/24 MB
Progress (1): 16/24 MB
Progress (1): 16/24 MB
Progress (1): 16/24 MB
Progress (1): 16/24 MB
Progress (1): 16/24 MB
Progress (1): 16/24 MB
Progress (1): 16/24 MB
Progress (1): 16/24 MB
Progress (1): 16/24 MB
Progress (1): 16/24 MB
Progress (1): 16/24 MB
Progress (1): 16/24 MB
Progress (1): 16/24 MB
Progress (1): 16/24 MB
Progress (1): 16/24 MB
Progress (1): 16/24 MB
Progress (1): 16/24 MB
Progress (1): 17/24 MB
Progress (1): 17/24 MB
Progress (1): 17/24 MB
Progress (1): 17/24 MB
Progress (1): 17/24 MB
Progress (1): 17/24 MB
Progress (1): 17/24 MB
Progress (1): 17/24 MB
Progress (1): 17/24 MB
Progress (1): 17/24 MB
Progress (1): 17/24 MB
Progress (1): 17/24 MB
Progress (1): 17/24 MB
Progress (1): 17/24 MB
Progress (1): 17/24 MB
Progress (1): 17/24 MB
Progress (1): 17/24 MB
Progress (1): 17/24 MB
Progress (1): 17/24 MB
Progress (1): 17/24 MB
Progress (1): 17/24 MB
Progress (1): 17/24 MB
Progress (1): 17/24 MB
Progress (1): 17/24 MB
Progress (1): 17/24 MB
Progress (1): 17/24 MB
Progress (1): 17/24 MB
Progress (1): 17/24 MB
Progress (1): 17/24 MB
Progress (1): 17/24 MB
Progress (1): 17/24 MB
Progress (1): 17/24 MB
Progress (1): 17/24 MB
Progress (1): 17/24 MB
Progress (1): 17/24 MB
Progress (1): 17/24 MB
Progress (1): 17/24 MB
Progress (1): 17/24 MB
Progress (1): 17/24 MB
Progress (1): 17/24 MB
Progress (1): 17/24 MB
Progress (1): 17/24 MB
Progress (1): 17/24 MB
Progress (1): 17/24 MB
Progress (1): 17/24 MB
Progress (1): 17/24 MB
Progress (1): 17/24 MB
Progress (1): 17/24 MB
Progress (1): 17/24 MB
Progress (1): 17/24 MB
Progress (1): 17/24 MB
Progress (1): 17/24 MB
Progress (1): 17/24 MB
Progress (1): 17/24 MB
Progress (1): 17/24 MB
Progress (1): 17/24 MB
Progress (1): 17/24 MB
Progress (1): 17/24 MB
Progress (1): 17/24 MB
Progress (1): 17/24 MB
Progress (1): 17/24 MB
Progress (1): 17/24 MB
Progress (1): 17/24 MB
Progress (1): 17/24 MB
Progress (1): 18/24 MB
Progress (1): 18/24 MB
Progress (1): 18/24 MB
Progress (1): 18/24 MB
Progress (1): 18/24 MB
Progress (1): 18/24 MB
Progress (1): 18/24 MB
Progress (1): 18/24 MB
Progress (1): 18/24 MB
Progress (1): 18/24 MB
Progress (1): 18/24 MB
Progress (1): 18/24 MB
Progress (1): 18/24 MB
Progress (1): 18/24 MB
Progress (1): 18/24 MB
Progress (1): 18/24 MB
Progress (1): 18/24 MB
Progress (1): 18/24 MB
Progress (1): 18/24 MB
Progress (1): 18/24 MB
Progress (1): 18/24 MB
Progress (1): 18/24 MB
Progress (1): 18/24 MB
Progress (1): 18/24 MB
Progress (1): 18/24 MB
Progress (1): 18/24 MB
Progress (1): 18/24 MB
Progress (1): 18/24 MB
Progress (1): 18/24 MB
Progress (1): 18/24 MB
Progress (1): 18/24 MB
Progress (1): 18/24 MB
Progress (1): 18/24 MB
Progress (1): 18/24 MB
Progress (1): 18/24 MB
Progress (1): 18/24 MB
Progress (1): 18/24 MB
Progress (1): 18/24 MB
Progress (1): 18/24 MB
Progress (1): 18/24 MB
Progress (1): 18/24 MB
Progress (1): 18/24 MB
Progress (1): 18/24 MB
Progress (1): 18/24 MB
Progress (1): 18/24 MB
Progress (1): 18/24 MB
Progress (1): 18/24 MB
Progress (1): 18/24 MB
Progress (1): 18/24 MB
Progress (1): 18/24 MB
Progress (1): 18/24 MB
Progress (1): 18/24 MB
Progress (1): 18/24 MB
Progress (1): 18/24 MB
Progress (1): 18/24 MB
Progress (1): 18/24 MB
Progress (1): 18/24 MB
Progress (1): 18/24 MB
Progress (1): 18/24 MB
Progress (1): 18/24 MB
Progress (1): 18/24 MB
Progress (1): 18/24 MB
Progress (1): 18/24 MB
Progress (1): 19/24 MB
Progress (1): 19/24 MB
Progress (1): 19/24 MB
Progress (1): 19/24 MB
Progress (1): 19/24 MB
Progress (1): 19/24 MB
Progress (1): 19/24 MB
Progress (1): 19/24 MB
Progress (1): 19/24 MB
Progress (1): 19/24 MB
Progress (1): 19/24 MB
Progress (1): 19/24 MB
Progress (1): 19/24 MB
Progress (1): 19/24 MB
Progress (1): 19/24 MB
Progress (1): 19/24 MB
Progress (1): 19/24 MB
Progress (1): 19/24 MB
Progress (1): 19/24 MB
Progress (1): 19/24 MB
Progress (1): 19/24 MB
Progress (1): 19/24 MB
Progress (1): 19/24 MB
Progress (1): 19/24 MB
Progress (1): 19/24 MB
Progress (1): 19/24 MB
Progress (1): 19/24 MB
Progress (1): 19/24 MB
Progress (1): 19/24 MB
Progress (1): 19/24 MB
Progress (1): 19/24 MB
Progress (1): 19/24 MB
Progress (1): 19/24 MB
Progress (1): 19/24 MB
Progress (1): 19/24 MB
Progress (1): 19/24 MB
Progress (1): 19/24 MB
Progress (1): 19/24 MB
Progress (1): 19/24 MB
Progress (1): 19/24 MB
Progress (1): 19/24 MB
Progress (1): 19/24 MB
Progress (1): 19/24 MB
Progress (1): 19/24 MB
Progress (1): 19/24 MB
Progress (1): 19/24 MB
Progress (1): 19/24 MB
Progress (1): 19/24 MB
Progress (1): 19/24 MB
Progress (1): 19/24 MB
Progress (1): 19/24 MB
Progress (1): 19/24 MB
Progress (1): 19/24 MB
Progress (1): 19/24 MB
Progress (1): 19/24 MB
Progress (1): 19/24 MB
Progress (1): 19/24 MB
Progress (1): 19/24 MB
Progress (1): 19/24 MB
Progress (1): 19/24 MB
Progress (1): 19/24 MB
Progress (1): 19/24 MB
Progress (1): 20/24 MB
Progress (1): 20/24 MB
Progress (1): 20/24 MB
Progress (1): 20/24 MB
Progress (1): 20/24 MB
Progress (1): 20/24 MB
Progress (1): 20/24 MB
Progress (1): 20/24 MB
Progress (1): 20/24 MB
Progress (1): 20/24 MB
Progress (1): 20/24 MB
Progress (1): 20/24 MB
Progress (1): 20/24 MB
Progress (1): 20/24 MB
Progress (1): 20/24 MB
Progress (1): 20/24 MB
Progress (1): 20/24 MB
Progress (1): 20/24 MB
Progress (1): 20/24 MB
Progress (1): 20/24 MB
Progress (1): 20/24 MB
Progress (1): 20/24 MB
Progress (1): 20/24 MB
Progress (1): 20/24 MB
Progress (1): 20/24 MB
Progress (1): 20/24 MB
Progress (1): 20/24 MB
Progress (1): 20/24 MB
Progress (1): 20/24 MB
Progress (1): 20/24 MB
Progress (1): 20/24 MB
Progress (1): 20/24 MB
Progress (1): 20/24 MB
Progress (1): 20/24 MB
Progress (1): 20/24 MB
Progress (1): 20/24 MB
Progress (1): 20/24 MB
Progress (1): 20/24 MB
Progress (1): 20/24 MB
Progress (1): 20/24 MB
Progress (1): 20/24 MB
Progress (1): 20/24 MB
Progress (1): 20/24 MB
Progress (1): 20/24 MB
Progress (1): 20/24 MB
Progress (1): 20/24 MB
Progress (1): 20/24 MB
Progress (1): 20/24 MB
Progress (1): 20/24 MB
Progress (1): 20/24 MB
Progress (1): 20/24 MB
Progress (1): 20/24 MB
Progress (1): 20/24 MB
Progress (1): 20/24 MB
Progress (1): 20/24 MB
Progress (1): 20/24 MB
Progress (1): 20/24 MB
Progress (1): 20/24 MB
Progress (1): 20/24 MB
Progress (1): 20/24 MB
Progress (1): 20/24 MB
Progress (1): 21/24 MB
Progress (1): 21/24 MB
Progress (1): 21/24 MB
Progress (1): 21/24 MB
Progress (1): 21/24 MB
Progress (1): 21/24 MB
Progress (1): 21/24 MB
Progress (1): 21/24 MB
Progress (1): 21/24 MB
Progress (1): 21/24 MB
Progress (1): 21/24 MB
Progress (1): 21/24 MB
Progress (1): 21/24 MB
Progress (1): 21/24 MB
Progress (1): 21/24 MB
Progress (1): 21/24 MB
Progress (1): 21/24 MB
Progress (1): 21/24 MB
Progress (1): 21/24 MB
Progress (1): 21/24 MB
Progress (2): 21/24 MB | 5.5/11 kB
Progress (2): 21/24 MB | 5.5/11 kB
Progress (2): 21/24 MB | 11 kB    
Progress (2): 21/24 MB | 11 kB
                              
Downloaded from papermc-repo: https://repo.papermc.io/repository/maven-public/net/kyori/adventure-key/4.17.0/adventure-key-4.17.0.jar (11 kB at 2.3 kB/s)
builder-1  | Downloading from papermc-repo: https://repo.papermc.io/repository/maven-public/net/kyori/adventure-text-minimessage/4.17.0/adventure-text-minimessage-4.17.0.jar
builder-1  | Progress (1): 21/24 MB
Progress (1): 21/24 MB
Progress (1): 21/24 MB
Progress (1): 21/24 MB
Progress (1): 21/24 MB
Progress (1): 21/24 MB
Progress (1): 21/24 MB
Progress (1): 21/24 MB
Progress (1): 21/24 MB
Progress (1): 21/24 MB
Progress (1): 21/24 MB
Progress (1): 21/24 MB
Progress (1): 21/24 MB
Progress (1): 21/24 MB
Progress (1): 21/24 MB
Progress (1): 21/24 MB
Progress (1): 21/24 MB
Progress (1): 21/24 MB
Progress (1): 21/24 MB
Progress (1): 21/24 MB
Progress (1): 21/24 MB
Progress (1): 21/24 MB
Progress (1): 21/24 MB
Progress (1): 21/24 MB
Progress (1): 21/24 MB
Progress (1): 21/24 MB
Progress (1): 21/24 MB
Progress (1): 21/24 MB
Progress (1): 21/24 MB
Progress (1): 21/24 MB
Progress (1): 21/24 MB
Progress (1): 21/24 MB
Progress (1): 21/24 MB
Progress (1): 21/24 MB
Progress (1): 21/24 MB
Progress (1): 21/24 MB
Progress (1): 21/24 MB
Progress (1): 21/24 MB
Progress (1): 21/24 MB
Progress (1): 21/24 MB
Progress (1): 22/24 MB
Progress (1): 22/24 MB
Progress (1): 22/24 MB
Progress (1): 22/24 MB
Progress (1): 22/24 MB
Progress (1): 22/24 MB
Progress (1): 22/24 MB
Progress (1): 22/24 MB
Progress (1): 22/24 MB
Progress (1): 22/24 MB
Progress (1): 22/24 MB
Progress (1): 22/24 MB
Progress (1): 22/24 MB
Progress (1): 22/24 MB
Progress (1): 22/24 MB
Progress (1): 22/24 MB
Progress (1): 22/24 MB
Progress (1): 22/24 MB
Progress (1): 22/24 MB
Progress (1): 22/24 MB
Progress (1): 22/24 MB
Progress (1): 22/24 MB
Progress (1): 22/24 MB
Progress (1): 22/24 MB
Progress (1): 22/24 MB
Progress (1): 22/24 MB
Progress (1): 22/24 MB
Progress (1): 22/24 MB
Progress (1): 22/24 MB
Progress (2): 22/24 MB | 5.5/23 kB
Progress (2): 22/24 MB | 5.5/23 kB
Progress (2): 22/24 MB | 22/23 kB 
Progress (2): 22/24 MB | 23 kB   
                              
Downloaded from papermc-repo: https://repo.papermc.io/repository/maven-public/net/kyori/examination-api/1.3.0/examination-api-1.3.0.jar (23 kB at 4.7 kB/s)
builder-1  | Downloading from papermc-repo: https://repo.papermc.io/repository/maven-public/net/kyori/adventure-text-serializer-gson/4.17.0/adventure-text-serializer-gson-4.17.0.jar
builder-1  | Progress (1): 22/24 MB
Progress (1): 22/24 MB
Progress (1): 22/24 MB
Progress (2): 22/24 MB | 16/397 kB
Progress (2): 22/24 MB | 16/397 kB
Progress (2): 22/24 MB | 25/397 kB
Progress (2): 22/24 MB | 41/397 kB
Progress (2): 22/24 MB | 41/397 kB
Progress (2): 22/24 MB | 41/397 kB
Progress (2): 22/24 MB | 57/397 kB
Progress (2): 22/24 MB | 57/397 kB
Progress (2): 22/24 MB | 57/397 kB
Progress (2): 22/24 MB | 57/397 kB
Progress (2): 22/24 MB | 57/397 kB
Progress (2): 22/24 MB | 74/397 kB
Progress (2): 22/24 MB | 74/397 kB
Progress (2): 22/24 MB | 74/397 kB
Progress (2): 22/24 MB | 74/397 kB
Progress (2): 22/24 MB | 90/397 kB
Progress (2): 22/24 MB | 90/397 kB
Progress (2): 22/24 MB | 106/397 kB
Progress (2): 22/24 MB | 106/397 kB
Progress (2): 22/24 MB | 106/397 kB
Progress (2): 22/24 MB | 123/397 kB
Progress (2): 22/24 MB | 127/397 kB
Progress (2): 22/24 MB | 127/397 kB
Progress (2): 22/24 MB | 127/397 kB
Progress (2): 22/24 MB | 127/397 kB
Progress (2): 22/24 MB | 127/397 kB
Progress (2): 22/24 MB | 127/397 kB
Progress (2): 22/24 MB | 127/397 kB
Progress (2): 22/24 MB | 127/397 kB
Progress (2): 22/24 MB | 127/397 kB
Progress (2): 22/24 MB | 127/397 kB
Progress (2): 22/24 MB | 127/397 kB
Progress (2): 22/24 MB | 127/397 kB
Progress (2): 22/24 MB | 127/397 kB
Progress (2): 22/24 MB | 144/397 kB
Progress (2): 22/24 MB | 144/397 kB
Progress (2): 22/24 MB | 144/397 kB
Progress (2): 22/24 MB | 160/397 kB
Progress (2): 22/24 MB | 160/397 kB
Progress (2): 23/24 MB | 160/397 kB
Progress (2): 23/24 MB | 160/397 kB
Progress (2): 23/24 MB | 160/397 kB
Progress (2): 23/24 MB | 160/397 kB
Progress (2): 23/24 MB | 176/397 kB
Progress (2): 23/24 MB | 176/397 kB
Progress (3): 23/24 MB | 176/397 kB | 7.1/13 kB
Progress (3): 23/24 MB | 176/397 kB | 13 kB    
                                           
Downloaded from papermc-repo: https://repo.papermc.io/repository/maven-public/net/kyori/examination-string/1.3.0/examination-string-1.3.0.jar (13 kB at 2.6 kB/s)
builder-1  | Downloading from papermc-repo: https://repo.papermc.io/repository/maven-public/net/kyori/adventure-text-serializer-json/4.17.0/adventure-text-serializer-json-4.17.0.jar
builder-1  | Progress (2): 23/24 MB | 176/397 kB
Progress (2): 23/24 MB | 176/397 kB
Progress (2): 23/24 MB | 176/397 kB
Progress (2): 23/24 MB | 176/397 kB
Progress (2): 23/24 MB | 193/397 kB
Progress (2): 23/24 MB | 193/397 kB
Progress (2): 23/24 MB | 193/397 kB
Progress (2): 23/24 MB | 209/397 kB
Progress (2): 23/24 MB | 209/397 kB
Progress (2): 23/24 MB | 209/397 kB
Progress (2): 23/24 MB | 226/397 kB
Progress (2): 23/24 MB | 242/397 kB
Progress (2): 23/24 MB | 242/397 kB
Progress (2): 23/24 MB | 258/397 kB
Progress (2): 23/24 MB | 258/397 kB
Progress (2): 23/24 MB | 258/397 kB
Progress (2): 23/24 MB | 258/397 kB
Progress (2): 23/24 MB | 258/397 kB
Progress (2): 23/24 MB | 275/397 kB
Progress (2): 23/24 MB | 275/397 kB
Progress (2): 23/24 MB | 291/397 kB
Progress (2): 23/24 MB | 307/397 kB
Progress (2): 23/24 MB | 307/397 kB
Progress (2): 23/24 MB | 307/397 kB
Progress (2): 23/24 MB | 307/397 kB
Progress (2): 23/24 MB | 307/397 kB
Progress (2): 23/24 MB | 324/397 kB
Progress (2): 23/24 MB | 340/397 kB
Progress (2): 23/24 MB | 340/397 kB
Progress (2): 23/24 MB | 340/397 kB
Progress (2): 23/24 MB | 340/397 kB
Progress (2): 23/24 MB | 357/397 kB
Progress (2): 23/24 MB | 357/397 kB
Progress (2): 23/24 MB | 373/397 kB
Progress (2): 23/24 MB | 373/397 kB
Progress (2): 23/24 MB | 373/397 kB
Progress (2): 23/24 MB | 373/397 kB
Progress (2): 23/24 MB | 373/397 kB
Progress (2): 23/24 MB | 373/397 kB
Progress (2): 23/24 MB | 373/397 kB
Progress (2): 23/24 MB | 389/397 kB
Progress (2): 23/24 MB | 397 kB    
                               
Downloaded from papermc-repo: https://repo.papermc.io/repository/maven-public/net/kyori/adventure-api/4.17.0/adventure-api-4.17.0.jar (397 kB at 77 kB/s)
builder-1  | Downloading from papermc-repo: https://repo.papermc.io/repository/maven-public/net/kyori/option/1.0.0/option-1.0.0.jar
builder-1  | Progress (1): 23/24 MB
Progress (1): 23/24 MB
Progress (1): 23/24 MB
Progress (1): 23/24 MB
Progress (1): 23/24 MB
Progress (1): 23/24 MB
Progress (1): 23/24 MB
Progress (1): 23/24 MB
Progress (1): 23/24 MB
Progress (1): 23/24 MB
Progress (1): 23/24 MB
Progress (1): 23/24 MB
Progress (1): 23/24 MB
Progress (1): 23/24 MB
Progress (1): 23/24 MB
Progress (1): 23/24 MB
Progress (1): 23/24 MB
Progress (1): 23/24 MB
Progress (1): 23/24 MB
Progress (1): 23/24 MB
Progress (1): 23/24 MB
Progress (1): 23/24 MB
Progress (1): 23/24 MB
Progress (1): 23/24 MB
Progress (1): 23/24 MB
Progress (1): 23/24 MB
Progress (1): 23/24 MB
Progress (1): 23/24 MB
Progress (1): 24/24 MB
Progress (1): 24/24 MB
Progress (1): 24/24 MB
Progress (1): 24/24 MB
Progress (1): 24 MB   
                   
Downloaded from papermc-repo: https://repo.papermc.io/repository/maven-public/it/unimi/dsi/fastutil/8.5.6/fastutil-8.5.6.jar (24 MB at 4.5 MB/s)
builder-1  | Downloading from papermc-repo: https://repo.papermc.io/repository/maven-public/com/google/auto/service/auto-service-annotations/1.1.1/auto-service-annotations-1.1.1.jar
builder-1  | Progress (1): 7.1/13 kB
Progress (1): 13 kB    
                   
Downloaded from papermc-repo: https://repo.papermc.io/repository/maven-public/net/kyori/option/1.0.0/option-1.0.0.jar (13 kB at 2.5 kB/s)
builder-1  | Downloading from papermc-repo: https://repo.papermc.io/repository/maven-public/net/kyori/adventure-text-serializer-legacy/4.17.0/adventure-text-serializer-legacy-4.17.0.jar
builder-1  | Progress (1): 7.0/161 kB
Progress (1): 15/161 kB 
Progress (1): 25/161 kB
Progress (1): 41/161 kB
Progress (1): 57/161 kB
Progress (1): 74/161 kB
Progress (1): 90/161 kB
Progress (1): 106/161 kB
Progress (1): 123/161 kB
Progress (1): 139/161 kB
Progress (1): 156/161 kB
Progress (1): 161 kB    
                    
Downloaded from papermc-repo: https://repo.papermc.io/repository/maven-public/net/kyori/adventure-text-minimessage/4.17.0/adventure-text-minimessage-4.17.0.jar (161 kB at 29 kB/s)
builder-1  | Downloading from papermc-repo: https://repo.papermc.io/repository/maven-public/net/kyori/adventure-text-serializer-plain/4.17.0/adventure-text-serializer-plain-4.17.0.jar
builder-1  | Progress (1): 7.0/55 kB
Progress (1): 15/55 kB 
Progress (1): 25/55 kB
Progress (1): 41/55 kB
Progress (1): 55 kB   
                   
Downloaded from papermc-repo: https://repo.papermc.io/repository/maven-public/net/kyori/adventure-text-serializer-gson/4.17.0/adventure-text-serializer-gson-4.17.0.jar (55 kB at 9.9 kB/s)
builder-1  | Downloading from papermc-repo: https://repo.papermc.io/repository/maven-public/net/kyori/adventure-text-logger-slf4j/4.17.0/adventure-text-logger-slf4j-4.17.0.jar
builder-1  | Progress (1): 7.0/14 kB
Progress (1): 14 kB    
                   
Downloaded from papermc-repo: https://repo.papermc.io/repository/maven-public/net/kyori/adventure-text-serializer-json/4.17.0/adventure-text-serializer-json-4.17.0.jar (14 kB at 2.5 kB/s)
builder-1  | Downloading from papermc-repo: https://repo.papermc.io/repository/maven-public/org/checkerframework/checker-qual/3.33.0/checker-qual-3.33.0.jar
builder-1  | Progress (1): 7.0/29 kB
Progress (1): 15/29 kB 
Progress (1): 25/29 kB
Progress (1): 29 kB   
                   
Downloaded from papermc-repo: https://repo.papermc.io/repository/maven-public/net/kyori/adventure-text-serializer-legacy/4.17.0/adventure-text-serializer-legacy-4.17.0.jar (29 kB at 5.2 kB/s)
builder-1  | Downloading from papermc-repo: https://repo.papermc.io/repository/maven-public/org/ow2/asm/asm/9.7/asm-9.7.jar
builder-1  | Progress (1): 3.2 kB
                    
Downloaded from papermc-repo: https://repo.papermc.io/repository/maven-public/com/google/auto/service/auto-service-annotations/1.1.1/auto-service-annotations-1.1.1.jar (3.2 kB at 557 B/s)
builder-1  | Downloading from papermc-repo: https://repo.papermc.io/repository/maven-public/org/ow2/asm/asm-commons/9.7/asm-commons-9.7.jar
builder-1  | Progress (1): 7.0/20 kB
Progress (1): 8.2/20 kB
Progress (1): 20 kB    
                   
Downloaded from papermc-repo: https://repo.papermc.io/repository/maven-public/net/kyori/adventure-text-logger-slf4j/4.17.0/adventure-text-logger-slf4j-4.17.0.jar (20 kB at 3.4 kB/s)
builder-1  | Downloading from papermc-repo: https://repo.papermc.io/repository/maven-public/org/ow2/asm/asm-tree/9.7/asm-tree-9.7.jar
builder-1  | Progress (1): 7.0/13 kB
Progress (1): 13 kB    
                   
Downloaded from papermc-repo: https://repo.papermc.io/repository/maven-public/net/kyori/adventure-text-serializer-plain/4.17.0/adventure-text-serializer-plain-4.17.0.jar (13 kB at 2.2 kB/s)
builder-1  | Downloading from papermc-repo: https://repo.papermc.io/repository/maven-public/com/comphenix/protocol/ProtocolLib/5.3.0/ProtocolLib-5.3.0.jar
builder-1  | Progress (1): 7.1/224 kB
Progress (1): 15/224 kB 
Progress (1): 25/224 kB
Progress (1): 41/224 kB
Progress (1): 57/224 kB
Progress (1): 74/224 kB
Progress (1): 90/224 kB
Progress (1): 106/224 kB
Progress (1): 123/224 kB
Progress (1): 139/224 kB
Progress (1): 156/224 kB
Progress (1): 172/224 kB
Progress (1): 188/224 kB
Progress (1): 205/224 kB
Progress (1): 221/224 kB
Progress (1): 224 kB    
                    
Downloaded from papermc-repo: https://repo.papermc.io/repository/maven-public/org/checkerframework/checker-qual/3.33.0/checker-qual-3.33.0.jar (224 kB at 36 kB/s)
builder-1  | Downloading from papermc-repo: https://repo.papermc.io/repository/maven-public/net/bytebuddy/byte-buddy/1.15.1/byte-buddy-1.15.1.jar
builder-1  | Progress (1): 5.6/125 kB
Progress (1): 22/125 kB 
Progress (1): 38/125 kB
Progress (1): 55/125 kB
Progress (1): 71/125 kB
Progress (1): 88/125 kB
Progress (1): 104/125 kB
Progress (1): 120/125 kB
Progress (1): 125 kB    
                    
Downloaded from papermc-repo: https://repo.papermc.io/repository/maven-public/org/ow2/asm/asm/9.7/asm-9.7.jar (125 kB at 20 kB/s)
builder-1  | Downloading from papermc-repo: https://repo.papermc.io/repository/maven-public/me/clip/placeholderapi/2.11.5/placeholderapi-2.11.5.jar
builder-1  | Downloading from papermc-repo: https://repo.papermc.io/repository/maven-public/org/jetbrains/annotations/23.0.0/annotations-23.0.0.jar
builder-1  | Progress (1): 7.1/73 kB
Progress (1): 15/73 kB 
Progress (1): 22/73 kB
Progress (1): 38/73 kB
Progress (1): 55/73 kB
Progress (1): 71/73 kB
Progress (1): 73 kB   
                   
Downloaded from papermc-repo: https://repo.papermc.io/repository/maven-public/org/ow2/asm/asm-commons/9.7/asm-commons-9.7.jar (73 kB at 12 kB/s)
builder-1  | Downloading from papermc-repo: https://repo.papermc.io/repository/maven-public/org/bstats/bstats-bukkit/3.0.1/bstats-bukkit-3.0.1.jar
builder-1  | Progress (1): 7.1/52 kB
Progress (1): 15/52 kB 
Progress (1): 25/52 kB
Progress (1): 41/52 kB
Progress (1): 52 kB   
                   
Downloaded from papermc-repo: https://repo.papermc.io/repository/maven-public/org/ow2/asm/asm-tree/9.7/asm-tree-9.7.jar (52 kB at 8.2 kB/s)
builder-1  | Downloading from papermc-repo: https://repo.papermc.io/repository/maven-public/org/bstats/bstats-base/3.0.1/bstats-base-3.0.1.jar
builder-1  | Progress (1): 0/4.2 MB
Progress (1): 0/4.2 MB
Progress (1): 0/4.2 MB
Progress (1): 0.1/4.2 MB
Progress (1): 0.1/4.2 MB
Progress (1): 0.1/4.2 MB
Progress (2): 0.1/4.2 MB | 7.1/29 kB
Progress (2): 0.1/4.2 MB | 15/29 kB 
Progress (2): 0.1/4.2 MB | 15/29 kB
Progress (2): 0.1/4.2 MB | 22/29 kB
Progress (2): 0.1/4.2 MB | 29 kB   
                                
Downloaded from papermc-repo: https://repo.papermc.io/repository/maven-public/org/jetbrains/annotations/23.0.0/annotations-23.0.0.jar (29 kB at 4.5 kB/s)
builder-1  | Downloading from papermc-repo: https://repo.papermc.io/repository/maven-public/net/kyori/adventure-platform-bukkit/4.3.1/adventure-platform-bukkit-4.3.1.jar
builder-1  | Progress (1): 0.1/4.2 MB
Progress (1): 0.1/4.2 MB
Progress (1): 0.2/4.2 MB
Progress (1): 0.2/4.2 MB
Progress (1): 0.2/4.2 MB
Progress (1): 0.2/4.2 MB
Progress (1): 0.2/4.2 MB
Progress (1): 0.2/4.2 MB
Progress (1): 0.3/4.2 MB
Progress (1): 0.3/4.2 MB
Progress (1): 0.3/4.2 MB
Progress (1): 0.3/4.2 MB
Progress (1): 0.3/4.2 MB
Progress (1): 0.3/4.2 MB
Progress (1): 0.4/4.2 MB
Progress (1): 0.4/4.2 MB
Progress (1): 0.4/4.2 MB
Progress (1): 0.4/4.2 MB
Progress (1): 0.4/4.2 MB
Progress (1): 0.4/4.2 MB
Progress (1): 0.5/4.2 MB
Progress (1): 0.5/4.2 MB
Progress (1): 0.5/4.2 MB
Progress (1): 0.5/4.2 MB
Progress (1): 0.5/4.2 MB
Progress (1): 0.5/4.2 MB
Progress (1): 0.6/4.2 MB
Progress (1): 0.6/4.2 MB
Progress (1): 0.6/4.2 MB
Progress (1): 0.6/4.2 MB
Progress (1): 0.6/4.2 MB
Progress (2): 0.6/4.2 MB | 4.1 kB
                                 
Downloaded from papermc-repo: https://repo.papermc.io/repository/maven-public/org/bstats/bstats-bukkit/3.0.1/bstats-bukkit-3.0.1.jar (4.1 kB at 602 B/s)
builder-1  | Downloading from papermc-repo: https://repo.papermc.io/repository/maven-public/net/kyori/adventure-platform-api/4.3.1/adventure-platform-api-4.3.1.jar
builder-1  | Progress (1): 0.6/4.2 MB
Progress (1): 0.7/4.2 MB
Progress (1): 0.7/4.2 MB
                        
Downloading from papermc-repo: https://repo.papermc.io/repository/maven-public/net/kyori/adventure-text-serializer-bungeecord/4.3.1/adventure-text-serializer-bungeecord-4.3.1.jar
builder-1  | Progress (1): 0.7/4.2 MB
Progress (1): 0.7/4.2 MB
Progress (1): 0.7/4.2 MB
Progress (1): 0.7/4.2 MB
Progress (1): 0.8/4.2 MB
Progress (1): 0.8/4.2 MB
Progress (1): 0.8/4.2 MB
Progress (1): 0.8/4.2 MB
Progress (1): 0.8/4.2 MB
Progress (1): 0.8/4.2 MB
Progress (2): 0.8/4.2 MB | 5.5/22 kB
Progress (3): 0.8/4.2 MB | 5.5/22 kB | 8.2/126 kB
Progress (3): 0.9/4.2 MB | 5.5/22 kB | 8.2/126 kB
Progress (3): 0.9/4.2 MB | 5.5/22 kB | 16/126 kB 
Progress (3): 0.9/4.2 MB | 5.5/22 kB | 16/126 kB
Progress (3): 0.9/4.2 MB | 5.5/22 kB | 16/126 kB
Progress (3): 0.9/4.2 MB | 5.5/22 kB | 33/126 kB
Progress (3): 0.9/4.2 MB | 22 kB | 33/126 kB    
                                            
Downloaded from papermc-repo: https://repo.papermc.io/repository/maven-public/org/bstats/bstats-base/3.0.1/bstats-base-3.0.1.jar (22 kB at 3.2 kB/s)
builder-1  | Downloading from papermc-repo: https://repo.papermc.io/repository/maven-public/net/kyori/adventure-nbt/4.13.1/adventure-nbt-4.13.1.jar
builder-1  | Progress (2): 0.9/4.2 MB | 33/126 kB
Progress (2): 0.9/4.2 MB | 49/126 kB
Progress (2): 0.9/4.2 MB | 66/126 kB
Progress (2): 0.9/4.2 MB | 82/126 kB
Progress (2): 0.9/4.2 MB | 82/126 kB
Progress (2): 0.9/4.2 MB | 98/126 kB
Progress (2): 0.9/4.2 MB | 115/126 kB
Progress (2): 0.9/4.2 MB | 115/126 kB
Progress (2): 0.9/4.2 MB | 126 kB    
                                 
Downloaded from papermc-repo: https://repo.papermc.io/repository/maven-public/net/kyori/adventure-platform-bukkit/4.3.1/adventure-platform-bukkit-4.3.1.jar (126 kB at 18 kB/s)
builder-1  | Downloading from papermc-repo: https://repo.papermc.io/repository/maven-public/net/kyori/adventure-text-serializer-gson-legacy-impl/4.13.1/adventure-text-serializer-gson-legacy-impl-4.13.1.jar
builder-1  | Progress (1): 1.0/4.2 MB
Progress (1): 1.0/4.2 MB
Progress (1): 1.0/4.2 MB
Progress (1): 1.0/4.2 MB
Progress (1): 1.0/4.2 MB
Progress (1): 1.0/4.2 MB
Progress (1): 1.0/4.2 MB
Progress (1): 1.1/4.2 MB
Progress (1): 1.1/4.2 MB
Progress (1): 1.1/4.2 MB
Progress (1): 1.1/4.2 MB
Progress (1): 1.1/4.2 MB
Progress (1): 1.1/4.2 MB
Progress (1): 1.2/4.2 MB
Progress (1): 1.2/4.2 MB
Progress (1): 1.2/4.2 MB
Progress (1): 1.2/4.2 MB
Progress (1): 1.2/4.2 MB
Progress (1): 1.2/4.2 MB
Progress (1): 1.3/4.2 MB
Progress (1): 1.3/4.2 MB
Progress (1): 1.3/4.2 MB
Progress (1): 1.3/4.2 MB
Progress (1): 1.3/4.2 MB
Progress (1): 1.3/4.2 MB
Progress (1): 1.4/4.2 MB
Progress (1): 1.4/4.2 MB
Progress (1): 1.4/4.2 MB
Progress (1): 1.4/4.2 MB
Progress (1): 1.4/4.2 MB
Progress (1): 1.4/4.2 MB
Progress (1): 1.5/4.2 MB
Progress (1): 1.5/4.2 MB
Progress (1): 1.5/4.2 MB
Progress (1): 1.5/4.2 MB
Progress (1): 1.5/4.2 MB
Progress (1): 1.5/4.2 MB
Progress (1): 1.6/4.2 MB
Progress (1): 1.6/4.2 MB
Progress (1): 1.6/4.2 MB
Progress (1): 1.6/4.2 MB
Progress (1): 1.6/4.2 MB
Progress (1): 1.6/4.2 MB
Progress (1): 1.7/4.2 MB
Progress (2): 1.7/4.2 MB | 2.5 kB
                                 
Downloaded from papermc-repo: https://repo.papermc.io/repository/maven-public/net/kyori/adventure-platform-api/4.3.1/adventure-platform-api-4.3.1.jar (2.5 kB at 357 B/s)
builder-1  | Downloading from papermc-repo: https://repo.papermc.io/repository/maven-public/net/kyori/adventure-platform-facet/4.3.1/adventure-platform-facet-4.3.1.jar
builder-1  | Progress (1): 1.7/4.2 MB
Progress (1): 1.7/4.2 MB
Progress (1): 1.7/4.2 MB
Progress (1): 1.7/4.2 MB
Progress (1): 1.7/4.2 MB
Progress (1): 1.8/4.2 MB
Progress (1): 1.8/4.2 MB
Progress (1): 1.8/4.2 MB
Progress (1): 1.8/4.2 MB
Progress (1): 1.8/4.2 MB
Progress (1): 1.8/4.2 MB
Progress (1): 1.9/4.2 MB
Progress (1): 1.9/4.2 MB
Progress (1): 1.9/4.2 MB
Progress (1): 1.9/4.2 MB
Progress (1): 1.9/4.2 MB
Progress (1): 1.9/4.2 MB
Progress (1): 1.9/4.2 MB
Progress (1): 2.0/4.2 MB
Progress (1): 2.0/4.2 MB
Progress (1): 2.0/4.2 MB
Progress (1): 2.0/4.2 MB
Progress (1): 2.0/4.2 MB
Progress (1): 2.0/4.2 MB
Progress (1): 2.1/4.2 MB
Progress (1): 2.1/4.2 MB
Progress (1): 2.1/4.2 MB
Progress (1): 2.1/4.2 MB
Progress (1): 2.1/4.2 MB
Progress (1): 2.1/4.2 MB
Progress (1): 2.2/4.2 MB
Progress (1): 2.2/4.2 MB
Progress (1): 2.2/4.2 MB
Progress (1): 2.2/4.2 MB
Progress (1): 2.2/4.2 MB
Progress (1): 2.2/4.2 MB
Progress (1): 2.3/4.2 MB
Progress (1): 2.3/4.2 MB
Progress (1): 2.3/4.2 MB
Progress (1): 2.3/4.2 MB
Progress (1): 2.3/4.2 MB
Progress (1): 2.3/4.2 MB
Progress (1): 2.4/4.2 MB
Progress (1): 2.4/4.2 MB
Progress (1): 2.4/4.2 MB
Progress (1): 2.4/4.2 MB
Progress (1): 2.4/4.2 MB
Progress (1): 2.4/4.2 MB
Progress (1): 2.5/4.2 MB
Progress (1): 2.5/4.2 MB
Progress (1): 2.5/4.2 MB
Progress (1): 2.5/4.2 MB
Progress (1): 2.5/4.2 MB
Progress (1): 2.5/4.2 MB
Progress (1): 2.6/4.2 MB
Progress (1): 2.6/4.2 MB
Progress (1): 2.6/4.2 MB
Progress (1): 2.6/4.2 MB
Progress (1): 2.6/4.2 MB
Progress (1): 2.6/4.2 MB
Progress (1): 2.7/4.2 MB
Progress (1): 2.7/4.2 MB
Progress (1): 2.7/4.2 MB
Progress (1): 2.7/4.2 MB
Progress (1): 2.7/4.2 MB
Progress (1): 2.7/4.2 MB
Progress (1): 2.8/4.2 MB
Progress (1): 2.8/4.2 MB
Progress (1): 2.8/4.2 MB
Progress (1): 2.8/4.2 MB
Progress (1): 2.8/4.2 MB
Progress (1): 2.8/4.2 MB
Progress (1): 2.9/4.2 MB
Progress (1): 2.9/4.2 MB
Progress (1): 2.9/4.2 MB
Progress (1): 2.9/4.2 MB
Progress (1): 2.9/4.2 MB
Progress (1): 2.9/4.2 MB
Progress (1): 2.9/4.2 MB
Progress (1): 3.0/4.2 MB
Progress (1): 3.0/4.2 MB
Progress (1): 3.0/4.2 MB
Progress (1): 3.0/4.2 MB
Progress (1): 3.0/4.2 MB
Progress (1): 3.0/4.2 MB
Progress (1): 3.1/4.2 MB
Progress (1): 3.1/4.2 MB
Progress (1): 3.1/4.2 MB
Progress (1): 3.1/4.2 MB
Progress (1): 3.1/4.2 MB
Progress (1): 3.1/4.2 MB
Progress (1): 3.2/4.2 MB
Progress (1): 3.2/4.2 MB
Progress (1): 3.2/4.2 MB
Progress (1): 3.2/4.2 MB
Progress (1): 3.2/4.2 MB
Progress (1): 3.2/4.2 MB
Progress (2): 3.2/4.2 MB | 8.2/9.6 kB
Progress (2): 3.2/4.2 MB | 9.6 kB    
                                 
Downloaded from papermc-repo: https://repo.papermc.io/repository/maven-public/net/kyori/adventure-text-serializer-bungeecord/4.3.1/adventure-text-serializer-bungeecord-4.3.1.jar (9.6 kB at 1.3 kB/s)
builder-1  | Downloading from papermc-repo: https://repo.papermc.io/repository/maven-public/net/kyori/adventure-platform-viaversion/4.3.1/adventure-platform-viaversion-4.3.1.jar
builder-1  | Progress (1): 3.3/4.2 MB
Progress (1): 3.3/4.2 MB
Progress (1): 3.3/4.2 MB
Progress (1): 3.3/4.2 MB
Progress (1): 3.3/4.2 MB
Progress (1): 3.3/4.2 MB
Progress (1): 3.4/4.2 MB
Progress (1): 3.4/4.2 MB
Progress (2): 3.4/4.2 MB | 7.1/93 kB
Progress (2): 3.4/4.2 MB | 15/93 kB 
Progress (2): 3.4/4.2 MB | 32/93 kB
Progress (2): 3.4/4.2 MB | 32/93 kB
Progress (2): 3.4/4.2 MB | 32/93 kB
Progress (2): 3.4/4.2 MB | 48/93 kB
Progress (2): 3.4/4.2 MB | 48/93 kB
Progress (2): 3.4/4.2 MB | 57/93 kB
Progress (2): 3.4/4.2 MB | 57/93 kB
Progress (2): 3.5/4.2 MB | 57/93 kB
Progress (2): 3.5/4.2 MB | 74/93 kB
Progress (2): 3.5/4.2 MB | 90/93 kB
Progress (2): 3.5/4.2 MB | 90/93 kB
Progress (2): 3.5/4.2 MB | 93 kB   
Progress (2): 3.5/4.2 MB | 93 kB
Progress (2): 3.5/4.2 MB | 93 kB
Progress (3): 3.5/4.2 MB | 93 kB | 4.9 kB
                                         
Downloaded from papermc-repo: https://repo.papermc.io/repository/maven-public/net/kyori/adventure-nbt/4.13.1/adventure-nbt-4.13.1.jar (93 kB at 13 kB/s)
builder-1  | Downloading from papermc-repo: https://repo.papermc.io/repository/maven-public/us/dynmap/dynmap-api/3.0-SNAPSHOT/dynmap-api-3.0-SNAPSHOT.jar
builder-1  | Downloaded from papermc-repo: https://repo.papermc.io/repository/maven-public/net/kyori/adventure-text-serializer-gson-legacy-impl/4.13.1/adventure-text-serializer-gson-legacy-impl-4.13.1.jar (4.9 kB at 666 B/s)
builder-1  | Downloading from papermc-repo: https://repo.papermc.io/repository/maven-public/org/bukkit/bukkit/1.7.10-R0.1-SNAPSHOT/bukkit-1.7.10-R0.1-SNAPSHOT.jar
builder-1  | Progress (1): 3.5/4.2 MB
Progress (1): 3.5/4.2 MB
Progress (1): 3.6/4.2 MB
Progress (1): 3.6/4.2 MB
Progress (1): 3.6/4.2 MB
Progress (1): 3.6/4.2 MB
Progress (1): 3.6/4.2 MB
Progress (1): 3.6/4.2 MB
Progress (1): 3.7/4.2 MB
Progress (1): 3.7/4.2 MB
Progress (1): 3.7/4.2 MB
Progress (1): 3.7/4.2 MB
Progress (1): 3.7/4.2 MB
Progress (1): 3.7/4.2 MB
Progress (1): 3.8/4.2 MB
Progress (1): 3.8/4.2 MB
Progress (1): 3.8/4.2 MB
Progress (1): 3.8/4.2 MB
Progress (1): 3.8/4.2 MB
Progress (1): 3.8/4.2 MB
Progress (1): 3.9/4.2 MB
Progress (1): 3.9/4.2 MB
Progress (1): 3.9/4.2 MB
Progress (1): 3.9/4.2 MB
Progress (1): 3.9/4.2 MB
Progress (1): 3.9/4.2 MB
Progress (1): 3.9/4.2 MB
Progress (1): 4.0/4.2 MB
Progress (1): 4.0/4.2 MB
Progress (1): 4.0/4.2 MB
Progress (1): 4.0/4.2 MB
Progress (1): 4.0/4.2 MB
Progress (1): 4.0/4.2 MB
Progress (1): 4.1/4.2 MB
Progress (1): 4.1/4.2 MB
Progress (1): 4.1/4.2 MB
Progress (1): 4.1/4.2 MB
Progress (1): 4.1/4.2 MB
Progress (1): 4.1/4.2 MB
Progress (1): 4.2/4.2 MB
Progress (1): 4.2/4.2 MB
Progress (1): 4.2/4.2 MB
Progress (1): 4.2/4.2 MB
Progress (1): 4.2/4.2 MB
Progress (1): 4.2 MB    
                    
Downloaded from papermc-repo: https://repo.papermc.io/repository/maven-public/net/bytebuddy/byte-buddy/1.15.1/byte-buddy-1.15.1.jar (4.2 MB at 559 kB/s)
builder-1  | Downloading from papermc-repo: https://repo.papermc.io/repository/maven-public/us/dynmap/DynmapCoreAPI/3.0-SNAPSHOT/DynmapCoreAPI-3.0-SNAPSHOT.jar
builder-1  | Progress (1): 7.0/43 kB
Progress (1): 15/43 kB 
Progress (1): 22/43 kB
Progress (1): 38/43 kB
Progress (1): 43 kB   
                   
Downloaded from papermc-repo: https://repo.papermc.io/repository/maven-public/net/kyori/adventure-platform-facet/4.3.1/adventure-platform-facet-4.3.1.jar (43 kB at 5.6 kB/s)
builder-1  | Downloading from papermc-repo: https://repo.papermc.io/repository/maven-public/net/essentialsx/EssentialsX/2.20.1/EssentialsX-2.20.1.jar
builder-1  | Progress (1): 7.0/20 kB
Progress (1): 15/20 kB 
Progress (1): 20 kB   
                   
Downloaded from papermc-repo: https://repo.papermc.io/repository/maven-public/net/kyori/adventure-platform-viaversion/4.3.1/adventure-platform-viaversion-4.3.1.jar (20 kB at 2.6 kB/s)
builder-1  | Downloading from papermc-repo: https://repo.papermc.io/repository/maven-public/io/papermc/paperlib/1.0.6/paperlib-1.0.6.jar
builder-1  | Downloading from papermc-repo: https://repo.papermc.io/repository/maven-public/net/essentialsx/BaseProviders/2.20.1/BaseProviders-2.20.1.jar
builder-1  | Downloading from papermc-repo: https://repo.papermc.io/repository/maven-public/net/essentialsx/PaperProvider/2.20.1/PaperProvider-2.20.1.jar
builder-1  | Downloading from papermc-repo: https://repo.papermc.io/repository/maven-public/net/essentialsx/NMSReflectionProvider/2.20.1/NMSReflectionProvider-2.20.1.jar
builder-1  | Progress (1): 7.2/23 kB
Progress (1): 15/23 kB 
Progress (1): 22/23 kB
Progress (1): 23 kB   
                   
Downloaded from papermc-repo: https://repo.papermc.io/repository/maven-public/io/papermc/paperlib/1.0.6/paperlib-1.0.6.jar (23 kB at 2.7 kB/s)
builder-1  | Downloading from papermc-repo: https://repo.papermc.io/repository/maven-public/net/essentialsx/1_8Provider/2.20.1/1_8Provider-2.20.1.jar
builder-1  | Downloading from papermc-repo: https://repo.papermc.io/repository/maven-public/net/essentialsx/1_12Provider/2.20.1/1_12Provider-2.20.1.jar
builder-1  | Downloading from papermc-repo: https://repo.papermc.io/repository/maven-public/org/spongepowered/configurate-yaml/4.1.2/configurate-yaml-4.1.2.jar
builder-1  | Downloading from papermc-repo: https://repo.papermc.io/repository/maven-public/org/spongepowered/configurate-core/4.1.2/configurate-core-4.1.2.jar
builder-1  | Downloading from papermc-repo: https://repo.papermc.io/repository/maven-public/io/leangen/geantyref/geantyref/1.3.11/geantyref-1.3.11.jar
builder-1  | Downloading from papermc-repo: https://repo.papermc.io/repository/maven-public/de/maxhenkel/voicechat/voicechat-api/2.5.0/voicechat-api-2.5.0.jar
builder-1  | Progress (1): 7.0/27 kB
Progress (1): 15/27 kB 
Progress (1): 22/27 kB
Progress (1): 27 kB   
                   
Downloaded from papermc-repo: https://repo.papermc.io/repository/maven-public/org/spongepowered/configurate-yaml/4.1.2/configurate-yaml-4.1.2.jar (27 kB at 2.9 kB/s)
builder-1  | Downloading from papermc-repo: https://repo.papermc.io/repository/maven-public/com/github/NEZNAMY/TAB-API/5.0.4/TAB-API-5.0.4.jar
builder-1  | Downloading from papermc-repo: https://repo.papermc.io/repository/maven-public/com/discordsrv/discordsrv/1.29.0/discordsrv-1.29.0.jar
builder-1  | Progress (1): 7.0/326 kB
Progress (1): 15/326 kB 
Progress (1): 25/326 kB
Progress (1): 41/326 kB
Progress (1): 57/326 kB
Progress (1): 74/326 kB
Progress (1): 90/326 kB
Progress (1): 106/326 kB
Progress (1): 123/326 kB
Progress (1): 139/326 kB
Progress (1): 156/326 kB
Progress (1): 172/326 kB
Progress (1): 188/326 kB
Progress (1): 205/326 kB
Progress (1): 221/326 kB
Progress (1): 238/326 kB
Progress (1): 254/326 kB
Progress (1): 270/326 kB
Progress (1): 287/326 kB
Progress (1): 303/326 kB
Progress (1): 319/326 kB
Progress (1): 326 kB    
                    
Downloaded from papermc-repo: https://repo.papermc.io/repository/maven-public/org/spongepowered/configurate-core/4.1.2/configurate-core-4.1.2.jar (326 kB at 35 kB/s)
builder-1  | Downloading from papermc-repo: https://repo.papermc.io/repository/maven-public/com/zaxxer/HikariCP/5.1.0/HikariCP-5.1.0.jar
builder-1  | Progress (1): 7.1/69 kB
Progress (1): 15/69 kB 
Progress (1): 25/69 kB
Progress (1): 41/69 kB
Progress (1): 57/69 kB
Progress (1): 69 kB   
                   
Downloaded from papermc-repo: https://repo.papermc.io/repository/maven-public/io/leangen/geantyref/geantyref/1.3.11/geantyref-1.3.11.jar (69 kB at 7.2 kB/s)
builder-1  | Downloading from papermc-repo: https://repo.papermc.io/repository/maven-public/redis/clients/jedis/5.1.0/jedis-5.1.0.jar
builder-1  | Downloading from papermc-repo: https://repo.papermc.io/repository/maven-public/org/apache/commons/commons-pool2/2.12.0/commons-pool2-2.12.0.jar
builder-1  | Progress (1): 7.1/162 kB
Progress (1): 15/162 kB 
Progress (1): 25/162 kB
Progress (1): 41/162 kB
Progress (1): 57/162 kB
Progress (1): 74/162 kB
Progress (1): 90/162 kB
Progress (1): 106/162 kB
Progress (1): 123/162 kB
Progress (1): 139/162 kB
Progress (1): 156/162 kB
Progress (1): 162 kB    
                    
Downloaded from papermc-repo: https://repo.papermc.io/repository/maven-public/com/zaxxer/HikariCP/5.1.0/HikariCP-5.1.0.jar (162 kB at 16 kB/s)
builder-1  | Downloading from papermc-repo: https://repo.papermc.io/repository/maven-public/org/json/json/20231013/json-20231013.jar
builder-1  | Downloading from papermc-repo: https://repo.papermc.io/repository/maven-public/com/github/seeseemelk/MockBukkit-v1.21/3.104.0/MockBukkit-v1.21-3.104.0.jar
builder-1  | Downloading from papermc-repo: https://repo.papermc.io/repository/maven-public/net/kyori/adventure-platform-bungeecord/4.3.4/adventure-platform-bungeecord-4.3.4.jar
builder-1  | Progress (1): 16/75 kB
Progress (1): 33/75 kB
Progress (1): 49/75 kB
Progress (1): 66/75 kB
Progress (1): 75 kB   
                   
Downloaded from papermc-repo: https://repo.papermc.io/repository/maven-public/org/json/json/20231013/json-20231013.jar (75 kB at 7.3 kB/s)
builder-1  | Downloading from papermc-repo: https://repo.papermc.io/repository/maven-public/org/apache/maven/resolver/maven-resolver-connector-basic/1.7.3/maven-resolver-connector-basic-1.7.3.jar
builder-1  | Progress (1): 8.2/991 kB
Progress (1): 16/991 kB 
Progress (1): 33/991 kB
Progress (1): 36/991 kB
Progress (1): 52/991 kB
Progress (1): 69/991 kB
Progress (2): 69/991 kB | 16/888 kB
Progress (2): 69/991 kB | 25/888 kB
Progress (2): 69/991 kB | 41/888 kB
Progress (2): 69/991 kB | 57/888 kB
Progress (2): 69/991 kB | 74/888 kB
Progress (2): 69/991 kB | 90/888 kB
Progress (2): 69/991 kB | 106/888 kB
Progress (2): 85/991 kB | 106/888 kB
Progress (2): 85/991 kB | 123/888 kB
Progress (2): 85/991 kB | 127/888 kB
Progress (2): 102/991 kB | 127/888 kB
Progress (2): 118/991 kB | 127/888 kB
Progress (2): 134/991 kB | 127/888 kB
Progress (2): 151/991 kB | 127/888 kB
Progress (2): 167/991 kB | 127/888 kB
Progress (2): 183/991 kB | 127/888 kB
Progress (2): 200/991 kB | 127/888 kB
Progress (2): 200/991 kB | 144/888 kB
Progress (2): 200/991 kB | 160/888 kB
Progress (2): 200/991 kB | 176/888 kB
Progress (2): 200/991 kB | 193/888 kB
Progress (2): 200/991 kB | 209/888 kB
Progress (2): 200/991 kB | 226/888 kB
Progress (2): 200/991 kB | 242/888 kB
Progress (2): 200/991 kB | 258/888 kB
Progress (2): 216/991 kB | 258/888 kB
Progress (2): 233/991 kB | 258/888 kB
Progress (2): 249/991 kB | 258/888 kB
Progress (2): 265/991 kB | 258/888 kB
Progress (2): 282/991 kB | 258/888 kB
Progress (2): 298/991 kB | 258/888 kB
Progress (2): 314/991 kB | 258/888 kB
Progress (2): 314/991 kB | 275/888 kB
Progress (2): 314/991 kB | 291/888 kB
Progress (2): 314/991 kB | 308/888 kB
Progress (2): 314/991 kB | 324/888 kB
Progress (2): 331/991 kB | 324/888 kB
Progress (2): 331/991 kB | 340/888 kB
Progress (2): 331/991 kB | 357/888 kB
Progress (2): 331/991 kB | 373/888 kB
Progress (2): 331/991 kB | 389/888 kB
Progress (2): 347/991 kB | 389/888 kB
Progress (2): 364/991 kB | 389/888 kB
Progress (2): 380/991 kB | 389/888 kB
Progress (2): 396/991 kB | 389/888 kB
Progress (2): 396/991 kB | 406/888 kB
Progress (2): 396/991 kB | 422/888 kB
Progress (2): 396/991 kB | 439/888 kB
Progress (2): 413/991 kB | 439/888 kB
Progress (2): 413/991 kB | 455/888 kB
Progress (2): 413/991 kB | 471/888 kB
Progress (2): 429/991 kB | 471/888 kB
Progress (2): 429/991 kB | 488/888 kB
Progress (2): 429/991 kB | 504/888 kB
Progress (2): 429/991 kB | 520/888 kB
Progress (2): 446/991 kB | 520/888 kB
Progress (2): 462/991 kB | 520/888 kB
Progress (3): 462/991 kB | 520/888 kB | 7.1/150 kB
Progress (3): 462/991 kB | 520/888 kB | 15/150 kB 
Progress (3): 462/991 kB | 520/888 kB | 32/150 kB
Progress (3): 462/991 kB | 520/888 kB | 48/150 kB
Progress (3): 462/991 kB | 520/888 kB | 64/150 kB
Progress (3): 462/991 kB | 520/888 kB | 81/150 kB
Progress (3): 478/991 kB | 520/888 kB | 81/150 kB
Progress (3): 478/991 kB | 520/888 kB | 97/150 kB
Progress (3): 478/991 kB | 520/888 kB | 114/150 kB
Progress (3): 478/991 kB | 520/888 kB | 130/150 kB
Progress (3): 478/991 kB | 520/888 kB | 146/150 kB
Progress (3): 478/991 kB | 520/888 kB | 150 kB    
                                              
Downloaded from papermc-repo: https://repo.papermc.io/repository/maven-public/org/apache/commons/commons-pool2/2.12.0/commons-pool2-2.12.0.jar (150 kB at 14 kB/s)
builder-1  | Downloading from papermc-repo: https://repo.papermc.io/repository/maven-public/org/apache/maven/resolver/maven-resolver-transport-http/1.7.3/maven-resolver-transport-http-1.7.3.jar
builder-1  | Progress (2): 495/991 kB | 520/888 kB
Progress (2): 511/991 kB | 520/888 kB
Progress (2): 511/991 kB | 537/888 kB
Progress (2): 511/991 kB | 553/888 kB
Progress (2): 511/991 kB | 570/888 kB
Progress (2): 511/991 kB | 586/888 kB
Progress (2): 527/991 kB | 586/888 kB
Progress (2): 527/991 kB | 602/888 kB
Progress (2): 527/991 kB | 619/888 kB
Progress (2): 527/991 kB | 635/888 kB
Progress (2): 527/991 kB | 652/888 kB
Progress (2): 544/991 kB | 652/888 kB
Progress (2): 560/991 kB | 652/888 kB
Progress (2): 560/991 kB | 668/888 kB
Progress (2): 560/991 kB | 684/888 kB
Progress (2): 560/991 kB | 701/888 kB
Progress (2): 560/991 kB | 717/888 kB
Progress (2): 577/991 kB | 717/888 kB
Progress (2): 577/991 kB | 733/888 kB
Progress (2): 577/991 kB | 750/888 kB
Progress (2): 577/991 kB | 766/888 kB
Progress (2): 593/991 kB | 766/888 kB
Progress (2): 593/991 kB | 783/888 kB
Progress (2): 593/991 kB | 799/888 kB
Progress (2): 593/991 kB | 815/888 kB
Progress (2): 593/991 kB | 832/888 kB
Progress (2): 593/991 kB | 848/888 kB
Progress (2): 593/991 kB | 865/888 kB
Progress (2): 593/991 kB | 881/888 kB
Progress (2): 593/991 kB | 888 kB    
                                 
Downloaded from papermc-repo: https://repo.papermc.io/repository/maven-public/redis/clients/jedis/5.1.0/jedis-5.1.0.jar (888 kB at 85 kB/s)
builder-1  | Downloading from papermc-repo: https://repo.papermc.io/repository/maven-public/org/apache/httpcomponents/httpclient/4.5.13/httpclient-4.5.13.jar
builder-1  | Progress (1): 609/991 kB
Progress (1): 626/991 kB
Progress (1): 642/991 kB
Progress (1): 659/991 kB
Progress (1): 675/991 kB
Progress (1): 691/991 kB
Progress (1): 708/991 kB
Progress (1): 724/991 kB
Progress (1): 740/991 kB
Progress (1): 757/991 kB
Progress (1): 773/991 kB
Progress (1): 790/991 kB
Progress (1): 806/991 kB
Progress (1): 822/991 kB
Progress (1): 839/991 kB
Progress (1): 855/991 kB
Progress (1): 872/991 kB
Progress (1): 888/991 kB
Progress (1): 904/991 kB
Progress (1): 921/991 kB
Progress (1): 937/991 kB
Progress (2): 937/991 kB | 7.0/31 kB
Progress (2): 937/991 kB | 15/31 kB 
Progress (2): 937/991 kB | 25/31 kB
Progress (2): 937/991 kB | 31 kB   
                                
Downloaded from papermc-repo: https://repo.papermc.io/repository/maven-public/net/kyori/adventure-platform-bungeecord/4.3.4/adventure-platform-bungeecord-4.3.4.jar (31 kB at 2.9 kB/s)
builder-1  | Downloading from papermc-repo: https://repo.papermc.io/repository/maven-public/commons-codec/commons-codec/1.11/commons-codec-1.11.jar
builder-1  | Progress (1): 953/991 kB
Progress (1): 970/991 kB
Progress (1): 986/991 kB
Progress (1): 991 kB    
                    
Downloaded from papermc-repo: https://repo.papermc.io/repository/maven-public/com/github/seeseemelk/MockBukkit-v1.21/3.104.0/MockBukkit-v1.21-3.104.0.jar (991 kB at 94 kB/s)
builder-1  | Downloading from papermc-repo: https://repo.papermc.io/repository/maven-public/org/apache/httpcomponents/httpcore/4.4.14/httpcore-4.4.14.jar
builder-1  | Progress (1): 7.1/780 kB
Progress (1): 15/780 kB 
Progress (1): 32/780 kB
Progress (1): 33/780 kB
Progress (2): 33/780 kB | 7.0/46 kB
Progress (2): 33/780 kB | 15/46 kB 
Progress (2): 33/780 kB | 22/46 kB
Progress (2): 49/780 kB | 22/46 kB
Progress (2): 49/780 kB | 38/46 kB
Progress (2): 66/780 kB | 38/46 kB
Progress (2): 66/780 kB | 46 kB   
Progress (2): 82/780 kB | 46 kB
                               
Downloaded from papermc-repo: https://repo.papermc.io/repository/maven-public/org/apache/maven/resolver/maven-resolver-connector-basic/1.7.3/maven-resolver-connector-basic-1.7.3.jar (46 kB at 4.2 kB/s)
builder-1  | Downloading from papermc-repo: https://repo.papermc.io/repository/maven-public/org/slf4j/jcl-over-slf4j/1.7.32/jcl-over-slf4j-1.7.32.jar
builder-1  | Progress (1): 98/780 kB
Progress (1): 115/780 kB
Progress (1): 131/780 kB
Progress (1): 147/780 kB
Progress (1): 164/780 kB
Progress (1): 180/780 kB
Progress (1): 197/780 kB
Progress (1): 213/780 kB
Progress (1): 229/780 kB
Progress (1): 246/780 kB
Progress (1): 262/780 kB
Progress (1): 279/780 kB
Progress (1): 295/780 kB
Progress (1): 311/780 kB
Progress (1): 328/780 kB
Progress (1): 344/780 kB
Progress (1): 360/780 kB
Progress (1): 377/780 kB
Progress (1): 393/780 kB
Progress (1): 410/780 kB
Progress (1): 426/780 kB
Progress (1): 442/780 kB
Progress (1): 459/780 kB
Progress (1): 475/780 kB
Progress (1): 492/780 kB
Progress (1): 508/780 kB
Progress (1): 524/780 kB
Progress (1): 541/780 kB
Progress (1): 557/780 kB
Progress (1): 573/780 kB
Progress (1): 590/780 kB
Progress (1): 606/780 kB
Progress (1): 623/780 kB
Progress (1): 639/780 kB
Progress (1): 655/780 kB
Progress (1): 672/780 kB
Progress (1): 688/780 kB
Progress (1): 705/780 kB
Progress (1): 721/780 kB
Progress (1): 737/780 kB
Progress (1): 754/780 kB
Progress (1): 770/780 kB
Progress (1): 780 kB    
                    
Downloaded from papermc-repo: https://repo.papermc.io/repository/maven-public/org/apache/httpcomponents/httpclient/4.5.13/httpclient-4.5.13.jar (780 kB at 72 kB/s)
builder-1  | Downloading from papermc-repo: https://repo.papermc.io/repository/maven-public/org/junit/jupiter/junit-jupiter/5.10.2/junit-jupiter-5.10.2.jar
builder-1  | Progress (1): 7.1/328 kB
Progress (1): 15/328 kB 
Progress (1): 22/328 kB
Progress (1): 38/328 kB
Progress (1): 55/328 kB
Progress (1): 71/328 kB
Progress (1): 82/328 kB
Progress (1): 98/328 kB
Progress (1): 115/328 kB
Progress (1): 131/328 kB
Progress (1): 147/328 kB
Progress (1): 164/328 kB
Progress (1): 180/328 kB
Progress (1): 197/328 kB
Progress (1): 213/328 kB
Progress (1): 229/328 kB
Progress (1): 246/328 kB
Progress (1): 262/328 kB
Progress (1): 279/328 kB
Progress (1): 295/328 kB
Progress (1): 311/328 kB
Progress (1): 328/328 kB
Progress (1): 328 kB    
                    
Downloaded from papermc-repo: https://repo.papermc.io/repository/maven-public/org/apache/httpcomponents/httpcore/4.4.14/httpcore-4.4.14.jar (328 kB at 30 kB/s)
builder-1  | Downloading from papermc-repo: https://repo.papermc.io/repository/maven-public/org/junit/jupiter/junit-jupiter-api/5.10.2/junit-jupiter-api-5.10.2.jar
builder-1  | Progress (1): 8.2/43 kB
Progress (1): 16/43 kB 
Progress (1): 33/43 kB
Progress (1): 43 kB   
                   
Downloaded from papermc-repo: https://repo.papermc.io/repository/maven-public/org/apache/maven/resolver/maven-resolver-transport-http/1.7.3/maven-resolver-transport-http-1.7.3.jar (43 kB at 3.9 kB/s)
builder-1  | Downloading from papermc-repo: https://repo.papermc.io/repository/maven-public/org/opentest4j/opentest4j/1.3.0/opentest4j-1.3.0.jar
builder-1  | Progress (1): 5.5/17 kB
Progress (1): 17 kB    
                   
Downloaded from papermc-repo: https://repo.papermc.io/repository/maven-public/org/slf4j/jcl-over-slf4j/1.7.32/jcl-over-slf4j-1.7.32.jar (17 kB at 1.5 kB/s)
builder-1  | Downloading from papermc-repo: https://repo.papermc.io/repository/maven-public/org/junit/platform/junit-platform-commons/1.10.2/junit-platform-commons-1.10.2.jar
builder-1  | Progress (1): 8.2/335 kB
Progress (1): 25/335 kB 
Progress (2): 25/335 kB | 6.4 kB
                                
Downloaded from papermc-repo: https://repo.papermc.io/repository/maven-public/org/junit/jupiter/junit-jupiter/5.10.2/junit-jupiter-5.10.2.jar (6.4 kB at 561 B/s)
builder-1  | Downloading from papermc-repo: https://repo.papermc.io/repository/maven-public/org/apiguardian/apiguardian-api/1.1.2/apiguardian-api-1.1.2.jar
builder-1  | Progress (1): 41/335 kB
Progress (1): 57/335 kB
Progress (1): 74/335 kB
Progress (1): 90/335 kB
Progress (1): 106/335 kB
Progress (1): 123/335 kB
Progress (1): 127/335 kB
Progress (1): 144/335 kB
Progress (1): 160/335 kB
Progress (1): 176/335 kB
Progress (1): 193/335 kB
Progress (1): 209/335 kB
Progress (1): 226/335 kB
Progress (1): 242/335 kB
Progress (1): 258/335 kB
Progress (1): 275/335 kB
Progress (1): 291/335 kB
Progress (1): 307/335 kB
Progress (1): 324/335 kB
Progress (1): 335 kB    
                    
Downloaded from papermc-repo: https://repo.papermc.io/repository/maven-public/commons-codec/commons-codec/1.11/commons-codec-1.11.jar (335 kB at 29 kB/s)
builder-1  | Downloading from papermc-repo: https://repo.papermc.io/repository/maven-public/org/junit/jupiter/junit-jupiter-params/5.10.2/junit-jupiter-params-5.10.2.jar
builder-1  | Progress (1): 5.5/14 kB
Progress (1): 14 kB    
                   
Downloaded from papermc-repo: https://repo.papermc.io/repository/maven-public/org/opentest4j/opentest4j/1.3.0/opentest4j-1.3.0.jar (14 kB at 1.2 kB/s)
builder-1  | Downloading from papermc-repo: https://repo.papermc.io/repository/maven-public/org/junit/jupiter/junit-jupiter-engine/5.10.2/junit-jupiter-engine-5.10.2.jar
builder-1  | Progress (1): 8.2/211 kB
Progress (1): 25/211 kB 
Progress (1): 41/211 kB
Progress (1): 57/211 kB
Progress (1): 74/211 kB
Progress (1): 90/211 kB
Progress (1): 106/211 kB
Progress (1): 123/211 kB
Progress (1): 139/211 kB
Progress (1): 156/211 kB
Progress (1): 172/211 kB
Progress (1): 188/211 kB
Progress (1): 205/211 kB
Progress (1): 211 kB    
                    
Downloaded from papermc-repo: https://repo.papermc.io/repository/maven-public/org/junit/jupiter/junit-jupiter-api/5.10.2/junit-jupiter-api-5.10.2.jar (211 kB at 18 kB/s)
builder-1  | Downloading from papermc-repo: https://repo.papermc.io/repository/maven-public/org/junit/platform/junit-platform-engine/1.10.2/junit-platform-engine-1.10.2.jar
builder-1  | Progress (1): 6.8 kB
                    
Downloaded from papermc-repo: https://repo.papermc.io/repository/maven-public/org/apiguardian/apiguardian-api/1.1.2/apiguardian-api-1.1.2.jar (6.8 kB at 585 B/s)
builder-1  | Progress (1): 7.0/586 kB
Progress (1): 8.2/586 kB
Progress (1): 25/586 kB 
Progress (1): 41/586 kB
Progress (1): 57/586 kB
Progress (1): 66/586 kB
Progress (1): 82/586 kB
Progress (1): 98/586 kB
Progress (1): 115/586 kB
Progress (1): 131/586 kB
Progress (1): 147/586 kB
Progress (1): 164/586 kB
Progress (1): 180/586 kB
Progress (1): 197/586 kB
Progress (1): 213/586 kB
Progress (1): 229/586 kB
Progress (1): 246/586 kB
Progress (1): 262/586 kB
Progress (1): 279/586 kB
Progress (1): 295/586 kB
Progress (1): 311/586 kB
Progress (1): 328/586 kB
Progress (1): 344/586 kB
Progress (1): 360/586 kB
Progress (1): 377/586 kB
Progress (1): 393/586 kB
Progress (1): 410/586 kB
Progress (1): 426/586 kB
Progress (1): 442/586 kB
Progress (1): 459/586 kB
Progress (1): 475/586 kB
Progress (1): 492/586 kB
Progress (1): 508/586 kB
Progress (2): 508/586 kB | 7.0/245 kB
Progress (2): 508/586 kB | 15/245 kB 
Progress (2): 508/586 kB | 25/245 kB
Progress (2): 524/586 kB | 25/245 kB
Progress (2): 524/586 kB | 33/245 kB
Progress (2): 541/586 kB | 33/245 kB
Progress (2): 541/586 kB | 49/245 kB
Progress (2): 557/586 kB | 49/245 kB
Progress (2): 557/586 kB | 66/245 kB
Progress (2): 557/586 kB | 82/245 kB
Progress (2): 573/586 kB | 82/245 kB
Progress (2): 573/586 kB | 98/245 kB
Progress (2): 573/586 kB | 115/245 kB
Progress (2): 586 kB | 115/245 kB    
Progress (2): 586 kB | 131/245 kB
Progress (2): 586 kB | 147/245 kB
                                 
Downloaded from papermc-repo: https://repo.papermc.io/repository/maven-public/org/junit/jupiter/junit-jupiter-params/5.10.2/junit-jupiter-params-5.10.2.jar (586 kB at 50 kB/s)
builder-1  | Progress (1): 164/245 kB
Progress (1): 180/245 kB
Progress (1): 197/245 kB
Progress (1): 213/245 kB
Progress (1): 229/245 kB
Progress (1): 245 kB    
                    
Downloaded from papermc-repo: https://repo.papermc.io/repository/maven-public/org/junit/jupiter/junit-jupiter-engine/5.10.2/junit-jupiter-engine-5.10.2.jar (245 kB at 21 kB/s)
builder-1  | Progress (1): 8.2/205 kB
Progress (1): 16/205 kB 
Progress (1): 33/205 kB
Progress (1): 49/205 kB
Progress (1): 66/205 kB
Progress (1): 82/205 kB
Progress (1): 98/205 kB
Progress (1): 115/205 kB
Progress (1): 131/205 kB
Progress (1): 147/205 kB
Progress (1): 164/205 kB
Progress (1): 180/205 kB
Progress (1): 197/205 kB
Progress (1): 205 kB    
                    
Downloaded from papermc-repo: https://repo.papermc.io/repository/maven-public/org/junit/platform/junit-platform-engine/1.10.2/junit-platform-engine-1.10.2.jar (205 kB at 17 kB/s)
builder-1  | Progress (1): 7.0/106 kB
Progress (1): 15/106 kB 
Progress (1): 25/106 kB
Progress (1): 41/106 kB
Progress (1): 57/106 kB
Progress (1): 74/106 kB
Progress (1): 90/106 kB
Progress (1): 106 kB   
                    
Downloaded from papermc-repo: https://repo.papermc.io/repository/maven-public/org/junit/platform/junit-platform-commons/1.10.2/junit-platform-commons-1.10.2.jar (106 kB at 8.9 kB/s)
builder-1  | Downloading from sonatype: https://oss.sonatype.org/content/groups/public/com/comphenix/protocol/ProtocolLib/5.3.0/ProtocolLib-5.3.0.jar
builder-1  | Downloading from sonatype: https://oss.sonatype.org/content/groups/public/me/clip/placeholderapi/2.11.5/placeholderapi-2.11.5.jar
builder-1  | Downloading from sonatype: https://oss.sonatype.org/content/groups/public/us/dynmap/dynmap-api/3.0-SNAPSHOT/dynmap-api-3.0-SNAPSHOT.jar
builder-1  | Downloading from sonatype: https://oss.sonatype.org/content/groups/public/org/bukkit/bukkit/1.7.10-R0.1-SNAPSHOT/bukkit-1.7.10-R0.1-SNAPSHOT.jar
builder-1  | Downloading from sonatype: https://oss.sonatype.org/content/groups/public/us/dynmap/DynmapCoreAPI/3.0-SNAPSHOT/DynmapCoreAPI-3.0-SNAPSHOT.jar
builder-1  | Downloading from sonatype: https://oss.sonatype.org/content/groups/public/net/essentialsx/EssentialsX/2.20.1/EssentialsX-2.20.1.jar
builder-1  | Downloading from sonatype: https://oss.sonatype.org/content/groups/public/net/essentialsx/BaseProviders/2.20.1/BaseProviders-2.20.1.jar
builder-1  | Downloading from sonatype: https://oss.sonatype.org/content/groups/public/net/essentialsx/PaperProvider/2.20.1/PaperProvider-2.20.1.jar
builder-1  | Downloading from sonatype: https://oss.sonatype.org/content/groups/public/net/essentialsx/NMSReflectionProvider/2.20.1/NMSReflectionProvider-2.20.1.jar
builder-1  | Downloading from sonatype: https://oss.sonatype.org/content/groups/public/net/essentialsx/1_8Provider/2.20.1/1_8Provider-2.20.1.jar
builder-1  | Downloading from sonatype: https://oss.sonatype.org/content/groups/public/net/essentialsx/1_12Provider/2.20.1/1_12Provider-2.20.1.jar
builder-1  | Downloading from sonatype: https://oss.sonatype.org/content/groups/public/de/maxhenkel/voicechat/voicechat-api/2.5.0/voicechat-api-2.5.0.jar
builder-1  | Downloading from sonatype: https://oss.sonatype.org/content/groups/public/com/github/NEZNAMY/TAB-API/5.0.4/TAB-API-5.0.4.jar
builder-1  | Downloading from sonatype: https://oss.sonatype.org/content/groups/public/com/discordsrv/discordsrv/1.29.0/discordsrv-1.29.0.jar
builder-1  | Downloading from dmulloy2-repo: https://repo.dmulloy2.net/repository/public/com/comphenix/protocol/ProtocolLib/5.3.0/ProtocolLib-5.3.0.jar
builder-1  | Downloading from dmulloy2-repo: https://repo.dmulloy2.net/repository/public/me/clip/placeholderapi/2.11.5/placeholderapi-2.11.5.jar
builder-1  | Downloading from dmulloy2-repo: https://repo.dmulloy2.net/repository/public/us/dynmap/dynmap-api/3.0-SNAPSHOT/dynmap-api-3.0-SNAPSHOT.jar
builder-1  | Downloading from dmulloy2-repo: https://repo.dmulloy2.net/repository/public/org/bukkit/bukkit/1.7.10-R0.1-SNAPSHOT/bukkit-1.7.10-R0.1-SNAPSHOT.jar
builder-1  | Downloading from dmulloy2-repo: https://repo.dmulloy2.net/repository/public/us/dynmap/DynmapCoreAPI/3.0-SNAPSHOT/DynmapCoreAPI-3.0-SNAPSHOT.jar
builder-1  | Progress (1): 0/1.0 MB
Progress (1): 0/1.0 MB
Progress (1): 0/1.0 MB
Progress (1): 0/1.0 MB
Progress (1): 0/1.0 MB
Progress (1): 0/1.0 MB
Progress (1): 0/1.0 MB
Progress (1): 0/1.0 MB
Progress (1): 0/1.0 MB
Progress (1): 0/1.0 MB
Progress (1): 0/1.0 MB
Progress (1): 0/1.0 MB
Progress (1): 0.1/1.0 MB
Progress (1): 0.1/1.0 MB
Progress (1): 0.1/1.0 MB
Progress (1): 0.1/1.0 MB
Progress (1): 0.1/1.0 MB
Progress (1): 0.1/1.0 MB
Progress (1): 0.1/1.0 MB
                        
Downloading from dmulloy2-repo: https://repo.dmulloy2.net/repository/public/net/essentialsx/EssentialsX/2.20.1/EssentialsX-2.20.1.jar
builder-1  | Progress (1): 0.1/1.0 MB
                        
Downloading from dmulloy2-repo: https://repo.dmulloy2.net/repository/public/net/essentialsx/BaseProviders/2.20.1/BaseProviders-2.20.1.jar
builder-1  | Downloading from dmulloy2-repo: https://repo.dmulloy2.net/repository/public/net/essentialsx/PaperProvider/2.20.1/PaperProvider-2.20.1.jar
builder-1  | Progress (1): 0.1/1.0 MB
                        
Downloading from dmulloy2-repo: https://repo.dmulloy2.net/repository/public/net/essentialsx/NMSReflectionProvider/2.20.1/NMSReflectionProvider-2.20.1.jar
builder-1  | Progress (1): 0.1/1.0 MB
Progress (1): 0.1/1.0 MB
Progress (1): 0.1/1.0 MB
Progress (1): 0.1/1.0 MB
Progress (1): 0.1/1.0 MB
Progress (1): 0.1/1.0 MB
Progress (1): 0.1/1.0 MB
Progress (1): 0.1/1.0 MB
Progress (1): 0.1/1.0 MB
Progress (1): 0.1/1.0 MB
Progress (1): 0.2/1.0 MB
Progress (1): 0.2/1.0 MB
Progress (1): 0.2/1.0 MB
Progress (1): 0.2/1.0 MB
                        
Downloading from dmulloy2-repo: https://repo.dmulloy2.net/repository/public/net/essentialsx/1_8Provider/2.20.1/1_8Provider-2.20.1.jar
builder-1  | Progress (1): 0.2/1.0 MB
                        
Downloading from dmulloy2-repo: https://repo.dmulloy2.net/repository/public/net/essentialsx/1_12Provider/2.20.1/1_12Provider-2.20.1.jar
builder-1  | Downloading from dmulloy2-repo: https://repo.dmulloy2.net/repository/public/de/maxhenkel/voicechat/voicechat-api/2.5.0/voicechat-api-2.5.0.jar
builder-1  | Downloading from dmulloy2-repo: https://repo.dmulloy2.net/repository/public/com/github/NEZNAMY/TAB-API/5.0.4/TAB-API-5.0.4.jar
builder-1  | Progress (1): 0.2/1.0 MB
Progress (1): 0.3/1.0 MB
Progress (1): 0.3/1.0 MB
Progress (1): 0.3/1.0 MB
Progress (1): 0.3/1.0 MB
Progress (1): 0.3/1.0 MB
Progress (1): 0.3/1.0 MB
Progress (1): 0.4/1.0 MB
Progress (1): 0.4/1.0 MB
Progress (1): 0.4/1.0 MB
Progress (1): 0.4/1.0 MB
Progress (1): 0.4/1.0 MB
Progress (1): 0.4/1.0 MB
Progress (1): 0.5/1.0 MB
Progress (1): 0.5/1.0 MB
Progress (1): 0.5/1.0 MB
Progress (1): 0.5/1.0 MB
Progress (1): 0.5/1.0 MB
                        
Downloading from dmulloy2-repo: https://repo.dmulloy2.net/repository/public/com/discordsrv/discordsrv/1.29.0/discordsrv-1.29.0.jar
builder-1  | Progress (1): 0.5/1.0 MB
                        
Progress (1): 0.6/1.0 MB
Progress (1): 0.6/1.0 MB
Progress (1): 0.6/1.0 MB
Progress (1): 0.6/1.0 MB
Progress (1): 0.6/1.0 MB
Progress (1): 0.6/1.0 MB
Progress (1): 0.7/1.0 MB
Progress (1): 0.7/1.0 MB
Progress (1): 0.7/1.0 MB
Progress (1): 0.7/1.0 MB
Progress (1): 0.7/1.0 MB
Progress (1): 0.7/1.0 MB
Progress (1): 0.8/1.0 MB
Progress (1): 0.8/1.0 MB
Progress (1): 0.8/1.0 MB
Progress (1): 0.8/1.0 MB
Progress (1): 0.8/1.0 MB
Progress (1): 0.8/1.0 MB
Progress (1): 0.9/1.0 MB
Progress (1): 0.9/1.0 MB
Progress (1): 0.9/1.0 MB
Progress (1): 0.9/1.0 MB
Progress (1): 0.9/1.0 MB
Progress (1): 0.9/1.0 MB
Progress (1): 1.0/1.0 MB
Progress (1): 1.0/1.0 MB
Progress (1): 1.0/1.0 MB
Progress (1): 1.0/1.0 MB
Progress (1): 1.0 MB    
                    
Downloaded from dmulloy2-repo: https://repo.dmulloy2.net/repository/public/com/comphenix/protocol/ProtocolLib/5.3.0/ProtocolLib-5.3.0.jar (1.0 MB at 827 kB/s)
builder-1  | Downloading from placeholderapi: https://repo.extendedclip.com/content/repositories/placeholderapi/me/clip/placeholderapi/2.11.5/placeholderapi-2.11.5.jar
builder-1  | Downloading from placeholderapi: https://repo.extendedclip.com/content/repositories/placeholderapi/us/dynmap/dynmap-api/3.0-SNAPSHOT/dynmap-api-3.0-SNAPSHOT.jar
builder-1  | Downloading from placeholderapi: https://repo.extendedclip.com/content/repositories/placeholderapi/org/bukkit/bukkit/1.7.10-R0.1-SNAPSHOT/bukkit-1.7.10-R0.1-SNAPSHOT.jar
builder-1  | Downloading from placeholderapi: https://repo.extendedclip.com/content/repositories/placeholderapi/us/dynmap/DynmapCoreAPI/3.0-SNAPSHOT/DynmapCoreAPI-3.0-SNAPSHOT.jar
builder-1  | Downloading from placeholderapi: https://repo.extendedclip.com/content/repositories/placeholderapi/net/essentialsx/EssentialsX/2.20.1/EssentialsX-2.20.1.jar
builder-1  | Progress (1): 3.3/932 kB
Progress (1): 7.5/932 kB
Progress (1): 8.2/932 kB
Progress (1): 12/932 kB 
Progress (1): 14/932 kB
Progress (1): 18/932 kB
Progress (1): 22/932 kB
Progress (1): 22/932 kB
Progress (1): 27/932 kB
Progress (1): 31/932 kB
Progress (1): 35/932 kB
Progress (1): 39/932 kB
Progress (1): 43/932 kB
Progress (1): 47/932 kB
Progress (1): 47/932 kB
Progress (1): 48/932 kB
Progress (1): 53/932 kB
Progress (1): 54/932 kB
Progress (1): 58/932 kB
Progress (1): 63/932 kB
Progress (1): 67/932 kB
Progress (1): 71/932 kB
Progress (1): 75/932 kB
Progress (1): 80/932 kB
Progress (1): 80/932 kB
Progress (1): 84/932 kB
Progress (1): 88/932 kB
Progress (1): 92/932 kB
Progress (1): 97/932 kB
Progress (1): 101/932 kB
Progress (1): 105/932 kB
Progress (1): 108/932 kB
Progress (1): 112/932 kB
Progress (1): 116/932 kB
Progress (1): 133/932 kB
Progress (1): 141/932 kB
Progress (1): 157/932 kB
Progress (1): 173/932 kB
Progress (1): 174/932 kB
Progress (1): 191/932 kB
Progress (1): 207/932 kB
                        
Downloading from placeholderapi: https://repo.extendedclip.com/content/repositories/placeholderapi/net/essentialsx/BaseProviders/2.20.1/BaseProviders-2.20.1.jar
builder-1  | Progress (1): 216/932 kB
Progress (1): 222/932 kB
Progress (1): 225/932 kB
                        
Downloading from placeholderapi: https://repo.extendedclip.com/content/repositories/placeholderapi/net/essentialsx/PaperProvider/2.20.1/PaperProvider-2.20.1.jar
builder-1  | Progress (1): 232/932 kB
                        
Downloading from placeholderapi: https://repo.extendedclip.com/content/repositories/placeholderapi/net/essentialsx/NMSReflectionProvider/2.20.1/NMSReflectionProvider-2.20.1.jar
builder-1  | Progress (1): 249/932 kB
                        
Downloading from placeholderapi: https://repo.extendedclip.com/content/repositories/placeholderapi/net/essentialsx/1_8Provider/2.20.1/1_8Provider-2.20.1.jar
builder-1  | Progress (1): 265/932 kB
Progress (1): 281/932 kB
Progress (1): 298/932 kB
Progress (1): 314/932 kB
Progress (1): 331/932 kB
Progress (1): 347/932 kB
Progress (1): 363/932 kB
Progress (1): 376/932 kB
Progress (1): 392/932 kB
Progress (1): 409/932 kB
Progress (1): 425/932 kB
Progress (1): 442/932 kB
Progress (1): 445/932 kB
Progress (1): 448/932 kB
Progress (1): 454/932 kB
Progress (1): 460/932 kB
Progress (1): 473/932 kB
Progress (1): 476/932 kB
Progress (1): 478/932 kB
Progress (1): 481/932 kB
Progress (1): 490/932 kB
Progress (1): 496/932 kB
Progress (1): 502/932 kB
Progress (1): 511/932 kB
Progress (1): 527/932 kB
Progress (1): 543/932 kB
Progress (1): 558/932 kB
Progress (1): 574/932 kB
Progress (1): 591/932 kB
Progress (1): 607/932 kB
Progress (1): 624/932 kB
Progress (1): 640/932 kB
Progress (1): 656/932 kB
Progress (1): 673/932 kB
Progress (1): 689/932 kB
Progress (1): 705/932 kB
Progress (1): 722/932 kB
Progress (1): 738/932 kB
Progress (1): 755/932 kB
Progress (1): 771/932 kB
Progress (1): 787/932 kB
Progress (1): 804/932 kB
Progress (1): 820/932 kB
Progress (1): 837/932 kB
Progress (1): 853/932 kB
Progress (1): 869/932 kB
Progress (1): 886/932 kB
Progress (1): 901/932 kB
Progress (1): 911/932 kB
Progress (1): 920/932 kB
Progress (1): 927/932 kB
Progress (1): 932 kB    
                    
Downloading from placeholderapi: https://repo.extendedclip.com/content/repositories/placeholderapi/net/essentialsx/1_12Provider/2.20.1/1_12Provider-2.20.1.jar
builder-1  | Downloading from placeholderapi: https://repo.extendedclip.com/content/repositories/placeholderapi/de/maxhenkel/voicechat/voicechat-api/2.5.0/voicechat-api-2.5.0.jar
builder-1  | Downloading from placeholderapi: https://repo.extendedclip.com/content/repositories/placeholderapi/com/github/NEZNAMY/TAB-API/5.0.4/TAB-API-5.0.4.jar
builder-1  | Downloaded from placeholderapi: https://repo.extendedclip.com/content/repositories/placeholderapi/me/clip/placeholderapi/2.11.5/placeholderapi-2.11.5.jar (932 kB at 375 kB/s)
builder-1  | Downloading from placeholderapi: https://repo.extendedclip.com/content/repositories/placeholderapi/com/discordsrv/discordsrv/1.29.0/discordsrv-1.29.0.jar
builder-1  | Downloading from mikeprimm-repo: https://repo.mikeprimm.com/us/dynmap/dynmap-api/3.0-SNAPSHOT/dynmap-api-3.0-SNAPSHOT.jar
builder-1  | Downloading from mikeprimm-repo: https://repo.mikeprimm.com/org/bukkit/bukkit/1.7.10-R0.1-SNAPSHOT/bukkit-1.7.10-R0.1-SNAPSHOT.jar
builder-1  | Downloading from mikeprimm-repo: https://repo.mikeprimm.com/us/dynmap/DynmapCoreAPI/3.0-SNAPSHOT/DynmapCoreAPI-3.0-SNAPSHOT.jar
builder-1  | Downloading from mikeprimm-repo: https://repo.mikeprimm.com/net/essentialsx/EssentialsX/2.20.1/EssentialsX-2.20.1.jar
builder-1  | Downloading from mikeprimm-repo: https://repo.mikeprimm.com/net/essentialsx/BaseProviders/2.20.1/BaseProviders-2.20.1.jar
builder-1  | Downloading from mikeprimm-repo: https://repo.mikeprimm.com/net/essentialsx/PaperProvider/2.20.1/PaperProvider-2.20.1.jar
builder-1  | Progress (1): 7.9/33 kB
                       
Downloading from mikeprimm-repo: https://repo.mikeprimm.com/net/essentialsx/NMSReflectionProvider/2.20.1/NMSReflectionProvider-2.20.1.jar
builder-1  | Progress (2): 7.9/33 kB | 7.9/34 kB
Progress (2): 16/33 kB | 7.9/34 kB 
Progress (3): 16/33 kB | 7.9/34 kB | 0/5.0 MB
Progress (3): 16/33 kB | 16/34 kB | 0/5.0 MB 
Progress (3): 24/33 kB | 16/34 kB | 0/5.0 MB
Progress (3): 24/33 kB | 24/34 kB | 0/5.0 MB
Progress (3): 32/33 kB | 24/34 kB | 0/5.0 MB
Progress (3): 33 kB | 24/34 kB | 0/5.0 MB   
Progress (3): 33 kB | 24/34 kB | 0/5.0 MB
Progress (3): 33 kB | 32/34 kB | 0/5.0 MB
Progress (3): 33 kB | 34 kB | 0/5.0 MB   
                                      
Downloading from mikeprimm-repo: https://repo.mikeprimm.com/net/essentialsx/1_8Provider/2.20.1/1_8Provider-2.20.1.jar
builder-1  | Downloading from mikeprimm-repo: https://repo.mikeprimm.com/net/essentialsx/1_12Provider/2.20.1/1_12Provider-2.20.1.jar
builder-1  | Progress (3): 33 kB | 34 kB | 0/5.0 MB
Progress (3): 33 kB | 34 kB | 0/5.0 MB
Progress (3): 33 kB | 34 kB | 0/5.0 MB
Progress (3): 33 kB | 34 kB | 0/5.0 MB
Progress (3): 33 kB | 34 kB | 0.1/5.0 MB
Progress (3): 33 kB | 34 kB | 0.1/5.0 MB
Progress (3): 33 kB | 34 kB | 0.1/5.0 MB
                                        
Downloading from mikeprimm-repo: https://repo.mikeprimm.com/de/maxhenkel/voicechat/voicechat-api/2.5.0/voicechat-api-2.5.0.jar
builder-1  | Progress (3): 33 kB | 34 kB | 0.1/5.0 MB
                                        
Downloading from mikeprimm-repo: https://repo.mikeprimm.com/com/github/NEZNAMY/TAB-API/5.0.4/TAB-API-5.0.4.jar
builder-1  | Progress (3): 33 kB | 34 kB | 0.1/5.0 MB
Progress (3): 33 kB | 34 kB | 0.1/5.0 MB
Progress (3): 33 kB | 34 kB | 0.1/5.0 MB
Progress (3): 33 kB | 34 kB | 0.1/5.0 MB
Progress (3): 33 kB | 34 kB | 0.1/5.0 MB
Progress (3): 33 kB | 34 kB | 0.1/5.0 MB
Progress (3): 33 kB | 34 kB | 0.1/5.0 MB
Progress (3): 33 kB | 34 kB | 0.1/5.0 MB
Progress (3): 33 kB | 34 kB | 0.2/5.0 MB
Progress (3): 33 kB | 34 kB | 0.2/5.0 MB
Progress (3): 33 kB | 34 kB | 0.2/5.0 MB
Progress (3): 33 kB | 34 kB | 0.2/5.0 MB
Progress (3): 33 kB | 34 kB | 0.2/5.0 MB
Progress (3): 33 kB | 34 kB | 0.2/5.0 MB
Progress (3): 33 kB | 34 kB | 0.2/5.0 MB
Progress (3): 33 kB | 34 kB | 0.2/5.0 MB
Progress (3): 33 kB | 34 kB | 0.2/5.0 MB
Progress (3): 33 kB | 34 kB | 0.2/5.0 MB
[WARNING] Could not validate integrity of download from https://repo.mikeprimm.com/us/dynmap/DynmapCoreAPI/3.0-SNAPSHOT/DynmapCoreAPI-3.0-SNAPSHOT.jar
builder-1  | org.eclipse.aether.transfer.ChecksumFailureException: Checksum validation failed, no checksums available
builder-1  |     at org.eclipse.aether.internal.impl.AbstractChecksumPolicy.onNoMoreChecksums (AbstractChecksumPolicy.java:63)
builder-1  |     at org.eclipse.aether.connector.basic.ChecksumValidator.validate (ChecksumValidator.java:112)
builder-1  |     at org.eclipse.aether.connector.basic.BasicRepositoryConnector$GetTaskRunner.runTask (BasicRepositoryConnector.java:462)
builder-1  |     at org.eclipse.aether.connector.basic.BasicRepositoryConnector$TaskRunner.run (BasicRepositoryConnector.java:392)
builder-1  |     at org.eclipse.aether.util.concurrency.RunnableErrorForwarder.lambda$wrap$0 (RunnableErrorForwarder.java:66)
builder-1  |     at java.util.concurrent.ThreadPoolExecutor.runWorker (ThreadPoolExecutor.java:1144)
builder-1  |     at java.util.concurrent.ThreadPoolExecutor$Worker.run (ThreadPoolExecutor.java:642)
builder-1  |     at java.lang.Thread.run (Thread.java:1583)
builder-1  |                                         
[WARNING] Checksum validation failed, no checksums available from mikeprimm-repo for https://repo.mikeprimm.com/us/dynmap/DynmapCoreAPI/3.0-SNAPSHOT/DynmapCoreAPI-3.0-SNAPSHOT.jar
builder-1  | Downloaded from mikeprimm-repo: https://repo.mikeprimm.com/us/dynmap/DynmapCoreAPI/3.0-SNAPSHOT/DynmapCoreAPI-3.0-SNAPSHOT.jar (33 kB at 26 kB/s)
builder-1  | Downloading from mikeprimm-repo: https://repo.mikeprimm.com/com/discordsrv/discordsrv/1.29.0/discordsrv-1.29.0.jar
builder-1  | Progress (2): 34 kB | 0.2/5.0 MB
Progress (2): 34 kB | 0.2/5.0 MB
Progress (2): 34 kB | 0.2/5.0 MB
Progress (2): 34 kB | 0.3/5.0 MB
Progress (2): 34 kB | 0.3/5.0 MB
Progress (2): 34 kB | 0.3/5.0 MB
Progress (2): 34 kB | 0.3/5.0 MB
Progress (2): 34 kB | 0.3/5.0 MB
Progress (2): 34 kB | 0.3/5.0 MB
Progress (2): 34 kB | 0.3/5.0 MB
Progress (2): 34 kB | 0.3/5.0 MB
Progress (2): 34 kB | 0.3/5.0 MB
Progress (2): 34 kB | 0.3/5.0 MB
Progress (2): 34 kB | 0.3/5.0 MB
Progress (2): 34 kB | 0.3/5.0 MB
[WARNING] Could not validate integrity of download from https://repo.mikeprimm.com/us/dynmap/dynmap-api/3.0-SNAPSHOT/dynmap-api-3.0-SNAPSHOT.jar
builder-1  |                                 
org.eclipse.aether.transfer.ChecksumFailureException: Checksum validation failed, no checksums available
builder-1  |     at org.eclipse.aether.internal.impl.AbstractChecksumPolicy.onNoMoreChecksums (AbstractChecksumPolicy.java:63)
builder-1  |     at org.eclipse.aether.connector.basic.ChecksumValidator.validate (ChecksumValidator.java:112)
builder-1  |     at org.eclipse.aether.connector.basic.BasicRepositoryConnector$GetTaskRunner.runTask (BasicRepositoryConnector.java:462)
builder-1  |     at org.eclipse.aether.connector.basic.BasicRepositoryConnector$TaskRunner.run (BasicRepositoryConnector.java:392)
builder-1  |     at org.eclipse.aether.util.concurrency.RunnableErrorForwarder.lambda$wrap$0 (RunnableErrorForwarder.java:66)
builder-1  |     at java.util.concurrent.ThreadPoolExecutor.runWorker (ThreadPoolExecutor.java:1144)
builder-1  |     at java.util.concurrent.ThreadPoolExecutor$Worker.run (ThreadPoolExecutor.java:642)
builder-1  |     at java.lang.Thread.run (Thread.java:1583)
builder-1  | [WARNING] Checksum validation failed, no checksums available from mikeprimm-repo for https://repo.mikeprimm.com/us/dynmap/dynmap-api/3.0-SNAPSHOT/dynmap-api-3.0-SNAPSHOT.jar
builder-1  | Downloaded from mikeprimm-repo: https://repo.mikeprimm.com/us/dynmap/dynmap-api/3.0-SNAPSHOT/dynmap-api-3.0-SNAPSHOT.jar (34 kB at 25 kB/s)
builder-1  | Progress (1): 0.4/5.0 MB
Progress (1): 0.4/5.0 MB
Progress (1): 0.4/5.0 MB
Progress (1): 0.4/5.0 MB
Progress (1): 0.4/5.0 MB
Progress (1): 0.4/5.0 MB
Progress (1): 0.4/5.0 MB
Progress (1): 0.4/5.0 MB
Progress (1): 0.4/5.0 MB
Progress (1): 0.4/5.0 MB
                        
Progress (1): 0.4/5.0 MB
Progress (1): 0.4/5.0 MB
Progress (1): 0.4/5.0 MB
Progress (1): 0.5/5.0 MB
Progress (1): 0.5/5.0 MB
Progress (1): 0.5/5.0 MB
Progress (1): 0.5/5.0 MB
Progress (1): 0.5/5.0 MB
Progress (1): 0.5/5.0 MB
Progress (1): 0.5/5.0 MB
Progress (1): 0.5/5.0 MB
Progress (1): 0.5/5.0 MB
Progress (1): 0.5/5.0 MB
Progress (1): 0.5/5.0 MB
Progress (1): 0.5/5.0 MB
Progress (1): 0.6/5.0 MB
Progress (1): 0.6/5.0 MB
Progress (1): 0.6/5.0 MB
Progress (1): 0.6/5.0 MB
Progress (1): 0.6/5.0 MB
Progress (1): 0.6/5.0 MB
Progress (1): 0.6/5.0 MB
Progress (1): 0.6/5.0 MB
Progress (1): 0.6/5.0 MB
Progress (1): 0.6/5.0 MB
Progress (1): 0.6/5.0 MB
Progress (1): 0.6/5.0 MB
Progress (1): 0.6/5.0 MB
Progress (1): 0.7/5.0 MB
Progress (1): 0.7/5.0 MB
Progress (1): 0.7/5.0 MB
Progress (1): 0.7/5.0 MB
Progress (1): 0.7/5.0 MB
Progress (1): 0.7/5.0 MB
Progress (1): 0.7/5.0 MB
Progress (1): 0.7/5.0 MB
Progress (1): 0.7/5.0 MB
Progress (1): 0.7/5.0 MB
Progress (1): 0.7/5.0 MB
Progress (1): 0.7/5.0 MB
Progress (1): 0.8/5.0 MB
Progress (1): 0.8/5.0 MB
Progress (1): 0.8/5.0 MB
Progress (1): 0.8/5.0 MB
Progress (1): 0.8/5.0 MB
Progress (1): 0.8/5.0 MB
Progress (1): 0.8/5.0 MB
Progress (1): 0.8/5.0 MB
Progress (1): 0.8/5.0 MB
Progress (1): 0.8/5.0 MB
Progress (1): 0.8/5.0 MB
Progress (1): 0.8/5.0 MB
Progress (1): 0.8/5.0 MB
Progress (1): 0.9/5.0 MB
Progress (1): 0.9/5.0 MB
Progress (1): 0.9/5.0 MB
Progress (1): 0.9/5.0 MB
Progress (1): 0.9/5.0 MB
Progress (1): 0.9/5.0 MB
Progress (1): 0.9/5.0 MB
Progress (1): 0.9/5.0 MB
Progress (1): 0.9/5.0 MB
Progress (1): 0.9/5.0 MB
Progress (1): 0.9/5.0 MB
                        
Progress (1): 0.9/5.0 MB
Progress (1): 1.0/5.0 MB
Progress (1): 1.0/5.0 MB
Progress (1): 1.0/5.0 MB
Progress (1): 1.0/5.0 MB
Progress (1): 1.0/5.0 MB
Progress (1): 1.0/5.0 MB
Progress (1): 1.0/5.0 MB
Progress (1): 1.0/5.0 MB
Progress (1): 1.0/5.0 MB
Progress (1): 1.0/5.0 MB
Progress (1): 1.0/5.0 MB
Progress (1): 1.0/5.0 MB
Progress (1): 1.0/5.0 MB
Progress (1): 1.1/5.0 MB
Progress (1): 1.1/5.0 MB
Progress (1): 1.1/5.0 MB
Progress (1): 1.1/5.0 MB
Progress (1): 1.1/5.0 MB
Progress (1): 1.1/5.0 MB
Progress (1): 1.1/5.0 MB
Progress (1): 1.1/5.0 MB
Progress (1): 1.1/5.0 MB
Progress (1): 1.1/5.0 MB
Progress (1): 1.1/5.0 MB
Progress (1): 1.1/5.0 MB
Progress (1): 1.2/5.0 MB
Progress (1): 1.2/5.0 MB
Progress (1): 1.2/5.0 MB
Progress (1): 1.2/5.0 MB
Progress (1): 1.2/5.0 MB
Progress (1): 1.2/5.0 MB
Progress (1): 1.2/5.0 MB
Progress (1): 1.2/5.0 MB
Progress (1): 1.2/5.0 MB
Progress (1): 1.2/5.0 MB
Progress (1): 1.2/5.0 MB
Progress (1): 1.2/5.0 MB
Progress (1): 1.2/5.0 MB
Progress (1): 1.3/5.0 MB
Progress (1): 1.3/5.0 MB
Progress (1): 1.3/5.0 MB
Progress (1): 1.3/5.0 MB
Progress (1): 1.3/5.0 MB
Progress (1): 1.3/5.0 MB
Progress (1): 1.3/5.0 MB
Progress (1): 1.3/5.0 MB
Progress (1): 1.3/5.0 MB
Progress (1): 1.3/5.0 MB
Progress (1): 1.3/5.0 MB
Progress (1): 1.3/5.0 MB
Progress (1): 1.4/5.0 MB
Progress (1): 1.4/5.0 MB
Progress (1): 1.4/5.0 MB
Progress (1): 1.4/5.0 MB
Progress (1): 1.4/5.0 MB
Progress (1): 1.4/5.0 MB
Progress (1): 1.4/5.0 MB
Progress (1): 1.4/5.0 MB
Progress (1): 1.4/5.0 MB
Progress (1): 1.4/5.0 MB
Progress (1): 1.4/5.0 MB
Progress (1): 1.4/5.0 MB
Progress (1): 1.4/5.0 MB
Progress (1): 1.5/5.0 MB
Progress (1): 1.5/5.0 MB
Progress (1): 1.5/5.0 MB
Progress (1): 1.5/5.0 MB
Progress (1): 1.5/5.0 MB
Progress (1): 1.5/5.0 MB
Progress (1): 1.5/5.0 MB
Progress (1): 1.5/5.0 MB
Progress (1): 1.5/5.0 MB
Progress (1): 1.5/5.0 MB
Progress (1): 1.5/5.0 MB
Progress (1): 1.5/5.0 MB
Progress (1): 1.6/5.0 MB
Progress (1): 1.6/5.0 MB
Progress (1): 1.6/5.0 MB
Progress (1): 1.6/5.0 MB
Progress (1): 1.6/5.0 MB
Progress (1): 1.6/5.0 MB
Progress (1): 1.6/5.0 MB
Progress (1): 1.6/5.0 MB
Progress (1): 1.6/5.0 MB
Progress (1): 1.6/5.0 MB
Progress (1): 1.6/5.0 MB
Progress (1): 1.6/5.0 MB
Progress (1): 1.6/5.0 MB
Progress (1): 1.7/5.0 MB
Progress (1): 1.7/5.0 MB
Progress (1): 1.7/5.0 MB
Progress (1): 1.7/5.0 MB
Progress (1): 1.7/5.0 MB
Progress (1): 1.7/5.0 MB
Progress (1): 1.7/5.0 MB
Progress (1): 1.7/5.0 MB
Progress (1): 1.7/5.0 MB
Progress (1): 1.7/5.0 MB
Progress (1): 1.7/5.0 MB
Progress (1): 1.7/5.0 MB
Progress (1): 1.8/5.0 MB
Progress (1): 1.8/5.0 MB
Progress (1): 1.8/5.0 MB
Progress (1): 1.8/5.0 MB
Progress (1): 1.8/5.0 MB
Progress (1): 1.8/5.0 MB
Progress (1): 1.8/5.0 MB
Progress (1): 1.8/5.0 MB
Progress (1): 1.8/5.0 MB
Progress (1): 1.8/5.0 MB
Progress (1): 1.8/5.0 MB
Progress (1): 1.8/5.0 MB
Progress (1): 1.8/5.0 MB
Progress (1): 1.9/5.0 MB
Progress (1): 1.9/5.0 MB
Progress (1): 1.9/5.0 MB
Progress (1): 1.9/5.0 MB
Progress (1): 1.9/5.0 MB
Progress (1): 1.9/5.0 MB
Progress (1): 1.9/5.0 MB
Progress (1): 1.9/5.0 MB
Progress (1): 1.9/5.0 MB
Progress (1): 1.9/5.0 MB
Progress (1): 1.9/5.0 MB
Progress (1): 1.9/5.0 MB
Progress (1): 2.0/5.0 MB
Progress (1): 2.0/5.0 MB
Progress (1): 2.0/5.0 MB
Progress (1): 2.0/5.0 MB
Progress (1): 2.0/5.0 MB
Progress (1): 2.0/5.0 MB
Progress (1): 2.0/5.0 MB
Progress (1): 2.0/5.0 MB
Progress (1): 2.0/5.0 MB
Progress (1): 2.0/5.0 MB
Progress (1): 2.0/5.0 MB
Progress (1): 2.0/5.0 MB
Progress (1): 2.0/5.0 MB
Progress (1): 2.1/5.0 MB
Progress (1): 2.1/5.0 MB
Progress (1): 2.1/5.0 MB
Progress (1): 2.1/5.0 MB
Progress (1): 2.1/5.0 MB
Progress (1): 2.1/5.0 MB
Progress (1): 2.1/5.0 MB
Progress (1): 2.1/5.0 MB
Progress (1): 2.1/5.0 MB
Progress (1): 2.1/5.0 MB
Progress (1): 2.1/5.0 MB
Progress (1): 2.1/5.0 MB
Progress (1): 2.2/5.0 MB
Progress (1): 2.2/5.0 MB
Progress (1): 2.2/5.0 MB
Progress (1): 2.2/5.0 MB
Progress (1): 2.2/5.0 MB
Progress (1): 2.2/5.0 MB
Progress (1): 2.2/5.0 MB
Progress (1): 2.2/5.0 MB
Progress (1): 2.2/5.0 MB
Progress (1): 2.2/5.0 MB
Progress (1): 2.2/5.0 MB
Progress (1): 2.2/5.0 MB
Progress (1): 2.2/5.0 MB
Progress (1): 2.3/5.0 MB
Progress (1): 2.3/5.0 MB
Progress (1): 2.3/5.0 MB
Progress (1): 2.3/5.0 MB
Progress (1): 2.3/5.0 MB
Progress (1): 2.3/5.0 MB
Progress (1): 2.3/5.0 MB
Progress (1): 2.3/5.0 MB
Progress (1): 2.3/5.0 MB
Progress (1): 2.3/5.0 MB
Progress (1): 2.3/5.0 MB
Progress (1): 2.3/5.0 MB
Progress (1): 2.4/5.0 MB
Progress (1): 2.4/5.0 MB
Progress (1): 2.4/5.0 MB
Progress (1): 2.4/5.0 MB
Progress (1): 2.4/5.0 MB
Progress (1): 2.4/5.0 MB
Progress (1): 2.4/5.0 MB
Progress (1): 2.4/5.0 MB
Progress (1): 2.4/5.0 MB
Progress (1): 2.4/5.0 MB
Progress (1): 2.4/5.0 MB
Progress (1): 2.4/5.0 MB
Progress (1): 2.4/5.0 MB
Progress (1): 2.5/5.0 MB
Progress (1): 2.5/5.0 MB
Progress (1): 2.5/5.0 MB
Progress (1): 2.5/5.0 MB
Progress (1): 2.5/5.0 MB
Progress (1): 2.5/5.0 MB
Progress (1): 2.5/5.0 MB
Progress (1): 2.5/5.0 MB
Progress (1): 2.5/5.0 MB
Progress (1): 2.5/5.0 MB
Progress (1): 2.5/5.0 MB
Progress (1): 2.5/5.0 MB
Progress (1): 2.6/5.0 MB
Progress (1): 2.6/5.0 MB
Progress (1): 2.6/5.0 MB
Progress (1): 2.6/5.0 MB
Progress (1): 2.6/5.0 MB
Progress (1): 2.6/5.0 MB
Progress (1): 2.6/5.0 MB
Progress (1): 2.6/5.0 MB
Progress (1): 2.6/5.0 MB
Progress (1): 2.6/5.0 MB
Progress (1): 2.6/5.0 MB
Progress (1): 2.6/5.0 MB
Progress (1): 2.6/5.0 MB
Progress (1): 2.7/5.0 MB
Progress (1): 2.7/5.0 MB
Progress (1): 2.7/5.0 MB
Progress (1): 2.7/5.0 MB
Progress (1): 2.7/5.0 MB
Progress (1): 2.7/5.0 MB
Progress (1): 2.7/5.0 MB
Progress (1): 2.7/5.0 MB
Progress (1): 2.7/5.0 MB
Progress (1): 2.7/5.0 MB
Progress (1): 2.7/5.0 MB
Progress (1): 2.7/5.0 MB
Progress (1): 2.8/5.0 MB
Progress (1): 2.8/5.0 MB
Progress (1): 2.8/5.0 MB
Progress (1): 2.8/5.0 MB
Progress (1): 2.8/5.0 MB
Progress (1): 2.8/5.0 MB
Progress (1): 2.8/5.0 MB
Progress (1): 2.8/5.0 MB
Progress (1): 2.8/5.0 MB
Progress (1): 2.8/5.0 MB
Progress (1): 2.8/5.0 MB
Progress (1): 2.8/5.0 MB
Progress (1): 2.8/5.0 MB
Progress (1): 2.9/5.0 MB
Progress (1): 2.9/5.0 MB
Progress (1): 2.9/5.0 MB
Progress (1): 2.9/5.0 MB
Progress (1): 2.9/5.0 MB
Progress (1): 2.9/5.0 MB
Progress (1): 2.9/5.0 MB
Progress (1): 2.9/5.0 MB
Progress (1): 2.9/5.0 MB
Progress (1): 2.9/5.0 MB
Progress (1): 2.9/5.0 MB
Progress (1): 2.9/5.0 MB
Progress (1): 3.0/5.0 MB
Progress (1): 3.0/5.0 MB
Progress (1): 3.0/5.0 MB
Progress (1): 3.0/5.0 MB
Progress (1): 3.0/5.0 MB
Progress (1): 3.0/5.0 MB
Progress (1): 3.0/5.0 MB
Progress (1): 3.0/5.0 MB
Progress (1): 3.0/5.0 MB
Progress (1): 3.0/5.0 MB
Progress (1): 3.0/5.0 MB
Progress (1): 3.0/5.0 MB
Progress (1): 3.0/5.0 MB
Progress (1): 3.1/5.0 MB
Progress (1): 3.1/5.0 MB
Progress (1): 3.1/5.0 MB
Progress (1): 3.1/5.0 MB
Progress (1): 3.1/5.0 MB
Progress (1): 3.1/5.0 MB
Progress (1): 3.1/5.0 MB
Progress (1): 3.1/5.0 MB
Progress (1): 3.1/5.0 MB
Progress (1): 3.1/5.0 MB
Progress (1): 3.1/5.0 MB
Progress (1): 3.1/5.0 MB
Progress (1): 3.2/5.0 MB
Progress (1): 3.2/5.0 MB
Progress (1): 3.2/5.0 MB
Progress (1): 3.2/5.0 MB
Progress (1): 3.2/5.0 MB
Progress (1): 3.2/5.0 MB
Progress (1): 3.2/5.0 MB
Progress (1): 3.2/5.0 MB
Progress (1): 3.2/5.0 MB
Progress (1): 3.2/5.0 MB
Progress (1): 3.2/5.0 MB
Progress (1): 3.2/5.0 MB
Progress (1): 3.2/5.0 MB
Progress (1): 3.3/5.0 MB
Progress (1): 3.3/5.0 MB
Progress (1): 3.3/5.0 MB
Progress (1): 3.3/5.0 MB
Progress (1): 3.3/5.0 MB
Progress (1): 3.3/5.0 MB
Progress (1): 3.3/5.0 MB
Progress (1): 3.3/5.0 MB
Progress (1): 3.3/5.0 MB
Progress (1): 3.3/5.0 MB
Progress (1): 3.3/5.0 MB
Progress (1): 3.3/5.0 MB
Progress (1): 3.4/5.0 MB
Progress (1): 3.4/5.0 MB
Progress (1): 3.4/5.0 MB
Progress (1): 3.4/5.0 MB
Progress (1): 3.4/5.0 MB
Progress (1): 3.4/5.0 MB
Progress (1): 3.4/5.0 MB
Progress (1): 3.4/5.0 MB
Progress (1): 3.4/5.0 MB
Progress (1): 3.4/5.0 MB
Progress (1): 3.4/5.0 MB
Progress (1): 3.4/5.0 MB
Progress (1): 3.4/5.0 MB
Progress (1): 3.5/5.0 MB
Progress (1): 3.5/5.0 MB
Progress (1): 3.5/5.0 MB
Progress (1): 3.5/5.0 MB
Progress (1): 3.5/5.0 MB
Progress (1): 3.5/5.0 MB
Progress (1): 3.5/5.0 MB
Progress (1): 3.5/5.0 MB
Progress (1): 3.5/5.0 MB
Progress (1): 3.5/5.0 MB
Progress (1): 3.5/5.0 MB
Progress (1): 3.5/5.0 MB
Progress (1): 3.6/5.0 MB
Progress (1): 3.6/5.0 MB
Progress (1): 3.6/5.0 MB
Progress (1): 3.6/5.0 MB
Progress (1): 3.6/5.0 MB
Progress (1): 3.6/5.0 MB
Progress (1): 3.6/5.0 MB
Progress (1): 3.6/5.0 MB
Progress (1): 3.6/5.0 MB
Progress (1): 3.6/5.0 MB
Progress (1): 3.6/5.0 MB
Progress (1): 3.6/5.0 MB
Progress (1): 3.6/5.0 MB
Progress (1): 3.7/5.0 MB
Progress (1): 3.7/5.0 MB
Progress (1): 3.7/5.0 MB
Progress (1): 3.7/5.0 MB
Progress (1): 3.7/5.0 MB
Progress (1): 3.7/5.0 MB
Progress (1): 3.7/5.0 MB
Progress (1): 3.7/5.0 MB
Progress (1): 3.7/5.0 MB
Progress (1): 3.7/5.0 MB
Progress (1): 3.7/5.0 MB
Progress (1): 3.7/5.0 MB
Progress (1): 3.8/5.0 MB
Progress (1): 3.8/5.0 MB
Progress (1): 3.8/5.0 MB
Progress (1): 3.8/5.0 MB
Progress (1): 3.8/5.0 MB
Progress (1): 3.8/5.0 MB
Progress (1): 3.8/5.0 MB
Progress (1): 3.8/5.0 MB
Progress (1): 3.8/5.0 MB
Progress (1): 3.8/5.0 MB
Progress (1): 3.8/5.0 MB
Progress (1): 3.8/5.0 MB
Progress (1): 3.8/5.0 MB
Progress (1): 3.9/5.0 MB
Progress (1): 3.9/5.0 MB
Progress (1): 3.9/5.0 MB
Progress (1): 3.9/5.0 MB
Progress (1): 3.9/5.0 MB
Progress (1): 3.9/5.0 MB
Progress (1): 3.9/5.0 MB
Progress (1): 3.9/5.0 MB
Progress (1): 3.9/5.0 MB
Progress (1): 3.9/5.0 MB
Progress (1): 3.9/5.0 MB
Progress (1): 3.9/5.0 MB
Progress (1): 4.0/5.0 MB
Progress (1): 4.0/5.0 MB
Progress (1): 4.0/5.0 MB
Progress (1): 4.0/5.0 MB
Progress (1): 4.0/5.0 MB
Progress (1): 4.0/5.0 MB
Progress (1): 4.0/5.0 MB
Progress (1): 4.0/5.0 MB
Progress (1): 4.0/5.0 MB
Progress (1): 4.0/5.0 MB
Progress (1): 4.0/5.0 MB
Progress (1): 4.0/5.0 MB
Progress (1): 4.0/5.0 MB
Progress (1): 4.1/5.0 MB
Progress (1): 4.1/5.0 MB
Progress (1): 4.1/5.0 MB
Progress (1): 4.1/5.0 MB
Progress (1): 4.1/5.0 MB
Progress (1): 4.1/5.0 MB
Progress (1): 4.1/5.0 MB
Progress (1): 4.1/5.0 MB
Progress (1): 4.1/5.0 MB
Progress (1): 4.1/5.0 MB
Progress (1): 4.1/5.0 MB
Progress (1): 4.1/5.0 MB
Progress (1): 4.2/5.0 MB
Progress (1): 4.2/5.0 MB
Progress (1): 4.2/5.0 MB
Progress (1): 4.2/5.0 MB
Progress (1): 4.2/5.0 MB
Progress (1): 4.2/5.0 MB
Progress (1): 4.2/5.0 MB
Progress (1): 4.2/5.0 MB
Progress (1): 4.2/5.0 MB
Progress (1): 4.2/5.0 MB
Progress (1): 4.2/5.0 MB
Progress (1): 4.2/5.0 MB
Progress (1): 4.2/5.0 MB
Progress (1): 4.3/5.0 MB
Progress (1): 4.3/5.0 MB
Progress (1): 4.3/5.0 MB
Progress (1): 4.3/5.0 MB
Progress (1): 4.3/5.0 MB
Progress (1): 4.3/5.0 MB
Progress (1): 4.3/5.0 MB
Progress (1): 4.3/5.0 MB
Progress (1): 4.3/5.0 MB
Progress (1): 4.3/5.0 MB
Progress (1): 4.3/5.0 MB
Progress (1): 4.3/5.0 MB
Progress (1): 4.4/5.0 MB
Progress (1): 4.4/5.0 MB
Progress (1): 4.4/5.0 MB
Progress (1): 4.4/5.0 MB
Progress (1): 4.4/5.0 MB
Progress (1): 4.4/5.0 MB
Progress (1): 4.4/5.0 MB
Progress (1): 4.4/5.0 MB
Progress (1): 4.4/5.0 MB
Progress (1): 4.4/5.0 MB
Progress (1): 4.4/5.0 MB
Progress (1): 4.4/5.0 MB
Progress (1): 4.4/5.0 MB
Progress (1): 4.5/5.0 MB
Progress (1): 4.5/5.0 MB
Progress (1): 4.5/5.0 MB
Progress (1): 4.5/5.0 MB
Progress (1): 4.5/5.0 MB
Progress (1): 4.5/5.0 MB
Progress (1): 4.5/5.0 MB
Progress (1): 4.5/5.0 MB
Progress (1): 4.5/5.0 MB
Progress (1): 4.5/5.0 MB
Progress (1): 4.5/5.0 MB
Progress (1): 4.5/5.0 MB
Progress (1): 4.6/5.0 MB
Progress (1): 4.6/5.0 MB
Progress (1): 4.6/5.0 MB
Progress (1): 4.6/5.0 MB
Progress (1): 4.6/5.0 MB
Progress (1): 4.6/5.0 MB
Progress (1): 4.6/5.0 MB
Progress (1): 4.6/5.0 MB
Progress (1): 4.6/5.0 MB
Progress (1): 4.6/5.0 MB
Progress (1): 4.6/5.0 MB
Progress (1): 4.6/5.0 MB
Progress (1): 4.6/5.0 MB
Progress (1): 4.7/5.0 MB
Progress (1): 4.7/5.0 MB
Progress (1): 4.7/5.0 MB
Progress (1): 4.7/5.0 MB
Progress (1): 4.7/5.0 MB
Progress (1): 4.7/5.0 MB
Progress (1): 4.7/5.0 MB
Progress (1): 4.7/5.0 MB
Progress (1): 4.7/5.0 MB
Progress (1): 4.7/5.0 MB
Progress (1): 4.7/5.0 MB
Progress (1): 4.7/5.0 MB
Progress (1): 4.8/5.0 MB
Progress (1): 4.8/5.0 MB
Progress (1): 4.8/5.0 MB
Progress (1): 4.8/5.0 MB
Progress (1): 4.8/5.0 MB
Progress (1): 4.8/5.0 MB
Progress (1): 4.8/5.0 MB
Progress (1): 4.8/5.0 MB
Progress (1): 4.8/5.0 MB
Progress (1): 4.8/5.0 MB
Progress (1): 4.8/5.0 MB
Progress (1): 4.8/5.0 MB
Progress (1): 4.8/5.0 MB
Progress (1): 4.9/5.0 MB
Progress (1): 4.9/5.0 MB
Progress (1): 4.9/5.0 MB
Progress (1): 4.9/5.0 MB
Progress (1): 4.9/5.0 MB
Progress (1): 4.9/5.0 MB
Progress (1): 4.9/5.0 MB
Progress (1): 4.9/5.0 MB
Progress (1): 4.9/5.0 MB
Progress (1): 4.9/5.0 MB
Progress (1): 4.9/5.0 MB
Progress (1): 4.9/5.0 MB
Progress (1): 5.0/5.0 MB
Progress (1): 5.0 MB    
[WARNING] Could not validate integrity of download from https://repo.mikeprimm.com/org/bukkit/bukkit/1.7.10-R0.1-SNAPSHOT/bukkit-1.7.10-R0.1-SNAPSHOT.jar
builder-1  | org.eclipse.aether.transfer.ChecksumFailureException: Checksum validation failed, no checksums available
builder-1  |     at org.eclipse.aether.internal.impl.AbstractChecksumPolicy.onNoMoreChecksums (AbstractChecksumPolicy.java:63)
builder-1  |     at org.eclipse.aether.connector.basic.ChecksumValidator.validate (ChecksumValidator.java:112)
builder-1  |     at org.eclipse.aether.connector.basic.BasicRepositoryConnector$GetTaskRunner.runTask (BasicRepositoryConnector.java:462)
builder-1  |     at org.eclipse.aether.connector.basic.BasicRepositoryConnector$TaskRunner.run (BasicRepositoryConnector.java:392)
builder-1  |     at org.eclipse.aether.util.concurrency.RunnableErrorForwarder.lambda$wrap$0 (RunnableErrorForwarder.java:66)
builder-1  |     at java.util.concurrent.ThreadPoolExecutor.runWorker (ThreadPoolExecutor.java:1144)
builder-1  |     at java.util.concurrent.ThreadPoolExecutor$Worker.run (ThreadPoolExecutor.java:642)
builder-1  |     at java.lang.Thread.run (Thread.java:1583)
builder-1  |                     
[WARNING] Checksum validation failed, no checksums available from mikeprimm-repo for https://repo.mikeprimm.com/org/bukkit/bukkit/1.7.10-R0.1-SNAPSHOT/bukkit-1.7.10-R0.1-SNAPSHOT.jar
builder-1  | Downloaded from mikeprimm-repo: https://repo.mikeprimm.com/org/bukkit/bukkit/1.7.10-R0.1-SNAPSHOT/bukkit-1.7.10-R0.1-SNAPSHOT.jar (5.0 MB at 1.9 MB/s)
builder-1  | Downloading from essentials-releases: https://repo.essentialsx.net/releases/net/essentialsx/EssentialsX/2.20.1/EssentialsX-2.20.1.jar
builder-1  | Downloading from essentials-releases: https://repo.essentialsx.net/releases/net/essentialsx/BaseProviders/2.20.1/BaseProviders-2.20.1.jar
builder-1  | Downloading from essentials-releases: https://repo.essentialsx.net/releases/net/essentialsx/PaperProvider/2.20.1/PaperProvider-2.20.1.jar
builder-1  | Downloading from essentials-releases: https://repo.essentialsx.net/releases/net/essentialsx/NMSReflectionProvider/2.20.1/NMSReflectionProvider-2.20.1.jar
builder-1  | Downloading from essentials-releases: https://repo.essentialsx.net/releases/net/essentialsx/1_8Provider/2.20.1/1_8Provider-2.20.1.jar
builder-1  | Progress (1): 0/3.1 MB
Progress (1): 0/3.1 MB
Progress (1): 0/3.1 MB
Progress (1): 0/3.1 MB
Progress (1): 0/3.1 MB
Progress (1): 0/3.1 MB
Progress (1): 0/3.1 MB
Progress (1): 0/3.1 MB
Progress (1): 0/3.1 MB
Progress (2): 0/3.1 MB | 1.4/12 kB
Progress (2): 0/3.1 MB | 2.7/12 kB
Progress (2): 0/3.1 MB | 4.1/12 kB
Progress (2): 0/3.1 MB | 5.5/12 kB
Progress (2): 0/3.1 MB | 6.8/12 kB
Progress (2): 0/3.1 MB | 8.2/12 kB
Progress (3): 0/3.1 MB | 8.2/12 kB | 1.4/8.8 kB
Progress (3): 0/3.1 MB | 8.2/12 kB | 2.7/8.8 kB
Progress (3): 0/3.1 MB | 8.2/12 kB | 4.1/8.8 kB
Progress (3): 0/3.1 MB | 8.2/12 kB | 5.5/8.8 kB
Progress (3): 0/3.1 MB | 8.2/12 kB | 6.8/8.8 kB
Progress (3): 0/3.1 MB | 8.2/12 kB | 8.2/8.8 kB
Progress (4): 0/3.1 MB | 8.2/12 kB | 8.2/8.8 kB | 1.4/29 kB
Progress (4): 0/3.1 MB | 8.2/12 kB | 8.2/8.8 kB | 2.7/29 kB
Progress (4): 0/3.1 MB | 8.2/12 kB | 8.2/8.8 kB | 4.1/29 kB
Progress (4): 0/3.1 MB | 8.2/12 kB | 8.2/8.8 kB | 5.5/29 kB
Progress (5): 0/3.1 MB | 8.2/12 kB | 8.2/8.8 kB | 5.5/29 kB | 1.4/30 kB
Progress (5): 0/3.1 MB | 8.2/12 kB | 8.2/8.8 kB | 5.5/29 kB | 2.7/30 kB
Progress (5): 0/3.1 MB | 8.2/12 kB | 8.2/8.8 kB | 5.5/29 kB | 4.1/30 kB
Progress (5): 0/3.1 MB | 8.2/12 kB | 8.2/8.8 kB | 5.5/29 kB | 5.5/30 kB
Progress (5): 0/3.1 MB | 8.2/12 kB | 8.2/8.8 kB | 5.5/29 kB | 6.8/30 kB
Progress (5): 0/3.1 MB | 8.2/12 kB | 8.2/8.8 kB | 5.5/29 kB | 8.2/30 kB
Progress (5): 0/3.1 MB | 8.2/12 kB | 8.2/8.8 kB | 5.5/29 kB | 9.6/30 kB
Progress (5): 0/3.1 MB | 9.6/12 kB | 8.2/8.8 kB | 5.5/29 kB | 9.6/30 kB
Progress (5): 0/3.1 MB | 9.6/12 kB | 8.8 kB | 5.5/29 kB | 9.6/30 kB    
Progress (5): 0/3.1 MB | 9.6/12 kB | 8.8 kB | 6.8/29 kB | 9.6/30 kB
Progress (5): 0/3.1 MB | 9.6/12 kB | 8.8 kB | 8.2/29 kB | 9.6/30 kB
Progress (5): 0/3.1 MB | 9.6/12 kB | 8.8 kB | 8.2/29 kB | 11/30 kB 
Progress (5): 0/3.1 MB | 9.6/12 kB | 8.8 kB | 8.2/29 kB | 12/30 kB
Progress (5): 0/3.1 MB | 9.6/12 kB | 8.8 kB | 8.2/29 kB | 12/30 kB
Progress (5): 0/3.1 MB | 11/12 kB | 8.8 kB | 8.2/29 kB | 12/30 kB 
Progress (5): 0/3.1 MB | 12 kB | 8.8 kB | 8.2/29 kB | 12/30 kB   
Progress (5): 0/3.1 MB | 12 kB | 8.8 kB | 9.6/29 kB | 12/30 kB
Progress (5): 0/3.1 MB | 12 kB | 8.8 kB | 11/29 kB | 12/30 kB 
Progress (5): 0/3.1 MB | 12 kB | 8.8 kB | 11/29 kB | 12/30 kB
Progress (5): 0/3.1 MB | 12 kB | 8.8 kB | 11/29 kB | 12/30 kB
Progress (5): 0/3.1 MB | 12 kB | 8.8 kB | 11/29 kB | 12/30 kB
Progress (5): 0.1/3.1 MB | 12 kB | 8.8 kB | 11/29 kB | 12/30 kB
Progress (5): 0.1/3.1 MB | 12 kB | 8.8 kB | 11/29 kB | 12/30 kB
Progress (5): 0.1/3.1 MB | 12 kB | 8.8 kB | 11/29 kB | 12/30 kB
Progress (5): 0.1/3.1 MB | 12 kB | 8.8 kB | 11/29 kB | 12/30 kB
Progress (5): 0.1/3.1 MB | 12 kB | 8.8 kB | 11/29 kB | 12/30 kB
Progress (5): 0.1/3.1 MB | 12 kB | 8.8 kB | 11/29 kB | 12/30 kB
Progress (5): 0.1/3.1 MB | 12 kB | 8.8 kB | 12/29 kB | 12/30 kB
Progress (5): 0.1/3.1 MB | 12 kB | 8.8 kB | 14/29 kB | 12/30 kB
Progress (5): 0.1/3.1 MB | 12 kB | 8.8 kB | 15/29 kB | 12/30 kB
Progress (5): 0.1/3.1 MB | 12 kB | 8.8 kB | 15/29 kB | 12/30 kB
Progress (5): 0.1/3.1 MB | 12 kB | 8.8 kB | 15/29 kB | 14/30 kB
Progress (5): 0.1/3.1 MB | 12 kB | 8.8 kB | 15/29 kB | 15/30 kB
Progress (5): 0.1/3.1 MB | 12 kB | 8.8 kB | 16/29 kB | 15/30 kB
Progress (5): 0.1/3.1 MB | 12 kB | 8.8 kB | 18/29 kB | 15/30 kB
Progress (5): 0.1/3.1 MB | 12 kB | 8.8 kB | 18/29 kB | 16/30 kB
Progress (5): 0.1/3.1 MB | 12 kB | 8.8 kB | 18/29 kB | 16/30 kB
Progress (5): 0.1/3.1 MB | 12 kB | 8.8 kB | 18/29 kB | 18/30 kB
Progress (5): 0.1/3.1 MB | 12 kB | 8.8 kB | 18/29 kB | 18/30 kB
Progress (5): 0.1/3.1 MB | 12 kB | 8.8 kB | 19/29 kB | 18/30 kB
Progress (5): 0.1/3.1 MB | 12 kB | 8.8 kB | 20/29 kB | 18/30 kB
Progress (5): 0.1/3.1 MB | 12 kB | 8.8 kB | 20/29 kB | 19/30 kB
Progress (5): 0.1/3.1 MB | 12 kB | 8.8 kB | 20/29 kB | 20/30 kB
Progress (5): 0.1/3.1 MB | 12 kB | 8.8 kB | 22/29 kB | 20/30 kB
Progress (5): 0.1/3.1 MB | 12 kB | 8.8 kB | 23/29 kB | 20/30 kB
Progress (5): 0.1/3.1 MB | 12 kB | 8.8 kB | 23/29 kB | 20/30 kB
Progress (5): 0.1/3.1 MB | 12 kB | 8.8 kB | 23/29 kB | 22/30 kB
Progress (5): 0.1/3.1 MB | 12 kB | 8.8 kB | 23/29 kB | 23/30 kB
Progress (5): 0.1/3.1 MB | 12 kB | 8.8 kB | 23/29 kB | 23/30 kB
Progress (5): 0.1/3.1 MB | 12 kB | 8.8 kB | 25/29 kB | 23/30 kB
Progress (5): 0.1/3.1 MB | 12 kB | 8.8 kB | 26/29 kB | 23/30 kB
Progress (5): 0.1/3.1 MB | 12 kB | 8.8 kB | 26/29 kB | 25/30 kB
Progress (5): 0.1/3.1 MB | 12 kB | 8.8 kB | 26/29 kB | 26/30 kB
Progress (5): 0.1/3.1 MB | 12 kB | 8.8 kB | 26/29 kB | 26/30 kB
Progress (5): 0.1/3.1 MB | 12 kB | 8.8 kB | 27/29 kB | 26/30 kB
Progress (5): 0.1/3.1 MB | 12 kB | 8.8 kB | 29/29 kB | 26/30 kB
Progress (5): 0.1/3.1 MB | 12 kB | 8.8 kB | 29 kB | 26/30 kB   
Progress (5): 0.1/3.1 MB | 12 kB | 8.8 kB | 29 kB | 27/30 kB
Progress (5): 0.1/3.1 MB | 12 kB | 8.8 kB | 29 kB | 29/30 kB
Progress (5): 0.1/3.1 MB | 12 kB | 8.8 kB | 29 kB | 29/30 kB
Progress (5): 0.1/3.1 MB | 12 kB | 8.8 kB | 29 kB | 30 kB   
Progress (5): 0.1/3.1 MB | 12 kB | 8.8 kB | 29 kB | 30 kB
Progress (5): 0.1/3.1 MB | 12 kB | 8.8 kB | 29 kB | 30 kB
Progress (5): 0.1/3.1 MB | 12 kB | 8.8 kB | 29 kB | 30 kB
Progress (5): 0.1/3.1 MB | 12 kB | 8.8 kB | 29 kB | 30 kB
Progress (5): 0.1/3.1 MB | 12 kB | 8.8 kB | 29 kB | 30 kB
Progress (5): 0.1/3.1 MB | 12 kB | 8.8 kB | 29 kB | 30 kB
Progress (5): 0.1/3.1 MB | 12 kB | 8.8 kB | 29 kB | 30 kB
Progress (5): 0.1/3.1 MB | 12 kB | 8.8 kB | 29 kB | 30 kB
Progress (5): 0.1/3.1 MB | 12 kB | 8.8 kB | 29 kB | 30 kB
Progress (5): 0.1/3.1 MB | 12 kB | 8.8 kB | 29 kB | 30 kB
                                                         
Downloaded from essentials-releases: https://repo.essentialsx.net/releases/net/essentialsx/1_8Provider/2.20.1/1_8Provider-2.20.1.jar (8.8 kB at 9.2 kB/s)
builder-1  | Downloading from essentials-releases: https://repo.essentialsx.net/releases/net/essentialsx/1_12Provider/2.20.1/1_12Provider-2.20.1.jar
builder-1  | Progress (4): 0.1/3.1 MB | 12 kB | 29 kB | 30 kB
Progress (4): 0.2/3.1 MB | 12 kB | 29 kB | 30 kB
Progress (4): 0.2/3.1 MB | 12 kB | 29 kB | 30 kB
Progress (4): 0.2/3.1 MB | 12 kB | 29 kB | 30 kB
Progress (4): 0.2/3.1 MB | 12 kB | 29 kB | 30 kB
Progress (4): 0.2/3.1 MB | 12 kB | 29 kB | 30 kB
Progress (4): 0.2/3.1 MB | 12 kB | 29 kB | 30 kB
Progress (4): 0.2/3.1 MB | 12 kB | 29 kB | 30 kB
Progress (4): 0.2/3.1 MB | 12 kB | 29 kB | 30 kB
Progress (4): 0.2/3.1 MB | 12 kB | 29 kB | 30 kB
Progress (4): 0.3/3.1 MB | 12 kB | 29 kB | 30 kB
Progress (4): 0.3/3.1 MB | 12 kB | 29 kB | 30 kB
Progress (4): 0.3/3.1 MB | 12 kB | 29 kB | 30 kB
Progress (4): 0.3/3.1 MB | 12 kB | 29 kB | 30 kB
                                                
Downloaded from essentials-releases: https://repo.essentialsx.net/releases/net/essentialsx/BaseProviders/2.20.1/BaseProviders-2.20.1.jar (29 kB at 27 kB/s)
builder-1  | Downloading from essentials-releases: https://repo.essentialsx.net/releases/de/maxhenkel/voicechat/voicechat-api/2.5.0/voicechat-api-2.5.0.jar
builder-1  | Progress (3): 0.3/3.1 MB | 12 kB | 30 kB
                                        
Downloaded from essentials-releases: https://repo.essentialsx.net/releases/net/essentialsx/NMSReflectionProvider/2.20.1/NMSReflectionProvider-2.20.1.jar (30 kB at 27 kB/s)
builder-1  | Downloading from essentials-releases: https://repo.essentialsx.net/releases/com/github/NEZNAMY/TAB-API/5.0.4/TAB-API-5.0.4.jar
builder-1  | Progress (2): 0.3/3.1 MB | 12 kB
Progress (2): 0.4/3.1 MB | 12 kB
Progress (2): 0.4/3.1 MB | 12 kB
Progress (2): 0.4/3.1 MB | 12 kB
Progress (2): 0.4/3.1 MB | 12 kB
Progress (2): 0.4/3.1 MB | 12 kB
Progress (2): 0.4/3.1 MB | 12 kB
Progress (2): 0.5/3.1 MB | 12 kB
Progress (2): 0.5/3.1 MB | 12 kB
                                
Downloaded from essentials-releases: https://repo.essentialsx.net/releases/net/essentialsx/PaperProvider/2.20.1/PaperProvider-2.20.1.jar (12 kB at 10.0 kB/s)
builder-1  | Downloading from essentials-releases: https://repo.essentialsx.net/releases/com/discordsrv/discordsrv/1.29.0/discordsrv-1.29.0.jar
builder-1  | Progress (1): 0.5/3.1 MB
Progress (1): 0.5/3.1 MB
Progress (1): 0.5/3.1 MB
Progress (1): 0.5/3.1 MB
Progress (1): 0.6/3.1 MB
Progress (1): 0.6/3.1 MB
Progress (1): 0.6/3.1 MB
Progress (1): 0.6/3.1 MB
Progress (1): 0.6/3.1 MB
Progress (1): 0.6/3.1 MB
Progress (1): 0.7/3.1 MB
Progress (2): 0.7/3.1 MB | 1.4/31 kB
Progress (2): 0.7/3.1 MB | 1.4/31 kB
Progress (2): 0.7/3.1 MB | 2.7/31 kB
Progress (2): 0.7/3.1 MB | 4.1/31 kB
Progress (2): 0.7/3.1 MB | 4.1/31 kB
Progress (2): 0.7/3.1 MB | 4.1/31 kB
Progress (2): 0.7/3.1 MB | 5.5/31 kB
Progress (2): 0.7/3.1 MB | 6.8/31 kB
Progress (2): 0.7/3.1 MB | 6.8/31 kB
Progress (2): 0.7/3.1 MB | 6.8/31 kB
Progress (2): 0.7/3.1 MB | 8.2/31 kB
Progress (2): 0.7/3.1 MB | 9.6/31 kB
Progress (2): 0.8/3.1 MB | 9.6/31 kB
Progress (2): 0.8/3.1 MB | 9.6/31 kB
Progress (2): 0.8/3.1 MB | 11/31 kB 
Progress (2): 0.8/3.1 MB | 12/31 kB
Progress (2): 0.8/3.1 MB | 12/31 kB
Progress (2): 0.8/3.1 MB | 12/31 kB
Progress (2): 0.8/3.1 MB | 14/31 kB
Progress (2): 0.8/3.1 MB | 15/31 kB
Progress (2): 0.8/3.1 MB | 15/31 kB
Progress (2): 0.8/3.1 MB | 15/31 kB
Progress (2): 0.8/3.1 MB | 16/31 kB
Progress (2): 0.9/3.1 MB | 16/31 kB
Progress (2): 0.9/3.1 MB | 18/31 kB
Progress (2): 0.9/3.1 MB | 18/31 kB
Progress (2): 0.9/3.1 MB | 18/31 kB
Progress (2): 0.9/3.1 MB | 18/31 kB
Progress (2): 0.9/3.1 MB | 19/31 kB
Progress (2): 0.9/3.1 MB | 20/31 kB
Progress (2): 0.9/3.1 MB | 20/31 kB
Progress (2): 0.9/3.1 MB | 20/31 kB
Progress (2): 0.9/3.1 MB | 22/31 kB
Progress (2): 0.9/3.1 MB | 23/31 kB
Progress (2): 1.0/3.1 MB | 23/31 kB
Progress (2): 1.0/3.1 MB | 23/31 kB
Progress (2): 1.0/3.1 MB | 23/31 kB
Progress (2): 1.0/3.1 MB | 25/31 kB
Progress (2): 1.0/3.1 MB | 26/31 kB
Progress (2): 1.0/3.1 MB | 26/31 kB
Progress (2): 1.0/3.1 MB | 26/31 kB
Progress (2): 1.0/3.1 MB | 26/31 kB
Progress (2): 1.0/3.1 MB | 27/31 kB
Progress (2): 1.0/3.1 MB | 29/31 kB
Progress (2): 1.0/3.1 MB | 29/31 kB
Progress (2): 1.0/3.1 MB | 30/31 kB
Progress (2): 1.0/3.1 MB | 31 kB   
Progress (2): 1.1/3.1 MB | 31 kB
Progress (2): 1.1/3.1 MB | 31 kB
Progress (2): 1.1/3.1 MB | 31 kB
Progress (2): 1.1/3.1 MB | 31 kB
Progress (2): 1.1/3.1 MB | 31 kB
Progress (2): 1.1/3.1 MB | 31 kB
Progress (2): 1.2/3.1 MB | 31 kB
Progress (2): 1.2/3.1 MB | 31 kB
Progress (2): 1.2/3.1 MB | 31 kB
Progress (2): 1.2/3.1 MB | 31 kB
Progress (2): 1.2/3.1 MB | 31 kB
Progress (2): 1.2/3.1 MB | 31 kB
Progress (2): 1.3/3.1 MB | 31 kB
Progress (2): 1.3/3.1 MB | 31 kB
Progress (2): 1.3/3.1 MB | 31 kB
Progress (2): 1.3/3.1 MB | 31 kB
Progress (2): 1.3/3.1 MB | 31 kB
Progress (2): 1.3/3.1 MB | 31 kB
Progress (2): 1.4/3.1 MB | 31 kB
Progress (2): 1.4/3.1 MB | 31 kB
Progress (2): 1.4/3.1 MB | 31 kB
Progress (2): 1.4/3.1 MB | 31 kB
Progress (2): 1.4/3.1 MB | 31 kB
Progress (2): 1.4/3.1 MB | 31 kB
Progress (2): 1.5/3.1 MB | 31 kB
Progress (2): 1.5/3.1 MB | 31 kB
Progress (2): 1.5/3.1 MB | 31 kB
Progress (2): 1.5/3.1 MB | 31 kB
Progress (2): 1.5/3.1 MB | 31 kB
Progress (2): 1.5/3.1 MB | 31 kB
Progress (2): 1.6/3.1 MB | 31 kB
Progress (2): 1.6/3.1 MB | 31 kB
Progress (2): 1.6/3.1 MB | 31 kB
Progress (2): 1.6/3.1 MB | 31 kB
Progress (2): 1.6/3.1 MB | 31 kB
Progress (2): 1.6/3.1 MB | 31 kB
                                
Progress (2): 1.7/3.1 MB | 31 kB
Progress (2): 1.7/3.1 MB | 31 kB
                                
Progress (2): 1.7/3.1 MB | 31 kB
Progress (2): 1.7/3.1 MB | 31 kB
Progress (2): 1.7/3.1 MB | 31 kB
Progress (2): 1.7/3.1 MB | 31 kB
Progress (2): 1.8/3.1 MB | 31 kB
Progress (2): 1.8/3.1 MB | 31 kB
Progress (2): 1.8/3.1 MB | 31 kB
Progress (2): 1.8/3.1 MB | 31 kB
Progress (2): 1.8/3.1 MB | 31 kB
Progress (2): 1.8/3.1 MB | 31 kB
Progress (2): 1.9/3.1 MB | 31 kB
Progress (2): 1.9/3.1 MB | 31 kB
Progress (2): 1.9/3.1 MB | 31 kB
Progress (2): 1.9/3.1 MB | 31 kB
Progress (2): 1.9/3.1 MB | 31 kB
Progress (2): 1.9/3.1 MB | 31 kB
Progress (2): 1.9/3.1 MB | 31 kB
Progress (2): 2.0/3.1 MB | 31 kB
Progress (2): 2.0/3.1 MB | 31 kB
Progress (2): 2.0/3.1 MB | 31 kB
Progress (2): 2.0/3.1 MB | 31 kB
Progress (2): 2.0/3.1 MB | 31 kB
Progress (2): 2.0/3.1 MB | 31 kB
Progress (2): 2.1/3.1 MB | 31 kB
Progress (2): 2.1/3.1 MB | 31 kB
Progress (2): 2.1/3.1 MB | 31 kB
Progress (2): 2.1/3.1 MB | 31 kB
Progress (2): 2.1/3.1 MB | 31 kB
                                
Progress (2): 2.1/3.1 MB | 31 kB
Progress (2): 2.2/3.1 MB | 31 kB
Progress (2): 2.2/3.1 MB | 31 kB
Progress (2): 2.2/3.1 MB | 31 kB
Progress (2): 2.2/3.1 MB | 31 kB
Progress (2): 2.2/3.1 MB | 31 kB
Progress (2): 2.2/3.1 MB | 31 kB
Progress (2): 2.3/3.1 MB | 31 kB
Progress (2): 2.3/3.1 MB | 31 kB
Progress (2): 2.3/3.1 MB | 31 kB
Progress (2): 2.3/3.1 MB | 31 kB
Progress (2): 2.3/3.1 MB | 31 kB
Progress (2): 2.3/3.1 MB | 31 kB
Progress (2): 2.4/3.1 MB | 31 kB
Progress (2): 2.4/3.1 MB | 31 kB
Progress (2): 2.4/3.1 MB | 31 kB
Progress (2): 2.4/3.1 MB | 31 kB
Progress (2): 2.4/3.1 MB | 31 kB
Progress (2): 2.4/3.1 MB | 31 kB
Progress (2): 2.5/3.1 MB | 31 kB
Progress (2): 2.5/3.1 MB | 31 kB
Progress (2): 2.5/3.1 MB | 31 kB
Progress (2): 2.5/3.1 MB | 31 kB
Progress (2): 2.5/3.1 MB | 31 kB
Progress (2): 2.5/3.1 MB | 31 kB
Progress (2): 2.6/3.1 MB | 31 kB
Progress (2): 2.6/3.1 MB | 31 kB
Progress (2): 2.6/3.1 MB | 31 kB
Progress (2): 2.6/3.1 MB | 31 kB
Progress (2): 2.6/3.1 MB | 31 kB
Progress (2): 2.6/3.1 MB | 31 kB
Progress (2): 2.7/3.1 MB | 31 kB
Progress (2): 2.7/3.1 MB | 31 kB
Progress (2): 2.7/3.1 MB | 31 kB
Progress (2): 2.7/3.1 MB | 31 kB
Progress (2): 2.7/3.1 MB | 31 kB
Progress (2): 2.7/3.1 MB | 31 kB
Progress (2): 2.8/3.1 MB | 31 kB
Progress (2): 2.8/3.1 MB | 31 kB
Progress (2): 2.8/3.1 MB | 31 kB
Progress (2): 2.8/3.1 MB | 31 kB
Progress (2): 2.8/3.1 MB | 31 kB
Progress (2): 2.8/3.1 MB | 31 kB
Progress (2): 2.9/3.1 MB | 31 kB
Progress (2): 2.9/3.1 MB | 31 kB
Progress (2): 2.9/3.1 MB | 31 kB
Progress (2): 2.9/3.1 MB | 31 kB
Progress (2): 2.9/3.1 MB | 31 kB
Progress (2): 2.9/3.1 MB | 31 kB
Progress (2): 2.9/3.1 MB | 31 kB
Progress (2): 3.0/3.1 MB | 31 kB
Progress (2): 3.0/3.1 MB | 31 kB
Progress (2): 3.0/3.1 MB | 31 kB
Progress (2): 3.0/3.1 MB | 31 kB
Progress (2): 3.0/3.1 MB | 31 kB
Progress (2): 3.0/3.1 MB | 31 kB
Progress (2): 3.1/3.1 MB | 31 kB
Progress (2): 3.1 MB | 31 kB    
                            
Downloaded from essentials-releases: https://repo.essentialsx.net/releases/net/essentialsx/1_12Provider/2.20.1/1_12Provider-2.20.1.jar (31 kB at 19 kB/s)
builder-1  | Downloaded from essentials-releases: https://repo.essentialsx.net/releases/net/essentialsx/EssentialsX/2.20.1/EssentialsX-2.20.1.jar (3.1 MB at 1.7 MB/s)
builder-1  | Downloading from maxhenkel-repo: https://maven.maxhenkel.de/repository/public/de/maxhenkel/voicechat/voicechat-api/2.5.0/voicechat-api-2.5.0.jar
builder-1  | Downloading from maxhenkel-repo: https://maven.maxhenkel.de/repository/public/com/github/NEZNAMY/TAB-API/5.0.4/TAB-API-5.0.4.jar
builder-1  | Downloading from maxhenkel-repo: https://maven.maxhenkel.de/repository/public/com/discordsrv/discordsrv/1.29.0/discordsrv-1.29.0.jar
builder-1  | Progress (1): 3.7/44 kB
Progress (1): 14/44 kB 
Progress (1): 28/44 kB
Progress (1): 44/44 kB
Progress (1): 44 kB   
                   
Downloaded from maxhenkel-repo: https://maven.maxhenkel.de/repository/public/de/maxhenkel/voicechat/voicechat-api/2.5.0/voicechat-api-2.5.0.jar (44 kB at 58 kB/s)
builder-1  | Downloading from jitpack.io: https://jitpack.io/com/github/NEZNAMY/TAB-API/5.0.4/TAB-API-5.0.4.jar
builder-1  | Downloading from jitpack.io: https://jitpack.io/com/discordsrv/discordsrv/1.29.0/discordsrv-1.29.0.jar
builder-1  | Progress (1): 1.4/20 kB
Progress (1): 2.7/20 kB
Progress (1): 4.1/20 kB
Progress (1): 5.5/20 kB
Progress (1): 6.8/20 kB
Progress (1): 8.2/20 kB
Progress (1): 9.6/20 kB
Progress (1): 11/20 kB 
Progress (1): 12/20 kB
Progress (1): 14/20 kB
Progress (1): 15/20 kB
Progress (1): 16/20 kB
Progress (1): 18/20 kB
Progress (1): 19/20 kB
Progress (1): 20 kB   
                   
Downloaded from jitpack.io: https://jitpack.io/com/github/NEZNAMY/TAB-API/5.0.4/TAB-API-5.0.4.jar (20 kB at 29 kB/s)
builder-1  | Downloading from scarsz: https://nexus.scarsz.me/content/groups/public/com/discordsrv/discordsrv/1.29.0/discordsrv-1.29.0.jar
builder-1  | Progress (1): 0/10 MB
Progress (1): 0/10 MB
Progress (1): 0/10 MB
Progress (1): 0/10 MB
Progress (1): 0/10 MB
Progress (1): 0/10 MB
Progress (1): 0/10 MB
Progress (1): 0/10 MB
Progress (1): 0/10 MB
Progress (1): 0/10 MB
Progress (1): 0/10 MB
Progress (1): 0/10 MB
Progress (1): 0/10 MB
Progress (1): 0/10 MB
Progress (1): 0/10 MB
Progress (1): 0/10 MB
Progress (1): 0/10 MB
Progress (1): 0/10 MB
Progress (1): 0/10 MB
Progress (1): 0/10 MB
Progress (1): 0/10 MB
Progress (1): 0/10 MB
Progress (1): 0/10 MB
Progress (1): 0/10 MB
Progress (1): 0/10 MB
Progress (1): 0/10 MB
Progress (1): 0/10 MB
Progress (1): 0/10 MB
Progress (1): 0/10 MB
Progress (1): 0/10 MB
Progress (1): 0/10 MB
Progress (1): 0.1/10 MB
Progress (1): 0.1/10 MB
Progress (1): 0.1/10 MB
Progress (1): 0.1/10 MB
Progress (1): 0.1/10 MB
Progress (1): 0.1/10 MB
Progress (1): 0.1/10 MB
Progress (1): 0.1/10 MB
Progress (1): 0.1/10 MB
Progress (1): 0.1/10 MB
Progress (1): 0.1/10 MB
Progress (1): 0.1/10 MB
Progress (1): 0.1/10 MB
Progress (1): 0.1/10 MB
Progress (1): 0.1/10 MB
Progress (1): 0.1/10 MB
Progress (1): 0.1/10 MB
Progress (1): 0.1/10 MB
Progress (1): 0.1/10 MB
Progress (1): 0.1/10 MB
Progress (1): 0.1/10 MB
Progress (1): 0.1/10 MB
Progress (1): 0.1/10 MB
Progress (1): 0.1/10 MB
Progress (1): 0.2/10 MB
Progress (1): 0.2/10 MB
Progress (1): 0.2/10 MB
Progress (1): 0.2/10 MB
Progress (1): 0.2/10 MB
Progress (1): 0.2/10 MB
Progress (1): 0.2/10 MB
Progress (1): 0.2/10 MB
Progress (1): 0.2/10 MB
Progress (1): 0.2/10 MB
Progress (1): 0.2/10 MB
Progress (1): 0.2/10 MB
Progress (1): 0.2/10 MB
Progress (1): 0.2/10 MB
Progress (1): 0.2/10 MB
Progress (1): 0.2/10 MB
Progress (1): 0.3/10 MB
Progress (1): 0.3/10 MB
Progress (1): 0.3/10 MB
Progress (1): 0.3/10 MB
Progress (1): 0.3/10 MB
Progress (1): 0.3/10 MB
Progress (1): 0.4/10 MB
Progress (1): 0.4/10 MB
Progress (1): 0.4/10 MB
Progress (1): 0.4/10 MB
Progress (1): 0.4/10 MB
Progress (1): 0.4/10 MB
Progress (1): 0.5/10 MB
Progress (1): 0.5/10 MB
Progress (1): 0.5/10 MB
Progress (1): 0.5/10 MB
Progress (1): 0.5/10 MB
Progress (1): 0.5/10 MB
Progress (1): 0.6/10 MB
Progress (1): 0.6/10 MB
Progress (1): 0.6/10 MB
Progress (1): 0.6/10 MB
Progress (1): 0.6/10 MB
Progress (1): 0.6/10 MB
Progress (1): 0.7/10 MB
Progress (1): 0.7/10 MB
Progress (1): 0.7/10 MB
Progress (1): 0.7/10 MB
Progress (1): 0.7/10 MB
Progress (1): 0.7/10 MB
Progress (1): 0.8/10 MB
Progress (1): 0.8/10 MB
Progress (1): 0.8/10 MB
Progress (1): 0.8/10 MB
Progress (1): 0.8/10 MB
Progress (1): 0.8/10 MB
Progress (1): 0.9/10 MB
Progress (1): 0.9/10 MB
Progress (1): 0.9/10 MB
Progress (1): 0.9/10 MB
Progress (1): 0.9/10 MB
Progress (1): 0.9/10 MB
Progress (1): 1.0/10 MB
Progress (1): 1.0/10 MB
Progress (1): 1.0/10 MB
Progress (1): 1.0/10 MB
Progress (1): 1.0/10 MB
Progress (1): 1.0/10 MB
Progress (1): 1.1/10 MB
Progress (1): 1.1/10 MB
Progress (1): 1.1/10 MB
Progress (1): 1.1/10 MB
Progress (1): 1.1/10 MB
Progress (1): 1.1/10 MB
Progress (1): 1.2/10 MB
Progress (1): 1.2/10 MB
Progress (1): 1.2/10 MB
Progress (1): 1.2/10 MB
Progress (1): 1.2/10 MB
Progress (1): 1.2/10 MB
Progress (1): 1.2/10 MB
Progress (1): 1.3/10 MB
Progress (1): 1.3/10 MB
Progress (1): 1.3/10 MB
Progress (1): 1.3/10 MB
Progress (1): 1.3/10 MB
Progress (1): 1.3/10 MB
Progress (1): 1.4/10 MB
Progress (1): 1.4/10 MB
Progress (1): 1.4/10 MB
Progress (1): 1.4/10 MB
Progress (1): 1.4/10 MB
Progress (1): 1.4/10 MB
Progress (1): 1.5/10 MB
Progress (1): 1.5/10 MB
Progress (1): 1.5/10 MB
Progress (1): 1.5/10 MB
Progress (1): 1.5/10 MB
Progress (1): 1.5/10 MB
Progress (1): 1.6/10 MB
Progress (1): 1.6/10 MB
Progress (1): 1.6/10 MB
Progress (1): 1.6/10 MB
Progress (1): 1.6/10 MB
Progress (1): 1.6/10 MB
Progress (1): 1.7/10 MB
Progress (1): 1.7/10 MB
Progress (1): 1.7/10 MB
Progress (1): 1.7/10 MB
Progress (1): 1.7/10 MB
Progress (1): 1.7/10 MB
Progress (1): 1.8/10 MB
Progress (1): 1.8/10 MB
Progress (1): 1.8/10 MB
Progress (1): 1.8/10 MB
Progress (1): 1.8/10 MB
Progress (1): 1.8/10 MB
Progress (1): 1.9/10 MB
Progress (1): 1.9/10 MB
Progress (1): 1.9/10 MB
Progress (1): 1.9/10 MB
Progress (1): 1.9/10 MB
Progress (1): 1.9/10 MB
Progress (1): 2.0/10 MB
Progress (1): 2.0/10 MB
Progress (1): 2.0/10 MB
Progress (1): 2.0/10 MB
Progress (1): 2.0/10 MB
Progress (1): 2.0/10 MB
Progress (1): 2.1/10 MB
Progress (1): 2.1/10 MB
Progress (1): 2.1/10 MB
Progress (1): 2.1/10 MB
Progress (1): 2.1/10 MB
Progress (1): 2.1/10 MB
Progress (1): 2.2/10 MB
Progress (1): 2.2/10 MB
Progress (1): 2.2/10 MB
Progress (1): 2.2/10 MB
Progress (1): 2.2/10 MB
Progress (1): 2.2/10 MB
Progress (1): 2.2/10 MB
Progress (1): 2.3/10 MB
Progress (1): 2.3/10 MB
Progress (1): 2.3/10 MB
Progress (1): 2.3/10 MB
Progress (1): 2.3/10 MB
Progress (1): 2.3/10 MB
Progress (1): 2.4/10 MB
Progress (1): 2.4/10 MB
Progress (1): 2.4/10 MB
Progress (1): 2.4/10 MB
Progress (1): 2.4/10 MB
Progress (1): 2.4/10 MB
Progress (1): 2.5/10 MB
Progress (1): 2.5/10 MB
Progress (1): 2.5/10 MB
Progress (1): 2.5/10 MB
Progress (1): 2.5/10 MB
Progress (1): 2.5/10 MB
Progress (1): 2.6/10 MB
Progress (1): 2.6/10 MB
Progress (1): 2.6/10 MB
Progress (1): 2.6/10 MB
Progress (1): 2.6/10 MB
Progress (1): 2.6/10 MB
Progress (1): 2.7/10 MB
Progress (1): 2.7/10 MB
Progress (1): 2.7/10 MB
Progress (1): 2.7/10 MB
Progress (1): 2.7/10 MB
Progress (1): 2.7/10 MB
Progress (1): 2.8/10 MB
Progress (1): 2.8/10 MB
Progress (1): 2.8/10 MB
Progress (1): 2.8/10 MB
Progress (1): 2.8/10 MB
Progress (1): 2.8/10 MB
Progress (1): 2.8/10 MB
Progress (1): 2.9/10 MB
Progress (1): 2.9/10 MB
Progress (1): 2.9/10 MB
Progress (1): 2.9/10 MB
Progress (1): 2.9/10 MB
Progress (1): 2.9/10 MB
Progress (1): 3.0/10 MB
Progress (1): 3.0/10 MB
Progress (1): 3.0/10 MB
Progress (1): 3.0/10 MB
Progress (1): 3.0/10 MB
Progress (1): 3.0/10 MB
Progress (1): 3.1/10 MB
Progress (1): 3.1/10 MB
Progress (1): 3.1/10 MB
Progress (1): 3.1/10 MB
Progress (1): 3.1/10 MB
Progress (1): 3.1/10 MB
Progress (1): 3.1/10 MB
Progress (1): 3.2/10 MB
Progress (1): 3.2/10 MB
Progress (1): 3.2/10 MB
Progress (1): 3.2/10 MB
Progress (1): 3.2/10 MB
Progress (1): 3.2/10 MB
Progress (1): 3.3/10 MB
Progress (1): 3.3/10 MB
Progress (1): 3.3/10 MB
Progress (1): 3.3/10 MB
Progress (1): 3.3/10 MB
Progress (1): 3.3/10 MB
Progress (1): 3.4/10 MB
Progress (1): 3.4/10 MB
Progress (1): 3.4/10 MB
Progress (1): 3.4/10 MB
Progress (1): 3.4/10 MB
Progress (1): 3.4/10 MB
Progress (1): 3.5/10 MB
Progress (1): 3.5/10 MB
Progress (1): 3.5/10 MB
Progress (1): 3.5/10 MB
Progress (1): 3.5/10 MB
Progress (1): 3.5/10 MB
Progress (1): 3.6/10 MB
Progress (1): 3.6/10 MB
Progress (1): 3.6/10 MB
Progress (1): 3.6/10 MB
Progress (1): 3.6/10 MB
Progress (1): 3.6/10 MB
Progress (1): 3.7/10 MB
Progress (1): 3.7/10 MB
Progress (1): 3.7/10 MB
Progress (1): 3.7/10 MB
Progress (1): 3.7/10 MB
Progress (1): 3.7/10 MB
Progress (1): 3.8/10 MB
Progress (1): 3.8/10 MB
Progress (1): 3.8/10 MB
Progress (1): 3.8/10 MB
Progress (1): 3.8/10 MB
Progress (1): 3.8/10 MB
Progress (1): 3.9/10 MB
Progress (1): 3.9/10 MB
Progress (1): 3.9/10 MB
Progress (1): 3.9/10 MB
Progress (1): 3.9/10 MB
Progress (1): 3.9/10 MB
Progress (1): 4.0/10 MB
Progress (1): 4.0/10 MB
Progress (1): 4.0/10 MB
Progress (1): 4.0/10 MB
Progress (1): 4.0/10 MB
Progress (1): 4.0/10 MB
Progress (1): 4.1/10 MB
Progress (1): 4.1/10 MB
Progress (1): 4.1/10 MB
Progress (1): 4.1/10 MB
Progress (1): 4.1/10 MB
Progress (1): 4.1/10 MB
Progress (1): 4.1/10 MB
Progress (1): 4.2/10 MB
Progress (1): 4.2/10 MB
Progress (1): 4.2/10 MB
Progress (1): 4.2/10 MB
Progress (1): 4.2/10 MB
Progress (1): 4.2/10 MB
Progress (1): 4.3/10 MB
Progress (1): 4.3/10 MB
Progress (1): 4.3/10 MB
Progress (1): 4.3/10 MB
Progress (1): 4.3/10 MB
Progress (1): 4.3/10 MB
Progress (1): 4.3/10 MB
Progress (1): 4.4/10 MB
Progress (1): 4.4/10 MB
Progress (1): 4.4/10 MB
Progress (1): 4.4/10 MB
Progress (1): 4.4/10 MB
Progress (1): 4.4/10 MB
Progress (1): 4.5/10 MB
Progress (1): 4.5/10 MB
Progress (1): 4.5/10 MB
Progress (1): 4.5/10 MB
Progress (1): 4.5/10 MB
Progress (1): 4.5/10 MB
Progress (1): 4.6/10 MB
Progress (1): 4.6/10 MB
Progress (1): 4.6/10 MB
Progress (1): 4.6/10 MB
Progress (1): 4.6/10 MB
Progress (1): 4.6/10 MB
Progress (1): 4.6/10 MB
Progress (1): 4.7/10 MB
Progress (1): 4.7/10 MB
Progress (1): 4.7/10 MB
Progress (1): 4.7/10 MB
Progress (1): 4.7/10 MB
Progress (1): 4.7/10 MB
Progress (1): 4.8/10 MB
Progress (1): 4.8/10 MB
Progress (1): 4.8/10 MB
Progress (1): 4.8/10 MB
Progress (1): 4.8/10 MB
Progress (1): 4.8/10 MB
Progress (1): 4.9/10 MB
Progress (1): 4.9/10 MB
Progress (1): 4.9/10 MB
Progress (1): 4.9/10 MB
Progress (1): 4.9/10 MB
Progress (1): 4.9/10 MB
Progress (1): 5.0/10 MB
Progress (1): 5.0/10 MB
Progress (1): 5.0/10 MB
Progress (1): 5.0/10 MB
Progress (1): 5.0/10 MB
Progress (1): 5.0/10 MB
Progress (1): 5.0/10 MB
Progress (1): 5.1/10 MB
Progress (1): 5.1/10 MB
Progress (1): 5.1/10 MB
Progress (1): 5.1/10 MB
Progress (1): 5.1/10 MB
Progress (1): 5.1/10 MB
Progress (1): 5.2/10 MB
Progress (1): 5.2/10 MB
Progress (1): 5.2/10 MB
Progress (1): 5.2/10 MB
Progress (1): 5.2/10 MB
Progress (1): 5.2/10 MB
Progress (1): 5.3/10 MB
Progress (1): 5.3/10 MB
Progress (1): 5.3/10 MB
Progress (1): 5.3/10 MB
Progress (1): 5.3/10 MB
Progress (1): 5.3/10 MB
Progress (1): 5.3/10 MB
Progress (1): 5.4/10 MB
Progress (1): 5.4/10 MB
Progress (1): 5.4/10 MB
Progress (1): 5.4/10 MB
Progress (1): 5.4/10 MB
Progress (1): 5.4/10 MB
Progress (1): 5.4/10 MB
Progress (1): 5.5/10 MB
Progress (1): 5.5/10 MB
Progress (1): 5.5/10 MB
Progress (1): 5.5/10 MB
Progress (1): 5.5/10 MB
Progress (1): 5.5/10 MB
Progress (1): 5.6/10 MB
Progress (1): 5.6/10 MB
Progress (1): 5.6/10 MB
Progress (1): 5.6/10 MB
Progress (1): 5.6/10 MB
Progress (1): 5.6/10 MB
Progress (1): 5.7/10 MB
Progress (1): 5.7/10 MB
Progress (1): 5.7/10 MB
Progress (1): 5.7/10 MB
Progress (1): 5.7/10 MB
Progress (1): 5.7/10 MB
Progress (1): 5.8/10 MB
Progress (1): 5.8/10 MB
Progress (1): 5.8/10 MB
Progress (1): 5.8/10 MB
Progress (1): 5.8/10 MB
Progress (1): 5.8/10 MB
Progress (1): 5.9/10 MB
Progress (1): 5.9/10 MB
Progress (1): 5.9/10 MB
Progress (1): 5.9/10 MB
Progress (1): 5.9/10 MB
Progress (1): 5.9/10 MB
Progress (1): 6.0/10 MB
Progress (1): 6.0/10 MB
Progress (1): 6.0/10 MB
Progress (1): 6.0/10 MB
Progress (1): 6.0/10 MB
Progress (1): 6.0/10 MB
Progress (1): 6.0/10 MB
Progress (1): 6.1/10 MB
Progress (1): 6.1/10 MB
Progress (1): 6.1/10 MB
Progress (1): 6.1/10 MB
Progress (1): 6.1/10 MB
Progress (1): 6.1/10 MB
Progress (1): 6.2/10 MB
Progress (1): 6.2/10 MB
Progress (1): 6.2/10 MB
Progress (1): 6.2/10 MB
Progress (1): 6.2/10 MB
Progress (1): 6.2/10 MB
Progress (1): 6.3/10 MB
Progress (1): 6.3/10 MB
Progress (1): 6.3/10 MB
Progress (1): 6.3/10 MB
Progress (1): 6.3/10 MB
Progress (1): 6.3/10 MB
Progress (1): 6.4/10 MB
Progress (1): 6.4/10 MB
Progress (1): 6.4/10 MB
Progress (1): 6.4/10 MB
Progress (1): 6.4/10 MB
Progress (1): 6.4/10 MB
Progress (1): 6.5/10 MB
Progress (1): 6.5/10 MB
Progress (1): 6.5/10 MB
Progress (1): 6.5/10 MB
Progress (1): 6.5/10 MB
Progress (1): 6.5/10 MB
Progress (1): 6.6/10 MB
Progress (1): 6.6/10 MB
Progress (1): 6.6/10 MB
Progress (1): 6.6/10 MB
Progress (1): 6.6/10 MB
Progress (1): 6.6/10 MB
Progress (1): 6.7/10 MB
Progress (1): 6.7/10 MB
Progress (1): 6.7/10 MB
Progress (1): 6.7/10 MB
Progress (1): 6.7/10 MB
Progress (1): 6.7/10 MB
Progress (1): 6.7/10 MB
Progress (1): 6.8/10 MB
Progress (1): 6.8/10 MB
Progress (1): 6.8/10 MB
Progress (1): 6.8/10 MB
Progress (1): 6.8/10 MB
Progress (1): 6.8/10 MB
Progress (1): 6.9/10 MB
Progress (1): 6.9/10 MB
Progress (1): 6.9/10 MB
Progress (1): 6.9/10 MB
Progress (1): 6.9/10 MB
Progress (1): 6.9/10 MB
Progress (1): 7.0/10 MB
Progress (1): 7.0/10 MB
Progress (1): 7.0/10 MB
Progress (1): 7.0/10 MB
Progress (1): 7.0/10 MB
Progress (1): 7.0/10 MB
Progress (1): 7.0/10 MB
Progress (1): 7.1/10 MB
Progress (1): 7.1/10 MB
Progress (1): 7.1/10 MB
Progress (1): 7.1/10 MB
Progress (1): 7.1/10 MB
Progress (1): 7.1/10 MB
Progress (1): 7.2/10 MB
Progress (1): 7.2/10 MB
Progress (1): 7.2/10 MB
Progress (1): 7.2/10 MB
Progress (1): 7.2/10 MB
Progress (1): 7.2/10 MB
Progress (1): 7.3/10 MB
Progress (1): 7.3/10 MB
Progress (1): 7.3/10 MB
Progress (1): 7.3/10 MB
Progress (1): 7.3/10 MB
Progress (1): 7.3/10 MB
Progress (1): 7.4/10 MB
Progress (1): 7.4/10 MB
Progress (1): 7.4/10 MB
Progress (1): 7.4/10 MB
Progress (1): 7.4/10 MB
Progress (1): 7.4/10 MB
Progress (1): 7.5/10 MB
Progress (1): 7.5/10 MB
Progress (1): 7.5/10 MB
Progress (1): 7.5/10 MB
Progress (1): 7.5/10 MB
Progress (1): 7.5/10 MB
Progress (1): 7.6/10 MB
Progress (1): 7.6/10 MB
Progress (1): 7.6/10 MB
Progress (1): 7.6/10 MB
Progress (1): 7.6/10 MB
Progress (1): 7.6/10 MB
Progress (1): 7.6/10 MB
Progress (1): 7.7/10 MB
Progress (1): 7.7/10 MB
Progress (1): 7.7/10 MB
Progress (1): 7.7/10 MB
Progress (1): 7.7/10 MB
Progress (1): 7.7/10 MB
Progress (1): 7.8/10 MB
Progress (1): 7.8/10 MB
Progress (1): 7.8/10 MB
Progress (1): 7.8/10 MB
Progress (1): 7.8/10 MB
Progress (1): 7.8/10 MB
Progress (1): 7.9/10 MB
Progress (1): 7.9/10 MB
Progress (1): 7.9/10 MB
Progress (1): 7.9/10 MB
Progress (1): 7.9/10 MB
Progress (1): 7.9/10 MB
Progress (1): 8.0/10 MB
Progress (1): 8.0/10 MB
Progress (1): 8.0/10 MB
Progress (1): 8.0/10 MB
Progress (1): 8.0/10 MB
Progress (1): 8.0/10 MB
Progress (1): 8.1/10 MB
Progress (1): 8.1/10 MB
Progress (1): 8.1/10 MB
Progress (1): 8.1/10 MB
Progress (1): 8.1/10 MB
Progress (1): 8.1/10 MB
Progress (1): 8.2/10 MB
Progress (1): 8.2/10 MB
Progress (1): 8.2/10 MB
Progress (1): 8.2/10 MB
Progress (1): 8.2/10 MB
Progress (1): 8.2/10 MB
Progress (1): 8.3/10 MB
Progress (1): 8.3/10 MB
Progress (1): 8.3/10 MB
Progress (1): 8.3/10 MB
Progress (1): 8.3/10 MB
Progress (1): 8.3/10 MB
Progress (1): 8.4/10 MB
Progress (1): 8.4/10 MB
Progress (1): 8.4/10 MB
Progress (1): 8.4/10 MB
Progress (1): 8.4/10 MB
Progress (1): 8.4/10 MB
Progress (1): 8.4/10 MB
Progress (1): 8.5/10 MB
Progress (1): 8.5/10 MB
Progress (1): 8.5/10 MB
Progress (1): 8.5/10 MB
Progress (1): 8.5/10 MB
Progress (1): 8.5/10 MB
Progress (1): 8.6/10 MB
Progress (1): 8.6/10 MB
Progress (1): 8.6/10 MB
Progress (1): 8.6/10 MB
Progress (1): 8.6/10 MB
Progress (1): 8.6/10 MB
Progress (1): 8.7/10 MB
Progress (1): 8.7/10 MB
Progress (1): 8.7/10 MB
Progress (1): 8.7/10 MB
Progress (1): 8.7/10 MB
Progress (1): 8.7/10 MB
Progress (1): 8.8/10 MB
Progress (1): 8.8/10 MB
Progress (1): 8.8/10 MB
Progress (1): 8.8/10 MB
Progress (1): 8.8/10 MB
Progress (1): 8.8/10 MB
Progress (1): 8.9/10 MB
Progress (1): 8.9/10 MB
Progress (1): 8.9/10 MB
Progress (1): 8.9/10 MB
Progress (1): 8.9/10 MB
Progress (1): 8.9/10 MB
Progress (1): 9.0/10 MB
Progress (1): 9.0/10 MB
Progress (1): 9.0/10 MB
Progress (1): 9.0/10 MB
Progress (1): 9.0/10 MB
Progress (1): 9.0/10 MB
Progress (1): 9.1/10 MB
Progress (1): 9.1/10 MB
Progress (1): 9.1/10 MB
Progress (1): 9.1/10 MB
Progress (1): 9.1/10 MB
Progress (1): 9.1/10 MB
Progress (1): 9.1/10 MB
Progress (1): 9.2/10 MB
Progress (1): 9.2/10 MB
Progress (1): 9.2/10 MB
Progress (1): 9.2/10 MB
Progress (1): 9.2/10 MB
Progress (1): 9.2/10 MB
Progress (1): 9.3/10 MB
Progress (1): 9.3/10 MB
Progress (1): 9.3/10 MB
Progress (1): 9.3/10 MB
Progress (1): 9.3/10 MB
Progress (1): 9.3/10 MB
Progress (1): 9.4/10 MB
Progress (1): 9.4/10 MB
Progress (1): 9.4/10 MB
Progress (1): 9.4/10 MB
Progress (1): 9.4/10 MB
Progress (1): 9.4/10 MB
Progress (1): 9.5/10 MB
Progress (1): 9.5/10 MB
Progress (1): 9.5/10 MB
Progress (1): 9.5/10 MB
Progress (1): 9.5/10 MB
Progress (1): 9.5/10 MB
Progress (1): 9.6/10 MB
Progress (1): 9.6/10 MB
Progress (1): 9.6/10 MB
Progress (1): 9.6/10 MB
Progress (1): 9.6/10 MB
Progress (1): 9.6/10 MB
Progress (1): 9.7/10 MB
Progress (1): 9.7/10 MB
Progress (1): 9.7/10 MB
Progress (1): 9.7/10 MB
Progress (1): 9.7/10 MB
Progress (1): 9.7/10 MB
Progress (1): 9.7/10 MB
Progress (1): 9.7/10 MB
Progress (1): 9.8/10 MB
Progress (1): 9.8/10 MB
Progress (1): 9.8/10 MB
Progress (1): 9.8/10 MB
Progress (1): 9.8/10 MB
Progress (1): 9.8/10 MB
Progress (1): 9.9/10 MB
Progress (1): 9.9/10 MB
Progress (1): 9.9/10 MB
Progress (1): 9.9/10 MB
Progress (1): 9.9/10 MB
Progress (1): 9.9/10 MB
Progress (1): 10.0/10 MB
Progress (1): 10.0/10 MB
Progress (1): 10.0/10 MB
Progress (1): 10/10 MB  
Progress (1): 10/10 MB
Progress (1): 10/10 MB
Progress (1): 10/10 MB
Progress (1): 10/10 MB
Progress (1): 10/10 MB
Progress (1): 10/10 MB
Progress (1): 10/10 MB
Progress (1): 10/10 MB
Progress (1): 10/10 MB
Progress (1): 10/10 MB
Progress (1): 10/10 MB
Progress (1): 10/10 MB
Progress (1): 10/10 MB
Progress (1): 10/10 MB
Progress (1): 10/10 MB
Progress (1): 10/10 MB
Progress (1): 10/10 MB
Progress (1): 10/10 MB
Progress (1): 10/10 MB
Progress (1): 10/10 MB
Progress (1): 10/10 MB
Progress (1): 10/10 MB
Progress (1): 10/10 MB
Progress (1): 10/10 MB
Progress (1): 10/10 MB
Progress (1): 10 MB   
                   
Downloaded from scarsz: https://nexus.scarsz.me/content/groups/public/com/discordsrv/discordsrv/1.29.0/discordsrv-1.29.0.jar (10 MB at 6.3 MB/s)
builder-1  | [INFO] 
builder-1  | [INFO] --- clean:3.2.0:clean (default-clean) @ vanishpp ---
builder-1  | Downloading from central: https://repo.maven.apache.org/maven2/org/apache/maven/shared/maven-shared-utils/3.3.4/maven-shared-utils-3.3.4.pom
builder-1  | Progress (1): 790 B
Progress (1): 1.8 kB
Progress (1): 3.7 kB
Progress (1): 5.8 kB
                    
Downloaded from central: https://repo.maven.apache.org/maven2/org/apache/maven/shared/maven-shared-utils/3.3.4/maven-shared-utils-3.3.4.pom (5.8 kB at 13 kB/s)
builder-1  | Downloading from central: https://repo.maven.apache.org/maven2/org/apache/maven/shared/maven-shared-components/34/maven-shared-components-34.pom
builder-1  | Progress (1): 781 B
Progress (1): 1.8 kB
Progress (1): 3.7 kB
Progress (1): 5.1 kB
                    
Downloaded from central: https://repo.maven.apache.org/maven2/org/apache/maven/shared/maven-shared-components/34/maven-shared-components-34.pom (5.1 kB at 35 kB/s)
builder-1  | Downloading from central: https://repo.maven.apache.org/maven2/commons-io/commons-io/2.6/commons-io-2.6.pom
builder-1  | Progress (1): 782 B
Progress (1): 1.7 kB
Progress (1): 4.5 kB
Progress (1): 7.0 kB
Progress (1): 8.3 kB
Progress (1): 10 kB 
Progress (1): 13 kB
Progress (1): 14 kB
                   
Downloaded from central: https://repo.maven.apache.org/maven2/commons-io/commons-io/2.6/commons-io-2.6.pom (14 kB at 93 kB/s)
builder-1  | Downloading from central: https://repo.maven.apache.org/maven2/org/apache/maven/shared/maven-shared-utils/3.3.4/maven-shared-utils-3.3.4.jar
builder-1  | Downloading from central: https://repo.maven.apache.org/maven2/commons-io/commons-io/2.6/commons-io-2.6.jar
builder-1  | Progress (1): 0.9/153 kB
Progress (1): 2.3/153 kB
Progress (1): 3.6/153 kB
Progress (1): 5.0/153 kB
Progress (1): 6.4/153 kB
Progress (1): 7.7/153 kB
Progress (1): 9.1/153 kB
Progress (1): 10/153 kB 
Progress (1): 12/153 kB
Progress (1): 12/153 kB
Progress (1): 14/153 kB
Progress (1): 15/153 kB
Progress (1): 16/153 kB
Progress (1): 18/153 kB
Progress (1): 19/153 kB
Progress (1): 21/153 kB
Progress (1): 22/153 kB
Progress (1): 23/153 kB
Progress (1): 25/153 kB
Progress (1): 26/153 kB
Progress (1): 27/153 kB
Progress (1): 29/153 kB
Progress (1): 30/153 kB
Progress (1): 31/153 kB
Progress (1): 33/153 kB
Progress (1): 34/153 kB
Progress (1): 36/153 kB
Progress (1): 37/153 kB
Progress (1): 38/153 kB
Progress (1): 40/153 kB
Progress (1): 41/153 kB
Progress (1): 45/153 kB
Progress (1): 49/153 kB
Progress (1): 54/153 kB
Progress (1): 58/153 kB
Progress (1): 62/153 kB
Progress (1): 66/153 kB
Progress (1): 71/153 kB
Progress (1): 75/153 kB
Progress (1): 79/153 kB
Progress (1): 83/153 kB
Progress (1): 88/153 kB
Progress (2): 88/153 kB | 1.4/215 kB
Progress (2): 88/153 kB | 2.7/215 kB
Progress (2): 88/153 kB | 4.1/215 kB
Progress (2): 88/153 kB | 5.5/215 kB
Progress (2): 88/153 kB | 6.8/215 kB
Progress (2): 88/153 kB | 8.2/215 kB
Progress (2): 88/153 kB | 9.6/215 kB
Progress (2): 92/153 kB | 9.6/215 kB
Progress (2): 96/153 kB | 9.6/215 kB
Progress (2): 100/153 kB | 9.6/215 kB
Progress (2): 104/153 kB | 9.6/215 kB
Progress (2): 109/153 kB | 9.6/215 kB
Progress (2): 113/153 kB | 9.6/215 kB
Progress (2): 117/153 kB | 9.6/215 kB
Progress (2): 121/153 kB | 9.6/215 kB
Progress (2): 126/153 kB | 9.6/215 kB
Progress (2): 130/153 kB | 9.6/215 kB
Progress (2): 134/153 kB | 9.6/215 kB
Progress (2): 138/153 kB | 9.6/215 kB
Progress (2): 143/153 kB | 9.6/215 kB
Progress (2): 143/153 kB | 9.6/215 kB
Progress (2): 148/153 kB | 9.6/215 kB
Progress (2): 152/153 kB | 9.6/215 kB
Progress (2): 152/153 kB | 11/215 kB 
Progress (2): 152/153 kB | 12/215 kB
Progress (2): 153 kB | 12/215 kB    
Progress (2): 153 kB | 14/215 kB
Progress (2): 153 kB | 15/215 kB
                                
Downloaded from central: https://repo.maven.apache.org/maven2/org/apache/maven/shared/maven-shared-utils/3.3.4/maven-shared-utils-3.3.4.jar (153 kB at 269 kB/s)
builder-1  | Progress (1): 16/215 kB
Progress (1): 18/215 kB
Progress (1): 19/215 kB
Progress (1): 21/215 kB
Progress (1): 22/215 kB
Progress (1): 23/215 kB
Progress (1): 25/215 kB
Progress (1): 26/215 kB
Progress (1): 27/215 kB
Progress (1): 29/215 kB
Progress (1): 30/215 kB
Progress (1): 31/215 kB
Progress (1): 33/215 kB
Progress (1): 34/215 kB
Progress (1): 36/215 kB
Progress (1): 37/215 kB
Progress (1): 38/215 kB
Progress (1): 40/215 kB
Progress (1): 41/215 kB
Progress (1): 42/215 kB
Progress (1): 44/215 kB
Progress (1): 45/215 kB
Progress (1): 46/215 kB
Progress (1): 48/215 kB
Progress (1): 49/215 kB
Progress (1): 51/215 kB
Progress (1): 52/215 kB
Progress (1): 53/215 kB
Progress (1): 55/215 kB
Progress (1): 59/215 kB
Progress (1): 63/215 kB
Progress (1): 67/215 kB
Progress (1): 72/215 kB
Progress (1): 74/215 kB
Progress (1): 78/215 kB
Progress (1): 82/215 kB
Progress (1): 86/215 kB
Progress (1): 91/215 kB
Progress (1): 95/215 kB
Progress (1): 99/215 kB
Progress (1): 103/215 kB
Progress (1): 108/215 kB
Progress (1): 112/215 kB
Progress (1): 116/215 kB
Progress (1): 120/215 kB
Progress (1): 123/215 kB
Progress (1): 127/215 kB
Progress (1): 131/215 kB
Progress (1): 135/215 kB
Progress (1): 140/215 kB
Progress (1): 144/215 kB
Progress (1): 148/215 kB
Progress (1): 152/215 kB
Progress (1): 156/215 kB
Progress (1): 161/215 kB
Progress (1): 164/215 kB
Progress (1): 168/215 kB
Progress (1): 172/215 kB
Progress (1): 177/215 kB
Progress (1): 181/215 kB
Progress (1): 185/215 kB
Progress (1): 188/215 kB
Progress (1): 193/215 kB
Progress (1): 197/215 kB
Progress (1): 201/215 kB
Progress (1): 205/215 kB
Progress (1): 210/215 kB
Progress (1): 214/215 kB
Progress (1): 215 kB    
                    
Downloaded from central: https://repo.maven.apache.org/maven2/commons-io/commons-io/2.6/commons-io-2.6.jar (215 kB at 213 kB/s)
builder-1  | [INFO] Deleting /app/target
builder-1  | [INFO] 
builder-1  | [INFO] --- resources:3.3.1:resources (default-resources) @ vanishpp ---
builder-1  | Downloading from central: https://repo.maven.apache.org/maven2/org/apache/maven/shared/maven-filtering/3.3.1/maven-filtering-3.3.1.pom
builder-1  | Progress (1): 793 B
Progress (1): 2.3 kB
Progress (1): 5.6 kB
Progress (1): 6.0 kB
                    
Downloaded from central: https://repo.maven.apache.org/maven2/org/apache/maven/shared/maven-filtering/3.3.1/maven-filtering-3.3.1.pom (6.0 kB at 39 kB/s)
builder-1  | Downloading from central: https://repo.maven.apache.org/maven2/org/apache/maven/shared/maven-shared-components/39/maven-shared-components-39.pom
builder-1  | Progress (1): 812 B
Progress (1): 2.2 kB
Progress (1): 3.2 kB
                    
Downloaded from central: https://repo.maven.apache.org/maven2/org/apache/maven/shared/maven-shared-components/39/maven-shared-components-39.pom (3.2 kB at 22 kB/s)
builder-1  | Downloading from central: https://repo.maven.apache.org/maven2/org/sonatype/plexus/plexus-build-api/0.0.7/plexus-build-api-0.0.7.pom
builder-1  | Progress (1): 910 B
Progress (1): 3.2 kB
                    
Downloaded from central: https://repo.maven.apache.org/maven2/org/sonatype/plexus/plexus-build-api/0.0.7/plexus-build-api-0.0.7.pom (3.2 kB at 21 kB/s)
builder-1  | Downloading from central: https://repo.maven.apache.org/maven2/org/sonatype/spice/spice-parent/15/spice-parent-15.pom
builder-1  | Progress (1): 1.2 kB
Progress (1): 3.7 kB
Progress (1): 7.3 kB
Progress (1): 8.4 kB
                    
Downloaded from central: https://repo.maven.apache.org/maven2/org/sonatype/spice/spice-parent/15/spice-parent-15.pom (8.4 kB at 54 kB/s)
builder-1  | Downloading from central: https://repo.maven.apache.org/maven2/org/sonatype/forge/forge-parent/5/forge-parent-5.pom
builder-1  | Progress (1): 1.3 kB
Progress (1): 5.5 kB
Progress (1): 8.4 kB
                    
Downloaded from central: https://repo.maven.apache.org/maven2/org/sonatype/forge/forge-parent/5/forge-parent-5.pom (8.4 kB at 56 kB/s)
builder-1  | Downloading from central: https://repo.maven.apache.org/maven2/org/codehaus/plexus/plexus-utils/3.5.0/plexus-utils-3.5.0.pom
builder-1  | Progress (1): 725 B
Progress (1): 2.4 kB
Progress (1): 4.5 kB
Progress (1): 8.0 kB
                    
Downloaded from central: https://repo.maven.apache.org/maven2/org/codehaus/plexus/plexus-utils/3.5.0/plexus-utils-3.5.0.pom (8.0 kB at 53 kB/s)
builder-1  | Downloading from central: https://repo.maven.apache.org/maven2/commons-io/commons-io/2.11.0/commons-io-2.11.0.pom
builder-1  | Progress (1): 764 B
Progress (1): 2.1 kB
Progress (1): 5.2 kB
Progress (1): 7.8 kB
Progress (1): 10 kB 
Progress (1): 12 kB
Progress (1): 15 kB
Progress (1): 18 kB
Progress (1): 20 kB
                   
Downloaded from central: https://repo.maven.apache.org/maven2/commons-io/commons-io/2.11.0/commons-io-2.11.0.pom (20 kB at 132 kB/s)
builder-1  | Downloading from central: https://repo.maven.apache.org/maven2/org/junit/junit-bom/5.7.2/junit-bom-5.7.2.pom
builder-1  | Progress (1): 912 B
Progress (1): 4.1 kB
Progress (1): 5.1 kB
                    
Downloaded from central: https://repo.maven.apache.org/maven2/org/junit/junit-bom/5.7.2/junit-bom-5.7.2.pom (5.1 kB at 34 kB/s)
builder-1  | [INFO] Artifact org.codehaus.plexus:plexus-interpolation:jar:1.26 is present in the local repository, but cached from a remote repository ID that is unavailable in current build context, verifying that is downloadable from [central (https://repo.maven.apache.org/maven2, default, releases), apache.snapshots (https://repository.apache.org/snapshots, default, snapshots)]
builder-1  | [INFO] Artifact org.codehaus.plexus:plexus-utils:jar:3.5.1 is present in the local repository, but cached from a remote repository ID that is unavailable in current build context, verifying that is downloadable from [central (https://repo.maven.apache.org/maven2, default, releases), apache.snapshots (https://repository.apache.org/snapshots, default, snapshots)]
builder-1  | [INFO] Artifact javax.inject:javax.inject:jar:1 is present in the local repository, but cached from a remote repository ID that is unavailable in current build context, verifying that is downloadable from [central (https://repo.maven.apache.org/maven2, default, releases), apache.snapshots (https://repository.apache.org/snapshots, default, snapshots)]
builder-1  | [INFO] Artifact org.apache.commons:commons-lang3:jar:3.12.0 is present in the local repository, but cached from a remote repository ID that is unavailable in current build context, verifying that is downloadable from [central (https://repo.maven.apache.org/maven2, default, releases), apache.snapshots (https://repository.apache.org/snapshots, default, snapshots)]
builder-1  | [INFO] Artifact org.codehaus.plexus:plexus-interpolation:jar:1.26 is present in the local repository, but cached from a remote repository ID that is unavailable in current build context, verifying that is downloadable from [central (https://repo.maven.apache.org/maven2, default, releases), apache.snapshots (https://repository.apache.org/snapshots, default, snapshots)]
builder-1  | [INFO] Artifact org.codehaus.plexus:plexus-utils:jar:3.5.1 is present in the local repository, but cached from a remote repository ID that is unavailable in current build context, verifying that is downloadable from [central (https://repo.maven.apache.org/maven2, default, releases), apache.snapshots (https://repository.apache.org/snapshots, default, snapshots)]
builder-1  | [INFO] Artifact javax.inject:javax.inject:jar:1 is present in the local repository, but cached from a remote repository ID that is unavailable in current build context, verifying that is downloadable from [central (https://repo.maven.apache.org/maven2, default, releases), apache.snapshots (https://repository.apache.org/snapshots, default, snapshots)]
builder-1  | [INFO] Artifact org.apache.commons:commons-lang3:jar:3.12.0 is present in the local repository, but cached from a remote repository ID that is unavailable in current build context, verifying that is downloadable from [central (https://repo.maven.apache.org/maven2, default, releases), apache.snapshots (https://repository.apache.org/snapshots, default, snapshots)]
builder-1  | Downloading from central: https://repo.maven.apache.org/maven2/org/codehaus/plexus/plexus-interpolation/1.26/plexus-interpolation-1.26.jar
builder-1  | Downloading from central: https://repo.maven.apache.org/maven2/org/codehaus/plexus/plexus-utils/3.5.1/plexus-utils-3.5.1.jar
builder-1  | Downloading from central: https://repo.maven.apache.org/maven2/org/apache/maven/shared/maven-filtering/3.3.1/maven-filtering-3.3.1.jar
builder-1  | Downloading from central: https://repo.maven.apache.org/maven2/javax/inject/javax.inject/1/javax.inject-1.jar
builder-1  | Downloading from central: https://repo.maven.apache.org/maven2/org/slf4j/slf4j-api/1.7.36/slf4j-api-1.7.36.jar
builder-1  | Downloaded from central: https://repo.maven.apache.org/maven2/org/codehaus/plexus/plexus-interpolation/1.26/plexus-interpolation-1.26.jar (0 B at 0 B/s)
builder-1  | Downloading from central: https://repo.maven.apache.org/maven2/org/sonatype/plexus/plexus-build-api/0.0.7/plexus-build-api-0.0.7.jar
builder-1  | Progress (1): 7.7/55 kB
Progress (1): 16/55 kB 
Progress (1): 25/55 kB
Progress (1): 41/55 kB
Progress (1): 55 kB   
                   
Downloaded from central: https://repo.maven.apache.org/maven2/org/apache/maven/shared/maven-filtering/3.3.1/maven-filtering-3.3.1.jar (55 kB at 318 kB/s)
builder-1  | Downloading from central: https://repo.maven.apache.org/maven2/commons-io/commons-io/2.11.0/commons-io-2.11.0.jar
builder-1  | Progress (1): 3.8/8.5 kB
Progress (1): 7.5/8.5 kB
Progress (1): 8.5 kB    
                    
Downloaded from central: https://repo.maven.apache.org/maven2/org/sonatype/plexus/plexus-build-api/0.0.7/plexus-build-api-0.0.7.jar (8.5 kB at 28 kB/s)
builder-1  | Downloading from central: https://repo.maven.apache.org/maven2/org/apache/commons/commons-lang3/3.12.0/commons-lang3-3.12.0.jar
builder-1  | Progress (1): 7.7/327 kB
Progress (1): 8.2/327 kB
Progress (1): 25/327 kB 
Progress (1): 41/327 kB
Progress (1): 57/327 kB
Progress (1): 66/327 kB
Progress (1): 82/327 kB
Progress (1): 98/327 kB
Progress (1): 115/327 kB
Progress (1): 123/327 kB
Progress (1): 139/327 kB
Progress (1): 147/327 kB
Progress (1): 164/327 kB
Progress (1): 180/327 kB
Progress (1): 197/327 kB
Progress (1): 213/327 kB
                        
Downloaded from central: https://repo.maven.apache.org/maven2/org/codehaus/plexus/plexus-utils/3.5.1/plexus-utils-3.5.1.jar (0 B at 0 B/s)
builder-1  | Progress (2): 213/327 kB | 0.9/41 kB
Progress (2): 213/327 kB | 2.3/41 kB
Progress (2): 213/327 kB | 3.6/41 kB
Progress (2): 213/327 kB | 5.0/41 kB
Progress (2): 213/327 kB | 6.4/41 kB
Progress (2): 213/327 kB | 7.7/41 kB
Progress (2): 229/327 kB | 7.7/41 kB
                                    
Downloaded from central: https://repo.maven.apache.org/maven2/javax/inject/javax.inject/1/javax.inject-1.jar (0 B at 0 B/s)
builder-1  | Progress (2): 246/327 kB | 7.7/41 kB
Progress (2): 262/327 kB | 7.7/41 kB
                                    
Downloaded from central: https://repo.maven.apache.org/maven2/org/apache/commons/commons-lang3/3.12.0/commons-lang3-3.12.0.jar (0 B at 0 B/s)
builder-1  | Progress (2): 279/327 kB | 7.7/41 kB
Progress (2): 295/327 kB | 7.7/41 kB
Progress (2): 303/327 kB | 7.7/41 kB
Progress (2): 319/327 kB | 7.7/41 kB
Progress (2): 327 kB | 7.7/41 kB    
                                
Downloaded from central: https://repo.maven.apache.org/maven2/commons-io/commons-io/2.11.0/commons-io-2.11.0.jar (327 kB at 682 kB/s)
builder-1  | Progress (1): 9.1/41 kB
Progress (1): 10/41 kB 
Progress (1): 12/41 kB
Progress (1): 13/41 kB
Progress (1): 15/41 kB
Progress (1): 16/41 kB
Progress (1): 17/41 kB
Progress (1): 19/41 kB
Progress (1): 20/41 kB
Progress (1): 21/41 kB
Progress (1): 23/41 kB
Progress (1): 24/41 kB
Progress (1): 26/41 kB
Progress (1): 27/41 kB
Progress (1): 28/41 kB
Progress (1): 30/41 kB
Progress (1): 31/41 kB
Progress (1): 32/41 kB
Progress (1): 34/41 kB
Progress (1): 35/41 kB
Progress (1): 36/41 kB
Progress (1): 38/41 kB
Progress (1): 39/41 kB
Progress (1): 41/41 kB
Progress (1): 41 kB   
                   
Downloaded from central: https://repo.maven.apache.org/maven2/org/slf4j/slf4j-api/1.7.36/slf4j-api-1.7.36.jar (41 kB at 60 kB/s)
builder-1  | [INFO] Copying 5 resources from src/main/resources to target/classes
builder-1  | [INFO] 
builder-1  | [INFO] --- compiler:3.13.0:compile (default-compile) @ vanishpp ---
builder-1  | Downloading from central: https://repo.maven.apache.org/maven2/org/apache/maven/shared/maven-shared-utils/3.4.2/maven-shared-utils-3.4.2.pom
builder-1  | Progress (1): 793 B
Progress (1): 1.9 kB
Progress (1): 3.7 kB
Progress (1): 5.9 kB
                    
Downloaded from central: https://repo.maven.apache.org/maven2/org/apache/maven/shared/maven-shared-utils/3.4.2/maven-shared-utils-3.4.2.pom (5.9 kB at 39 kB/s)
builder-1  | Downloading from central: https://repo.maven.apache.org/maven2/org/apache/maven/shared/maven-shared-incremental/1.1/maven-shared-incremental-1.1.pom
builder-1  | Progress (1): 806 B
Progress (1): 1.8 kB
Progress (1): 4.7 kB
                    
Downloaded from central: https://repo.maven.apache.org/maven2/org/apache/maven/shared/maven-shared-incremental/1.1/maven-shared-incremental-1.1.pom (4.7 kB at 31 kB/s)
builder-1  | Downloading from central: https://repo.maven.apache.org/maven2/org/apache/maven/shared/maven-shared-components/19/maven-shared-components-19.pom
builder-1  | Progress (1): 773 B
Progress (1): 1.9 kB
Progress (1): 3.6 kB
Progress (1): 6.1 kB
Progress (1): 6.4 kB
                    
Downloaded from central: https://repo.maven.apache.org/maven2/org/apache/maven/shared/maven-shared-components/19/maven-shared-components-19.pom (6.4 kB at 42 kB/s)
builder-1  | Downloading from central: https://repo.maven.apache.org/maven2/org/apache/maven/maven-parent/23/maven-parent-23.pom
builder-1  | Progress (1): 726 B
Progress (1): 1.6 kB
Progress (1): 4.7 kB
Progress (1): 9.2 kB
Progress (1): 14 kB 
Progress (1): 17 kB
Progress (1): 21 kB
Progress (1): 24 kB
Progress (1): 26 kB
Progress (1): 30 kB
Progress (1): 31 kB
Progress (1): 33 kB
                   
Downloaded from central: https://repo.maven.apache.org/maven2/org/apache/maven/maven-parent/23/maven-parent-23.pom (33 kB at 208 kB/s)
builder-1  | Downloading from central: https://repo.maven.apache.org/maven2/org/apache/apache/13/apache-13.pom
builder-1  | Progress (1): 749 B
Progress (1): 2.1 kB
Progress (1): 4.1 kB
Progress (1): 9.0 kB
Progress (1): 11 kB 
Progress (1): 14 kB
                   
Downloaded from central: https://repo.maven.apache.org/maven2/org/apache/apache/13/apache-13.pom (14 kB at 93 kB/s)
builder-1  | Downloading from central: https://repo.maven.apache.org/maven2/org/codehaus/plexus/plexus-java/1.2.0/plexus-java-1.2.0.pom
builder-1  | Progress (1): 1.9 kB
Progress (1): 4.3 kB
                    
Downloaded from central: https://repo.maven.apache.org/maven2/org/codehaus/plexus/plexus-java/1.2.0/plexus-java-1.2.0.pom (4.3 kB at 26 kB/s)
builder-1  | Downloading from central: https://repo.maven.apache.org/maven2/org/codehaus/plexus/plexus-languages/1.2.0/plexus-languages-1.2.0.pom
builder-1  | Progress (1): 1.3 kB
Progress (1): 3.2 kB
                    
Downloaded from central: https://repo.maven.apache.org/maven2/org/codehaus/plexus/plexus-languages/1.2.0/plexus-languages-1.2.0.pom (3.2 kB at 21 kB/s)
builder-1  | Downloading from central: https://repo.maven.apache.org/maven2/org/codehaus/plexus/plexus/15/plexus-15.pom
builder-1  | Progress (1): 692 B
Progress (1): 2.7 kB
Progress (1): 6.4 kB
Progress (1): 8.9 kB
Progress (1): 11 kB 
Progress (1): 14 kB
Progress (1): 18 kB
Progress (1): 19 kB
Progress (1): 22 kB
Progress (1): 26 kB
Progress (1): 28 kB
                   
Downloaded from central: https://repo.maven.apache.org/maven2/org/codehaus/plexus/plexus/15/plexus-15.pom (28 kB at 184 kB/s)
builder-1  | Downloading from central: https://repo.maven.apache.org/maven2/org/ow2/asm/asm/9.6/asm-9.6.pom
builder-1  | Progress (1): 1.3 kB
Progress (1): 2.4 kB
                    
Downloaded from central: https://repo.maven.apache.org/maven2/org/ow2/asm/asm/9.6/asm-9.6.pom (2.4 kB at 16 kB/s)
builder-1  | Downloading from central: https://repo.maven.apache.org/maven2/com/thoughtworks/qdox/qdox/2.0.3/qdox-2.0.3.pom
builder-1  | Progress (1): 872 B
Progress (1): 3.4 kB
Progress (1): 6.6 kB
Progress (1): 11 kB 
Progress (1): 13 kB
Progress (1): 17 kB
                   
Downloaded from central: https://repo.maven.apache.org/maven2/com/thoughtworks/qdox/qdox/2.0.3/qdox-2.0.3.pom (17 kB at 112 kB/s)
builder-1  | Downloading from central: https://repo.maven.apache.org/maven2/org/codehaus/plexus/plexus-compiler-api/2.15.0/plexus-compiler-api-2.15.0.pom
builder-1  | Progress (1): 1.4 kB
                    
Downloaded from central: https://repo.maven.apache.org/maven2/org/codehaus/plexus/plexus-compiler-api/2.15.0/plexus-compiler-api-2.15.0.pom (1.4 kB at 9.1 kB/s)
builder-1  | Downloading from central: https://repo.maven.apache.org/maven2/org/codehaus/plexus/plexus-compiler/2.15.0/plexus-compiler-2.15.0.pom
builder-1  | Progress (1): 1.2 kB
Progress (1): 4.5 kB
Progress (1): 7.6 kB
Progress (1): 7.6 kB
                    
Downloaded from central: https://repo.maven.apache.org/maven2/org/codehaus/plexus/plexus-compiler/2.15.0/plexus-compiler-2.15.0.pom (7.6 kB at 50 kB/s)
builder-1  | Downloading from central: https://repo.maven.apache.org/maven2/org/codehaus/plexus/plexus/17/plexus-17.pom
builder-1  | Progress (1): 691 B
Progress (1): 2.5 kB
Progress (1): 6.4 kB
Progress (1): 8.9 kB
Progress (1): 11 kB 
Progress (1): 14 kB
Progress (1): 19 kB
Progress (1): 19 kB
Progress (1): 22 kB
Progress (1): 27 kB
Progress (1): 28 kB
                   
Downloaded from central: https://repo.maven.apache.org/maven2/org/codehaus/plexus/plexus/17/plexus-17.pom (28 kB at 167 kB/s)
builder-1  | Downloading from central: https://repo.maven.apache.org/maven2/org/codehaus/plexus/plexus-utils/4.0.0/plexus-utils-4.0.0.pom
builder-1  | Progress (1): 724 B
Progress (1): 2.3 kB
Progress (1): 4.5 kB
Progress (1): 8.7 kB
                    
Downloaded from central: https://repo.maven.apache.org/maven2/org/codehaus/plexus/plexus-utils/4.0.0/plexus-utils-4.0.0.pom (8.7 kB at 59 kB/s)
builder-1  | Downloading from central: https://repo.maven.apache.org/maven2/org/codehaus/plexus/plexus/13/plexus-13.pom
builder-1  | Progress (1): 693 B
Progress (1): 2.5 kB
Progress (1): 6.4 kB
Progress (1): 8.9 kB
Progress (1): 11 kB 
Progress (1): 14 kB
Progress (1): 18 kB
Progress (1): 19 kB
Progress (1): 23 kB
Progress (1): 27 kB
Progress (1): 27 kB
                   
Downloaded from central: https://repo.maven.apache.org/maven2/org/codehaus/plexus/plexus/13/plexus-13.pom (27 kB at 179 kB/s)
builder-1  | Downloading from central: https://repo.maven.apache.org/maven2/org/codehaus/plexus/plexus-compiler-manager/2.15.0/plexus-compiler-manager-2.15.0.pom
builder-1  | Progress (1): 1.3 kB
                    
Downloaded from central: https://repo.maven.apache.org/maven2/org/codehaus/plexus/plexus-compiler-manager/2.15.0/plexus-compiler-manager-2.15.0.pom (1.3 kB at 9.0 kB/s)
builder-1  | Downloading from central: https://repo.maven.apache.org/maven2/org/codehaus/plexus/plexus-xml/3.0.0/plexus-xml-3.0.0.pom
builder-1  | Progress (1): 815 B
Progress (1): 2.7 kB
Progress (1): 3.7 kB
                    
Downloaded from central: https://repo.maven.apache.org/maven2/org/codehaus/plexus/plexus-xml/3.0.0/plexus-xml-3.0.0.pom (3.7 kB at 25 kB/s)
builder-1  | Downloading from central: https://repo.maven.apache.org/maven2/org/codehaus/plexus/plexus-compiler-javac/2.15.0/plexus-compiler-javac-2.15.0.pom
builder-1  | Progress (1): 1.3 kB
                    
Downloaded from central: https://repo.maven.apache.org/maven2/org/codehaus/plexus/plexus-compiler-javac/2.15.0/plexus-compiler-javac-2.15.0.pom (1.3 kB at 8.5 kB/s)
builder-1  | Downloading from central: https://repo.maven.apache.org/maven2/org/codehaus/plexus/plexus-compilers/2.15.0/plexus-compilers-2.15.0.pom
builder-1  | Progress (1): 1.6 kB
Progress (1): 1.6 kB
                    
Downloaded from central: https://repo.maven.apache.org/maven2/org/codehaus/plexus/plexus-compilers/2.15.0/plexus-compilers-2.15.0.pom (1.6 kB at 10 kB/s)
builder-1  | Downloading from central: https://repo.maven.apache.org/maven2/org/apache/maven/shared/maven-shared-utils/3.4.2/maven-shared-utils-3.4.2.jar
builder-1  | Downloading from central: https://repo.maven.apache.org/maven2/org/apache/maven/shared/maven-shared-incremental/1.1/maven-shared-incremental-1.1.jar
builder-1  | Downloading from central: https://repo.maven.apache.org/maven2/org/codehaus/plexus/plexus-java/1.2.0/plexus-java-1.2.0.jar
builder-1  | Downloading from central: https://repo.maven.apache.org/maven2/org/ow2/asm/asm/9.6/asm-9.6.jar
builder-1  | Downloading from central: https://repo.maven.apache.org/maven2/com/thoughtworks/qdox/qdox/2.0.3/qdox-2.0.3.jar
builder-1  | Progress (1): 3.8/58 kB
Progress (2): 3.8/58 kB | 7.7/14 kB
Progress (3): 3.8/58 kB | 7.7/14 kB | 0.9/334 kB
Progress (3): 3.8/58 kB | 14 kB | 0.9/334 kB    
Progress (3): 3.8/58 kB | 14 kB | 2.3/334 kB
Progress (3): 3.8/58 kB | 14 kB | 3.6/334 kB
Progress (3): 3.8/58 kB | 14 kB | 5.0/334 kB
Progress (3): 3.8/58 kB | 14 kB | 6.4/334 kB
                                            
Downloaded from central: https://repo.maven.apache.org/maven2/org/apache/maven/shared/maven-shared-incremental/1.1/maven-shared-incremental-1.1.jar (14 kB at 90 kB/s)
builder-1  | Downloading from central: https://repo.maven.apache.org/maven2/org/codehaus/plexus/plexus-compiler-api/2.15.0/plexus-compiler-api-2.15.0.jar
builder-1  | Progress (3): 3.8/58 kB | 6.4/334 kB | 0.9/124 kB
Progress (3): 3.8/58 kB | 6.4/334 kB | 2.3/124 kB
Progress (3): 3.8/58 kB | 6.4/334 kB | 3.6/124 kB
Progress (3): 8.0/58 kB | 6.4/334 kB | 3.6/124 kB
Progress (4): 8.0/58 kB | 6.4/334 kB | 3.6/124 kB | 3.8/151 kB
Progress (4): 12/58 kB | 6.4/334 kB | 3.6/124 kB | 3.8/151 kB 
Progress (4): 12/58 kB | 6.4/334 kB | 3.6/124 kB | 3.8/151 kB
Progress (4): 12/58 kB | 6.4/334 kB | 5.0/124 kB | 3.8/151 kB
Progress (4): 12/58 kB | 7.7/334 kB | 5.0/124 kB | 3.8/151 kB
Progress (4): 12/58 kB | 8.2/334 kB | 5.0/124 kB | 3.8/151 kB
Progress (4): 12/58 kB | 9.6/334 kB | 5.0/124 kB | 3.8/151 kB
Progress (4): 17/58 kB | 9.6/334 kB | 5.0/124 kB | 3.8/151 kB
Progress (4): 21/58 kB | 9.6/334 kB | 5.0/124 kB | 3.8/151 kB
Progress (4): 21/58 kB | 9.6/334 kB | 6.4/124 kB | 3.8/151 kB
Progress (4): 21/58 kB | 9.6/334 kB | 7.7/124 kB | 3.8/151 kB
Progress (4): 25/58 kB | 9.6/334 kB | 7.7/124 kB | 3.8/151 kB
Progress (4): 25/58 kB | 9.6/334 kB | 7.7/124 kB | 8.0/151 kB
Progress (4): 25/58 kB | 11/334 kB | 7.7/124 kB | 8.0/151 kB 
Progress (4): 25/58 kB | 12/334 kB | 7.7/124 kB | 8.0/151 kB
Progress (4): 25/58 kB | 12/334 kB | 9.1/124 kB | 8.0/151 kB
Progress (4): 25/58 kB | 12/334 kB | 10/124 kB | 8.0/151 kB 
Progress (4): 25/58 kB | 12/334 kB | 10/124 kB | 12/151 kB 
Progress (4): 41/58 kB | 12/334 kB | 10/124 kB | 12/151 kB
Progress (4): 41/58 kB | 12/334 kB | 12/124 kB | 12/151 kB
Progress (4): 41/58 kB | 12/334 kB | 13/124 kB | 12/151 kB
Progress (4): 41/58 kB | 12/334 kB | 13/124 kB | 16/151 kB
Progress (4): 58 kB | 12/334 kB | 13/124 kB | 16/151 kB   
                                                       
Downloaded from central: https://repo.maven.apache.org/maven2/org/codehaus/plexus/plexus-java/1.2.0/plexus-java-1.2.0.jar (58 kB at 308 kB/s)
builder-1  | Downloading from central: https://repo.maven.apache.org/maven2/org/codehaus/plexus/plexus-compiler-manager/2.15.0/plexus-compiler-manager-2.15.0.jar
builder-1  | Progress (3): 12/334 kB | 13/124 kB | 21/151 kB
Progress (3): 12/334 kB | 13/124 kB | 25/151 kB
Progress (3): 12/334 kB | 13/124 kB | 41/151 kB
Progress (3): 12/334 kB | 13/124 kB | 58/151 kB
Progress (3): 14/334 kB | 13/124 kB | 58/151 kB
Progress (3): 15/334 kB | 13/124 kB | 58/151 kB
Progress (3): 16/334 kB | 13/124 kB | 58/151 kB
Progress (3): 18/334 kB | 13/124 kB | 58/151 kB
Progress (3): 19/334 kB | 13/124 kB | 58/151 kB
Progress (3): 19/334 kB | 15/124 kB | 58/151 kB
Progress (3): 19/334 kB | 16/124 kB | 58/151 kB
Progress (3): 19/334 kB | 17/124 kB | 58/151 kB
Progress (3): 19/334 kB | 18/124 kB | 58/151 kB
Progress (3): 19/334 kB | 20/124 kB | 58/151 kB
Progress (3): 19/334 kB | 20/124 kB | 66/151 kB
Progress (3): 21/334 kB | 20/124 kB | 66/151 kB
Progress (3): 22/334 kB | 20/124 kB | 66/151 kB
Progress (3): 22/334 kB | 21/124 kB | 66/151 kB
Progress (3): 22/334 kB | 23/124 kB | 66/151 kB
Progress (4): 22/334 kB | 23/124 kB | 66/151 kB | 7.7/29 kB
Progress (4): 22/334 kB | 23/124 kB | 66/151 kB | 16/29 kB 
Progress (4): 22/334 kB | 23/124 kB | 66/151 kB | 29 kB   
Progress (4): 23/334 kB | 23/124 kB | 66/151 kB | 29 kB
Progress (4): 25/334 kB | 23/124 kB | 66/151 kB | 29 kB
                                                       
Downloaded from central: https://repo.maven.apache.org/maven2/org/codehaus/plexus/plexus-compiler-api/2.15.0/plexus-compiler-api-2.15.0.jar (29 kB at 98 kB/s)
builder-1  | Downloading from central: https://repo.maven.apache.org/maven2/org/codehaus/plexus/plexus-xml/3.0.0/plexus-xml-3.0.0.jar
builder-1  | Progress (3): 25/334 kB | 24/124 kB | 66/151 kB
Progress (3): 25/334 kB | 25/124 kB | 66/151 kB
Progress (3): 26/334 kB | 25/124 kB | 66/151 kB
Progress (3): 27/334 kB | 25/124 kB | 66/151 kB
Progress (3): 27/334 kB | 27/124 kB | 66/151 kB
Progress (3): 27/334 kB | 28/124 kB | 66/151 kB
Progress (3): 29/334 kB | 28/124 kB | 66/151 kB
Progress (3): 30/334 kB | 28/124 kB | 66/151 kB
Progress (3): 30/334 kB | 28/124 kB | 82/151 kB
Progress (3): 30/334 kB | 29/124 kB | 82/151 kB
Progress (3): 30/334 kB | 31/124 kB | 82/151 kB
Progress (3): 31/334 kB | 31/124 kB | 82/151 kB
Progress (3): 33/334 kB | 31/124 kB | 82/151 kB
Progress (3): 33/334 kB | 32/124 kB | 82/151 kB
Progress (3): 33/334 kB | 33/124 kB | 82/151 kB
Progress (3): 34/334 kB | 33/124 kB | 82/151 kB
Progress (3): 36/334 kB | 33/124 kB | 82/151 kB
Progress (4): 36/334 kB | 33/124 kB | 82/151 kB | 5.2 kB
                                                        
Downloaded from central: https://repo.maven.apache.org/maven2/org/codehaus/plexus/plexus-compiler-manager/2.15.0/plexus-compiler-manager-2.15.0.jar (5.2 kB at 16 kB/s)
builder-1  | Downloading from central: https://repo.maven.apache.org/maven2/org/codehaus/plexus/plexus-compiler-javac/2.15.0/plexus-compiler-javac-2.15.0.jar
builder-1  | Progress (3): 36/334 kB | 35/124 kB | 82/151 kB
Progress (3): 37/334 kB | 35/124 kB | 82/151 kB
Progress (3): 38/334 kB | 35/124 kB | 82/151 kB
Progress (3): 38/334 kB | 36/124 kB | 82/151 kB
Progress (3): 40/334 kB | 36/124 kB | 82/151 kB
Progress (3): 41/334 kB | 36/124 kB | 82/151 kB
Progress (3): 41/334 kB | 38/124 kB | 82/151 kB
Progress (3): 41/334 kB | 39/124 kB | 82/151 kB
Progress (3): 42/334 kB | 39/124 kB | 82/151 kB
Progress (3): 42/334 kB | 39/124 kB | 98/151 kB
Progress (3): 44/334 kB | 39/124 kB | 98/151 kB
Progress (3): 44/334 kB | 40/124 kB | 98/151 kB
Progress (3): 44/334 kB | 42/124 kB | 98/151 kB
Progress (3): 44/334 kB | 43/124 kB | 98/151 kB
Progress (3): 44/334 kB | 44/124 kB | 98/151 kB
Progress (3): 45/334 kB | 44/124 kB | 98/151 kB
Progress (3): 46/334 kB | 44/124 kB | 98/151 kB
Progress (3): 46/334 kB | 44/124 kB | 106/151 kB
Progress (3): 48/334 kB | 44/124 kB | 106/151 kB
Progress (3): 49/334 kB | 44/124 kB | 106/151 kB
Progress (3): 49/334 kB | 46/124 kB | 106/151 kB
Progress (3): 49/334 kB | 47/124 kB | 106/151 kB
Progress (3): 49/334 kB | 47/124 kB | 123/151 kB
Progress (3): 51/334 kB | 47/124 kB | 123/151 kB
Progress (3): 52/334 kB | 47/124 kB | 123/151 kB
Progress (3): 53/334 kB | 47/124 kB | 123/151 kB
Progress (3): 53/334 kB | 49/124 kB | 123/151 kB
Progress (3): 53/334 kB | 50/124 kB | 123/151 kB
Progress (3): 53/334 kB | 51/124 kB | 123/151 kB
Progress (3): 53/334 kB | 53/124 kB | 123/151 kB
Progress (3): 53/334 kB | 54/124 kB | 123/151 kB
Progress (3): 53/334 kB | 54/124 kB | 139/151 kB
Progress (3): 58/334 kB | 54/124 kB | 139/151 kB
Progress (3): 58/334 kB | 54/124 kB | 151 kB    
                                            
Downloaded from central: https://repo.maven.apache.org/maven2/org/apache/maven/shared/maven-shared-utils/3.4.2/maven-shared-utils-3.4.2.jar (151 kB at 352 kB/s)
builder-1  | Downloading from central: https://repo.maven.apache.org/maven2/org/codehaus/plexus/plexus-utils/4.0.0/plexus-utils-4.0.0.jar
builder-1  | Progress (2): 58/334 kB | 58/124 kB
Progress (2): 62/334 kB | 58/124 kB
Progress (2): 62/334 kB | 62/124 kB
Progress (2): 66/334 kB | 62/124 kB
Progress (3): 66/334 kB | 62/124 kB | 7.7/93 kB
Progress (3): 66/334 kB | 62/124 kB | 8.2/93 kB
Progress (3): 66/334 kB | 62/124 kB | 25/93 kB 
Progress (3): 66/334 kB | 62/124 kB | 41/93 kB
Progress (3): 66/334 kB | 67/124 kB | 41/93 kB
Progress (3): 66/334 kB | 67/124 kB | 57/93 kB
Progress (3): 66/334 kB | 67/124 kB | 74/93 kB
Progress (3): 66/334 kB | 71/124 kB | 74/93 kB
Progress (3): 66/334 kB | 71/124 kB | 90/93 kB
Progress (3): 66/334 kB | 71/124 kB | 93 kB   
                                           
Downloaded from central: https://repo.maven.apache.org/maven2/org/codehaus/plexus/plexus-xml/3.0.0/plexus-xml-3.0.0.jar (93 kB at 202 kB/s)
builder-1  | Progress (2): 70/334 kB | 71/124 kB
Progress (2): 74/334 kB | 71/124 kB
Progress (2): 74/334 kB | 75/124 kB
Progress (2): 78/334 kB | 75/124 kB
Progress (2): 78/334 kB | 79/124 kB
Progress (3): 78/334 kB | 79/124 kB | 7.7/26 kB
Progress (3): 78/334 kB | 79/124 kB | 12/26 kB 
Progress (3): 82/334 kB | 79/124 kB | 12/26 kB
Progress (3): 82/334 kB | 79/124 kB | 26 kB   
                                           
Downloaded from central: https://repo.maven.apache.org/maven2/org/codehaus/plexus/plexus-compiler-javac/2.15.0/plexus-compiler-javac-2.15.0.jar (26 kB at 52 kB/s)
builder-1  | Progress (2): 82/334 kB | 84/124 kB
Progress (2): 87/334 kB | 84/124 kB
Progress (2): 87/334 kB | 88/124 kB
Progress (2): 91/334 kB | 88/124 kB
Progress (2): 91/334 kB | 92/124 kB
Progress (2): 95/334 kB | 92/124 kB
Progress (2): 95/334 kB | 96/124 kB
Progress (2): 98/334 kB | 96/124 kB
Progress (2): 98/334 kB | 101/124 kB
Progress (2): 103/334 kB | 101/124 kB
Progress (2): 107/334 kB | 101/124 kB
Progress (2): 107/334 kB | 105/124 kB
Progress (2): 111/334 kB | 105/124 kB
Progress (2): 111/334 kB | 109/124 kB
Progress (2): 115/334 kB | 109/124 kB
Progress (2): 115/334 kB | 113/124 kB
Progress (2): 119/334 kB | 113/124 kB
Progress (2): 119/334 kB | 117/124 kB
Progress (2): 124/334 kB | 117/124 kB
Progress (2): 124/334 kB | 122/124 kB
Progress (2): 124/334 kB | 124 kB    
Progress (2): 128/334 kB | 124 kB
                                 
Downloaded from central: https://repo.maven.apache.org/maven2/org/ow2/asm/asm/9.6/asm-9.6.jar (124 kB at 219 kB/s)
builder-1  | Progress (1): 131/334 kB
Progress (1): 135/334 kB
Progress (2): 135/334 kB | 7.7/192 kB
Progress (2): 135/334 kB | 8.2/192 kB
Progress (2): 140/334 kB | 8.2/192 kB
Progress (2): 144/334 kB | 8.2/192 kB
Progress (2): 144/334 kB | 25/192 kB 
Progress (2): 148/334 kB | 25/192 kB
Progress (2): 152/334 kB | 25/192 kB
Progress (2): 152/334 kB | 41/192 kB
Progress (2): 156/334 kB | 41/192 kB
Progress (2): 161/334 kB | 41/192 kB
Progress (2): 161/334 kB | 57/192 kB
Progress (2): 164/334 kB | 57/192 kB
Progress (2): 164/334 kB | 74/192 kB
Progress (2): 168/334 kB | 74/192 kB
Progress (2): 168/334 kB | 82/192 kB
Progress (2): 172/334 kB | 82/192 kB
Progress (2): 177/334 kB | 82/192 kB
Progress (2): 177/334 kB | 98/192 kB
Progress (2): 181/334 kB | 98/192 kB
Progress (2): 185/334 kB | 98/192 kB
Progress (2): 185/334 kB | 115/192 kB
Progress (2): 188/334 kB | 115/192 kB
Progress (2): 188/334 kB | 123/192 kB
Progress (2): 193/334 kB | 123/192 kB
Progress (2): 197/334 kB | 123/192 kB
Progress (2): 197/334 kB | 139/192 kB
Progress (2): 201/334 kB | 139/192 kB
Progress (2): 201/334 kB | 147/192 kB
Progress (2): 205/334 kB | 147/192 kB
Progress (2): 209/334 kB | 147/192 kB
Progress (2): 209/334 kB | 164/192 kB
Progress (2): 213/334 kB | 164/192 kB
Progress (2): 217/334 kB | 164/192 kB
Progress (2): 217/334 kB | 172/192 kB
Progress (2): 221/334 kB | 172/192 kB
Progress (2): 234/334 kB | 172/192 kB
Progress (2): 250/334 kB | 172/192 kB
Progress (2): 250/334 kB | 188/192 kB
Progress (2): 250/334 kB | 192 kB    
                                 
Downloaded from central: https://repo.maven.apache.org/maven2/org/codehaus/plexus/plexus-utils/4.0.0/plexus-utils-4.0.0.jar (192 kB at 274 kB/s)
builder-1  | Progress (1): 267/334 kB
Progress (1): 283/334 kB
Progress (1): 299/334 kB
Progress (1): 316/334 kB
Progress (1): 332/334 kB
Progress (1): 334 kB    
                    
Downloaded from central: https://repo.maven.apache.org/maven2/com/thoughtworks/qdox/qdox/2.0.3/qdox-2.0.3.jar (334 kB at 450 kB/s)
builder-1  | [INFO] Recompiling the module because of changed source code.
builder-1  | [INFO] Compiling 34 source files with javac [debug target 21] to target/classes
builder-1  | [INFO] Annotation processing is enabled because one or more processors were found
builder-1  |   on the class path. A future release of javac may disable annotation processing
builder-1  |   unless at least one processor is specified by name (-processor), or a search
builder-1  |   path is specified (--processor-path, --processor-module-path), or annotation
builder-1  |   processing is enabled explicitly (-proc:only, -proc:full).
builder-1  |   Use -Xlint:-options to suppress this message.
builder-1  |   Use -proc:none to disable annotation processing.
builder-1  | [INFO] -------------------------------------------------------------
builder-1  | [ERROR] COMPILATION ERROR : 
builder-1  | [INFO] -------------------------------------------------------------
builder-1  | [ERROR] /app/src/main/java/net/thecommandcraft/vanishpp/listeners/MobAiManager.java:[5,42] cannot find symbol
builder-1  |   symbol:   class SafeLookAtPlayerGoal
builder-1  |   location: package net.thecommandcraft.vanishpp.utils
builder-1  | [INFO] 1 error
builder-1  | [INFO] -------------------------------------------------------------
builder-1  | [INFO] ------------------------------------------------------------------------
builder-1  | [INFO] BUILD FAILURE
builder-1  | [INFO] ------------------------------------------------------------------------
builder-1  | [INFO] Total time:  02:31 min
builder-1  | [INFO] Finished at: 2026-02-28T13:52:42Z
builder-1  | [INFO] ------------------------------------------------------------------------
builder-1  | [ERROR] Failed to execute goal org.apache.maven.plugins:maven-compiler-plugin:3.13.0:compile (default-compile) on project vanishpp: Compilation failure
builder-1  | [ERROR] /app/src/main/java/net/thecommandcraft/vanishpp/listeners/MobAiManager.java:[5,42] cannot find symbol
builder-1  | [ERROR]   symbol:   class SafeLookAtPlayerGoal
builder-1  | [ERROR]   location: package net.thecommandcraft.vanishpp.utils
builder-1  | [ERROR] 
builder-1  | [ERROR] -> [Help 1]
builder-1  | [ERROR] 
builder-1  | [ERROR] To see the full stack trace of the errors, re-run Maven with the -e switch.
builder-1  | [ERROR] Re-run Maven using the -X switch to enable full debug logging.
builder-1  | [ERROR] 
builder-1  | [ERROR] For more information about the errors and possible solutions, please read the following articles:
builder-1  | [ERROR] [Help 1] http://cwiki.apache.org/confluence/display/MAVEN/MojoFailureException
builder-1  | [INFO] Scanning for projects...
builder-1  | [WARNING] 
builder-1  | [WARNING] Some problems were encountered while building the effective model for net.thecommandcraft:vanishpp:jar:1.2.0
builder-1  | [WARNING] 'dependencies.dependency.(groupId:artifactId:type:classifier)' must be unique: com.discordsrv:discordsrv:jar -> duplicate declaration of version 1.29.0 @ line 182, column 21
builder-1  | [WARNING] 
builder-1  | [WARNING] It is highly recommended to fix these problems because they threaten the stability of your build.
builder-1  | [WARNING] 
builder-1  | [WARNING] For this reason, future Maven versions might no longer support building such malformed projects.
builder-1  | [WARNING] 
builder-1  | [INFO] 
builder-1  | [INFO] --------------------< net.thecommandcraft:vanishpp >--------------------
builder-1  | [INFO] Building vanishpp 1.2.0
builder-1  | [INFO]   from pom.xml
builder-1  | [INFO] --------------------------------[ jar ]---------------------------------
builder-1  | [INFO] 
builder-1  | [INFO] --- clean:3.2.0:clean (default-clean) @ vanishpp ---
builder-1  | [INFO] Deleting /app/target
builder-1  | [INFO] 
builder-1  | [INFO] --- resources:3.3.1:resources (default-resources) @ vanishpp ---
builder-1  | [INFO] Copying 5 resources from src/main/resources to target/classes
builder-1  | [INFO] 
builder-1  | [INFO] --- compiler:3.13.0:compile (default-compile) @ vanishpp ---
builder-1  | [INFO] Recompiling the module because of changed source code.
builder-1  | [INFO] Compiling 35 source files with javac [debug target 21] to target/classes
builder-1  | [INFO] Annotation processing is enabled because one or more processors were found
builder-1  |   on the class path. A future release of javac may disable annotation processing
builder-1  |   unless at least one processor is specified by name (-processor), or a search
builder-1  |   path is specified (--processor-path, --processor-module-path), or annotation
builder-1  |   processing is enabled explicitly (-proc:only, -proc:full).
builder-1  |   Use -Xlint:-options to suppress this message.
builder-1  |   Use -proc:none to disable annotation processing.
builder-1  | [INFO] /app/src/main/java/net/thecommandcraft/vanishpp/Vanishpp.java: Some input files use or override a deprecated API.
builder-1  | [INFO] /app/src/main/java/net/thecommandcraft/vanishpp/Vanishpp.java: Recompile with -Xlint:deprecation for details.
builder-1  | [INFO] /app/src/main/java/net/thecommandcraft/vanishpp/hooks/ProtocolLibManager.java: /app/src/main/java/net/thecommandcraft/vanishpp/hooks/ProtocolLibManager.java uses unchecked or unsafe operations.
builder-1  | [INFO] /app/src/main/java/net/thecommandcraft/vanishpp/hooks/ProtocolLibManager.java: Recompile with -Xlint:unchecked for details.
builder-1  | [INFO] -------------------------------------------------------------
builder-1  | [ERROR] COMPILATION ERROR : 
builder-1  | [INFO] -------------------------------------------------------------
builder-1  | [ERROR] /app/src/main/java/net/thecommandcraft/vanishpp/hooks/ProtocolLibManager.java:[83,39] cannot find symbol
builder-1  |   symbol:   variable SET_PASSENGERS
builder-1  |   location: class com.comphenix.protocol.PacketType.Play.Server
builder-1  | [ERROR] /app/src/main/java/net/thecommandcraft/vanishpp/hooks/ProtocolLibManager.java:[119,66] cannot find symbol
builder-1  |   symbol:   variable SET_PASSENGERS
builder-1  |   location: class com.comphenix.protocol.PacketType.Play.Server
builder-1  | [ERROR] /app/src/main/java/net/thecommandcraft/vanishpp/hooks/ProtocolLibManager.java:[173,39] cannot find symbol
builder-1  |   symbol:   variable PLAYER_INFO_UPDATE
builder-1  |   location: class com.comphenix.protocol.PacketType.Play.Server
builder-1  | [ERROR] /app/src/main/java/net/thecommandcraft/vanishpp/hooks/ProtocolLibManager.java:[203,47] cannot find symbol
builder-1  |   symbol:   class PlayerInfoAction
builder-1  |   location: class com.comphenix.protocol.wrappers.PlayerInfoData
builder-1  | [INFO] 4 errors 
builder-1  | [INFO] -------------------------------------------------------------
builder-1  | [INFO] ------------------------------------------------------------------------
builder-1  | [INFO] BUILD FAILURE
builder-1  | [INFO] ------------------------------------------------------------------------
builder-1  | [INFO] Total time:  10.770 s
builder-1  | [INFO] Finished at: 2026-02-28T15:05:05Z
builder-1  | [INFO] ------------------------------------------------------------------------
builder-1  | [ERROR] Failed to execute goal org.apache.maven.plugins:maven-compiler-plugin:3.13.0:compile (default-compile) on project vanishpp: Compilation failure: Compilation failure: 
builder-1  | [ERROR] /app/src/main/java/net/thecommandcraft/vanishpp/hooks/ProtocolLibManager.java:[83,39] cannot find symbol
builder-1  | [ERROR]   symbol:   variable SET_PASSENGERS
builder-1  | [ERROR]   location: class com.comphenix.protocol.PacketType.Play.Server
builder-1  | [ERROR] /app/src/main/java/net/thecommandcraft/vanishpp/hooks/ProtocolLibManager.java:[119,66] cannot find symbol
builder-1  | [ERROR]   symbol:   variable SET_PASSENGERS
builder-1  | [ERROR]   location: class com.comphenix.protocol.PacketType.Play.Server
builder-1  | [ERROR] /app/src/main/java/net/thecommandcraft/vanishpp/hooks/ProtocolLibManager.java:[173,39] cannot find symbol
builder-1  | [ERROR]   symbol:   variable PLAYER_INFO_UPDATE
builder-1  | [ERROR]   location: class com.comphenix.protocol.PacketType.Play.Server
builder-1  | [ERROR] /app/src/main/java/net/thecommandcraft/vanishpp/hooks/ProtocolLibManager.java:[203,47] cannot find symbol
builder-1  | [ERROR]   symbol:   class PlayerInfoAction
builder-1  | [ERROR]   location: class com.comphenix.protocol.wrappers.PlayerInfoData
builder-1  | [ERROR] -> [Help 1]
builder-1  | [ERROR] 
builder-1  | [ERROR] To see the full stack trace of the errors, re-run Maven with the -e switch.
builder-1  | [ERROR] Re-run Maven using the -X switch to enable full debug logging.
builder-1  | [ERROR] 
builder-1  | [ERROR] For more information about the errors and possible solutions, please read the following articles:
builder-1  | [ERROR] [Help 1] http://cwiki.apache.org/confluence/display/MAVEN/MojoFailureException
builder-1  | [INFO] Scanning for projects...
builder-1  | [WARNING] 
builder-1  | [WARNING] Some problems were encountered while building the effective model for net.thecommandcraft:vanishpp:jar:1.2.0
builder-1  | [WARNING] 'dependencies.dependency.(groupId:artifactId:type:classifier)' must be unique: com.discordsrv:discordsrv:jar -> duplicate declaration of version 1.29.0 @ line 182, column 21
builder-1  | [WARNING] 
builder-1  | [WARNING] It is highly recommended to fix these problems because they threaten the stability of your build.
builder-1  | [WARNING] 
builder-1  | [WARNING] For this reason, future Maven versions might no longer support building such malformed projects.
builder-1  | [WARNING] 
builder-1  | [INFO] 
builder-1  | [INFO] --------------------< net.thecommandcraft:vanishpp >--------------------
builder-1  | [INFO] Building vanishpp 1.2.0
builder-1  | [INFO]   from pom.xml
builder-1  | [INFO] --------------------------------[ jar ]---------------------------------
builder-1  | [INFO] 
builder-1  | [INFO] --- clean:3.2.0:clean (default-clean) @ vanishpp ---
builder-1  | [INFO] Deleting /app/target
builder-1  | [INFO] 
builder-1  | [INFO] --- resources:3.3.1:resources (default-resources) @ vanishpp ---
builder-1  | [INFO] Copying 5 resources from src/main/resources to target/classes
builder-1  | [INFO] 
builder-1  | [INFO] --- compiler:3.13.0:compile (default-compile) @ vanishpp ---
builder-1  | [INFO] Recompiling the module because of changed source code.
builder-1  | [INFO] Compiling 35 source files with javac [debug target 21] to target/classes
builder-1  | [INFO] Annotation processing is enabled because one or more processors were found
builder-1  |   on the class path. A future release of javac may disable annotation processing
builder-1  |   unless at least one processor is specified by name (-processor), or a search
builder-1  |   path is specified (--processor-path, --processor-module-path), or annotation
builder-1  |   processing is enabled explicitly (-proc:only, -proc:full).
builder-1  |   Use -Xlint:-options to suppress this message.
builder-1  |   Use -proc:none to disable annotation processing.
builder-1  | [INFO] /app/src/main/java/net/thecommandcraft/vanishpp/Vanishpp.java: Some input files use or override a deprecated API.
builder-1  | [INFO] /app/src/main/java/net/thecommandcraft/vanishpp/Vanishpp.java: Recompile with -Xlint:deprecation for details.
builder-1  | [INFO] /app/src/main/java/net/thecommandcraft/vanishpp/hooks/ProtocolLibManager.java: /app/src/main/java/net/thecommandcraft/vanishpp/hooks/ProtocolLibManager.java uses unchecked or unsafe operations.
builder-1  | [INFO] /app/src/main/java/net/thecommandcraft/vanishpp/hooks/ProtocolLibManager.java: Recompile with -Xlint:unchecked for details.
builder-1  | [INFO] -------------------------------------------------------------
builder-1  | [ERROR] COMPILATION ERROR : 
builder-1  | [INFO] -------------------------------------------------------------
builder-1  | [ERROR] /app/src/main/java/net/thecommandcraft/vanishpp/hooks/ProtocolLibManager.java:[83,39] cannot find symbol
builder-1  |   symbol:   variable SET_PASSENGERS
builder-1  |   location: class com.comphenix.protocol.PacketType.Play.Server
builder-1  | [ERROR] /app/src/main/java/net/thecommandcraft/vanishpp/hooks/ProtocolLibManager.java:[123,66] cannot find symbol
builder-1  |   symbol:   variable SET_PASSENGERS
builder-1  |   location: class com.comphenix.protocol.PacketType.Play.Server
builder-1  | [ERROR] /app/src/main/java/net/thecommandcraft/vanishpp/hooks/ProtocolLibManager.java:[183,39] cannot find symbol
builder-1  |   symbol:   variable PLAYER_INFO_UPDATE
builder-1  |   location: class com.comphenix.protocol.PacketType.Play.Server
builder-1  | [ERROR] /app/src/main/java/net/thecommandcraft/vanishpp/hooks/ProtocolLibManager.java:[213,108] incompatible types: java.util.Set<com.comphenix.protocol.wrappers.EnumWrappers.PlayerInfoAction> cannot be converted to java.util.EnumSet<com.comphenix.protocol.wrappers.EnumWrappers.PlayerInfoAction>
builder-1  | [INFO] 4 errors 
builder-1  | [INFO] -------------------------------------------------------------
builder-1  | [INFO] ------------------------------------------------------------------------
builder-1  | [INFO] BUILD FAILURE
builder-1  | [INFO] ------------------------------------------------------------------------
builder-1  | [INFO] Total time:  6.628 s
builder-1  | [INFO] Finished at: 2026-02-28T15:52:51Z
builder-1  | [INFO] ------------------------------------------------------------------------
builder-1  | [ERROR] Failed to execute goal org.apache.maven.plugins:maven-compiler-plugin:3.13.0:compile (default-compile) on project vanishpp: Compilation failure: Compilation failure: 
builder-1  | [ERROR] /app/src/main/java/net/thecommandcraft/vanishpp/hooks/ProtocolLibManager.java:[83,39] cannot find symbol
builder-1  | [ERROR]   symbol:   variable SET_PASSENGERS
builder-1  | [ERROR]   location: class com.comphenix.protocol.PacketType.Play.Server
builder-1  | [ERROR] /app/src/main/java/net/thecommandcraft/vanishpp/hooks/ProtocolLibManager.java:[123,66] cannot find symbol
builder-1  | [ERROR]   symbol:   variable SET_PASSENGERS
builder-1  | [ERROR]   location: class com.comphenix.protocol.PacketType.Play.Server
builder-1  | [ERROR] /app/src/main/java/net/thecommandcraft/vanishpp/hooks/ProtocolLibManager.java:[183,39] cannot find symbol
builder-1  | [ERROR]   symbol:   variable PLAYER_INFO_UPDATE
builder-1  | [ERROR]   location: class com.comphenix.protocol.PacketType.Play.Server
builder-1  | [ERROR] /app/src/main/java/net/thecommandcraft/vanishpp/hooks/ProtocolLibManager.java:[213,108] incompatible types: java.util.Set<com.comphenix.protocol.wrappers.EnumWrappers.PlayerInfoAction> cannot be converted to java.util.EnumSet<com.comphenix.protocol.wrappers.EnumWrappers.PlayerInfoAction>
builder-1  | [ERROR] -> [Help 1]
builder-1  | [ERROR] 
builder-1  | [ERROR] To see the full stack trace of the errors, re-run Maven with the -e switch.
builder-1  | [ERROR] Re-run Maven using the -X switch to enable full debug logging.
builder-1  | [ERROR] 
builder-1  | [ERROR] For more information about the errors and possible solutions, please read the following articles:
builder-1  | [ERROR] [Help 1] http://cwiki.apache.org/confluence/display/MAVEN/MojoFailureException
builder-1  | [INFO] Scanning for projects...
builder-1  | [WARNING] 
builder-1  | [WARNING] Some problems were encountered while building the effective model for net.thecommandcraft:vanishpp:jar:1.2.0
builder-1  | [WARNING] 'dependencies.dependency.(groupId:artifactId:type:classifier)' must be unique: com.discordsrv:discordsrv:jar -> duplicate declaration of version 1.29.0 @ line 182, column 21
builder-1  | [WARNING] 
builder-1  | [WARNING] It is highly recommended to fix these problems because they threaten the stability of your build.
builder-1  | [WARNING] 
builder-1  | [WARNING] For this reason, future Maven versions might no longer support building such malformed projects.
builder-1  | [WARNING] 
builder-1  | [INFO] 
builder-1  | [INFO] --------------------< net.thecommandcraft:vanishpp >--------------------
builder-1  | [INFO] Building vanishpp 1.2.0
builder-1  | [INFO]   from pom.xml
builder-1  | [INFO] --------------------------------[ jar ]---------------------------------
builder-1  | [INFO] 
builder-1  | [INFO] --- clean:3.2.0:clean (default-clean) @ vanishpp ---
builder-1  | [INFO] Deleting /app/target
builder-1  | [INFO] 
builder-1  | [INFO] --- resources:3.3.1:resources (default-resources) @ vanishpp ---
builder-1  | [INFO] Copying 5 resources from src/main/resources to target/classes
builder-1  | [INFO] 
builder-1  | [INFO] --- compiler:3.13.0:compile (default-compile) @ vanishpp ---
builder-1  | [INFO] Recompiling the module because of changed source code.
builder-1  | [INFO] Compiling 35 source files with javac [debug target 21] to target/classes
builder-1  | [INFO] Annotation processing is enabled because one or more processors were found
builder-1  |   on the class path. A future release of javac may disable annotation processing
builder-1  |   unless at least one processor is specified by name (-processor), or a search
builder-1  |   path is specified (--processor-path, --processor-module-path), or annotation
builder-1  |   processing is enabled explicitly (-proc:only, -proc:full).
builder-1  |   Use -Xlint:-options to suppress this message.
builder-1  |   Use -proc:none to disable annotation processing.
builder-1  | [INFO] /app/src/main/java/net/thecommandcraft/vanishpp/Vanishpp.java: Some input files use or override a deprecated API.
builder-1  | [INFO] /app/src/main/java/net/thecommandcraft/vanishpp/Vanishpp.java: Recompile with -Xlint:deprecation for details.
builder-1  | [INFO] /app/src/main/java/net/thecommandcraft/vanishpp/hooks/ProtocolLibManager.java: /app/src/main/java/net/thecommandcraft/vanishpp/hooks/ProtocolLibManager.java uses unchecked or unsafe operations.
builder-1  | [INFO] /app/src/main/java/net/thecommandcraft/vanishpp/hooks/ProtocolLibManager.java: Recompile with -Xlint:unchecked for details.
builder-1  | [INFO] -------------------------------------------------------------
builder-1  | [ERROR] COMPILATION ERROR : 
builder-1  | [INFO] -------------------------------------------------------------
builder-1  | [ERROR] /app/src/main/java/net/thecommandcraft/vanishpp/hooks/ProtocolLibManager.java:[123,66] cannot find symbol
builder-1  |   symbol:   variable SET_PASSENGERS
builder-1  |   location: class com.comphenix.protocol.PacketType.Play.Server
builder-1  | [INFO] 1 error
builder-1  | [INFO] -------------------------------------------------------------
builder-1  | [INFO] ------------------------------------------------------------------------
builder-1  | [INFO] BUILD FAILURE
builder-1  | [INFO] ------------------------------------------------------------------------
builder-1  | [INFO] Total time:  8.382 s
builder-1  | [INFO] Finished at: 2026-02-28T19:06:18Z
builder-1  | [INFO] ------------------------------------------------------------------------
builder-1  | [ERROR] Failed to execute goal org.apache.maven.plugins:maven-compiler-plugin:3.13.0:compile (default-compile) on project vanishpp: Compilation failure
builder-1  | [ERROR] /app/src/main/java/net/thecommandcraft/vanishpp/hooks/ProtocolLibManager.java:[123,66] cannot find symbol
builder-1  | [ERROR]   symbol:   variable SET_PASSENGERS
builder-1  | [ERROR]   location: class com.comphenix.protocol.PacketType.Play.Server
builder-1  | [ERROR] 
builder-1  | [ERROR] -> [Help 1]
builder-1  | [ERROR] 
builder-1  | [ERROR] To see the full stack trace of the errors, re-run Maven with the -e switch.
builder-1  | [ERROR] Re-run Maven using the -X switch to enable full debug logging.
builder-1  | [ERROR] 
builder-1  | [ERROR] For more information about the errors and possible solutions, please read the following articles:
builder-1  | [ERROR] [Help 1] http://cwiki.apache.org/confluence/display/MAVEN/MojoFailureException
builder-1  | [INFO] Scanning for projects...
builder-1  | [WARNING] 
builder-1  | [WARNING] Some problems were encountered while building the effective model for net.thecommandcraft:vanishpp:jar:1.2.0
builder-1  | [WARNING] 'dependencies.dependency.(groupId:artifactId:type:classifier)' must be unique: com.discordsrv:discordsrv:jar -> duplicate declaration of version 1.29.0 @ line 182, column 21
builder-1  | [WARNING] 
builder-1  | [WARNING] It is highly recommended to fix these problems because they threaten the stability of your build.
builder-1  | [WARNING] 
builder-1  | [WARNING] For this reason, future Maven versions might no longer support building such malformed projects.
builder-1  | [WARNING] 
builder-1  | [INFO] 
builder-1  | [INFO] --------------------< net.thecommandcraft:vanishpp >--------------------
builder-1  | [INFO] Building vanishpp 1.2.0
builder-1  | [INFO]   from pom.xml
builder-1  | [INFO] --------------------------------[ jar ]---------------------------------
builder-1  | Downloading from placeholderapi: https://repo.extendedclip.com/content/repositories/placeholderapi/io/papermc/paper/paper-api/1.21-R0.1-SNAPSHOT/maven-metadata.xml
builder-1  | Downloading from sonatype: https://oss.sonatype.org/content/groups/public/io/papermc/paper/paper-api/1.21-R0.1-SNAPSHOT/maven-metadata.xml
builder-1  | Downloading from papermc-repo: https://repo.papermc.io/repository/maven-public/io/papermc/paper/paper-api/1.21-R0.1-SNAPSHOT/maven-metadata.xml
builder-1  | Downloading from dmulloy2-repo: https://repo.dmulloy2.net/repository/public/io/papermc/paper/paper-api/1.21-R0.1-SNAPSHOT/maven-metadata.xml
builder-1  | Downloading from mikeprimm-repo: https://repo.mikeprimm.com/io/papermc/paper/paper-api/1.21-R0.1-SNAPSHOT/maven-metadata.xml
builder-1  | Downloading from essentials-releases: https://repo.essentialsx.net/releases/io/papermc/paper/paper-api/1.21-R0.1-SNAPSHOT/maven-metadata.xml
builder-1  | Downloading from maxhenkel-repo: https://maven.maxhenkel.de/repository/public/io/papermc/paper/paper-api/1.21-R0.1-SNAPSHOT/maven-metadata.xml
builder-1  | Downloading from jitpack.io: https://jitpack.io/io/papermc/paper/paper-api/1.21-R0.1-SNAPSHOT/maven-metadata.xml
builder-1  | Downloading from scarsz: https://nexus.scarsz.me/content/groups/public/io/papermc/paper/paper-api/1.21-R0.1-SNAPSHOT/maven-metadata.xml
builder-1  | [WARNING] Could not transfer metadata io.papermc.paper:paper-api:1.21-R0.1-SNAPSHOT/maven-metadata.xml from/to papermc-repo (https://repo.papermc.io/repository/maven-public/): Network is unreachable
builder-1  | [WARNING] Could not transfer metadata io.papermc.paper:paper-api:1.21-R0.1-SNAPSHOT/maven-metadata.xml from/to sonatype (https://oss.sonatype.org/content/groups/public/): oss.sonatype.org: Name or service not known
builder-1  | [WARNING] Could not transfer metadata io.papermc.paper:paper-api:1.21-R0.1-SNAPSHOT/maven-metadata.xml from/to dmulloy2-repo (https://repo.dmulloy2.net/repository/public/): Network is unreachable
builder-1  | [WARNING] Could not transfer metadata io.papermc.paper:paper-api:1.21-R0.1-SNAPSHOT/maven-metadata.xml from/to placeholderapi (https://repo.extendedclip.com/content/repositories/placeholderapi/): Network is unreachable
builder-1  | [WARNING] Could not transfer metadata io.papermc.paper:paper-api:1.21-R0.1-SNAPSHOT/maven-metadata.xml from/to mikeprimm-repo (https://repo.mikeprimm.com/): repo.mikeprimm.com: Name or service not known
builder-1  | [WARNING] Could not transfer metadata io.papermc.paper:paper-api:1.21-R0.1-SNAPSHOT/maven-metadata.xml from/to essentials-releases (https://repo.essentialsx.net/releases/): Network is unreachable
builder-1  | [WARNING] Could not transfer metadata io.papermc.paper:paper-api:1.21-R0.1-SNAPSHOT/maven-metadata.xml from/to maxhenkel-repo (https://maven.maxhenkel.de/repository/public): maven.maxhenkel.de: Name or service not known
builder-1  | [WARNING] Could not transfer metadata io.papermc.paper:paper-api:1.21-R0.1-SNAPSHOT/maven-metadata.xml from/to jitpack.io (https://jitpack.io): Network is unreachable
builder-1  | [WARNING] Could not transfer metadata io.papermc.paper:paper-api:1.21-R0.1-SNAPSHOT/maven-metadata.xml from/to scarsz (https://nexus.scarsz.me/content/groups/public/): Network is unreachable
builder-1  | [WARNING] io.papermc.paper:paper-api:1.21-R0.1-SNAPSHOT/maven-metadata.xml failed to transfer from https://repo.papermc.io/repository/maven-public/ during a previous attempt. This failure was cached in the local repository and resolution will not be reattempted until the update interval of papermc-repo has elapsed or updates are forced. Original error: Could not transfer metadata io.papermc.paper:paper-api:1.21-R0.1-SNAPSHOT/maven-metadata.xml from/to papermc-repo (https://repo.papermc.io/repository/maven-public/): Network is unreachable
builder-1  | [WARNING] io.papermc.paper:paper-api:1.21-R0.1-SNAPSHOT/maven-metadata.xml failed to transfer from https://oss.sonatype.org/content/groups/public/ during a previous attempt. This failure was cached in the local repository and resolution will not be reattempted until the update interval of sonatype has elapsed or updates are forced. Original error: Could not transfer metadata io.papermc.paper:paper-api:1.21-R0.1-SNAPSHOT/maven-metadata.xml from/to sonatype (https://oss.sonatype.org/content/groups/public/): oss.sonatype.org: Name or service not known
builder-1  | [WARNING] io.papermc.paper:paper-api:1.21-R0.1-SNAPSHOT/maven-metadata.xml failed to transfer from https://repo.dmulloy2.net/repository/public/ during a previous attempt. This failure was cached in the local repository and resolution will not be reattempted until the update interval of dmulloy2-repo has elapsed or updates are forced. Original error: Could not transfer metadata io.papermc.paper:paper-api:1.21-R0.1-SNAPSHOT/maven-metadata.xml from/to dmulloy2-repo (https://repo.dmulloy2.net/repository/public/): Network is unreachable
builder-1  | [WARNING] io.papermc.paper:paper-api:1.21-R0.1-SNAPSHOT/maven-metadata.xml failed to transfer from https://repo.extendedclip.com/content/repositories/placeholderapi/ during a previous attempt. This failure was cached in the local repository and resolution will not be reattempted until the update interval of placeholderapi has elapsed or updates are forced. Original error: Could not transfer metadata io.papermc.paper:paper-api:1.21-R0.1-SNAPSHOT/maven-metadata.xml from/to placeholderapi (https://repo.extendedclip.com/content/repositories/placeholderapi/): Network is unreachable
builder-1  | [WARNING] io.papermc.paper:paper-api:1.21-R0.1-SNAPSHOT/maven-metadata.xml failed to transfer from https://repo.mikeprimm.com/ during a previous attempt. This failure was cached in the local repository and resolution will not be reattempted until the update interval of mikeprimm-repo has elapsed or updates are forced. Original error: Could not transfer metadata io.papermc.paper:paper-api:1.21-R0.1-SNAPSHOT/maven-metadata.xml from/to mikeprimm-repo (https://repo.mikeprimm.com/): repo.mikeprimm.com: Name or service not known
builder-1  | [WARNING] io.papermc.paper:paper-api:1.21-R0.1-SNAPSHOT/maven-metadata.xml failed to transfer from https://repo.essentialsx.net/releases/ during a previous attempt. This failure was cached in the local repository and resolution will not be reattempted until the update interval of essentials-releases has elapsed or updates are forced. Original error: Could not transfer metadata io.papermc.paper:paper-api:1.21-R0.1-SNAPSHOT/maven-metadata.xml from/to essentials-releases (https://repo.essentialsx.net/releases/): Network is unreachable
builder-1  | [WARNING] io.papermc.paper:paper-api:1.21-R0.1-SNAPSHOT/maven-metadata.xml failed to transfer from https://maven.maxhenkel.de/repository/public during a previous attempt. This failure was cached in the local repository and resolution will not be reattempted until the update interval of maxhenkel-repo has elapsed or updates are forced. Original error: Could not transfer metadata io.papermc.paper:paper-api:1.21-R0.1-SNAPSHOT/maven-metadata.xml from/to maxhenkel-repo (https://maven.maxhenkel.de/repository/public): maven.maxhenkel.de: Name or service not known
builder-1  | [WARNING] io.papermc.paper:paper-api:1.21-R0.1-SNAPSHOT/maven-metadata.xml failed to transfer from https://jitpack.io during a previous attempt. This failure was cached in the local repository and resolution will not be reattempted until the update interval of jitpack.io has elapsed or updates are forced. Original error: Could not transfer metadata io.papermc.paper:paper-api:1.21-R0.1-SNAPSHOT/maven-metadata.xml from/to jitpack.io (https://jitpack.io): Network is unreachable
builder-1  | [WARNING] io.papermc.paper:paper-api:1.21-R0.1-SNAPSHOT/maven-metadata.xml failed to transfer from https://nexus.scarsz.me/content/groups/public/ during a previous attempt. This failure was cached in the local repository and resolution will not be reattempted until the update interval of scarsz has elapsed or updates are forced. Original error: Could not transfer metadata io.papermc.paper:paper-api:1.21-R0.1-SNAPSHOT/maven-metadata.xml from/to scarsz (https://nexus.scarsz.me/content/groups/public/): Network is unreachable
builder-1  | Downloading from sonatype: https://oss.sonatype.org/content/groups/public/us/dynmap/dynmap-api/3.0-SNAPSHOT/maven-metadata.xml
builder-1  | Downloading from papermc-repo: https://repo.papermc.io/repository/maven-public/us/dynmap/dynmap-api/3.0-SNAPSHOT/maven-metadata.xml
builder-1  | Downloading from dmulloy2-repo: https://repo.dmulloy2.net/repository/public/us/dynmap/dynmap-api/3.0-SNAPSHOT/maven-metadata.xml
builder-1  | Downloading from placeholderapi: https://repo.extendedclip.com/content/repositories/placeholderapi/us/dynmap/dynmap-api/3.0-SNAPSHOT/maven-metadata.xml
builder-1  | Downloading from mikeprimm-repo: https://repo.mikeprimm.com/us/dynmap/dynmap-api/3.0-SNAPSHOT/maven-metadata.xml
builder-1  | Downloading from essentials-releases: https://repo.essentialsx.net/releases/us/dynmap/dynmap-api/3.0-SNAPSHOT/maven-metadata.xml
builder-1  | Downloading from jitpack.io: https://jitpack.io/us/dynmap/dynmap-api/3.0-SNAPSHOT/maven-metadata.xml
builder-1  | Downloading from maxhenkel-repo: https://maven.maxhenkel.de/repository/public/us/dynmap/dynmap-api/3.0-SNAPSHOT/maven-metadata.xml
builder-1  | Downloading from scarsz: https://nexus.scarsz.me/content/groups/public/us/dynmap/dynmap-api/3.0-SNAPSHOT/maven-metadata.xml
builder-1  | [WARNING] Could not transfer metadata us.dynmap:dynmap-api:3.0-SNAPSHOT/maven-metadata.xml from/to papermc-repo (https://repo.papermc.io/repository/maven-public/): Network is unreachable
builder-1  | [WARNING] Could not transfer metadata us.dynmap:dynmap-api:3.0-SNAPSHOT/maven-metadata.xml from/to sonatype (https://oss.sonatype.org/content/groups/public/): oss.sonatype.org
builder-1  | [WARNING] Could not transfer metadata us.dynmap:dynmap-api:3.0-SNAPSHOT/maven-metadata.xml from/to dmulloy2-repo (https://repo.dmulloy2.net/repository/public/): Network is unreachable
builder-1  | [WARNING] Could not transfer metadata us.dynmap:dynmap-api:3.0-SNAPSHOT/maven-metadata.xml from/to placeholderapi (https://repo.extendedclip.com/content/repositories/placeholderapi/): Network is unreachable
builder-1  | [WARNING] Could not transfer metadata us.dynmap:dynmap-api:3.0-SNAPSHOT/maven-metadata.xml from/to mikeprimm-repo (https://repo.mikeprimm.com/): repo.mikeprimm.com
builder-1  | [WARNING] Could not transfer metadata us.dynmap:dynmap-api:3.0-SNAPSHOT/maven-metadata.xml from/to essentials-releases (https://repo.essentialsx.net/releases/): Network is unreachable
builder-1  | [WARNING] Could not transfer metadata us.dynmap:dynmap-api:3.0-SNAPSHOT/maven-metadata.xml from/to maxhenkel-repo (https://maven.maxhenkel.de/repository/public): maven.maxhenkel.de
builder-1  | [WARNING] Could not transfer metadata us.dynmap:dynmap-api:3.0-SNAPSHOT/maven-metadata.xml from/to jitpack.io (https://jitpack.io): Network is unreachable
builder-1  | [WARNING] Could not transfer metadata us.dynmap:dynmap-api:3.0-SNAPSHOT/maven-metadata.xml from/to scarsz (https://nexus.scarsz.me/content/groups/public/): Network is unreachable
builder-1  | [WARNING] us.dynmap:dynmap-api:3.0-SNAPSHOT/maven-metadata.xml failed to transfer from https://repo.papermc.io/repository/maven-public/ during a previous attempt. This failure was cached in the local repository and resolution will not be reattempted until the update interval of papermc-repo has elapsed or updates are forced. Original error: Could not transfer metadata us.dynmap:dynmap-api:3.0-SNAPSHOT/maven-metadata.xml from/to papermc-repo (https://repo.papermc.io/repository/maven-public/): Network is unreachable
builder-1  | [WARNING] us.dynmap:dynmap-api:3.0-SNAPSHOT/maven-metadata.xml failed to transfer from https://oss.sonatype.org/content/groups/public/ during a previous attempt. This failure was cached in the local repository and resolution will not be reattempted until the update interval of sonatype has elapsed or updates are forced. Original error: Could not transfer metadata us.dynmap:dynmap-api:3.0-SNAPSHOT/maven-metadata.xml from/to sonatype (https://oss.sonatype.org/content/groups/public/): oss.sonatype.org
builder-1  | [WARNING] us.dynmap:dynmap-api:3.0-SNAPSHOT/maven-metadata.xml failed to transfer from https://repo.dmulloy2.net/repository/public/ during a previous attempt. This failure was cached in the local repository and resolution will not be reattempted until the update interval of dmulloy2-repo has elapsed or updates are forced. Original error: Could not transfer metadata us.dynmap:dynmap-api:3.0-SNAPSHOT/maven-metadata.xml from/to dmulloy2-repo (https://repo.dmulloy2.net/repository/public/): Network is unreachable
builder-1  | [WARNING] us.dynmap:dynmap-api:3.0-SNAPSHOT/maven-metadata.xml failed to transfer from https://repo.extendedclip.com/content/repositories/placeholderapi/ during a previous attempt. This failure was cached in the local repository and resolution will not be reattempted until the update interval of placeholderapi has elapsed or updates are forced. Original error: Could not transfer metadata us.dynmap:dynmap-api:3.0-SNAPSHOT/maven-metadata.xml from/to placeholderapi (https://repo.extendedclip.com/content/repositories/placeholderapi/): Network is unreachable
builder-1  | [WARNING] us.dynmap:dynmap-api:3.0-SNAPSHOT/maven-metadata.xml failed to transfer from https://repo.mikeprimm.com/ during a previous attempt. This failure was cached in the local repository and resolution will not be reattempted until the update interval of mikeprimm-repo has elapsed or updates are forced. Original error: Could not transfer metadata us.dynmap:dynmap-api:3.0-SNAPSHOT/maven-metadata.xml from/to mikeprimm-repo (https://repo.mikeprimm.com/): repo.mikeprimm.com
builder-1  | [WARNING] us.dynmap:dynmap-api:3.0-SNAPSHOT/maven-metadata.xml failed to transfer from https://repo.essentialsx.net/releases/ during a previous attempt. This failure was cached in the local repository and resolution will not be reattempted until the update interval of essentials-releases has elapsed or updates are forced. Original error: Could not transfer metadata us.dynmap:dynmap-api:3.0-SNAPSHOT/maven-metadata.xml from/to essentials-releases (https://repo.essentialsx.net/releases/): Network is unreachable
builder-1  | [WARNING] us.dynmap:dynmap-api:3.0-SNAPSHOT/maven-metadata.xml failed to transfer from https://maven.maxhenkel.de/repository/public during a previous attempt. This failure was cached in the local repository and resolution will not be reattempted until the update interval of maxhenkel-repo has elapsed or updates are forced. Original error: Could not transfer metadata us.dynmap:dynmap-api:3.0-SNAPSHOT/maven-metadata.xml from/to maxhenkel-repo (https://maven.maxhenkel.de/repository/public): maven.maxhenkel.de
builder-1  | [WARNING] us.dynmap:dynmap-api:3.0-SNAPSHOT/maven-metadata.xml failed to transfer from https://jitpack.io during a previous attempt. This failure was cached in the local repository and resolution will not be reattempted until the update interval of jitpack.io has elapsed or updates are forced. Original error: Could not transfer metadata us.dynmap:dynmap-api:3.0-SNAPSHOT/maven-metadata.xml from/to jitpack.io (https://jitpack.io): Network is unreachable
builder-1  | [WARNING] us.dynmap:dynmap-api:3.0-SNAPSHOT/maven-metadata.xml failed to transfer from https://nexus.scarsz.me/content/groups/public/ during a previous attempt. This failure was cached in the local repository and resolution will not be reattempted until the update interval of scarsz has elapsed or updates are forced. Original error: Could not transfer metadata us.dynmap:dynmap-api:3.0-SNAPSHOT/maven-metadata.xml from/to scarsz (https://nexus.scarsz.me/content/groups/public/): Network is unreachable
builder-1  | Downloading from sonatype: https://oss.sonatype.org/content/groups/public/org/bukkit/bukkit/1.7.10-R0.1-SNAPSHOT/maven-metadata.xml
builder-1  | Downloading from papermc-repo: https://repo.papermc.io/repository/maven-public/org/bukkit/bukkit/1.7.10-R0.1-SNAPSHOT/maven-metadata.xml
builder-1  | Downloading from dmulloy2-repo: https://repo.dmulloy2.net/repository/public/org/bukkit/bukkit/1.7.10-R0.1-SNAPSHOT/maven-metadata.xml
builder-1  | Downloading from placeholderapi: https://repo.extendedclip.com/content/repositories/placeholderapi/org/bukkit/bukkit/1.7.10-R0.1-SNAPSHOT/maven-metadata.xml
builder-1  | Downloading from mikeprimm-repo: https://repo.mikeprimm.com/org/bukkit/bukkit/1.7.10-R0.1-SNAPSHOT/maven-metadata.xml
builder-1  | Downloading from essentials-releases: https://repo.essentialsx.net/releases/org/bukkit/bukkit/1.7.10-R0.1-SNAPSHOT/maven-metadata.xml
builder-1  | Downloading from jitpack.io: https://jitpack.io/org/bukkit/bukkit/1.7.10-R0.1-SNAPSHOT/maven-metadata.xml
builder-1  | Downloading from maxhenkel-repo: https://maven.maxhenkel.de/repository/public/org/bukkit/bukkit/1.7.10-R0.1-SNAPSHOT/maven-metadata.xml
builder-1  | Downloading from scarsz: https://nexus.scarsz.me/content/groups/public/org/bukkit/bukkit/1.7.10-R0.1-SNAPSHOT/maven-metadata.xml
builder-1  | [WARNING] Could not transfer metadata org.bukkit:bukkit:1.7.10-R0.1-SNAPSHOT/maven-metadata.xml from/to papermc-repo (https://repo.papermc.io/repository/maven-public/): Network is unreachable
builder-1  | [WARNING] Could not transfer metadata org.bukkit:bukkit:1.7.10-R0.1-SNAPSHOT/maven-metadata.xml from/to sonatype (https://oss.sonatype.org/content/groups/public/): oss.sonatype.org
builder-1  | [WARNING] Could not transfer metadata org.bukkit:bukkit:1.7.10-R0.1-SNAPSHOT/maven-metadata.xml from/to dmulloy2-repo (https://repo.dmulloy2.net/repository/public/): Network is unreachable
builder-1  | [WARNING] Could not transfer metadata org.bukkit:bukkit:1.7.10-R0.1-SNAPSHOT/maven-metadata.xml from/to placeholderapi (https://repo.extendedclip.com/content/repositories/placeholderapi/): Network is unreachable
builder-1  | [WARNING] Could not transfer metadata org.bukkit:bukkit:1.7.10-R0.1-SNAPSHOT/maven-metadata.xml from/to mikeprimm-repo (https://repo.mikeprimm.com/): repo.mikeprimm.com
builder-1  | [WARNING] Could not transfer metadata org.bukkit:bukkit:1.7.10-R0.1-SNAPSHOT/maven-metadata.xml from/to essentials-releases (https://repo.essentialsx.net/releases/): Network is unreachable
builder-1  | [WARNING] Could not transfer metadata org.bukkit:bukkit:1.7.10-R0.1-SNAPSHOT/maven-metadata.xml from/to maxhenkel-repo (https://maven.maxhenkel.de/repository/public): maven.maxhenkel.de
builder-1  | [WARNING] Could not transfer metadata org.bukkit:bukkit:1.7.10-R0.1-SNAPSHOT/maven-metadata.xml from/to jitpack.io (https://jitpack.io): Network is unreachable
builder-1  | [WARNING] Could not transfer metadata org.bukkit:bukkit:1.7.10-R0.1-SNAPSHOT/maven-metadata.xml from/to scarsz (https://nexus.scarsz.me/content/groups/public/): Network is unreachable
builder-1  | [WARNING] org.bukkit:bukkit:1.7.10-R0.1-SNAPSHOT/maven-metadata.xml failed to transfer from https://repo.papermc.io/repository/maven-public/ during a previous attempt. This failure was cached in the local repository and resolution will not be reattempted until the update interval of papermc-repo has elapsed or updates are forced. Original error: Could not transfer metadata org.bukkit:bukkit:1.7.10-R0.1-SNAPSHOT/maven-metadata.xml from/to papermc-repo (https://repo.papermc.io/repository/maven-public/): Network is unreachable
builder-1  | [WARNING] org.bukkit:bukkit:1.7.10-R0.1-SNAPSHOT/maven-metadata.xml failed to transfer from https://oss.sonatype.org/content/groups/public/ during a previous attempt. This failure was cached in the local repository and resolution will not be reattempted until the update interval of sonatype has elapsed or updates are forced. Original error: Could not transfer metadata org.bukkit:bukkit:1.7.10-R0.1-SNAPSHOT/maven-metadata.xml from/to sonatype (https://oss.sonatype.org/content/groups/public/): oss.sonatype.org
builder-1  | [WARNING] org.bukkit:bukkit:1.7.10-R0.1-SNAPSHOT/maven-metadata.xml failed to transfer from https://repo.dmulloy2.net/repository/public/ during a previous attempt. This failure was cached in the local repository and resolution will not be reattempted until the update interval of dmulloy2-repo has elapsed or updates are forced. Original error: Could not transfer metadata org.bukkit:bukkit:1.7.10-R0.1-SNAPSHOT/maven-metadata.xml from/to dmulloy2-repo (https://repo.dmulloy2.net/repository/public/): Network is unreachable
builder-1  | [WARNING] org.bukkit:bukkit:1.7.10-R0.1-SNAPSHOT/maven-metadata.xml failed to transfer from https://repo.extendedclip.com/content/repositories/placeholderapi/ during a previous attempt. This failure was cached in the local repository and resolution will not be reattempted until the update interval of placeholderapi has elapsed or updates are forced. Original error: Could not transfer metadata org.bukkit:bukkit:1.7.10-R0.1-SNAPSHOT/maven-metadata.xml from/to placeholderapi (https://repo.extendedclip.com/content/repositories/placeholderapi/): Network is unreachable
builder-1  | [WARNING] org.bukkit:bukkit:1.7.10-R0.1-SNAPSHOT/maven-metadata.xml failed to transfer from https://repo.mikeprimm.com/ during a previous attempt. This failure was cached in the local repository and resolution will not be reattempted until the update interval of mikeprimm-repo has elapsed or updates are forced. Original error: Could not transfer metadata org.bukkit:bukkit:1.7.10-R0.1-SNAPSHOT/maven-metadata.xml from/to mikeprimm-repo (https://repo.mikeprimm.com/): repo.mikeprimm.com
builder-1  | [WARNING] org.bukkit:bukkit:1.7.10-R0.1-SNAPSHOT/maven-metadata.xml failed to transfer from https://repo.essentialsx.net/releases/ during a previous attempt. This failure was cached in the local repository and resolution will not be reattempted until the update interval of essentials-releases has elapsed or updates are forced. Original error: Could not transfer metadata org.bukkit:bukkit:1.7.10-R0.1-SNAPSHOT/maven-metadata.xml from/to essentials-releases (https://repo.essentialsx.net/releases/): Network is unreachable
builder-1  | [WARNING] org.bukkit:bukkit:1.7.10-R0.1-SNAPSHOT/maven-metadata.xml failed to transfer from https://maven.maxhenkel.de/repository/public during a previous attempt. This failure was cached in the local repository and resolution will not be reattempted until the update interval of maxhenkel-repo has elapsed or updates are forced. Original error: Could not transfer metadata org.bukkit:bukkit:1.7.10-R0.1-SNAPSHOT/maven-metadata.xml from/to maxhenkel-repo (https://maven.maxhenkel.de/repository/public): maven.maxhenkel.de
builder-1  | [WARNING] org.bukkit:bukkit:1.7.10-R0.1-SNAPSHOT/maven-metadata.xml failed to transfer from https://jitpack.io during a previous attempt. This failure was cached in the local repository and resolution will not be reattempted until the update interval of jitpack.io has elapsed or updates are forced. Original error: Could not transfer metadata org.bukkit:bukkit:1.7.10-R0.1-SNAPSHOT/maven-metadata.xml from/to jitpack.io (https://jitpack.io): Network is unreachable
builder-1  | [WARNING] org.bukkit:bukkit:1.7.10-R0.1-SNAPSHOT/maven-metadata.xml failed to transfer from https://nexus.scarsz.me/content/groups/public/ during a previous attempt. This failure was cached in the local repository and resolution will not be reattempted until the update interval of scarsz has elapsed or updates are forced. Original error: Could not transfer metadata org.bukkit:bukkit:1.7.10-R0.1-SNAPSHOT/maven-metadata.xml from/to scarsz (https://nexus.scarsz.me/content/groups/public/): Network is unreachable
builder-1  | Downloading from sonatype: https://oss.sonatype.org/content/groups/public/us/dynmap/DynmapCoreAPI/3.0-SNAPSHOT/maven-metadata.xml
builder-1  | Downloading from papermc-repo: https://repo.papermc.io/repository/maven-public/us/dynmap/DynmapCoreAPI/3.0-SNAPSHOT/maven-metadata.xml
builder-1  | Downloading from placeholderapi: https://repo.extendedclip.com/content/repositories/placeholderapi/us/dynmap/DynmapCoreAPI/3.0-SNAPSHOT/maven-metadata.xml
builder-1  | Downloading from dmulloy2-repo: https://repo.dmulloy2.net/repository/public/us/dynmap/DynmapCoreAPI/3.0-SNAPSHOT/maven-metadata.xml
builder-1  | Downloading from mikeprimm-repo: https://repo.mikeprimm.com/us/dynmap/DynmapCoreAPI/3.0-SNAPSHOT/maven-metadata.xml
builder-1  | Downloading from essentials-releases: https://repo.essentialsx.net/releases/us/dynmap/DynmapCoreAPI/3.0-SNAPSHOT/maven-metadata.xml
builder-1  | Downloading from jitpack.io: https://jitpack.io/us/dynmap/DynmapCoreAPI/3.0-SNAPSHOT/maven-metadata.xml
builder-1  | Downloading from maxhenkel-repo: https://maven.maxhenkel.de/repository/public/us/dynmap/DynmapCoreAPI/3.0-SNAPSHOT/maven-metadata.xml
builder-1  | Downloading from scarsz: https://nexus.scarsz.me/content/groups/public/us/dynmap/DynmapCoreAPI/3.0-SNAPSHOT/maven-metadata.xml
builder-1  | [WARNING] Could not transfer metadata us.dynmap:DynmapCoreAPI:3.0-SNAPSHOT/maven-metadata.xml from/to papermc-repo (https://repo.papermc.io/repository/maven-public/): Network is unreachable
builder-1  | [WARNING] Could not transfer metadata us.dynmap:DynmapCoreAPI:3.0-SNAPSHOT/maven-metadata.xml from/to sonatype (https://oss.sonatype.org/content/groups/public/): oss.sonatype.org
builder-1  | [WARNING] Could not transfer metadata us.dynmap:DynmapCoreAPI:3.0-SNAPSHOT/maven-metadata.xml from/to dmulloy2-repo (https://repo.dmulloy2.net/repository/public/): Network is unreachable
builder-1  | [WARNING] Could not transfer metadata us.dynmap:DynmapCoreAPI:3.0-SNAPSHOT/maven-metadata.xml from/to placeholderapi (https://repo.extendedclip.com/content/repositories/placeholderapi/): Network is unreachable
builder-1  | [WARNING] Could not transfer metadata us.dynmap:DynmapCoreAPI:3.0-SNAPSHOT/maven-metadata.xml from/to mikeprimm-repo (https://repo.mikeprimm.com/): repo.mikeprimm.com
builder-1  | [WARNING] Could not transfer metadata us.dynmap:DynmapCoreAPI:3.0-SNAPSHOT/maven-metadata.xml from/to essentials-releases (https://repo.essentialsx.net/releases/): Network is unreachable
builder-1  | [WARNING] Could not transfer metadata us.dynmap:DynmapCoreAPI:3.0-SNAPSHOT/maven-metadata.xml from/to maxhenkel-repo (https://maven.maxhenkel.de/repository/public): maven.maxhenkel.de
builder-1  | [WARNING] Could not transfer metadata us.dynmap:DynmapCoreAPI:3.0-SNAPSHOT/maven-metadata.xml from/to jitpack.io (https://jitpack.io): Network is unreachable
builder-1  | [WARNING] Could not transfer metadata us.dynmap:DynmapCoreAPI:3.0-SNAPSHOT/maven-metadata.xml from/to scarsz (https://nexus.scarsz.me/content/groups/public/): Network is unreachable
builder-1  | [WARNING] us.dynmap:DynmapCoreAPI:3.0-SNAPSHOT/maven-metadata.xml failed to transfer from https://repo.papermc.io/repository/maven-public/ during a previous attempt. This failure was cached in the local repository and resolution will not be reattempted until the update interval of papermc-repo has elapsed or updates are forced. Original error: Could not transfer metadata us.dynmap:DynmapCoreAPI:3.0-SNAPSHOT/maven-metadata.xml from/to papermc-repo (https://repo.papermc.io/repository/maven-public/): Network is unreachable
builder-1  | [WARNING] us.dynmap:DynmapCoreAPI:3.0-SNAPSHOT/maven-metadata.xml failed to transfer from https://oss.sonatype.org/content/groups/public/ during a previous attempt. This failure was cached in the local repository and resolution will not be reattempted until the update interval of sonatype has elapsed or updates are forced. Original error: Could not transfer metadata us.dynmap:DynmapCoreAPI:3.0-SNAPSHOT/maven-metadata.xml from/to sonatype (https://oss.sonatype.org/content/groups/public/): oss.sonatype.org
builder-1  | [WARNING] us.dynmap:DynmapCoreAPI:3.0-SNAPSHOT/maven-metadata.xml failed to transfer from https://repo.dmulloy2.net/repository/public/ during a previous attempt. This failure was cached in the local repository and resolution will not be reattempted until the update interval of dmulloy2-repo has elapsed or updates are forced. Original error: Could not transfer metadata us.dynmap:DynmapCoreAPI:3.0-SNAPSHOT/maven-metadata.xml from/to dmulloy2-repo (https://repo.dmulloy2.net/repository/public/): Network is unreachable
builder-1  | [WARNING] us.dynmap:DynmapCoreAPI:3.0-SNAPSHOT/maven-metadata.xml failed to transfer from https://repo.extendedclip.com/content/repositories/placeholderapi/ during a previous attempt. This failure was cached in the local repository and resolution will not be reattempted until the update interval of placeholderapi has elapsed or updates are forced. Original error: Could not transfer metadata us.dynmap:DynmapCoreAPI:3.0-SNAPSHOT/maven-metadata.xml from/to placeholderapi (https://repo.extendedclip.com/content/repositories/placeholderapi/): Network is unreachable
builder-1  | [WARNING] us.dynmap:DynmapCoreAPI:3.0-SNAPSHOT/maven-metadata.xml failed to transfer from https://repo.mikeprimm.com/ during a previous attempt. This failure was cached in the local repository and resolution will not be reattempted until the update interval of mikeprimm-repo has elapsed or updates are forced. Original error: Could not transfer metadata us.dynmap:DynmapCoreAPI:3.0-SNAPSHOT/maven-metadata.xml from/to mikeprimm-repo (https://repo.mikeprimm.com/): repo.mikeprimm.com
builder-1  | [WARNING] us.dynmap:DynmapCoreAPI:3.0-SNAPSHOT/maven-metadata.xml failed to transfer from https://repo.essentialsx.net/releases/ during a previous attempt. This failure was cached in the local repository and resolution will not be reattempted until the update interval of essentials-releases has elapsed or updates are forced. Original error: Could not transfer metadata us.dynmap:DynmapCoreAPI:3.0-SNAPSHOT/maven-metadata.xml from/to essentials-releases (https://repo.essentialsx.net/releases/): Network is unreachable
builder-1  | [WARNING] us.dynmap:DynmapCoreAPI:3.0-SNAPSHOT/maven-metadata.xml failed to transfer from https://maven.maxhenkel.de/repository/public during a previous attempt. This failure was cached in the local repository and resolution will not be reattempted until the update interval of maxhenkel-repo has elapsed or updates are forced. Original error: Could not transfer metadata us.dynmap:DynmapCoreAPI:3.0-SNAPSHOT/maven-metadata.xml from/to maxhenkel-repo (https://maven.maxhenkel.de/repository/public): maven.maxhenkel.de
builder-1  | [WARNING] us.dynmap:DynmapCoreAPI:3.0-SNAPSHOT/maven-metadata.xml failed to transfer from https://jitpack.io during a previous attempt. This failure was cached in the local repository and resolution will not be reattempted until the update interval of jitpack.io has elapsed or updates are forced. Original error: Could not transfer metadata us.dynmap:DynmapCoreAPI:3.0-SNAPSHOT/maven-metadata.xml from/to jitpack.io (https://jitpack.io): Network is unreachable
builder-1  | [WARNING] us.dynmap:DynmapCoreAPI:3.0-SNAPSHOT/maven-metadata.xml failed to transfer from https://nexus.scarsz.me/content/groups/public/ during a previous attempt. This failure was cached in the local repository and resolution will not be reattempted until the update interval of scarsz has elapsed or updates are forced. Original error: Could not transfer metadata us.dynmap:DynmapCoreAPI:3.0-SNAPSHOT/maven-metadata.xml from/to scarsz (https://nexus.scarsz.me/content/groups/public/): Network is unreachable
builder-1  | [INFO] 
builder-1  | [INFO] --- clean:3.2.0:clean (default-clean) @ vanishpp ---
builder-1  | [INFO] Deleting /app/target
builder-1  | [INFO] 
builder-1  | [INFO] --- resources:3.3.1:resources (default-resources) @ vanishpp ---
builder-1  | [INFO] Copying 5 resources from src/main/resources to target/classes
builder-1  | [INFO] 
builder-1  | [INFO] --- compiler:3.13.0:compile (default-compile) @ vanishpp ---
builder-1  | [INFO] Recompiling the module because of changed source code.
builder-1  | [INFO] Compiling 35 source files with javac [debug target 21] to target/classes
builder-1  | [INFO] Annotation processing is enabled because one or more processors were found
builder-1  |   on the class path. A future release of javac may disable annotation processing
builder-1  |   unless at least one processor is specified by name (-processor), or a search
builder-1  |   path is specified (--processor-path, --processor-module-path), or annotation
builder-1  |   processing is enabled explicitly (-proc:only, -proc:full).
builder-1  |   Use -Xlint:-options to suppress this message.
builder-1  |   Use -proc:none to disable annotation processing.
builder-1  | [INFO] /app/src/main/java/net/thecommandcraft/vanishpp/Vanishpp.java: Some input files use or override a deprecated API.
builder-1  | [INFO] /app/src/main/java/net/thecommandcraft/vanishpp/Vanishpp.java: Recompile with -Xlint:deprecation for details.
builder-1  | [INFO] /app/src/main/java/net/thecommandcraft/vanishpp/hooks/ProtocolLibManager.java: /app/src/main/java/net/thecommandcraft/vanishpp/hooks/ProtocolLibManager.java uses unchecked or unsafe operations.
builder-1  | [INFO] /app/src/main/java/net/thecommandcraft/vanishpp/hooks/ProtocolLibManager.java: Recompile with -Xlint:unchecked for details.
builder-1  | [INFO] 
builder-1  | [INFO] --- resources:3.3.1:testResources (default-testResources) @ vanishpp ---
builder-1  | [INFO] skip non existing resourceDirectory /app/src/test/resources
builder-1  | [INFO] 
builder-1  | [INFO] --- compiler:3.13.0:testCompile (default-testCompile) @ vanishpp ---
builder-1  | [INFO] Recompiling the module because of changed dependency.
builder-1  | [INFO] Compiling 3 source files with javac [debug target 21] to target/test-classes
builder-1  | [INFO] Annotation processing is enabled because one or more processors were found
builder-1  |   on the class path. A future release of javac may disable annotation processing
builder-1  |   unless at least one processor is specified by name (-processor), or a search
builder-1  |   path is specified (--processor-path, --processor-module-path), or annotation
builder-1  |   processing is enabled explicitly (-proc:only, -proc:full).
builder-1  |   Use -Xlint:-options to suppress this message.
builder-1  |   Use -proc:none to disable annotation processing.
builder-1  | [INFO] 
builder-1  | [INFO] --- surefire:3.2.5:test (default-test) @ vanishpp ---
builder-1  | Downloading from central: https://repo.maven.apache.org/maven2/org/apache/maven/surefire/maven-surefire-common/3.2.5/maven-surefire-common-3.2.5.pom
builder-1  | [INFO] ------------------------------------------------------------------------
builder-1  | [INFO] BUILD FAILURE
builder-1  | [INFO] ------------------------------------------------------------------------
builder-1  | [INFO] Total time:  10.329 s
builder-1  | [INFO] Finished at: 2026-03-02T12:26:06Z
builder-1  | [INFO] ------------------------------------------------------------------------
builder-1  | [ERROR] Failed to execute goal org.apache.maven.plugins:maven-surefire-plugin:3.2.5:test (default-test) on project vanishpp: Execution default-test of goal org.apache.maven.plugins:maven-surefire-plugin:3.2.5:test failed: Plugin org.apache.maven.plugins:maven-surefire-plugin:3.2.5 or one of its dependencies could not be resolved:
builder-1  | [ERROR] 	Failed to read artifact descriptor for org.apache.maven.surefire:maven-surefire-common:jar:3.2.5
builder-1  | [ERROR] 
builder-1  | [ERROR] -> [Help 1]
builder-1  | [ERROR] 
builder-1  | [ERROR] To see the full stack trace of the errors, re-run Maven with the -e switch.
builder-1  | [ERROR] Re-run Maven using the -X switch to enable full debug logging.
builder-1  | [ERROR] 
builder-1  | [ERROR] For more information about the errors and possible solutions, please read the following articles:
builder-1  | [ERROR] [Help 1] http://cwiki.apache.org/confluence/display/MAVEN/PluginResolutionException
builder-1  | [INFO] Scanning for projects...
builder-1  | [WARNING] 
builder-1  | [WARNING] Some problems were encountered while building the effective model for net.thecommandcraft:vanishpp:jar:1.2.0
builder-1  | [WARNING] 'dependencies.dependency.(groupId:artifactId:type:classifier)' must be unique: com.discordsrv:discordsrv:jar -> duplicate declaration of version 1.29.0 @ line 182, column 21
builder-1  | [WARNING] 
builder-1  | [WARNING] It is highly recommended to fix these problems because they threaten the stability of your build.
builder-1  | [WARNING] 
builder-1  | [WARNING] For this reason, future Maven versions might no longer support building such malformed projects.
builder-1  | [WARNING] 
builder-1  | [INFO] 
builder-1  | [INFO] --------------------< net.thecommandcraft:vanishpp >--------------------
builder-1  | [INFO] Building vanishpp 1.2.0
builder-1  | [INFO]   from pom.xml
builder-1  | [INFO] --------------------------------[ jar ]---------------------------------
builder-1  | Downloading from placeholderapi: https://repo.extendedclip.com/content/repositories/placeholderapi/io/papermc/paper/paper-api/1.21-R0.1-SNAPSHOT/maven-metadata.xml
builder-1  | Downloading from sonatype: https://oss.sonatype.org/content/groups/public/io/papermc/paper/paper-api/1.21-R0.1-SNAPSHOT/maven-metadata.xml
builder-1  | Downloading from dmulloy2-repo: https://repo.dmulloy2.net/repository/public/io/papermc/paper/paper-api/1.21-R0.1-SNAPSHOT/maven-metadata.xml
builder-1  | Downloading from mikeprimm-repo: https://repo.mikeprimm.com/io/papermc/paper/paper-api/1.21-R0.1-SNAPSHOT/maven-metadata.xml
builder-1  | Downloading from essentials-releases: https://repo.essentialsx.net/releases/io/papermc/paper/paper-api/1.21-R0.1-SNAPSHOT/maven-metadata.xml
builder-1  | Downloading from maxhenkel-repo: https://maven.maxhenkel.de/repository/public/io/papermc/paper/paper-api/1.21-R0.1-SNAPSHOT/maven-metadata.xml
builder-1  | Downloading from jitpack.io: https://jitpack.io/io/papermc/paper/paper-api/1.21-R0.1-SNAPSHOT/maven-metadata.xml
builder-1  | Downloading from scarsz: https://nexus.scarsz.me/content/groups/public/io/papermc/paper/paper-api/1.21-R0.1-SNAPSHOT/maven-metadata.xml
builder-1  | [WARNING] Could not transfer metadata io.papermc.paper:paper-api:1.21-R0.1-SNAPSHOT/maven-metadata.xml from/to sonatype (https://oss.sonatype.org/content/groups/public/): oss.sonatype.org: Name or service not known
builder-1  | [WARNING] Could not transfer metadata io.papermc.paper:paper-api:1.21-R0.1-SNAPSHOT/maven-metadata.xml from/to dmulloy2-repo (https://repo.dmulloy2.net/repository/public/): Network is unreachable
builder-1  | [WARNING] Could not transfer metadata io.papermc.paper:paper-api:1.21-R0.1-SNAPSHOT/maven-metadata.xml from/to placeholderapi (https://repo.extendedclip.com/content/repositories/placeholderapi/): Network is unreachable
builder-1  | [WARNING] Could not transfer metadata io.papermc.paper:paper-api:1.21-R0.1-SNAPSHOT/maven-metadata.xml from/to mikeprimm-repo (https://repo.mikeprimm.com/): repo.mikeprimm.com: Name or service not known
builder-1  | [WARNING] Could not transfer metadata io.papermc.paper:paper-api:1.21-R0.1-SNAPSHOT/maven-metadata.xml from/to essentials-releases (https://repo.essentialsx.net/releases/): Network is unreachable
builder-1  | [WARNING] Could not transfer metadata io.papermc.paper:paper-api:1.21-R0.1-SNAPSHOT/maven-metadata.xml from/to maxhenkel-repo (https://maven.maxhenkel.de/repository/public): maven.maxhenkel.de: Name or service not known
builder-1  | [WARNING] Could not transfer metadata io.papermc.paper:paper-api:1.21-R0.1-SNAPSHOT/maven-metadata.xml from/to jitpack.io (https://jitpack.io): Network is unreachable
builder-1  | [WARNING] Could not transfer metadata io.papermc.paper:paper-api:1.21-R0.1-SNAPSHOT/maven-metadata.xml from/to scarsz (https://nexus.scarsz.me/content/groups/public/): Network is unreachable
builder-1  | [WARNING] io.papermc.paper:paper-api:1.21-R0.1-SNAPSHOT/maven-metadata.xml failed to transfer from https://oss.sonatype.org/content/groups/public/ during a previous attempt. This failure was cached in the local repository and resolution will not be reattempted until the update interval of sonatype has elapsed or updates are forced. Original error: Could not transfer metadata io.papermc.paper:paper-api:1.21-R0.1-SNAPSHOT/maven-metadata.xml from/to sonatype (https://oss.sonatype.org/content/groups/public/): oss.sonatype.org: Name or service not known
builder-1  | [WARNING] io.papermc.paper:paper-api:1.21-R0.1-SNAPSHOT/maven-metadata.xml failed to transfer from https://repo.dmulloy2.net/repository/public/ during a previous attempt. This failure was cached in the local repository and resolution will not be reattempted until the update interval of dmulloy2-repo has elapsed or updates are forced. Original error: Could not transfer metadata io.papermc.paper:paper-api:1.21-R0.1-SNAPSHOT/maven-metadata.xml from/to dmulloy2-repo (https://repo.dmulloy2.net/repository/public/): Network is unreachable
builder-1  | [WARNING] io.papermc.paper:paper-api:1.21-R0.1-SNAPSHOT/maven-metadata.xml failed to transfer from https://repo.extendedclip.com/content/repositories/placeholderapi/ during a previous attempt. This failure was cached in the local repository and resolution will not be reattempted until the update interval of placeholderapi has elapsed or updates are forced. Original error: Could not transfer metadata io.papermc.paper:paper-api:1.21-R0.1-SNAPSHOT/maven-metadata.xml from/to placeholderapi (https://repo.extendedclip.com/content/repositories/placeholderapi/): Network is unreachable
builder-1  | [WARNING] io.papermc.paper:paper-api:1.21-R0.1-SNAPSHOT/maven-metadata.xml failed to transfer from https://repo.mikeprimm.com/ during a previous attempt. This failure was cached in the local repository and resolution will not be reattempted until the update interval of mikeprimm-repo has elapsed or updates are forced. Original error: Could not transfer metadata io.papermc.paper:paper-api:1.21-R0.1-SNAPSHOT/maven-metadata.xml from/to mikeprimm-repo (https://repo.mikeprimm.com/): repo.mikeprimm.com: Name or service not known
builder-1  | [WARNING] io.papermc.paper:paper-api:1.21-R0.1-SNAPSHOT/maven-metadata.xml failed to transfer from https://repo.essentialsx.net/releases/ during a previous attempt. This failure was cached in the local repository and resolution will not be reattempted until the update interval of essentials-releases has elapsed or updates are forced. Original error: Could not transfer metadata io.papermc.paper:paper-api:1.21-R0.1-SNAPSHOT/maven-metadata.xml from/to essentials-releases (https://repo.essentialsx.net/releases/): Network is unreachable
builder-1  | [WARNING] io.papermc.paper:paper-api:1.21-R0.1-SNAPSHOT/maven-metadata.xml failed to transfer from https://maven.maxhenkel.de/repository/public during a previous attempt. This failure was cached in the local repository and resolution will not be reattempted until the update interval of maxhenkel-repo has elapsed or updates are forced. Original error: Could not transfer metadata io.papermc.paper:paper-api:1.21-R0.1-SNAPSHOT/maven-metadata.xml from/to maxhenkel-repo (https://maven.maxhenkel.de/repository/public): maven.maxhenkel.de: Name or service not known
builder-1  | [WARNING] io.papermc.paper:paper-api:1.21-R0.1-SNAPSHOT/maven-metadata.xml failed to transfer from https://jitpack.io during a previous attempt. This failure was cached in the local repository and resolution will not be reattempted until the update interval of jitpack.io has elapsed or updates are forced. Original error: Could not transfer metadata io.papermc.paper:paper-api:1.21-R0.1-SNAPSHOT/maven-metadata.xml from/to jitpack.io (https://jitpack.io): Network is unreachable
builder-1  | [WARNING] io.papermc.paper:paper-api:1.21-R0.1-SNAPSHOT/maven-metadata.xml failed to transfer from https://nexus.scarsz.me/content/groups/public/ during a previous attempt. This failure was cached in the local repository and resolution will not be reattempted until the update interval of scarsz has elapsed or updates are forced. Original error: Could not transfer metadata io.papermc.paper:paper-api:1.21-R0.1-SNAPSHOT/maven-metadata.xml from/to scarsz (https://nexus.scarsz.me/content/groups/public/): Network is unreachable
builder-1  | Downloading from papermc-repo: https://repo.papermc.io/repository/maven-public/us/dynmap/dynmap-api/3.0-SNAPSHOT/maven-metadata.xml
builder-1  | Downloading from sonatype: https://oss.sonatype.org/content/groups/public/us/dynmap/dynmap-api/3.0-SNAPSHOT/maven-metadata.xml
builder-1  | Downloading from dmulloy2-repo: https://repo.dmulloy2.net/repository/public/us/dynmap/dynmap-api/3.0-SNAPSHOT/maven-metadata.xml
builder-1  | Downloading from placeholderapi: https://repo.extendedclip.com/content/repositories/placeholderapi/us/dynmap/dynmap-api/3.0-SNAPSHOT/maven-metadata.xml
builder-1  | Downloading from mikeprimm-repo: https://repo.mikeprimm.com/us/dynmap/dynmap-api/3.0-SNAPSHOT/maven-metadata.xml
builder-1  | Downloading from essentials-releases: https://repo.essentialsx.net/releases/us/dynmap/dynmap-api/3.0-SNAPSHOT/maven-metadata.xml
builder-1  | Downloading from maxhenkel-repo: https://maven.maxhenkel.de/repository/public/us/dynmap/dynmap-api/3.0-SNAPSHOT/maven-metadata.xml
builder-1  | Downloading from jitpack.io: https://jitpack.io/us/dynmap/dynmap-api/3.0-SNAPSHOT/maven-metadata.xml
builder-1  | Downloading from scarsz: https://nexus.scarsz.me/content/groups/public/us/dynmap/dynmap-api/3.0-SNAPSHOT/maven-metadata.xml
builder-1  | [WARNING] Could not transfer metadata us.dynmap:dynmap-api:3.0-SNAPSHOT/maven-metadata.xml from/to papermc-repo (https://repo.papermc.io/repository/maven-public/): Network is unreachable
builder-1  | [WARNING] Could not transfer metadata us.dynmap:dynmap-api:3.0-SNAPSHOT/maven-metadata.xml from/to sonatype (https://oss.sonatype.org/content/groups/public/): oss.sonatype.org
builder-1  | [WARNING] Could not transfer metadata us.dynmap:dynmap-api:3.0-SNAPSHOT/maven-metadata.xml from/to dmulloy2-repo (https://repo.dmulloy2.net/repository/public/): Network is unreachable
builder-1  | [WARNING] Could not transfer metadata us.dynmap:dynmap-api:3.0-SNAPSHOT/maven-metadata.xml from/to placeholderapi (https://repo.extendedclip.com/content/repositories/placeholderapi/): Network is unreachable
builder-1  | [WARNING] Could not transfer metadata us.dynmap:dynmap-api:3.0-SNAPSHOT/maven-metadata.xml from/to mikeprimm-repo (https://repo.mikeprimm.com/): repo.mikeprimm.com
builder-1  | [WARNING] Could not transfer metadata us.dynmap:dynmap-api:3.0-SNAPSHOT/maven-metadata.xml from/to essentials-releases (https://repo.essentialsx.net/releases/): Network is unreachable
builder-1  | [WARNING] Could not transfer metadata us.dynmap:dynmap-api:3.0-SNAPSHOT/maven-metadata.xml from/to maxhenkel-repo (https://maven.maxhenkel.de/repository/public): maven.maxhenkel.de
builder-1  | [WARNING] Could not transfer metadata us.dynmap:dynmap-api:3.0-SNAPSHOT/maven-metadata.xml from/to jitpack.io (https://jitpack.io): Network is unreachable
builder-1  | [WARNING] Could not transfer metadata us.dynmap:dynmap-api:3.0-SNAPSHOT/maven-metadata.xml from/to scarsz (https://nexus.scarsz.me/content/groups/public/): Network is unreachable
builder-1  | [WARNING] us.dynmap:dynmap-api:3.0-SNAPSHOT/maven-metadata.xml failed to transfer from https://repo.papermc.io/repository/maven-public/ during a previous attempt. This failure was cached in the local repository and resolution will not be reattempted until the update interval of papermc-repo has elapsed or updates are forced. Original error: Could not transfer metadata us.dynmap:dynmap-api:3.0-SNAPSHOT/maven-metadata.xml from/to papermc-repo (https://repo.papermc.io/repository/maven-public/): Network is unreachable
builder-1  | [WARNING] us.dynmap:dynmap-api:3.0-SNAPSHOT/maven-metadata.xml failed to transfer from https://oss.sonatype.org/content/groups/public/ during a previous attempt. This failure was cached in the local repository and resolution will not be reattempted until the update interval of sonatype has elapsed or updates are forced. Original error: Could not transfer metadata us.dynmap:dynmap-api:3.0-SNAPSHOT/maven-metadata.xml from/to sonatype (https://oss.sonatype.org/content/groups/public/): oss.sonatype.org
builder-1  | [WARNING] us.dynmap:dynmap-api:3.0-SNAPSHOT/maven-metadata.xml failed to transfer from https://repo.dmulloy2.net/repository/public/ during a previous attempt. This failure was cached in the local repository and resolution will not be reattempted until the update interval of dmulloy2-repo has elapsed or updates are forced. Original error: Could not transfer metadata us.dynmap:dynmap-api:3.0-SNAPSHOT/maven-metadata.xml from/to dmulloy2-repo (https://repo.dmulloy2.net/repository/public/): Network is unreachable
builder-1  | [WARNING] us.dynmap:dynmap-api:3.0-SNAPSHOT/maven-metadata.xml failed to transfer from https://repo.extendedclip.com/content/repositories/placeholderapi/ during a previous attempt. This failure was cached in the local repository and resolution will not be reattempted until the update interval of placeholderapi has elapsed or updates are forced. Original error: Could not transfer metadata us.dynmap:dynmap-api:3.0-SNAPSHOT/maven-metadata.xml from/to placeholderapi (https://repo.extendedclip.com/content/repositories/placeholderapi/): Network is unreachable
builder-1  | [WARNING] us.dynmap:dynmap-api:3.0-SNAPSHOT/maven-metadata.xml failed to transfer from https://repo.mikeprimm.com/ during a previous attempt. This failure was cached in the local repository and resolution will not be reattempted until the update interval of mikeprimm-repo has elapsed or updates are forced. Original error: Could not transfer metadata us.dynmap:dynmap-api:3.0-SNAPSHOT/maven-metadata.xml from/to mikeprimm-repo (https://repo.mikeprimm.com/): repo.mikeprimm.com
builder-1  | [WARNING] us.dynmap:dynmap-api:3.0-SNAPSHOT/maven-metadata.xml failed to transfer from https://repo.essentialsx.net/releases/ during a previous attempt. This failure was cached in the local repository and resolution will not be reattempted until the update interval of essentials-releases has elapsed or updates are forced. Original error: Could not transfer metadata us.dynmap:dynmap-api:3.0-SNAPSHOT/maven-metadata.xml from/to essentials-releases (https://repo.essentialsx.net/releases/): Network is unreachable
builder-1  | [WARNING] us.dynmap:dynmap-api:3.0-SNAPSHOT/maven-metadata.xml failed to transfer from https://maven.maxhenkel.de/repository/public during a previous attempt. This failure was cached in the local repository and resolution will not be reattempted until the update interval of maxhenkel-repo has elapsed or updates are forced. Original error: Could not transfer metadata us.dynmap:dynmap-api:3.0-SNAPSHOT/maven-metadata.xml from/to maxhenkel-repo (https://maven.maxhenkel.de/repository/public): maven.maxhenkel.de
builder-1  | [WARNING] us.dynmap:dynmap-api:3.0-SNAPSHOT/maven-metadata.xml failed to transfer from https://jitpack.io during a previous attempt. This failure was cached in the local repository and resolution will not be reattempted until the update interval of jitpack.io has elapsed or updates are forced. Original error: Could not transfer metadata us.dynmap:dynmap-api:3.0-SNAPSHOT/maven-metadata.xml from/to jitpack.io (https://jitpack.io): Network is unreachable
builder-1  | [WARNING] us.dynmap:dynmap-api:3.0-SNAPSHOT/maven-metadata.xml failed to transfer from https://nexus.scarsz.me/content/groups/public/ during a previous attempt. This failure was cached in the local repository and resolution will not be reattempted until the update interval of scarsz has elapsed or updates are forced. Original error: Could not transfer metadata us.dynmap:dynmap-api:3.0-SNAPSHOT/maven-metadata.xml from/to scarsz (https://nexus.scarsz.me/content/groups/public/): Network is unreachable
builder-1  | Downloading from sonatype: https://oss.sonatype.org/content/groups/public/org/bukkit/bukkit/1.7.10-R0.1-SNAPSHOT/maven-metadata.xml
builder-1  | Downloading from dmulloy2-repo: https://repo.dmulloy2.net/repository/public/org/bukkit/bukkit/1.7.10-R0.1-SNAPSHOT/maven-metadata.xml
builder-1  | Downloading from papermc-repo: https://repo.papermc.io/repository/maven-public/org/bukkit/bukkit/1.7.10-R0.1-SNAPSHOT/maven-metadata.xml
builder-1  | Downloading from placeholderapi: https://repo.extendedclip.com/content/repositories/placeholderapi/org/bukkit/bukkit/1.7.10-R0.1-SNAPSHOT/maven-metadata.xml
builder-1  | Downloading from mikeprimm-repo: https://repo.mikeprimm.com/org/bukkit/bukkit/1.7.10-R0.1-SNAPSHOT/maven-metadata.xml
builder-1  | Downloading from maxhenkel-repo: https://maven.maxhenkel.de/repository/public/org/bukkit/bukkit/1.7.10-R0.1-SNAPSHOT/maven-metadata.xml
builder-1  | Downloading from essentials-releases: https://repo.essentialsx.net/releases/org/bukkit/bukkit/1.7.10-R0.1-SNAPSHOT/maven-metadata.xml
builder-1  | Downloading from jitpack.io: https://jitpack.io/org/bukkit/bukkit/1.7.10-R0.1-SNAPSHOT/maven-metadata.xml
builder-1  | Downloading from scarsz: https://nexus.scarsz.me/content/groups/public/org/bukkit/bukkit/1.7.10-R0.1-SNAPSHOT/maven-metadata.xml
builder-1  | [WARNING] Could not transfer metadata org.bukkit:bukkit:1.7.10-R0.1-SNAPSHOT/maven-metadata.xml from/to papermc-repo (https://repo.papermc.io/repository/maven-public/): Network is unreachable
builder-1  | [WARNING] Could not transfer metadata org.bukkit:bukkit:1.7.10-R0.1-SNAPSHOT/maven-metadata.xml from/to sonatype (https://oss.sonatype.org/content/groups/public/): oss.sonatype.org
builder-1  | [WARNING] Could not transfer metadata org.bukkit:bukkit:1.7.10-R0.1-SNAPSHOT/maven-metadata.xml from/to dmulloy2-repo (https://repo.dmulloy2.net/repository/public/): Network is unreachable
builder-1  | [WARNING] Could not transfer metadata org.bukkit:bukkit:1.7.10-R0.1-SNAPSHOT/maven-metadata.xml from/to placeholderapi (https://repo.extendedclip.com/content/repositories/placeholderapi/): Network is unreachable
builder-1  | [WARNING] Could not transfer metadata org.bukkit:bukkit:1.7.10-R0.1-SNAPSHOT/maven-metadata.xml from/to mikeprimm-repo (https://repo.mikeprimm.com/): repo.mikeprimm.com
builder-1  | [WARNING] Could not transfer metadata org.bukkit:bukkit:1.7.10-R0.1-SNAPSHOT/maven-metadata.xml from/to essentials-releases (https://repo.essentialsx.net/releases/): Network is unreachable
builder-1  | [WARNING] Could not transfer metadata org.bukkit:bukkit:1.7.10-R0.1-SNAPSHOT/maven-metadata.xml from/to maxhenkel-repo (https://maven.maxhenkel.de/repository/public): maven.maxhenkel.de
builder-1  | [WARNING] Could not transfer metadata org.bukkit:bukkit:1.7.10-R0.1-SNAPSHOT/maven-metadata.xml from/to jitpack.io (https://jitpack.io): Network is unreachable
builder-1  | [WARNING] Could not transfer metadata org.bukkit:bukkit:1.7.10-R0.1-SNAPSHOT/maven-metadata.xml from/to scarsz (https://nexus.scarsz.me/content/groups/public/): Network is unreachable
builder-1  | [WARNING] org.bukkit:bukkit:1.7.10-R0.1-SNAPSHOT/maven-metadata.xml failed to transfer from https://repo.papermc.io/repository/maven-public/ during a previous attempt. This failure was cached in the local repository and resolution will not be reattempted until the update interval of papermc-repo has elapsed or updates are forced. Original error: Could not transfer metadata org.bukkit:bukkit:1.7.10-R0.1-SNAPSHOT/maven-metadata.xml from/to papermc-repo (https://repo.papermc.io/repository/maven-public/): Network is unreachable
builder-1  | [WARNING] org.bukkit:bukkit:1.7.10-R0.1-SNAPSHOT/maven-metadata.xml failed to transfer from https://oss.sonatype.org/content/groups/public/ during a previous attempt. This failure was cached in the local repository and resolution will not be reattempted until the update interval of sonatype has elapsed or updates are forced. Original error: Could not transfer metadata org.bukkit:bukkit:1.7.10-R0.1-SNAPSHOT/maven-metadata.xml from/to sonatype (https://oss.sonatype.org/content/groups/public/): oss.sonatype.org
builder-1  | [WARNING] org.bukkit:bukkit:1.7.10-R0.1-SNAPSHOT/maven-metadata.xml failed to transfer from https://repo.dmulloy2.net/repository/public/ during a previous attempt. This failure was cached in the local repository and resolution will not be reattempted until the update interval of dmulloy2-repo has elapsed or updates are forced. Original error: Could not transfer metadata org.bukkit:bukkit:1.7.10-R0.1-SNAPSHOT/maven-metadata.xml from/to dmulloy2-repo (https://repo.dmulloy2.net/repository/public/): Network is unreachable
builder-1  | [WARNING] org.bukkit:bukkit:1.7.10-R0.1-SNAPSHOT/maven-metadata.xml failed to transfer from https://repo.extendedclip.com/content/repositories/placeholderapi/ during a previous attempt. This failure was cached in the local repository and resolution will not be reattempted until the update interval of placeholderapi has elapsed or updates are forced. Original error: Could not transfer metadata org.bukkit:bukkit:1.7.10-R0.1-SNAPSHOT/maven-metadata.xml from/to placeholderapi (https://repo.extendedclip.com/content/repositories/placeholderapi/): Network is unreachable
builder-1  | [WARNING] org.bukkit:bukkit:1.7.10-R0.1-SNAPSHOT/maven-metadata.xml failed to transfer from https://repo.mikeprimm.com/ during a previous attempt. This failure was cached in the local repository and resolution will not be reattempted until the update interval of mikeprimm-repo has elapsed or updates are forced. Original error: Could not transfer metadata org.bukkit:bukkit:1.7.10-R0.1-SNAPSHOT/maven-metadata.xml from/to mikeprimm-repo (https://repo.mikeprimm.com/): repo.mikeprimm.com
builder-1  | [WARNING] org.bukkit:bukkit:1.7.10-R0.1-SNAPSHOT/maven-metadata.xml failed to transfer from https://repo.essentialsx.net/releases/ during a previous attempt. This failure was cached in the local repository and resolution will not be reattempted until the update interval of essentials-releases has elapsed or updates are forced. Original error: Could not transfer metadata org.bukkit:bukkit:1.7.10-R0.1-SNAPSHOT/maven-metadata.xml from/to essentials-releases (https://repo.essentialsx.net/releases/): Network is unreachable
builder-1  | [WARNING] org.bukkit:bukkit:1.7.10-R0.1-SNAPSHOT/maven-metadata.xml failed to transfer from https://maven.maxhenkel.de/repository/public during a previous attempt. This failure was cached in the local repository and resolution will not be reattempted until the update interval of maxhenkel-repo has elapsed or updates are forced. Original error: Could not transfer metadata org.bukkit:bukkit:1.7.10-R0.1-SNAPSHOT/maven-metadata.xml from/to maxhenkel-repo (https://maven.maxhenkel.de/repository/public): maven.maxhenkel.de
builder-1  | [WARNING] org.bukkit:bukkit:1.7.10-R0.1-SNAPSHOT/maven-metadata.xml failed to transfer from https://jitpack.io during a previous attempt. This failure was cached in the local repository and resolution will not be reattempted until the update interval of jitpack.io has elapsed or updates are forced. Original error: Could not transfer metadata org.bukkit:bukkit:1.7.10-R0.1-SNAPSHOT/maven-metadata.xml from/to jitpack.io (https://jitpack.io): Network is unreachable
builder-1  | [WARNING] org.bukkit:bukkit:1.7.10-R0.1-SNAPSHOT/maven-metadata.xml failed to transfer from https://nexus.scarsz.me/content/groups/public/ during a previous attempt. This failure was cached in the local repository and resolution will not be reattempted until the update interval of scarsz has elapsed or updates are forced. Original error: Could not transfer metadata org.bukkit:bukkit:1.7.10-R0.1-SNAPSHOT/maven-metadata.xml from/to scarsz (https://nexus.scarsz.me/content/groups/public/): Network is unreachable
builder-1  | Downloading from papermc-repo: https://repo.papermc.io/repository/maven-public/us/dynmap/DynmapCoreAPI/3.0-SNAPSHOT/maven-metadata.xml
builder-1  | Downloading from sonatype: https://oss.sonatype.org/content/groups/public/us/dynmap/DynmapCoreAPI/3.0-SNAPSHOT/maven-metadata.xml
builder-1  | Downloading from dmulloy2-repo: https://repo.dmulloy2.net/repository/public/us/dynmap/DynmapCoreAPI/3.0-SNAPSHOT/maven-metadata.xml
builder-1  | Downloading from placeholderapi: https://repo.extendedclip.com/content/repositories/placeholderapi/us/dynmap/DynmapCoreAPI/3.0-SNAPSHOT/maven-metadata.xml
builder-1  | Downloading from mikeprimm-repo: https://repo.mikeprimm.com/us/dynmap/DynmapCoreAPI/3.0-SNAPSHOT/maven-metadata.xml
builder-1  | Downloading from essentials-releases: https://repo.essentialsx.net/releases/us/dynmap/DynmapCoreAPI/3.0-SNAPSHOT/maven-metadata.xml
builder-1  | Downloading from maxhenkel-repo: https://maven.maxhenkel.de/repository/public/us/dynmap/DynmapCoreAPI/3.0-SNAPSHOT/maven-metadata.xml
builder-1  | Downloading from scarsz: https://nexus.scarsz.me/content/groups/public/us/dynmap/DynmapCoreAPI/3.0-SNAPSHOT/maven-metadata.xml
builder-1  | Downloading from jitpack.io: https://jitpack.io/us/dynmap/DynmapCoreAPI/3.0-SNAPSHOT/maven-metadata.xml
builder-1  | [WARNING] Could not transfer metadata us.dynmap:DynmapCoreAPI:3.0-SNAPSHOT/maven-metadata.xml from/to papermc-repo (https://repo.papermc.io/repository/maven-public/): Network is unreachable
builder-1  | [WARNING] Could not transfer metadata us.dynmap:DynmapCoreAPI:3.0-SNAPSHOT/maven-metadata.xml from/to sonatype (https://oss.sonatype.org/content/groups/public/): oss.sonatype.org
builder-1  | [WARNING] Could not transfer metadata us.dynmap:DynmapCoreAPI:3.0-SNAPSHOT/maven-metadata.xml from/to dmulloy2-repo (https://repo.dmulloy2.net/repository/public/): Network is unreachable
builder-1  | [WARNING] Could not transfer metadata us.dynmap:DynmapCoreAPI:3.0-SNAPSHOT/maven-metadata.xml from/to placeholderapi (https://repo.extendedclip.com/content/repositories/placeholderapi/): Network is unreachable
builder-1  | [WARNING] Could not transfer metadata us.dynmap:DynmapCoreAPI:3.0-SNAPSHOT/maven-metadata.xml from/to mikeprimm-repo (https://repo.mikeprimm.com/): repo.mikeprimm.com
builder-1  | [WARNING] Could not transfer metadata us.dynmap:DynmapCoreAPI:3.0-SNAPSHOT/maven-metadata.xml from/to essentials-releases (https://repo.essentialsx.net/releases/): Network is unreachable
builder-1  | [WARNING] Could not transfer metadata us.dynmap:DynmapCoreAPI:3.0-SNAPSHOT/maven-metadata.xml from/to maxhenkel-repo (https://maven.maxhenkel.de/repository/public): maven.maxhenkel.de
builder-1  | [WARNING] Could not transfer metadata us.dynmap:DynmapCoreAPI:3.0-SNAPSHOT/maven-metadata.xml from/to jitpack.io (https://jitpack.io): Network is unreachable
builder-1  | [WARNING] Could not transfer metadata us.dynmap:DynmapCoreAPI:3.0-SNAPSHOT/maven-metadata.xml from/to scarsz (https://nexus.scarsz.me/content/groups/public/): Network is unreachable
builder-1  | [WARNING] us.dynmap:DynmapCoreAPI:3.0-SNAPSHOT/maven-metadata.xml failed to transfer from https://repo.papermc.io/repository/maven-public/ during a previous attempt. This failure was cached in the local repository and resolution will not be reattempted until the update interval of papermc-repo has elapsed or updates are forced. Original error: Could not transfer metadata us.dynmap:DynmapCoreAPI:3.0-SNAPSHOT/maven-metadata.xml from/to papermc-repo (https://repo.papermc.io/repository/maven-public/): Network is unreachable
builder-1  | [WARNING] us.dynmap:DynmapCoreAPI:3.0-SNAPSHOT/maven-metadata.xml failed to transfer from https://oss.sonatype.org/content/groups/public/ during a previous attempt. This failure was cached in the local repository and resolution will not be reattempted until the update interval of sonatype has elapsed or updates are forced. Original error: Could not transfer metadata us.dynmap:DynmapCoreAPI:3.0-SNAPSHOT/maven-metadata.xml from/to sonatype (https://oss.sonatype.org/content/groups/public/): oss.sonatype.org
builder-1  | [WARNING] us.dynmap:DynmapCoreAPI:3.0-SNAPSHOT/maven-metadata.xml failed to transfer from https://repo.dmulloy2.net/repository/public/ during a previous attempt. This failure was cached in the local repository and resolution will not be reattempted until the update interval of dmulloy2-repo has elapsed or updates are forced. Original error: Could not transfer metadata us.dynmap:DynmapCoreAPI:3.0-SNAPSHOT/maven-metadata.xml from/to dmulloy2-repo (https://repo.dmulloy2.net/repository/public/): Network is unreachable
builder-1  | [WARNING] us.dynmap:DynmapCoreAPI:3.0-SNAPSHOT/maven-metadata.xml failed to transfer from https://repo.extendedclip.com/content/repositories/placeholderapi/ during a previous attempt. This failure was cached in the local repository and resolution will not be reattempted until the update interval of placeholderapi has elapsed or updates are forced. Original error: Could not transfer metadata us.dynmap:DynmapCoreAPI:3.0-SNAPSHOT/maven-metadata.xml from/to placeholderapi (https://repo.extendedclip.com/content/repositories/placeholderapi/): Network is unreachable
builder-1  | [WARNING] us.dynmap:DynmapCoreAPI:3.0-SNAPSHOT/maven-metadata.xml failed to transfer from https://repo.mikeprimm.com/ during a previous attempt. This failure was cached in the local repository and resolution will not be reattempted until the update interval of mikeprimm-repo has elapsed or updates are forced. Original error: Could not transfer metadata us.dynmap:DynmapCoreAPI:3.0-SNAPSHOT/maven-metadata.xml from/to mikeprimm-repo (https://repo.mikeprimm.com/): repo.mikeprimm.com
builder-1  | [WARNING] us.dynmap:DynmapCoreAPI:3.0-SNAPSHOT/maven-metadata.xml failed to transfer from https://repo.essentialsx.net/releases/ during a previous attempt. This failure was cached in the local repository and resolution will not be reattempted until the update interval of essentials-releases has elapsed or updates are forced. Original error: Could not transfer metadata us.dynmap:DynmapCoreAPI:3.0-SNAPSHOT/maven-metadata.xml from/to essentials-releases (https://repo.essentialsx.net/releases/): Network is unreachable
builder-1  | [WARNING] us.dynmap:DynmapCoreAPI:3.0-SNAPSHOT/maven-metadata.xml failed to transfer from https://maven.maxhenkel.de/repository/public during a previous attempt. This failure was cached in the local repository and resolution will not be reattempted until the update interval of maxhenkel-repo has elapsed or updates are forced. Original error: Could not transfer metadata us.dynmap:DynmapCoreAPI:3.0-SNAPSHOT/maven-metadata.xml from/to maxhenkel-repo (https://maven.maxhenkel.de/repository/public): maven.maxhenkel.de
builder-1  | [WARNING] us.dynmap:DynmapCoreAPI:3.0-SNAPSHOT/maven-metadata.xml failed to transfer from https://jitpack.io during a previous attempt. This failure was cached in the local repository and resolution will not be reattempted until the update interval of jitpack.io has elapsed or updates are forced. Original error: Could not transfer metadata us.dynmap:DynmapCoreAPI:3.0-SNAPSHOT/maven-metadata.xml from/to jitpack.io (https://jitpack.io): Network is unreachable
builder-1  | [WARNING] us.dynmap:DynmapCoreAPI:3.0-SNAPSHOT/maven-metadata.xml failed to transfer from https://nexus.scarsz.me/content/groups/public/ during a previous attempt. This failure was cached in the local repository and resolution will not be reattempted until the update interval of scarsz has elapsed or updates are forced. Original error: Could not transfer metadata us.dynmap:DynmapCoreAPI:3.0-SNAPSHOT/maven-metadata.xml from/to scarsz (https://nexus.scarsz.me/content/groups/public/): Network is unreachable
builder-1  | [INFO] 
builder-1  | [INFO] --- clean:3.2.0:clean (default-clean) @ vanishpp ---
builder-1  | [INFO] Deleting /app/target
builder-1  | [INFO] 
builder-1  | [INFO] --- resources:3.3.1:resources (default-resources) @ vanishpp ---
builder-1  | [INFO] Copying 5 resources from src/main/resources to target/classes
builder-1  | [INFO] 
builder-1  | [INFO] --- compiler:3.13.0:compile (default-compile) @ vanishpp ---
builder-1  | [INFO] Recompiling the module because of changed source code.
builder-1  | [INFO] Compiling 35 source files with javac [debug target 21] to target/classes
builder-1  | [INFO] Annotation processing is enabled because one or more processors were found
builder-1  |   on the class path. A future release of javac may disable annotation processing
builder-1  |   unless at least one processor is specified by name (-processor), or a search
builder-1  |   path is specified (--processor-path, --processor-module-path), or annotation
builder-1  |   processing is enabled explicitly (-proc:only, -proc:full).
builder-1  |   Use -Xlint:-options to suppress this message.
builder-1  |   Use -proc:none to disable annotation processing.
builder-1  | [INFO] /app/src/main/java/net/thecommandcraft/vanishpp/Vanishpp.java: Some input files use or override a deprecated API.
builder-1  | [INFO] /app/src/main/java/net/thecommandcraft/vanishpp/Vanishpp.java: Recompile with -Xlint:deprecation for details.
builder-1  | [INFO] /app/src/main/java/net/thecommandcraft/vanishpp/hooks/ProtocolLibManager.java: /app/src/main/java/net/thecommandcraft/vanishpp/hooks/ProtocolLibManager.java uses unchecked or unsafe operations.
builder-1  | [INFO] /app/src/main/java/net/thecommandcraft/vanishpp/hooks/ProtocolLibManager.java: Recompile with -Xlint:unchecked for details.
builder-1  | [INFO] 
builder-1  | [INFO] --- resources:3.3.1:testResources (default-testResources) @ vanishpp ---
builder-1  | [INFO] skip non existing resourceDirectory /app/src/test/resources
builder-1  | [INFO] 
builder-1  | [INFO] --- compiler:3.13.0:testCompile (default-testCompile) @ vanishpp ---
builder-1  | [INFO] Recompiling the module because of changed dependency.
builder-1  | [INFO] Compiling 3 source files with javac [debug target 21] to target/test-classes
builder-1  | [INFO] Annotation processing is enabled because one or more processors were found
builder-1  |   on the class path. A future release of javac may disable annotation processing
builder-1  |   unless at least one processor is specified by name (-processor), or a search
builder-1  |   path is specified (--processor-path, --processor-module-path), or annotation
builder-1  |   processing is enabled explicitly (-proc:only, -proc:full).
builder-1  |   Use -Xlint:-options to suppress this message.
builder-1  |   Use -proc:none to disable annotation processing.
builder-1  | [INFO] 
builder-1  | [INFO] --- surefire:3.2.5:test (default-test) @ vanishpp ---
builder-1  | Downloading from central: https://repo.maven.apache.org/maven2/org/apache/maven/surefire/maven-surefire-common/3.2.5/maven-surefire-common-3.2.5.pom
builder-1  | [INFO] ------------------------------------------------------------------------
builder-1  | [INFO] BUILD FAILURE
builder-1  | [INFO] ------------------------------------------------------------------------
builder-1  | [INFO] Total time:  10.293 s
builder-1  | [INFO] Finished at: 2026-03-02T12:30:32Z
builder-1  | [INFO] ------------------------------------------------------------------------
builder-1  | [ERROR] Failed to execute goal org.apache.maven.plugins:maven-surefire-plugin:3.2.5:test (default-test) on project vanishpp: Execution default-test of goal org.apache.maven.plugins:maven-surefire-plugin:3.2.5:test failed: Plugin org.apache.maven.plugins:maven-surefire-plugin:3.2.5 or one of its dependencies could not be resolved:
builder-1  | [ERROR] 	Failed to read artifact descriptor for org.apache.maven.surefire:maven-surefire-common:jar:3.2.5
builder-1  | [ERROR] 
builder-1  | [ERROR] -> [Help 1]
builder-1  | [ERROR] 
builder-1  | [ERROR] To see the full stack trace of the errors, re-run Maven with the -e switch.
builder-1  | [ERROR] Re-run Maven using the -X switch to enable full debug logging.
builder-1  | [ERROR] 
builder-1  | [ERROR] For more information about the errors and possible solutions, please read the following articles:
builder-1  | [ERROR] [Help 1] http://cwiki.apache.org/confluence/display/MAVEN/PluginResolutionException
